CREATE DATABASE
GRANT
CREATE DATABASE
GRANT
You are now connected to database "tongue_wellington_20" as user "postgres".
CREATE TABLE
GRANT
CREATE TABLE
GRANT
You are now connected to database "tongue_hint_20" as user "postgres".
CREATE TABLE
GRANT
CREATE TABLE
GRANT

R version 3.4.1 (2017-06-30) -- "Single Candle"
Copyright (C) 2017 The R Foundation for Statistical Computing
Platform: x86_64-pc-linux-gnu (64-bit)

R is free software and comes with ABSOLUTELY NO WARRANTY.
You are welcome to redistribute it under certain conditions.
Type 'license()' or 'licence()' for distribution details.

  Natural language support but running in an English locale

R is a collaborative project with many contributors.
Type 'contributors()' for more information and
'citation()' on how to cite R or R packages in publications.

Type 'demo()' for some demos, 'help()' for on-line help, or
'help.start()' for an HTML browser interface to help.
Type 'q()' to quit R.

> # users can either step through this file, or call this file with 
> # r -f example.R
> 
> # THIS ASSUMES THAT THE TESTHINT DATABASE EXISTS. The recipe for building that
> # database is in ../dbInitialization/createHintTest.sql
> 
> # THIS EXAMPLE USES THE BRAIN HINT OUTPUT MADE BY RUNNING make hint at /scratch/data/footprints
> 
> print(date())
[1] "Wed Aug 16 16:45:41 2017"
> #-------------------------------------------------------------------------------
> # set path to hint output 
> data.path <- "/scratch/data/footprints/tongue_hint_20"
> #-------------------------------------------------------------------------------
> # establish database connections:
> 
> if(!exists("db.hint"))
+     db.hint <- "tongue_hint_20_localhost"
> 
> if(!exists("db.fimo"))
+     db.fimo <- "fimo_localhost"
> #-------------------------------------------------------------------------------
> # Source the libraries
> source("../src/dependencies.R")
Loading required package: stats4
Loading required package: BiocGenerics
Loading required package: parallel

Attaching package: ‘BiocGenerics’

The following objects are masked from ‘package:parallel’:

    clusterApply, clusterApplyLB, clusterCall, clusterEvalQ,
    clusterExport, clusterMap, parApply, parCapply, parLapply,
    parLapplyLB, parRapply, parSapply, parSapplyLB

The following objects are masked from ‘package:stats’:

    IQR, mad, sd, var, xtabs

The following objects are masked from ‘package:base’:

    anyDuplicated, append, as.data.frame, cbind, colMeans, colnames,
    colSums, do.call, duplicated, eval, evalq, Filter, Find, get, grep,
    grepl, intersect, is.unsorted, lapply, lengths, Map, mapply, match,
    mget, order, paste, pmax, pmax.int, pmin, pmin.int, Position, rank,
    rbind, Reduce, rowMeans, rownames, rowSums, sapply, setdiff, sort,
    table, tapply, union, unique, unsplit, which, which.max, which.min

Loading required package: S4Vectors

Attaching package: ‘S4Vectors’

The following object is masked from ‘package:base’:

    expand.grid

Loading required package: IRanges
Loading required package: GenomeInfoDb
Loading required package: DBI
> source("../src/dbFunctions.R")
> source("../src/tableParsing.R")
> source("../src/tests.R")
> source("../src/main_Bioc.R")
> 
> if(!interactive()){    
+     chromosomes <- paste0("chr",1:10)
+     
+     # Create parallel structure here    
+     library(BiocParallel)    
+     register(MulticoreParam(workers = 25, stop.on.error = FALSE, log = TRUE), default = TRUE)
+ 
+     # Run on all 24 possible chromosomes at once
+     result <- bptry(bplapply(chromosomes,fillAllSamplesByChromosome,
+              dbConnection = db.hint,             
+              fimo = db.fimo,             
+              minid = "tongue_hint_20.minid",             
+              dbUser = "trena",             
+              dbTable = "tongue_hint_20",             
+              sourcePath = data.path,             
+              isTest = FALSE,             
+              method = "HINT"))    
+ }

R version 3.4.1 (2017-06-30) -- "Single Candle"
Copyright (C) 2017 The R Foundation for Statistical Computing
Platform: x86_64-pc-linux-gnu (64-bit)

R is free software and comes with ABSOLUTELY NO WARRANTY.
You are welcome to redistribute it under certain conditions.
Type 'license()' or 'licence()' for distribution details.

  Natural language support but running in an English locale

R is a collaborative project with many contributors.
Type 'contributors()' for more information and
'citation()' on how to cite R or R packages in publications.

Type 'demo()' for some demos, 'help()' for on-line help, or
'help.start()' for an HTML browser interface to help.
Type 'q()' to quit R.

> # users can either step through this file, or call this file with 
> # r -f example.R
> 
> # THIS ASSUMES THAT THE TESTHINT DATABASE EXISTS. The recipe for building that
> # database is in ../dbInitialization/createHintTest.sql
> 
> # THIS EXAMPLE USES THE BRAIN HINT OUTPUT MADE BY RUNNING make hint at /scratch/data/footprints
> 
> print(date())
[1] "Wed Aug 16 16:45:46 2017"
> #-------------------------------------------------------------------------------
> # set path to hint output 
> data.path <- "/scratch/data/footprints/tongue_wellington_20"
> #-------------------------------------------------------------------------------
> # establish database connections:
> 
> if(!exists("db.wellington"))
+     db.wellington <- "tongue_wellington_20_localhost"
> 
> if(!exists("db.fimo"))
+     db.fimo <- "fimo_localhost"
> #-------------------------------------------------------------------------------
> # Source the libraries
> source("../src/dependencies.R")
Loading required package: stats4
Loading required package: BiocGenerics
Loading required package: parallel

Attaching package: ‘BiocGenerics’

The following objects are masked from ‘package:parallel’:

    clusterApply, clusterApplyLB, clusterCall, clusterEvalQ,
    clusterExport, clusterMap, parApply, parCapply, parLapply,
    parLapplyLB, parRapply, parSapply, parSapplyLB

The following objects are masked from ‘package:stats’:

    IQR, mad, sd, var, xtabs

The following objects are masked from ‘package:base’:

    anyDuplicated, append, as.data.frame, cbind, colMeans, colnames,
    colSums, do.call, duplicated, eval, evalq, Filter, Find, get, grep,
    grepl, intersect, is.unsorted, lapply, lengths, Map, mapply, match,
    mget, order, paste, pmax, pmax.int, pmin, pmin.int, Position, rank,
    rbind, Reduce, rowMeans, rownames, rowSums, sapply, setdiff, sort,
    table, tapply, union, unique, unsplit, which, which.max, which.min

Loading required package: S4Vectors

Attaching package: ‘S4Vectors’

The following object is masked from ‘package:base’:

    expand.grid

Loading required package: IRanges
Loading required package: GenomeInfoDb
Loading required package: DBI
> source("../src/dbFunctions.R")
> source("../src/tableParsing.R")
> source("../src/tests.R")
> source("../src/main_Bioc.R")
> 
> if(!interactive()){    
+     chromosomes <- paste0("chr",1:10)
+     
+     # Create parallel structure here
+     library(BiocParallel)
+     register(MulticoreParam(workers = 25, stop.on.error = FALSE, log = TRUE), default = TRUE)
+ 
+     # Run on all 24 possible chromosomes at once
+     result <- bptry(bplapply(chromosomes, fillAllSamplesByChromosome,
+              dbConnection = db.wellington,
+              fimo = db.fimo,
+              minid = "tongue_wellington_20.minid",
+              dbUser = "trena",
+              dbTable = "tongue_wellington_20",
+              sourcePath = data.path,
+              isTest = FALSE,
+              method = "WELLINGTON"))
+ }
############### LOG OUTPUT ###############
Task: 9
Node: 9
Timestamp: 2017-08-16 17:18:50
Success: TRUE
Task duration:
    user   system  elapsed 
 908.712   74.088 1965.124 
Memory used:
          used (Mb) gc trigger  (Mb) max used (Mb)
Ncells 1645567 87.9    2637877 140.9  1850621 98.9
Vcells 1726003 13.2    3142662  24.0  2552099 19.5
Log messages:
stderr and stdout:
[1] ---- ENCSR559WMK (chr9) (1/2)
[1] "Data table read. Merging with Fimo..."
[1] "Merged. Now splitting table to regions and hits..."
[1] filling 448542 regions, 655160 hits for ENCSR559WMK
[1] 655160 hits in 448542 regions
[1] ---- ENCSR759UNY (chr9) (2/2)
[1] "Data table read. Merging with Fimo..."
[1] "Merged. Now splitting table to regions and hits..."
[1] filling 476750 regions, 696773 hits for ENCSR759UNY
[1] 6140151 hits in 3940802 regions
############### LOG OUTPUT ###############
Task: 8
Node: 8
Timestamp: 2017-08-16 17:22:00
Success: TRUE
Task duration:
    user   system  elapsed 
1023.356   95.220 2151.529 
Memory used:
          used (Mb) gc trigger  (Mb) max used (Mb)
Ncells 1646551 88.0    2637877 140.9  1850621 98.9
Vcells 1728496 13.2    3142662  24.0  2552099 19.5
Log messages:
stderr and stdout:
[1] ---- ENCSR559WMK (chr8) (1/2)
[1] "Data table read. Merging with Fimo..."
[1] "Merged. Now splitting table to regions and hits..."
[1] filling 400514 regions, 584952 hits for ENCSR559WMK
[1] 1240112 hits in 849056 regions
[1] ---- ENCSR759UNY (chr8) (2/2)
[1] "Data table read. Merging with Fimo..."
[1] "Merged. Now splitting table to regions and hits..."
[1] filling 423379 regions, 619009 hits for ENCSR759UNY
[1] 8063317 hits in 5026417 regions
############### LOG OUTPUT ###############
Task: 10
Node: 10
Timestamp: 2017-08-16 17:24:04
Success: TRUE
Task duration:
    user   system  elapsed 
1009.120   91.512 2278.112 
Memory used:
          used (Mb) gc trigger  (Mb) max used (Mb)
Ncells 1646552 88.0    2637877 140.9  1850621 98.9
Vcells 1728497 13.2    3142662  24.0  2552099 19.5
Log messages:
stderr and stdout:
[1] ---- ENCSR559WMK (chr10) (1/2)
[1] "Data table read. Merging with Fimo..."
[1] "Merged. Now splitting table to regions and hits..."
[1] filling 484475 regions, 707230 hits for ENCSR559WMK
[1] 1947342 hits in 1333531 regions
[1] ---- ENCSR759UNY (chr10) (2/2)
[1] "Data table read. Merging with Fimo..."
[1] "Merged. Now splitting table to regions and hits..."
[1] filling 512524 regions, 749128 hits for ENCSR759UNY
[1] 9906175 hits in 6008125 regions
############### LOG OUTPUT ###############
Task: 9
Node: 9
Timestamp: 2017-08-16 17:27:28
Success: TRUE
Task duration:
    user   system  elapsed 
 896.508  769.080 2485.159 
Memory used:
          used (Mb) gc trigger  (Mb) max used (Mb)
Ncells 1645570 87.9    2637877 140.9  1850624 98.9
Vcells 1726003 13.2    3142662  24.0  2552099 19.5
Log messages:
stderr and stdout:
[1] ---- ENCSR559WMK (chr9) (1/2)
[1] "Data table read. Merging with Fimo..."
[1] "Merged. Now splitting table to regions and hits..."
[1] filling 1277312 regions, 2278085 hits for ENCSR559WMK
[1] 2278085 hits in 1277312 regions
[1] ---- ENCSR759UNY (chr9) (2/2)
[1] "Data table read. Merging with Fimo..."
[1] "Merged. Now splitting table to regions and hits..."
[1] filling 1301117 regions, 2303425 hits for ENCSR759UNY
[1] 12021137 hits in 5947775 regions
############### LOG OUTPUT ###############
Task: 5
Node: 5
Timestamp: 2017-08-16 17:29:10
Success: TRUE
Task duration:
    user   system  elapsed 
1335.308   99.420 2580.189 
Memory used:
          used (Mb) gc trigger  (Mb) max used (Mb)
Ncells 1646553 88.0    2637877 140.9  1850621 98.9
Vcells 1728498 13.2    3142662  24.0  2552099 19.5
Log messages:
stderr and stdout:
[1] ---- ENCSR559WMK (chr5) (1/2)
[1] "Data table read. Merging with Fimo..."
[1] "Merged. Now splitting table to regions and hits..."
[1] filling 463950 regions, 676312 hits for ENCSR559WMK
[1] 3360318 hits in 2302556 regions
[1] ---- ENCSR759UNY (chr5) (2/2)
[1] "Data table read. Merging with Fimo..."
[1] "Merged. Now splitting table to regions and hits..."
[1] filling 492986 regions, 717842 hits for ENCSR759UNY
[1] 10624017 hits in 6235708 regions
############### LOG OUTPUT ###############
Task: 6
Node: 6
Timestamp: 2017-08-16 17:31:13
Success: TRUE
Task duration:
    user   system  elapsed 
1252.672   50.748 2701.697 
Memory used:
          used (Mb) gc trigger  (Mb) max used (Mb)
Ncells 1646554 88.0    2637877 140.9  1850621 98.9
Vcells 1728499 13.2    3142662  24.0  2552099 19.5
Log messages:
stderr and stdout:
[1] ---- ENCSR559WMK (chr6) (1/2)
[1] "Data table read. Merging with Fimo..."
[1] "Merged. Now splitting table to regions and hits..."
[1] filling 505075 regions, 736664 hits for ENCSR559WMK
[1] 2684006 hits in 1838606 regions
[1] ---- ENCSR759UNY (chr6) (2/2)
[1] "Data table read. Merging with Fimo..."
[1] "Merged. Now splitting table to regions and hits..."
[1] filling 538111 regions, 785807 hits for ENCSR759UNY
[1] 11409824 hits in 6479950 regions
############### LOG OUTPUT ###############
Task: 10
Node: 10
Timestamp: 2017-08-16 17:32:12
Success: TRUE
Task duration:
    user   system  elapsed 
1025.712  779.548 2766.633 
Memory used:
          used (Mb) gc trigger  (Mb) max used (Mb)
Ncells 1646554 88.0    2637877 140.9  1850624 98.9
Vcells 1728496 13.2    3142662  24.0  2552099 19.5
Log messages:
stderr and stdout:
[1] ---- ENCSR559WMK (chr10) (1/2)
[1] "Data table read. Merging with Fimo..."
[1] "Merged. Now splitting table to regions and hits..."
[1] filling 1392379 regions, 2474993 hits for ENCSR559WMK
[1] 6980261 hits in 3924218 regions
[1] ---- ENCSR759UNY (chr10) (2/2)
[1] "Data table read. Merging with Fimo..."
[1] "Merged. Now splitting table to regions and hits..."
[1] filling 1419433 regions, 2510982 hits for ENCSR759UNY
[1] 24816326 hits in 12782394 regions
############### LOG OUTPUT ###############
Task: 8
Node: 8
Timestamp: 2017-08-16 17:32:28
Success: TRUE
Task duration:
    user   system  elapsed 
1056.276  826.716 2777.851 
Memory used:
          used (Mb) gc trigger  (Mb) max used (Mb)
Ncells 1646555 88.0    2637877 140.9  1850624 98.9
Vcells 1728497 13.2    3142662  24.0  2552099 19.5
Log messages:
stderr and stdout:
[1] ---- ENCSR559WMK (chr8) (1/2)
[1] "Data table read. Merging with Fimo..."
[1] "Merged. Now splitting table to regions and hits..."
[1] filling 1254527 regions, 2227183 hits for ENCSR559WMK
[1] 4505268 hits in 2531839 regions
[1] ---- ENCSR759UNY (chr8) (2/2)
[1] "Data table read. Merging with Fimo..."
[1] "Merged. Now splitting table to regions and hits..."
[1] filling 1286571 regions, 2284128 hits for ENCSR759UNY
[1] 27100454 hits in 15381349 regions
############### LOG OUTPUT ###############
Task: 6
Node: 6
Timestamp: 2017-08-16 17:48:26
Success: TRUE
Task duration:
    user   system  elapsed 
1268.044 1074.224 3734.206 
Memory used:
          used (Mb) gc trigger  (Mb) max used (Mb)
Ncells 1646556 88.0    2637877 140.9  1850624 98.9
Vcells 1728498 13.2    3142662  24.0  2552099 19.5
Log messages:
stderr and stdout:
[1] ---- ENCSR559WMK (chr6) (1/2)
[1] "Data table read. Merging with Fimo..."
[1] "Merged. Now splitting table to regions and hits..."
[1] filling 1540233 regions, 2737451 hits for ENCSR559WMK
[1] 9717712 hits in 5464451 regions
[1] ---- ENCSR759UNY (chr6) (2/2)
[1] "Data table read. Merging with Fimo..."
[1] "Merged. Now splitting table to regions and hits..."
[1] filling 1585005 regions, 2815491 hits for ENCSR759UNY
[1] 38539669 hits in 18232640 regions
############### LOG OUTPUT ###############
Task: 7
Node: 7
Timestamp: 2017-08-16 17:53:04
Success: TRUE
Task duration:
    user   system  elapsed 
1199.776  137.060 4010.784 
Memory used:
          used (Mb) gc trigger  (Mb) max used (Mb)
Ncells 1646555 88.0    2637877 140.9  1850621 98.9
Vcells 1728500 13.2    3142662  24.0  2552099 19.5
Log messages:
stderr and stdout:
[1] ---- ENCSR559WMK (chr7) (1/2)
[1] "Data table read. Merging with Fimo..."
[1] "Merged. Now splitting table to regions and hits..."
[1] filling 479783 regions, 700734 hits for ENCSR559WMK
[1] 4061052 hits in 2782339 regions
[1] ---- ENCSR759UNY (chr7) (2/2)
[1] "Data table read. Merging with Fimo..."
[1] "Merged. Now splitting table to regions and hits..."
[1] filling 518706 regions, 756250 hits for ENCSR759UNY
[1] 12166074 hits in 6719204 regions
############### LOG OUTPUT ###############
Task: 4
Node: 4
Timestamp: 2017-08-16 17:58:22
Success: TRUE
Task duration:
    user   system  elapsed 
1425.860  166.004 4327.196 
Memory used:
          used (Mb) gc trigger  (Mb) max used (Mb)
Ncells 1646556 88.0    2637877 140.9  1850621 98.9
Vcells 1728501 13.2    3142662  24.0  2552099 19.5
Log messages:
stderr and stdout:
[1] ---- ENCSR559WMK (chr4) (1/2)
[1] "Data table read. Merging with Fimo..."
[1] "Merged. Now splitting table to regions and hits..."
[1] filling 414762 regions, 603979 hits for ENCSR559WMK
[1] 5443378 hits in 3729998 regions
[1] ---- ENCSR759UNY (chr4) (2/2)
[1] "Data table read. Merging with Fimo..."
[1] "Merged. Now splitting table to regions and hits..."
[1] filling 439983 regions, 641656 hits for ENCSR759UNY
[1] 12807730 hits in 6924053 regions
############### LOG OUTPUT ###############
Task: 7
Node: 7
Timestamp: 2017-08-16 17:58:54
Success: TRUE
Task duration:
    user   system  elapsed 
1281.860 1208.748 4357.682 
Memory used:
          used (Mb) gc trigger  (Mb) max used (Mb)
Ncells 1646557 88.0    2637877 140.9  1850624 98.9
Vcells 1728499 13.2    3142662  24.0  2552099 19.5
Log messages:
stderr and stdout:
[1] ---- ENCSR559WMK (chr7) (1/2)
[1] "Data table read. Merging with Fimo..."
[1] "Merged. Now splitting table to regions and hits..."
[1] filling 1468975 regions, 2605624 hits for ENCSR559WMK
[1] 17119283 hits in 8826644 regions
[1] ---- ENCSR759UNY (chr7) (2/2)
[1] "Data table read. Merging with Fimo..."
[1] "Merged. Now splitting table to regions and hits..."
[1] filling 1489329 regions, 2638869 hits for ENCSR759UNY
[1] 41178538 hits in 18802920 regions
############### LOG OUTPUT ###############
Task: 3
Node: 3
Timestamp: 2017-08-16 18:04:22
Success: TRUE
Task duration:
    user   system  elapsed 
1536.988  144.736 4683.890 
Memory used:
          used (Mb) gc trigger  (Mb) max used (Mb)
Ncells 1646557 88.0    2637877 140.9  1850621 98.9
Vcells 1728502 13.2    3142662  24.0  2552099 19.5
Log messages:
stderr and stdout:
[1] ---- ENCSR559WMK (chr3) (1/2)
[1] "Data table read. Merging with Fimo..."
[1] "Merged. Now splitting table to regions and hits..."
[1] filling 532897 regions, 778347 hits for ENCSR559WMK
[1] 4839399 hits in 3315236 regions
[1] ---- ENCSR759UNY (chr3) (2/2)
[1] "Data table read. Merging with Fimo..."
[1] "Merged. Now splitting table to regions and hits..."
[1] filling 571238 regions, 834987 hits for ENCSR759UNY
[1] 13642717 hits in 7185349 regions
############### LOG OUTPUT ###############
Task: 4
Node: 4
Timestamp: 2017-08-16 18:05:12
Success: TRUE
Task duration:
    user   system  elapsed 
1512.468 1284.404 4731.225 
Memory used:
          used (Mb) gc trigger  (Mb) max used (Mb)
Ncells 1646558 88.0    2637877 140.9  1850624 98.9
Vcells 1728500 13.2    3142662  24.0  2552099 19.5
Log messages:
stderr and stdout:
[1] ---- ENCSR559WMK (chr4) (1/2)
[1] "Data table read. Merging with Fimo..."
[1] "Merged. Now splitting table to regions and hits..."
[1] filling 1274445 regions, 2255179 hits for ENCSR559WMK
[1] 22305344 hits in 11749801 regions
[1] ---- ENCSR759UNY (chr4) (2/2)
[1] "Data table read. Merging with Fimo..."
[1] "Merged. Now splitting table to regions and hits..."
[1] filling 1324907 regions, 2342211 hits for ENCSR759UNY
[1] 43520749 hits in 19907376 regions
############### LOG OUTPUT ###############
Task: 5
Node: 5
Timestamp: 2017-08-16 18:05:21
Success: TRUE
Task duration:
    user   system  elapsed 
1456.368 1283.200 4738.919 
Memory used:
          used (Mb) gc trigger  (Mb) max used (Mb)
Ncells 1646559 88.0    2637877 140.9  1850624 98.9
Vcells 1728501 13.2    3142662  24.0  2552099 19.5
Log messages:
stderr and stdout:
[1] ---- ENCSR559WMK (chr5) (1/2)
[1] "Data table read. Merging with Fimo..."
[1] "Merged. Now splitting table to regions and hits..."
[1] filling 1409894 regions, 2492522 hits for ENCSR559WMK
[1] 14513659 hits in 7357669 regions
[1] ---- ENCSR759UNY (chr5) (2/2)
[1] "Data table read. Merging with Fimo..."
[1] "Merged. Now splitting table to regions and hits..."
[1] filling 1460581 regions, 2583517 hits for ENCSR759UNY
[1] 46104266 hits in 19907376 regions
############### LOG OUTPUT ###############
Task: 1
Node: 1
Timestamp: 2017-08-16 18:09:45
Success: TRUE
Task duration:
    user   system  elapsed 
1786.184  193.228 5005.105 
Memory used:
          used (Mb) gc trigger  (Mb) max used (Mb)
Ncells 1646558 88.0    2637877 140.9  1850621 98.9
Vcells 1728503 13.2    3142662  24.0  2552099 19.5
Log messages:
stderr and stdout:
[1] ---- ENCSR559WMK (chr1) (1/2)
[1] "Data table read. Merging with Fimo..."
[1] "Merged. Now splitting table to regions and hits..."
[1] filling 892780 regions, 1304157 hits for ENCSR559WMK
[1] 7444308 hits in 4833582 regions
[1] ---- ENCSR759UNY (chr1) (2/2)
[1] "Data table read. Merging with Fimo..."
[1] "Merged. Now splitting table to regions and hits..."
[1] filling 962408 regions, 1405409 hits for ENCSR759UNY
[1] 15048126 hits in 7609192 regions
############### LOG OUTPUT ###############
Task: 3
Node: 3
Timestamp: 2017-08-16 18:11:27
Success: TRUE
Task duration:
    user   system  elapsed 
1634.596 1359.896 5109.517 
Memory used:
          used (Mb) gc trigger  (Mb) max used (Mb)
Ncells 1646560 88.0    2637877 140.9  1850624 98.9
Vcells 1728502 13.2    3142662  24.0  2552099 19.5
Log messages:
stderr and stdout:
[1] ---- ENCSR559WMK (chr3) (1/2)
[1] "Data table read. Merging with Fimo..."
[1] "Merged. Now splitting table to regions and hits..."
[1] filling 1648712 regions, 2930882 hits for ENCSR559WMK
[1] 20050165 hits in 11749801 regions
[1] ---- ENCSR759UNY (chr3) (2/2)
[1] "Data table read. Merging with Fimo..."
[1] "Merged. Now splitting table to regions and hits..."
[1] filling 1710850 regions, 3034845 hits for ENCSR759UNY
[1] 49139111 hits in 20570607 regions
############### LOG OUTPUT ###############
Task: 2
Node: 2
Timestamp: 2017-08-16 18:12:11
Success: TRUE
Task duration:
    user   system  elapsed 
1730.516  189.996 5148.597 
Memory used:
          used (Mb) gc trigger  (Mb) max used (Mb)
Ncells 1646559 88.0    2637877 140.9  1850621 98.9
Vcells 1728504 13.2    3142662  24.0  2552099 19.5
Log messages:
stderr and stdout:
[1] ---- ENCSR559WMK (chr2) (1/2)
[1] "Data table read. Merging with Fimo..."
[1] "Merged. Now splitting table to regions and hits..."
[1] filling 747940 regions, 1093730 hits for ENCSR559WMK
[1] 9157047 hits in 5774357 regions
[1] ---- ENCSR759UNY (chr2) (2/2)
[1] "Data table read. Merging with Fimo..."
[1] "Merged. Now splitting table to regions and hits..."
[1] filling 794345 regions, 1162611 hits for ENCSR759UNY
[1] 16210737 hits in 7974633 regions
> 
> print(bpok(result))
 [1] TRUE TRUE TRUE TRUE TRUE TRUE TRUE TRUE TRUE TRUE
> print("Database fill complete")
[1] "Database fill complete"
> print(date())
[1] "Wed Aug 16 18:12:12 2017"
> 
############### LOG OUTPUT ###############
Task: 1
Node: 1
Timestamp: 2017-08-16 18:17:04
Success: TRUE
Task duration:
    user   system  elapsed 
1941.084 1286.624 5434.073 
Memory used:
          used (Mb) gc trigger  (Mb) max used (Mb)
Ncells 1646561 88.0    2637877 140.9  1850624 98.9
Vcells 1728503 13.2    3142662  24.0  2552099 19.5
Log messages:
stderr and stdout:
[1] ---- ENCSR559WMK (chr1) (1/2)
[1] "Data table read. Merging with Fimo..."
[1] "Merged. Now splitting table to regions and hits..."
[1] filling 2598955 regions, 4641282 hits for ENCSR559WMK
[1] 31741736 hits in 15381349 regions
[1] ---- ENCSR759UNY (chr1) (2/2)
[1] "Data table read. Merging with Fimo..."
[1] "Merged. Now splitting table to regions and hits..."
[1] filling 2670829 regions, 4754154 hits for ENCSR759UNY
[1] 53893265 hits in 21549955 regions
############### LOG OUTPUT ###############
Task: 2
Node: 2
Timestamp: 2017-08-16 18:18:02
Success: TRUE
Task duration:
    user   system  elapsed 
1994.000 1139.292 5520.666 
Memory used:
          used (Mb) gc trigger  (Mb) max used (Mb)
Ncells 1646562 88.0    2637877 140.9  1850624 98.9
Vcells 1728504 13.2    3142662  24.0  2552099 19.5
Log messages:
stderr and stdout:
[1] ---- ENCSR559WMK (chr2) (1/2)
[1] "Data table read. Merging with Fimo..."
[1] "Merged. Now splitting table to regions and hits..."
[1] filling 2237570 regions, 3982442 hits for ENCSR559WMK
[1] 35724178 hits in 17618919 regions
[1] ---- ENCSR759UNY (chr2) (2/2)
[1] "Data table read. Merging with Fimo..."
[1] "Merged. Now splitting table to regions and hits..."
[1] filling 2289367 regions, 4059257 hits for ENCSR759UNY
[1] 57952522 hits in 22435006 regions
> 
> print(bpok(result))
 [1] TRUE TRUE TRUE TRUE TRUE TRUE TRUE TRUE TRUE TRUE
> print("Database fill complete")
[1] "Database fill complete"
> print(date())
[1] "Wed Aug 16 18:18:02 2017"
> 

R version 3.4.1 (2017-06-30) -- "Single Candle"
Copyright (C) 2017 The R Foundation for Statistical Computing
Platform: x86_64-pc-linux-gnu (64-bit)

R is free software and comes with ABSOLUTELY NO WARRANTY.
You are welcome to redistribute it under certain conditions.
Type 'license()' or 'licence()' for distribution details.

  Natural language support but running in an English locale

R is a collaborative project with many contributors.
Type 'contributors()' for more information and
'citation()' on how to cite R or R packages in publications.

Type 'demo()' for some demos, 'help()' for on-line help, or
'help.start()' for an HTML browser interface to help.
Type 'q()' to quit R.

> # users can either step through this file, or call this file with 
> # r -f example.R
> 
> # THIS ASSUMES THAT THE TESTHINT DATABASE EXISTS. The recipe for building that
> # database is in ../dbInitialization/createHintTest.sql
> 
> # THIS EXAMPLE USES THE BRAIN HINT OUTPUT MADE BY RUNNING make hint at /scratch/data/footprints
> 
> print(date())
[1] "Wed Aug 16 18:35:55 2017"
> #-------------------------------------------------------------------------------
> # set path to hint output 
> data.path <- "/scratch/data/footprints/tongue_hint_20"
> #-------------------------------------------------------------------------------
> # establish database connections:
> 
> if(!exists("db.hint"))
+     db.hint <- "tongue_hint_20_localhost"
> 
> if(!exists("db.fimo"))
+     db.fimo <- "fimo_localhost"
> #-------------------------------------------------------------------------------
> # Source the libraries
> source("../src/dependencies.R")
Loading required package: stats4
Loading required package: BiocGenerics
Loading required package: parallel

Attaching package: ‘BiocGenerics’

The following objects are masked from ‘package:parallel’:

    clusterApply, clusterApplyLB, clusterCall, clusterEvalQ,
    clusterExport, clusterMap, parApply, parCapply, parLapply,
    parLapplyLB, parRapply, parSapply, parSapplyLB

The following objects are masked from ‘package:stats’:

    IQR, mad, sd, var, xtabs

The following objects are masked from ‘package:base’:

    anyDuplicated, append, as.data.frame, cbind, colMeans, colnames,
    colSums, do.call, duplicated, eval, evalq, Filter, Find, get, grep,
    grepl, intersect, is.unsorted, lapply, lengths, Map, mapply, match,
    mget, order, paste, pmax, pmax.int, pmin, pmin.int, Position, rank,
    rbind, Reduce, rowMeans, rownames, rowSums, sapply, setdiff, sort,
    table, tapply, union, unique, unsplit, which, which.max, which.min

Loading required package: S4Vectors

Attaching package: ‘S4Vectors’

The following object is masked from ‘package:base’:

    expand.grid

Loading required package: IRanges
Loading required package: GenomeInfoDb
Loading required package: DBI
> source("../src/dbFunctions.R")
> source("../src/tableParsing.R")
> source("../src/tests.R")
> source("../src/main_Bioc.R")
> 
> if(!interactive()){    
+     chromosomes <- paste0("chr",c(11:22,"X","Y","MT"))
+     
+     # Create parallel structure here    
+     library(BiocParallel)    
+     register(MulticoreParam(workers = 25, stop.on.error = FALSE, log = TRUE), default = TRUE)
+ 
+     # Run on all 24 possible chromosomes at once
+     result <- bptry(bplapply(chromosomes,fillAllSamplesByChromosome,
+              dbConnection = db.hint,             
+              fimo = db.fimo,             
+              minid = "tongue_hint_20.minid",             
+              dbUser = "trena",             
+              dbTable = "tongue_hint_20",             
+              sourcePath = data.path,             
+              isTest = FALSE,             
+              method = "HINT"))    
+ }

R version 3.4.1 (2017-06-30) -- "Single Candle"
Copyright (C) 2017 The R Foundation for Statistical Computing
Platform: x86_64-pc-linux-gnu (64-bit)

R is free software and comes with ABSOLUTELY NO WARRANTY.
You are welcome to redistribute it under certain conditions.
Type 'license()' or 'licence()' for distribution details.

  Natural language support but running in an English locale

R is a collaborative project with many contributors.
Type 'contributors()' for more information and
'citation()' on how to cite R or R packages in publications.

Type 'demo()' for some demos, 'help()' for on-line help, or
'help.start()' for an HTML browser interface to help.
Type 'q()' to quit R.

> # users can either step through this file, or call this file with 
> # r -f example.R
> 
> # THIS ASSUMES THAT THE TESTHINT DATABASE EXISTS. The recipe for building that
> # database is in ../dbInitialization/createHintTest.sql
> 
> # THIS EXAMPLE USES THE BRAIN HINT OUTPUT MADE BY RUNNING make hint at /scratch/data/footprints
> 
> print(date())
[1] "Wed Aug 16 18:35:59 2017"
> #-------------------------------------------------------------------------------
> # set path to hint output 
> data.path <- "/scratch/data/footprints/tongue_wellington_20"
> #-------------------------------------------------------------------------------
> # establish database connections:
> 
> if(!exists("db.wellington"))
+     db.wellington <- "tongue_wellington_20_localhost"
> 
> if(!exists("db.fimo"))
+     db.fimo <- "fimo_localhost"
> #-------------------------------------------------------------------------------
> # Source the libraries
> source("../src/dependencies.R")
Loading required package: stats4
Loading required package: BiocGenerics
Loading required package: parallel

Attaching package: ‘BiocGenerics’

The following objects are masked from ‘package:parallel’:

    clusterApply, clusterApplyLB, clusterCall, clusterEvalQ,
    clusterExport, clusterMap, parApply, parCapply, parLapply,
    parLapplyLB, parRapply, parSapply, parSapplyLB

The following objects are masked from ‘package:stats’:

    IQR, mad, sd, var, xtabs

The following objects are masked from ‘package:base’:

    anyDuplicated, append, as.data.frame, cbind, colMeans, colnames,
    colSums, do.call, duplicated, eval, evalq, Filter, Find, get, grep,
    grepl, intersect, is.unsorted, lapply, lengths, Map, mapply, match,
    mget, order, paste, pmax, pmax.int, pmin, pmin.int, Position, rank,
    rbind, Reduce, rowMeans, rownames, rowSums, sapply, setdiff, sort,
    table, tapply, union, unique, unsplit, which, which.max, which.min

Loading required package: S4Vectors

Attaching package: ‘S4Vectors’

The following object is masked from ‘package:base’:

    expand.grid

Loading required package: IRanges
Loading required package: GenomeInfoDb
Loading required package: DBI
> source("../src/dbFunctions.R")
> source("../src/tableParsing.R")
> source("../src/tests.R")
> source("../src/main_Bioc.R")
> 
> if(!interactive()){    
+     chromosomes <- paste0("chr",c(11:22,"X","Y","MT"))
+     
+     # Create parallel structure here
+     library(BiocParallel)
+     register(MulticoreParam(workers = 25, stop.on.error = FALSE, log = TRUE), default = TRUE)
+ 
+     # Run on all 24 possible chromosomes at once
+     result <- bptry(bplapply(chromosomes, fillAllSamplesByChromosome,
+              dbConnection = db.wellington,
+              fimo = db.fimo,
+              minid = "tongue_wellington_20.minid",
+              dbUser = "trena",
+              dbTable = "tongue_wellington_20",
+              sourcePath = data.path,
+              isTest = FALSE,
+              method = "WELLINGTON"))
+ }
############### LOG OUTPUT ###############
Task: 15
Node: 15
Timestamp: 2017-08-16 18:36:16
Success: TRUE
Task duration:
   user  system elapsed 
 12.080   0.212  12.292 
Memory used:
          used (Mb) gc trigger  (Mb) max used (Mb)
Ncells 1645646 87.9    2637877 140.9  1850687 98.9
Vcells 1726055 13.2    3142662  24.0  2552116 19.5
Log messages:
stderr and stdout:
[1] ---- ENCSR559WMK (chrMT) (1/2)
[1] "Data table read. Merging with Fimo..."
[1] No rows matching chrMT
############### LOG OUTPUT ###############
Task: 15
Node: 15
Timestamp: 2017-08-16 18:36:48
Success: TRUE
Task duration:
   user  system elapsed 
 47.228   0.752  48.032 
Memory used:
          used (Mb) gc trigger  (Mb) max used (Mb)
Ncells 1645649 87.9    2637877 140.9  1850690 98.9
Vcells 1726055 13.2    3142662  24.0  2552116 19.5
Log messages:
stderr and stdout:
[1] ---- ENCSR559WMK (chrMT) (1/2)
[1] "Data table read. Merging with Fimo..."
[1] No rows matching chrMT
############### LOG OUTPUT ###############
Task: 14
Node: 14
Timestamp: 2017-08-16 18:51:45
Success: TRUE
Task duration:
   user  system elapsed 
208.052   7.388 936.782 
Memory used:
          used (Mb) gc trigger  (Mb) max used (Mb)
Ncells 1646635 88.0    2637877 140.9  1850687 98.9
Vcells 1728604 13.2    3142662  24.0  2552116 19.5
Log messages:
stderr and stdout:
[1] ---- ENCSR559WMK (chrY) (1/2)
[1] "Data table read. Merging with Fimo..."
[1] "Merged. Now splitting table to regions and hits..."
[1] filling 31477 regions, 45484 hits for ENCSR559WMK
[1] 16256221 hits in 8006110 regions
[1] ---- ENCSR759UNY (chrY) (2/2)
[1] "Data table read. Merging with Fimo..."
[1] "Merged. Now splitting table to regions and hits..."
[1] filling 25328 regions, 36862 hits for ENCSR759UNY
[1] 16293083 hits in 8018176 regions
############### LOG OUTPUT ###############
Task: 14
Node: 14
Timestamp: 2017-08-16 18:54:10
Success: TRUE
Task duration:
    user   system  elapsed 
 357.736   20.360 1084.428 
Memory used:
          used (Mb) gc trigger  (Mb) max used (Mb)
Ncells 1646638 88.0    2637877 140.9  1850690 98.9
Vcells 1728604 13.2    3142662  24.0  2552116 19.5
Log messages:
stderr and stdout:
[1] ---- ENCSR559WMK (chrY) (1/2)
[1] "Data table read. Merging with Fimo..."
[1] "Merged. Now splitting table to regions and hits..."
[1] filling 54766 regions, 89472 hits for ENCSR559WMK
[1] 58041994 hits in 22489772 regions
[1] ---- ENCSR759UNY (chrY) (2/2)
[1] "Data table read. Merging with Fimo..."
[1] "Merged. Now splitting table to regions and hits..."
[1] filling 40222 regions, 65487 hits for ENCSR759UNY
[1] 58107481 hits in 22508239 regions
############### LOG OUTPUT ###############
Task: 12
Node: 12
Timestamp: 2017-08-16 18:59:40
Success: TRUE
Task duration:
    user   system  elapsed 
 371.952   26.324 1409.381 
Memory used:
          used (Mb) gc trigger  (Mb) max used (Mb)
Ncells 1646636 88.0    2637877 140.9  1850687 98.9
Vcells 1728605 13.2    3142662  24.0  2552116 19.5
Log messages:
stderr and stdout:
[1] ---- ENCSR559WMK (chr22) (1/2)
[1] "Data table read. Merging with Fimo..."
[1] "Merged. Now splitting table to regions and hits..."
[1] filling 250440 regions, 367522 hits for ENCSR559WMK
[1] 16660605 hits in 8268616 regions
[1] ---- ENCSR759UNY (chr22) (2/2)
[1] "Data table read. Merging with Fimo..."
[1] "Merged. Now splitting table to regions and hits..."
[1] filling 270443 regions, 395972 hits for ENCSR759UNY
[1] 17056577 hits in 8392647 regions
############### LOG OUTPUT ###############
Task: 12
Node: 12
Timestamp: 2017-08-16 19:02:57
Success: TRUE
Task duration:
    user   system  elapsed 
 546.044   39.908 1605.113 
Memory used:
          used (Mb) gc trigger  (Mb) max used (Mb)
Ncells 1646639 88.0    2637877 140.9  1850690 98.9
Vcells 1728605 13.2    3142662  24.0  2552116 19.5
Log messages:
stderr and stdout:
[1] ---- ENCSR559WMK (chr22) (1/2)
[1] "Data table read. Merging with Fimo..."
[1] "Merged. Now splitting table to regions and hits..."
[1] filling 631492 regions, 1120227 hits for ENCSR559WMK
[1] 59227708 hits in 23139731 regions
[1] ---- ENCSR759UNY (chr22) (2/2)
[1] "Data table read. Merging with Fimo..."
[1] "Merged. Now splitting table to regions and hits..."
[1] filling 628611 regions, 1111722 hits for ENCSR759UNY
[1] 60339430 hits in 23371258 regions
############### LOG OUTPUT ###############
Task: 11
Node: 11
Timestamp: 2017-08-16 19:05:35
Success: TRUE
Task duration:
    user   system  elapsed 
 349.632   23.072 1765.840 
Memory used:
          used (Mb) gc trigger  (Mb) max used (Mb)
Ncells 1646637 88.0    2637877 140.9  1850687 98.9
Vcells 1728606 13.2    3142662  24.0  2552116 19.5
Log messages:
stderr and stdout:
[1] ---- ENCSR559WMK (chr21) (1/2)
[1] "Data table read. Merging with Fimo..."
[1] "Merged. Now splitting table to regions and hits..."
[1] filling 152192 regions, 223834 hits for ENCSR559WMK
[1] 17280411 hits in 8544839 regions
[1] ---- ENCSR759UNY (chr21) (2/2)
[1] "Data table read. Merging with Fimo..."
[1] "Merged. Now splitting table to regions and hits..."
[1] filling 167688 regions, 245667 hits for ENCSR759UNY
[1] 17933375 hits in 8904698 regions
############### LOG OUTPUT ###############
Task: 11
Node: 11
Timestamp: 2017-08-16 19:09:01
Success: TRUE
Task duration:
    user   system  elapsed 
 524.048   46.260 1970.214 
Memory used:
          used (Mb) gc trigger  (Mb) max used (Mb)
Ncells 1646640 88.0    2637877 140.9  1850690 98.9
Vcells 1728606 13.2    3142662  24.0  2552116 19.5
Log messages:
stderr and stdout:
[1] ---- ENCSR559WMK (chr21) (1/2)
[1] "Data table read. Merging with Fimo..."
[1] "Merged. Now splitting table to regions and hits..."
[1] filling 391880 regions, 691696 hits for ENCSR559WMK
[1] 61031126 hits in 23763138 regions
[1] ---- ENCSR759UNY (chr21) (2/2)
[1] "Data table read. Merging with Fimo..."
[1] "Merged. Now splitting table to regions and hits..."
[1] filling 414373 regions, 729029 hits for ENCSR759UNY
[1] 63155451 hits in 24717896 regions
############### LOG OUTPUT ###############
Task: 10
Node: 10
Timestamp: 2017-08-16 19:10:17
Success: TRUE
Task duration:
    user   system  elapsed 
 532.524   65.496 2041.586 
Memory used:
          used (Mb) gc trigger  (Mb) max used (Mb)
Ncells 1646638 88.0    2637877 140.9  1850687 98.9
Vcells 1728607 13.2    3142662  24.0  2552116 19.5
Log messages:
stderr and stdout:
[1] ---- ENCSR559WMK (chr20) (1/2)
[1] "Data table read. Merging with Fimo..."
[1] "Merged. Now splitting table to regions and hits..."
[1] filling 278592 regions, 407297 hits for ENCSR559WMK
[1] 17687708 hits in 8823431 regions
[1] ---- ENCSR759UNY (chr20) (2/2)
[1] "Data table read. Merging with Fimo..."
[1] "Merged. Now splitting table to regions and hits..."
[1] filling 298338 regions, 436274 hits for ENCSR759UNY
[1] 18369649 hits in 9037407 regions
############### LOG OUTPUT ###############
Task: 10
Node: 10
Timestamp: 2017-08-16 19:16:29
Success: TRUE
Task duration:
    user   system  elapsed 
 756.844  190.344 2407.565 
Memory used:
          used (Mb) gc trigger  (Mb) max used (Mb)
Ncells 1646641 88.0    2637877 140.9  1850690 98.9
Vcells 1728607 13.2    3142662  24.0  2552116 19.5
Log messages:
stderr and stdout:
[1] ---- ENCSR559WMK (chr20) (1/2)
[1] "Data table read. Merging with Fimo..."
[1] "Merged. Now splitting table to regions and hits..."
[1] filling 783572 regions, 1395296 hits for ENCSR559WMK
[1] 62426422 hits in 24546710 regions
[1] ---- ENCSR759UNY (chr20) (2/2)
[1] "Data table read. Merging with Fimo..."
[1] "Merged. Now splitting table to regions and hits..."
[1] filling 786727 regions, 1395747 hits for ENCSR759UNY
[1] 64551198 hits in 25010606 regions
############### LOG OUTPUT ###############
Task: 8
Node: 8
Timestamp: 2017-08-16 19:20:24
Success: TRUE
Task duration:
    user   system  elapsed 
 640.512   56.120 2646.645 
Memory used:
          used (Mb) gc trigger  (Mb) max used (Mb)
Ncells 1646639 88.0    2637877 140.9  1850687 98.9
Vcells 1728608 13.2    3142662  24.0  2552116 19.5
Log messages:
stderr and stdout:
[1] ---- ENCSR559WMK (chr18) (1/2)
[1] "Data table read. Merging with Fimo..."
[1] "Merged. Now splitting table to regions and hits..."
[1] filling 198550 regions, 288655 hits for ENCSR559WMK
[1] 18658304 hits in 9235957 regions
[1] ---- ENCSR759UNY (chr18) (2/2)
[1] "Data table read. Merging with Fimo..."
[1] "Merged. Now splitting table to regions and hits..."
[1] filling 212880 regions, 309980 hits for ENCSR759UNY
[1] 21973784 hits in 11394059 regions
############### LOG OUTPUT ###############
Task: 5
Node: 5
Timestamp: 2017-08-16 19:23:05
Success: TRUE
Task duration:
    user   system  elapsed 
 741.476   57.352 2807.957 
Memory used:
          used (Mb) gc trigger  (Mb) max used (Mb)
Ncells 1646640 88.0    2637877 140.9  1850687 98.9
Vcells 1728609 13.2    3142662  24.0  2552116 19.5
Log messages:
stderr and stdout:
[1] ---- ENCSR559WMK (chr15) (1/2)
[1] "Data table read. Merging with Fimo..."
[1] "Merged. Now splitting table to regions and hits..."
[1] filling 311625 regions, 454052 hits for ENCSR559WMK
[1] 19674257 hits in 9932293 regions
[1] ---- ENCSR759UNY (chr15) (2/2)
[1] "Data table read. Merging with Fimo..."
[1] "Merged. Now splitting table to regions and hits..."
[1] filling 333548 regions, 486426 hits for ENCSR759UNY
[1] 22460210 hits in 11543243 regions
############### LOG OUTPUT ###############
Task: 9
Node: 9
Timestamp: 2017-08-16 19:23:41
Success: TRUE
Task duration:
    user   system  elapsed 
 635.488  211.068 2841.988 
Memory used:
          used (Mb) gc trigger  (Mb) max used (Mb)
Ncells 1646641 88.0    2637877 140.9  1850687 98.9
Vcells 1728610 13.2    3142662  24.0  2552116 19.5
Log messages:
stderr and stdout:
[1] ---- ENCSR559WMK (chr19) (1/2)
[1] "Data table read. Merging with Fimo..."
[1] "Merged. Now splitting table to regions and hits..."
[1] filling 384711 regions, 561901 hits for ENCSR559WMK
[1] 19220205 hits in 9620668 regions
[1] ---- ENCSR759UNY (chr19) (2/2)
[1] "Data table read. Merging with Fimo..."
[1] "Merged. Now splitting table to regions and hits..."
[1] filling 424760 regions, 621201 hits for ENCSR759UNY
[1] 23810467 hits in 12208692 regions
############### LOG OUTPUT ###############
Task: 4
Node: 4
Timestamp: 2017-08-16 19:24:55
Success: TRUE
Task duration:
    user   system  elapsed 
 800.684   88.656 2913.469 
Memory used:
          used (Mb) gc trigger  (Mb) max used (Mb)
Ncells 1646642 88.0    2637877 140.9  1850687 98.9
Vcells 1728611 13.2    3142662  24.0  2552116 19.5
Log messages:
stderr and stdout:
[1] ---- ENCSR559WMK (chr14) (1/2)
[1] "Data table read. Merging with Fimo..."
[1] "Merged. Now splitting table to regions and hits..."
[1] filling 291737 regions, 426203 hits for ENCSR559WMK
[1] 20100460 hits in 10224030 regions
[1] ---- ENCSR759UNY (chr14) (2/2)
[1] "Data table read. Merging with Fimo..."
[1] "Merged. Now splitting table to regions and hits..."
[1] filling 314253 regions, 459536 hits for ENCSR759UNY
[1] 24905472 hits in 12786206 regions
############### LOG OUTPUT ###############
Task: 3
Node: 3
Timestamp: 2017-08-16 19:26:22
Success: TRUE
Task duration:
    user   system  elapsed 
 859.268  120.200 3001.253 
Memory used:
          used (Mb) gc trigger  (Mb) max used (Mb)
Ncells 1646643 88.0    2637877 140.9  1850687 98.9
Vcells 1728612 13.2    3142662  24.0  2552116 19.5
Log messages:
stderr and stdout:
[1] ---- ENCSR559WMK (chr13) (1/2)
[1] "Data table read. Merging with Fimo..."
[1] "Merged. Now splitting table to regions and hits..."
[1] filling 226901 regions, 332223 hits for ENCSR559WMK
[1] 20432683 hits in 10450931 regions
[1] ---- ENCSR759UNY (chr13) (2/2)
[1] "Data table read. Merging with Fimo..."
[1] "Merged. Now splitting table to regions and hits..."
[1] filling 242717 regions, 356684 hits for ENCSR759UNY
[1] 25624060 hits in 13148848 regions
############### LOG OUTPUT ###############
Task: 7
Node: 7
Timestamp: 2017-08-16 19:27:32
Success: TRUE
Task duration:
    user   system  elapsed 
 856.232  100.888 3072.987 
Memory used:
          used (Mb) gc trigger  (Mb) max used (Mb)
Ncells 1646644 88.0    2637877 140.9  1850687 98.9
Vcells 1728613 13.2    3142662  24.0  2552116 19.5
Log messages:
stderr and stdout:
[1] ---- ENCSR559WMK (chr17) (1/2)
[1] "Data table read. Merging with Fimo..."
[1] "Merged. Now splitting table to regions and hits..."
[1] filling 479512 regions, 701217 hits for ENCSR559WMK
[1] 21133900 hits in 10930443 regions
[1] ---- ENCSR759UNY (chr17) (2/2)
[1] "Data table read. Merging with Fimo..."
[1] "Merged. Now splitting table to regions and hits..."
[1] filling 517363 regions, 758508 hits for ENCSR759UNY
[1] 26382568 hits in 13368823 regions
############### LOG OUTPUT ###############
Task: 6
Node: 6
Timestamp: 2017-08-16 19:27:45
Success: TRUE
Task duration:
    user   system  elapsed 
 719.632  401.516 3085.103 
Memory used:
          used (Mb) gc trigger  (Mb) max used (Mb)
Ncells 1646645 88.0    2637877 140.9  1850687 98.9
Vcells 1728614 13.2    3142662  24.0  2552116 19.5
Log messages:
stderr and stdout:
[1] ---- ENCSR559WMK (chr16) (1/2)
[1] "Data table read. Merging with Fimo..."
[1] "Merged. Now splitting table to regions and hits..."
[1] filling 362635 regions, 529904 hits for ENCSR559WMK
[1] 21663804 hits in 11293078 regions
[1] ---- ENCSR759UNY (chr16) (2/2)
[1] "Data table read. Merging with Fimo..."
[1] "Merged. Now splitting table to regions and hits..."
[1] filling 394118 regions, 576636 hits for ENCSR759UNY
[1] 26959204 hits in 13540360 regions
############### LOG OUTPUT ###############
Task: 4
Node: 4
Timestamp: 2017-08-16 19:29:29
Success: TRUE
Task duration:
    user   system  elapsed 
1048.264  106.200 3186.863 
Memory used:
          used (Mb) gc trigger  (Mb) max used (Mb)
Ncells 1646642 88.0    2637877 140.9  1850690 98.9
Vcells 1728608 13.2    3142662  24.0  2552116 19.5
Log messages:
stderr and stdout:
[1] ---- ENCSR559WMK (chr14) (1/2)
[1] "Data table read. Merging with Fimo..."
[1] "Merged. Now splitting table to regions and hits..."
[1] filling 847502 regions, 1517448 hits for ENCSR559WMK
[1] 66068646 hits in 25858108 regions
[1] ---- ENCSR759UNY (chr14) (2/2)
[1] "Data table read. Merging with Fimo..."
[1] "Merged. Now splitting table to regions and hits..."
[1] filling 874696 regions, 1554099 hits for ENCSR759UNY
[1] 82396328 hits in 34449755 regions
############### LOG OUTPUT ###############
Task: 8
Node: 8
Timestamp: 2017-08-16 19:32:07
Success: TRUE
Task duration:
    user   system  elapsed 
 921.236  464.472 3339.634 
Memory used:
          used (Mb) gc trigger  (Mb) max used (Mb)
Ncells 1646643 88.0    2637877 140.9  1850690 98.9
Vcells 1728609 13.2    3142662  24.0  2552116 19.5
Log messages:
stderr and stdout:
[1] ---- ENCSR559WMK (chr18) (1/2)
[1] "Data table read. Merging with Fimo..."
[1] "Merged. Now splitting table to regions and hits..."
[1] filling 598395 regions, 1059543 hits for ENCSR559WMK
[1] 67128189 hits in 26456503 regions
[1] ---- ENCSR759UNY (chr18) (2/2)
[1] "Data table read. Merging with Fimo..."
[1] "Merged. Now splitting table to regions and hits..."
[1] filling 616427 regions, 1084758 hits for ENCSR759UNY
[1] 84703067 hits in 35382815 regions
############### LOG OUTPUT ###############
Task: 9
Node: 9
Timestamp: 2017-08-16 19:32:19
Success: TRUE
Task duration:
    user   system  elapsed 
 859.348  493.608 3356.391 
Memory used:
          used (Mb) gc trigger  (Mb) max used (Mb)
Ncells 1646644 88.0    2637877 140.9  1850690 98.9
Vcells 1728610 13.2    3142662  24.0  2552116 19.5
Log messages:
stderr and stdout:
[1] ---- ENCSR559WMK (chr19) (1/2)
[1] "Data table read. Merging with Fimo..."
[1] "Merged. Now splitting table to regions and hits..."
[1] filling 991587 regions, 1781218 hits for ENCSR559WMK
[1] 68909407 hits in 27448090 regions
[1] ---- ENCSR759UNY (chr19) (2/2)
[1] "Data table read. Merging with Fimo..."
[1] "Merged. Now splitting table to regions and hits..."
[1] filling 991538 regions, 1762490 hits for ENCSR759UNY
[1] 86465557 hits in 35713872 regions
############### LOG OUTPUT ###############
Task: 6
Node: 6
Timestamp: 2017-08-16 19:34:02
Success: TRUE
Task duration:
    user   system  elapsed 
 994.960  496.796 3461.284 
Memory used:
          used (Mb) gc trigger  (Mb) max used (Mb)
Ncells 1646645 88.0    2637877 140.9  1850690 98.9
Vcells 1728611 13.2    3142662  24.0  2552116 19.5
Log messages:
stderr and stdout:
[1] ---- ENCSR559WMK (chr16) (1/2)
[1] "Data table read. Merging with Fimo..."
[1] "Merged. Now splitting table to regions and hits..."
[1] filling 1002160 regions, 1793142 hits for ENCSR559WMK
[1] 70702549 hits in 28450250 regions
[1] ---- ENCSR759UNY (chr16) (2/2)
[1] "Data table read. Merging with Fimo..."
[1] "Merged. Now splitting table to regions and hits..."
[1] filling 1014485 regions, 1807014 hits for ENCSR759UNY
[1] 88272571 hits in 36085048 regions
############### LOG OUTPUT ###############
Task: 2
Node: 2
Timestamp: 2017-08-16 19:34:59
Success: TRUE
Task duration:
    user   system  elapsed 
1157.632  170.860 3511.089 
Memory used:
          used (Mb) gc trigger  (Mb) max used (Mb)
Ncells 1646646 88.0    2637877 140.9  1850687 98.9
Vcells 1728615 13.2    3142662  24.0  2552116 19.5
Log messages:
stderr and stdout:
[1] ---- ENCSR559WMK (chr12) (1/2)
[1] "Data table read. Merging with Fimo..."
[1] "Merged. Now splitting table to regions and hits..."
[1] filling 435562 regions, 635469 hits for ENCSR559WMK
[1] 24445936 hits in 12644254 regions
[1] ---- ENCSR759UNY (chr12) (2/2)
[1] "Data table read. Merging with Fimo..."
[1] "Merged. Now splitting table to regions and hits..."
[1] filling 466591 regions, 681570 hits for ENCSR759UNY
[1] 27640774 hits in 13745872 regions
############### LOG OUTPUT ###############
Task: 5
Node: 5
Timestamp: 2017-08-16 19:35:07
Success: TRUE
Task duration:
    user   system  elapsed 
 999.716  514.964 3534.571 
Memory used:
          used (Mb) gc trigger  (Mb) max used (Mb)
Ncells 1646646 88.0    2637877 140.9  1850690 98.9
Vcells 1728612 13.2    3142662  24.0  2552116 19.5
Log messages:
stderr and stdout:
[1] ---- ENCSR559WMK (chr15) (1/2)
[1] "Data table read. Merging with Fimo..."
[1] "Merged. Now splitting table to regions and hits..."
[1] filling 946526 regions, 1687275 hits for ENCSR559WMK
[1] 72389824 hits in 29396776 regions
[1] ---- ENCSR759UNY (chr15) (2/2)
[1] "Data table read. Merging with Fimo..."
[1] "Merged. Now splitting table to regions and hits..."
[1] filling 967004 regions, 1718493 hits for ENCSR759UNY
[1] 89991064 hits in 36443214 regions
############### LOG OUTPUT ###############
Task: 1
Node: 1
Timestamp: 2017-08-16 19:35:32
Success: TRUE
Task duration:
    user   system  elapsed 
1231.392  154.564 3542.627 
Memory used:
          used (Mb) gc trigger  (Mb) max used (Mb)
Ncells 1646647 88.0    2637877 140.9  1850687 98.9
Vcells 1728616 13.2    3142662  24.0  2552116 19.5
Log messages:
stderr and stdout:
[1] ---- ENCSR559WMK (chr11) (1/2)
[1] "Data table read. Merging with Fimo..."
[1] "Merged. Now splitting table to regions and hits..."
[1] filling 497568 regions, 729056 hits for ENCSR559WMK
[1] 23189266 hits in 12040811 regions
[1] ---- ENCSR759UNY (chr11) (2/2)
[1] "Data table read. Merging with Fimo..."
[1] "Merged. Now splitting table to regions and hits..."
[1] filling 535020 regions, 783040 hits for ENCSR759UNY
[1] 28423814 hits in 13980444 regions
############### LOG OUTPUT ###############
Task: 3
Node: 3
Timestamp: 2017-08-16 19:37:18
Success: TRUE
Task duration:
    user   system  elapsed 
1090.056  539.956 3653.094 
Memory used:
          used (Mb) gc trigger  (Mb) max used (Mb)
Ncells 1646647 88.0    2637877 140.9  1850690 98.9
Vcells 1728613 13.2    3142662  24.0  2552116 19.5
Log messages:
stderr and stdout:
[1] ---- ENCSR559WMK (chr13) (1/2)
[1] "Data table read. Merging with Fimo..."
[1] "Merged. Now splitting table to regions and hits..."
[1] filling 706587 regions, 1252165 hits for ENCSR559WMK
[1] 73641989 hits in 30103363 regions
[1] ---- ENCSR759UNY (chr13) (2/2)
[1] "Data table read. Merging with Fimo..."
[1] "Merged. Now splitting table to regions and hits..."
[1] filling 721536 regions, 1279501 hits for ENCSR759UNY
[1] 91270565 hits in 36729710 regions
############### LOG OUTPUT ###############
Task: 13
Node: 13
Timestamp: 2017-08-16 19:37:54
Success: TRUE
Task duration:
    user   system  elapsed 
1276.908  204.288 3685.061 
Memory used:
          used (Mb) gc trigger  (Mb) max used (Mb)
Ncells 1646648 88.0    2637877 140.9  1850687 98.9
Vcells 1728617 13.2    3142662  24.0  2552116 19.5
Log messages:
stderr and stdout:
[1] ---- ENCSR559WMK (chrX) (1/2)
[1] "Data table read. Merging with Fimo..."
[1] "Merged. Now splitting table to regions and hits..."
[1] filling 247923 regions, 361904 hits for ENCSR559WMK
[1] 25267376 hits in 13034129 regions
[1] ---- ENCSR759UNY (chrX) (2/2)
[1] "Data table read. Merging with Fimo..."
[1] "Merged. Now splitting table to regions and hits..."
[1] filling 293243 regions, 428950 hits for ENCSR759UNY
[1] 28852764 hits in 14113459 regions
> 
> print(bpok(result))
 [1] TRUE TRUE TRUE TRUE TRUE TRUE TRUE TRUE TRUE TRUE TRUE TRUE TRUE TRUE TRUE
> print("Database fill complete")
[1] "Database fill complete"
> print(date())
[1] "Wed Aug 16 19:37:54 2017"
> 
############### LOG OUTPUT ###############
Task: 7
Node: 7
Timestamp: 2017-08-16 19:38:35
Success: TRUE
Task duration:
    user   system  elapsed 
1053.364  559.292 3735.112 
Memory used:
          used (Mb) gc trigger  (Mb) max used (Mb)
Ncells 1646648 88.0    2637877 140.9  1850690 98.9
Vcells 1728614 13.2    3142662  24.0  2552116 19.5
Log messages:
stderr and stdout:
[1] ---- ENCSR559WMK (chr17) (1/2)
[1] "Data table read. Merging with Fimo..."
[1] "Merged. Now splitting table to regions and hits..."
[1] filling 1291390 regions, 2313306 hits for ENCSR559WMK
[1] 75955295 hits in 31394753 regions
[1] ---- ENCSR759UNY (chr17) (2/2)
[1] "Data table read. Merging with Fimo..."
[1] "Merged. Now splitting table to regions and hits..."
[1] filling 1307980 regions, 2323102 hits for ENCSR759UNY
[1] 93593667 hits in 37194056 regions
############### LOG OUTPUT ###############
Task: 1
Node: 1
Timestamp: 2017-08-16 19:41:35
Success: TRUE
Task duration:
    user   system  elapsed 
1316.432  427.424 3908.893 
Memory used:
          used (Mb) gc trigger  (Mb) max used (Mb)
Ncells 1646649 88.0    2637877 140.9  1850690 98.9
Vcells 1728615 13.2    3142662  24.0  2552116 19.5
Log messages:
stderr and stdout:
[1] ---- ENCSR559WMK (chr11) (1/2)
[1] "Data table read. Merging with Fimo..."
[1] "Merged. Now splitting table to regions and hits..."
[1] filling 1425689 regions, 2558696 hits for ENCSR559WMK
[1] 78513991 hits in 32820442 regions
[1] ---- ENCSR759UNY (chr11) (2/2)
[1] "Data table read. Merging with Fimo..."
[1] "Merged. Now splitting table to regions and hits..."
[1] filling 1460805 regions, 2604783 hits for ENCSR759UNY
[1] 96198450 hits in 37727180 regions
############### LOG OUTPUT ###############
Task: 2
Node: 2
Timestamp: 2017-08-16 19:43:06
Success: TRUE
Task duration:
    user   system  elapsed 
1486.624  326.540 3997.879 
Memory used:
          used (Mb) gc trigger  (Mb) max used (Mb)
Ncells 1646650 88.0    2637877 140.9  1850690 98.9
Vcells 1728616 13.2    3142662  24.0  2552116 19.5
Log messages:
stderr and stdout:
[1] ---- ENCSR559WMK (chr12) (1/2)
[1] "Data table read. Merging with Fimo..."
[1] "Merged. Now splitting table to regions and hits..."
[1] filling 1302386 regions, 2328238 hits for ENCSR559WMK
[1] 80842229 hits in 34122828 regions
[1] ---- ENCSR759UNY (chr12) (2/2)
[1] "Data table read. Merging with Fimo..."
[1] "Merged. Now splitting table to regions and hits..."
[1] filling 1347702 regions, 2397305 hits for ENCSR759UNY
[1] 98595755 hits in 38228568 regions
############### LOG OUTPUT ###############
Task: 13
Node: 13
Timestamp: 2017-08-16 19:43:55
Success: TRUE
Task duration:
    user   system  elapsed 
1514.000  306.952 4043.625 
Memory used:
          used (Mb) gc trigger  (Mb) max used (Mb)
Ncells 1646651 88.0    2637877 140.9  1850690 98.9
Vcells 1728617 13.2    3142662  24.0  2552116 19.5
Log messages:
stderr and stdout:
[1] ---- ENCSR559WMK (chrX) (1/2)
[1] "Data table read. Merging with Fimo..."
[1] "Merged. Now splitting table to regions and hits..."
[1] filling 690854 regions, 1221981 hits for ENCSR559WMK
[1] 83618309 hits in 35140609 regions
[1] ---- ENCSR759UNY (chrX) (2/2)
[1] "Data table read. Merging with Fimo..."
[1] "Merged. Now splitting table to regions and hits..."
[1] filling 746473 regions, 1302841 hits for ENCSR759UNY
[1] 99898596 hits in 38532665 regions
> 
> print(bpok(result))
 [1] TRUE TRUE TRUE TRUE TRUE TRUE TRUE TRUE TRUE TRUE TRUE TRUE TRUE TRUE TRUE
> print("Database fill complete")
[1] "Database fill complete"
> print(date())
[1] "Wed Aug 16 19:43:56 2017"
> 
You are now connected to database "tongue_wellington_20" as user "root".
CREATE INDEX
CREATE INDEX
You are now connected to database "tongue_hint_20" as user "root".
CREATE INDEX
CREATE INDEX
