CREATE DATABASE
GRANT
CREATE DATABASE
GRANT
You are now connected to database "eye_wellington_16" as user "trena".
CREATE TABLE
GRANT
CREATE TABLE
GRANT
You are now connected to database "eye_hint_16" as user "trena".
CREATE TABLE
GRANT
CREATE TABLE
GRANT

R version 3.4.1 (2017-06-30) -- "Single Candle"
Copyright (C) 2017 The R Foundation for Statistical Computing
Platform: x86_64-pc-linux-gnu (64-bit)

R is free software and comes with ABSOLUTELY NO WARRANTY.
You are welcome to redistribute it under certain conditions.
Type 'license()' or 'licence()' for distribution details.

  Natural language support but running in an English locale

R is a collaborative project with many contributors.
Type 'contributors()' for more information and
'citation()' on how to cite R or R packages in publications.

Type 'demo()' for some demos, 'help()' for on-line help, or
'help.start()' for an HTML browser interface to help.
Type 'q()' to quit R.

> # users can either step through this file, or call this file with 
> # r -f example.R
> 
> # THIS ASSUMES THAT THE TESTHINT DATABASE EXISTS. The recipe for building that
> # database is in ../dbInitialization/createHintTest.sql
> 
> # THIS EXAMPLE USES THE BRAIN HINT OUTPUT MADE BY RUNNING make hint at /scratch/data/footprints
> 
> print(date())
[1] "Mon Sep 25 13:23:01 2017"
> #-------------------------------------------------------------------------------
> # set path to hint output 
> data.path <- "/scratch/data/footprints/eye_hint_16"
> #-------------------------------------------------------------------------------
> # establish database connections:
> 
> if(!exists("db.hint"))
+     db.hint <- "eye_hint_16_localhost"
> 
> if(!exists("db.fimo"))
+     db.fimo <- "fimo_localhost"
> #-------------------------------------------------------------------------------
> # Source the libraries
> source("../src/dependencies.R")
Loading required package: stats4
Loading required package: BiocGenerics
Loading required package: parallel

Attaching package: ‘BiocGenerics’

The following objects are masked from ‘package:parallel’:

    clusterApply, clusterApplyLB, clusterCall, clusterEvalQ,
    clusterExport, clusterMap, parApply, parCapply, parLapply,
    parLapplyLB, parRapply, parSapply, parSapplyLB

The following objects are masked from ‘package:stats’:

    IQR, mad, sd, var, xtabs

The following objects are masked from ‘package:base’:

    anyDuplicated, append, as.data.frame, cbind, colMeans, colnames,
    colSums, do.call, duplicated, eval, evalq, Filter, Find, get, grep,
    grepl, intersect, is.unsorted, lapply, lengths, Map, mapply, match,
    mget, order, paste, pmax, pmax.int, pmin, pmin.int, Position, rank,
    rbind, Reduce, rowMeans, rownames, rowSums, sapply, setdiff, sort,
    table, tapply, union, unique, unsplit, which, which.max, which.min

Loading required package: S4Vectors

Attaching package: ‘S4Vectors’

The following object is masked from ‘package:base’:

    expand.grid

Loading required package: IRanges
Loading required package: GenomeInfoDb
Loading required package: DBI
> source("../src/dbFunctions.R")
> source("../src/tableParsing.R")
> source("../src/tests.R")
> source("../src/main_Bioc.R")
> 
> if(!interactive()){    
+     chromosomes <- paste0("chr",1:10)
+     
+     # Create parallel structure here    
+     library(BiocParallel)    
+     register(MulticoreParam(workers = 10, stop.on.error = FALSE, log = TRUE), default = TRUE)
+ 
+     # Run on all 24 possible chromosomes at once
+     result <- bptry(bplapply(chromosomes,fillAllSamplesByChromosome,
+              dbConnection = db.hint,             
+              fimo = db.fimo,             
+              minid = "eye_hint_16.minid",             
+              dbUser = "trena",             
+              dbTable = "eye_hint_16",             
+              sourcePath = data.path,             
+              isTest = FALSE,             
+              method = "HINT"))    
+ }

R version 3.4.1 (2017-06-30) -- "Single Candle"
Copyright (C) 2017 The R Foundation for Statistical Computing
Platform: x86_64-pc-linux-gnu (64-bit)

R is free software and comes with ABSOLUTELY NO WARRANTY.
You are welcome to redistribute it under certain conditions.
Type 'license()' or 'licence()' for distribution details.

  Natural language support but running in an English locale

R is a collaborative project with many contributors.
Type 'contributors()' for more information and
'citation()' on how to cite R or R packages in publications.

Type 'demo()' for some demos, 'help()' for on-line help, or
'help.start()' for an HTML browser interface to help.
Type 'q()' to quit R.

> # users can either step through this file, or call this file with 
> # r -f example.R
> 
> # THIS ASSUMES THAT THE TESTHINT DATABASE EXISTS. The recipe for building that
> # database is in ../dbInitialization/createHintTest.sql
> 
> # THIS EXAMPLE USES THE BRAIN HINT OUTPUT MADE BY RUNNING make hint at /scratch/data/footprints
> 
> print(date())
[1] "Mon Sep 25 13:23:07 2017"
> #-------------------------------------------------------------------------------
> # set path to hint output 
> data.path <- "/scratch/data/footprints/eye_wellington_16"
> #-------------------------------------------------------------------------------
> # establish database connections:
> 
> if(!exists("db.wellington"))
+     db.wellington <- "eye_wellington_16_localhost"
> 
> if(!exists("db.fimo"))
+     db.fimo <- "fimo_localhost"
> #-------------------------------------------------------------------------------
> # Source the libraries
> source("../src/dependencies.R")
Loading required package: stats4
Loading required package: BiocGenerics
Loading required package: parallel

Attaching package: ‘BiocGenerics’

The following objects are masked from ‘package:parallel’:

    clusterApply, clusterApplyLB, clusterCall, clusterEvalQ,
    clusterExport, clusterMap, parApply, parCapply, parLapply,
    parLapplyLB, parRapply, parSapply, parSapplyLB

The following objects are masked from ‘package:stats’:

    IQR, mad, sd, var, xtabs

The following objects are masked from ‘package:base’:

    anyDuplicated, append, as.data.frame, cbind, colMeans, colnames,
    colSums, do.call, duplicated, eval, evalq, Filter, Find, get, grep,
    grepl, intersect, is.unsorted, lapply, lengths, Map, mapply, match,
    mget, order, paste, pmax, pmax.int, pmin, pmin.int, Position, rank,
    rbind, Reduce, rowMeans, rownames, rowSums, sapply, setdiff, sort,
    table, tapply, union, unique, unsplit, which, which.max, which.min

Loading required package: S4Vectors

Attaching package: ‘S4Vectors’

The following object is masked from ‘package:base’:

    expand.grid

Loading required package: IRanges
Loading required package: GenomeInfoDb
Loading required package: DBI
> source("../src/dbFunctions.R")
> source("../src/tableParsing.R")
> source("../src/tests.R")
> source("../src/main_Bioc.R")
> 
> if(!interactive()){    
+     chromosomes <- paste0("chr",1:10)
+     
+     # Create parallel structure here
+     library(BiocParallel)
+     register(MulticoreParam(workers = 10, stop.on.error = FALSE, log = TRUE), default = TRUE)
+ 
+     # Run on all 24 possible chromosomes at once
+     result <- bptry(bplapply(chromosomes, fillAllSamplesByChromosome,
+              dbConnection = db.wellington,
+              fimo = db.fimo,
+              minid = "eye_wellington_16.minid",
+              dbUser = "trena",
+              dbTable = "eye_wellington_16",
+              sourcePath = data.path,
+              isTest = FALSE,
+              method = "WELLINGTON"))
+ }
############### LOG OUTPUT ###############
Task: 8
Node: 8
Timestamp: 2017-09-25 14:50:32
Success: TRUE
Task duration:
    user   system  elapsed 
3845.976  298.164 5223.202 
Memory used:
          used (Mb) gc trigger  (Mb) max used (Mb)
Ncells 1646097 88.0    2637877 140.9  1851626 98.9
Vcells 1726629 13.2    3142662  24.0  2552178 19.5
Log messages:
stderr and stdout:
[1] ---- ENCSR000ENK (chr8) (1/8)
[1] "Data table read. Merging with Fimo..."
[1] "Merged. Now splitting table to regions and hits..."
[1] filling 653358 regions, 1248867 hits for ENCSR000ENK
[1] 2554128 hits in 1343429 regions
[1] ---- ENCSR000ENT (chr8) (2/8)
[1] "Data table read. Merging with Fimo..."
[1] "Merged. Now splitting table to regions and hits..."
[1] filling 973187 regions, 1860897 hits for ENCSR000ENT
[1] 16245111 hits in 8851379 regions
[1] ---- ENCSR000EON (chr8) (3/8)
[1] "Data table read. Merging with Fimo..."
[1] "Merged. Now splitting table to regions and hits..."
[1] filling 772247 regions, 1494609 hits for ENCSR000EON
[1] 22827752 hits in 10236432 regions
[1] ---- ENCSR127PWK (chr8) (4/8)
[1] "Data table read. Merging with Fimo..."
[1] "Merged. Now splitting table to regions and hits..."
[1] filling 1148941 regions, 2011811 hits for ENCSR127PWK
[1] 31254658 hits in 12997460 regions
[1] ---- ENCSR474GZQ (chr8) (5/8)
[1] "Data table read. Merging with Fimo..."
[1] "Merged. Now splitting table to regions and hits..."
[1] filling 969591 regions, 1617696 hits for ENCSR474GZQ
[1] 38383223 hits in 14822372 regions
[1] ---- ENCSR621ENC (chr8) (6/8)
[1] "Data table read. Merging with Fimo..."
[1] "Merged. Now splitting table to regions and hits..."
[1] filling 1127977 regions, 1968953 hits for ENCSR621ENC
[1] 50641211 hits in 18016289 regions
[1] ---- ENCSR782XFY (chr8) (7/8)
[1] "Data table read. Merging with Fimo..."
[1] "Merged. Now splitting table to regions and hits..."
[1] filling 1386629 regions, 2487102 hits for ENCSR782XFY
[1] 61468867 hits in 20499166 regions
[1] ---- ENCSR820ICX (chr8) (8/8)
[1] "Data table read. Merging with Fimo..."
[1] "Merged. Now splitting table to regions and hits..."
[1] filling 1020082 regions, 1776902 hits for ENCSR820ICX
[1] 79482998 hits in 24671471 regions
############### LOG OUTPUT ###############
Task: 10
Node: 10
Timestamp: 2017-09-25 14:53:02
Success: TRUE
Task duration:
    user   system  elapsed 
3731.988  381.648 5371.210 
Memory used:
          used (Mb) gc trigger  (Mb) max used (Mb)
Ncells 1647081 88.0    2637877 140.9  1851626 98.9
Vcells 1729122 13.2    3142662  24.0  2552178 19.5
Log messages:
stderr and stdout:
[1] ---- ENCSR000ENK (chr10) (1/8)
[1] "Data table read. Merging with Fimo..."
[1] "Merged. Now splitting table to regions and hits..."
[1] filling 690071 regions, 1305261 hits for ENCSR000ENK
[1] 1305261 hits in 690071 regions
[1] ---- ENCSR000ENT (chr10) (2/8)
[1] "Data table read. Merging with Fimo..."
[1] "Merged. Now splitting table to regions and hits..."
[1] filling 971689 regions, 1844170 hits for ENCSR000ENT
[1] 11645616 hits in 5691968 regions
[1] ---- ENCSR000EON (chr10) (3/8)
[1] "Data table read. Merging with Fimo..."
[1] "Merged. Now splitting table to regions and hits..."
[1] filling 779902 regions, 1497170 hits for ENCSR000EON
[1] 21333143 hits in 9904269 regions
[1] ---- ENCSR127PWK (chr10) (4/8)
[1] "Data table read. Merging with Fimo..."
[1] "Merged. Now splitting table to regions and hits..."
[1] filling 1281705 regions, 2230699 hits for ENCSR127PWK
[1] 29242847 hits in 12290297 regions
[1] ---- ENCSR474GZQ (chr10) (5/8)
[1] "Data table read. Merging with Fimo..."
[1] "Merged. Now splitting table to regions and hits..."
[1] filling 1105349 regions, 1849128 hits for ENCSR474GZQ
[1] 36765527 hits in 14436531 regions
[1] ---- ENCSR621ENC (chr10) (6/8)
[1] "Data table read. Merging with Fimo..."
[1] "Merged. Now splitting table to regions and hits..."
[1] filling 1293516 regions, 2255405 hits for ENCSR621ENC
[1] 54915838 hits in 19055044 regions
[1] ---- ENCSR782XFY (chr10) (7/8)
[1] "Data table read. Merging with Fimo..."
[1] "Merged. Now splitting table to regions and hits..."
[1] filling 1523927 regions, 2718835 hits for ENCSR782XFY
[1] 64187702 hits in 20803662 regions
[1] ---- ENCSR820ICX (chr10) (8/8)
[1] "Data table read. Merging with Fimo..."
[1] "Merged. Now splitting table to regions and hits..."
[1] filling 1138257 regions, 1978812 hits for ENCSR820ICX
[1] 81461810 hits in 24832160 regions
############### LOG OUTPUT ###############
Task: 9
Node: 9
Timestamp: 2017-09-25 14:59:38
Success: TRUE
Task duration:
    user   system  elapsed 
2688.820 2041.964 5773.793 
Memory used:
          used (Mb) gc trigger  (Mb) max used (Mb)
Ncells 1646094 88.0    2637877 140.9  1851621 98.9
Vcells 1726629 13.2    3142662  24.0  2552178 19.5
Log messages:
stderr and stdout:
[1] ---- ENCSR000ENK (chr9) (1/8)
[1] "Data table read. Merging with Fimo..."
[1] "Merged. Now splitting table to regions and hits..."
[1] filling 168188 regions, 246715 hits for ENCSR000ENK
[1] 500640 hits in 342055 regions
[1] ---- ENCSR000ENT (chr9) (2/8)
[1] "Data table read. Merging with Fimo..."
[1] "Merged. Now splitting table to regions and hits..."
[1] filling 220399 regions, 329806 hits for ENCSR000ENT
[1] 2343190 hits in 1510708 regions
[1] ---- ENCSR000EON (chr9) (3/8)
[1] "Data table read. Merging with Fimo..."
[1] "Merged. Now splitting table to regions and hits..."
[1] filling 176384 regions, 262818 hits for ENCSR000EON
[1] 4556959 hits in 2674833 regions
[1] ---- ENCSR127PWK (chr9) (4/8)
[1] "Data table read. Merging with Fimo..."
[1] "Merged. Now splitting table to regions and hits..."
[1] filling 451834 regions, 659005 hits for ENCSR127PWK
[1] 6159024 hits in 3392545 regions
[1] ---- ENCSR474GZQ (chr9) (5/8)
[1] "Data table read. Merging with Fimo..."
[1] "Merged. Now splitting table to regions and hits..."
[1] filling 353037 regions, 508337 hits for ENCSR474GZQ
[1] 9060407 hits in 4777675 regions
[1] ---- ENCSR621ENC (chr9) (6/8)
[1] "Data table read. Merging with Fimo..."
[1] "Merged. Now splitting table to regions and hits..."
[1] filling 433090 regions, 623972 hits for ENCSR621ENC
[1] 10914386 hits in 5527655 regions
[1] ---- ENCSR782XFY (chr9) (7/8)
[1] "Data table read. Merging with Fimo..."
[1] "Merged. Now splitting table to regions and hits..."
[1] filling 483670 regions, 707522 hits for ENCSR782XFY
[1] 14036532 hits in 6904159 regions
[1] ---- ENCSR820ICX (chr9) (8/8)
[1] "Data table read. Merging with Fimo..."
[1] "Merged. Now splitting table to regions and hits..."
[1] filling 368124 regions, 535069 hits for ENCSR820ICX
[1] 16503247 hits in 7768083 regions
############### LOG OUTPUT ###############
Task: 9
Node: 9
Timestamp: 2017-09-25 15:15:26
Success: TRUE
Task duration:
    user   system  elapsed 
3442.684 2222.152 6717.370 
Memory used:
          used (Mb) gc trigger  (Mb) max used (Mb)
Ncells 1647082 88.0    2637877 140.9  1851626 98.9
Vcells 1729123 13.2    3142662  24.0  2552178 19.5
Log messages:
stderr and stdout:
[1] ---- ENCSR000ENK (chr9) (1/8)
[1] "Data table read. Merging with Fimo..."
[1] "Merged. Now splitting table to regions and hits..."
[1] filling 698433 regions, 1316857 hits for ENCSR000ENK
[1] 6890891 hits in 3624875 regions
[1] ---- ENCSR000ENT (chr9) (2/8)
[1] "Data table read. Merging with Fimo..."
[1] "Merged. Now splitting table to regions and hits..."
[1] filling 953224 regions, 1815535 hits for ENCSR000ENT
[1] 24643287 hits in 10769036 regions
[1] ---- ENCSR000EON (chr9) (3/8)
[1] "Data table read. Merging with Fimo..."
[1] "Merged. Now splitting table to regions and hits..."
[1] filling 761444 regions, 1463906 hits for ENCSR000EON
[1] 34916399 hits in 13988747 regions
[1] ---- ENCSR127PWK (chr9) (4/8)
[1] "Data table read. Merging with Fimo..."
[1] "Merged. Now splitting table to regions and hits..."
[1] filling 1174077 regions, 2064237 hits for ENCSR127PWK
[1] 48672258 hits in 17705063 regions
[1] ---- ENCSR474GZQ (chr9) (5/8)
[1] "Data table read. Merging with Fimo..."
[1] "Merged. Now splitting table to regions and hits..."
[1] filling 987204 regions, 1666203 hits for ENCSR474GZQ
[1] 61468867 hits in 20499166 regions
[1] ---- ENCSR621ENC (chr9) (6/8)
[1] "Data table read. Merging with Fimo..."
[1] "Merged. Now splitting table to regions and hits..."
[1] filling 1156011 regions, 2038919 hits for ENCSR621ENC
[1] 77706096 hits in 24526581 regions
[1] ---- ENCSR782XFY (chr9) (7/8)
[1] "Data table read. Merging with Fimo..."
[1] "Merged. Now splitting table to regions and hits..."
[1] filling 1383826 regions, 2480783 hits for ENCSR782XFY
[1] 86292108 hits in 25430368 regions
[1] ---- ENCSR820ICX (chr9) (8/8)
[1] "Data table read. Merging with Fimo..."
[1] "Merged. Now splitting table to regions and hits..."
[1] filling 1070420 regions, 1880321 hits for ENCSR820ICX
[1] 92725158 hits in 26240567 regions
############### LOG OUTPUT ###############
Task: 8
Node: 8
Timestamp: 2017-09-25 15:20:54
Success: TRUE
Task duration:
    user   system  elapsed 
2989.624 2891.952 7045.680 
Memory used:
          used (Mb) gc trigger  (Mb) max used (Mb)
Ncells 1647078 88.0    2637877 140.9  1851621 98.9
Vcells 1729122 13.2    3142662  24.0  2552178 19.5
Log messages:
stderr and stdout:
[1] ---- ENCSR000ENK (chr8) (1/8)
[1] "Data table read. Merging with Fimo..."
[1] "Merged. Now splitting table to regions and hits..."
[1] filling 150815 regions, 221121 hits for ENCSR000ENK
[1] 1025583 hits in 699832 regions
[1] ---- ENCSR000ENT (chr8) (2/8)
[1] "Data table read. Merging with Fimo..."
[1] "Merged. Now splitting table to regions and hits..."
[1] filling 221404 regions, 332609 hits for ENCSR000ENT
[1] 3005795 hits in 1797599 regions
[1] ---- ENCSR000EON (chr8) (3/8)
[1] "Data table read. Merging with Fimo..."
[1] "Merged. Now splitting table to regions and hits..."
[1] filling 174427 regions, 260845 hits for ENCSR000EON
[1] 5085342 hits in 2864420 regions
[1] ---- ENCSR127PWK (chr8) (4/8)
[1] "Data table read. Merging with Fimo..."
[1] "Merged. Now splitting table to regions and hits..."
[1] filling 398943 regions, 580670 hits for ENCSR127PWK
[1] 8552070 hits in 4555225 regions
[1] ---- ENCSR474GZQ (chr8) (5/8)
[1] "Data table read. Merging with Fimo..."
[1] "Merged. Now splitting table to regions and hits..."
[1] filling 316109 regions, 451462 hits for ENCSR474GZQ
[1] 11365848 hits in 5738857 regions
[1] ---- ENCSR621ENC (chr8) (6/8)
[1] "Data table read. Merging with Fimo..."
[1] "Merged. Now splitting table to regions and hits..."
[1] filling 387554 regions, 557011 hits for ENCSR621ENC
[1] 15968178 hits in 7657292 regions
[1] ---- ENCSR782XFY (chr8) (7/8)
[1] "Data table read. Merging with Fimo..."
[1] "Merged. Now splitting table to regions and hits..."
[1] filling 428735 regions, 626262 hits for ENCSR782XFY
[1] 18443014 hits in 8373189 regions
[1] ---- ENCSR820ICX (chr8) (8/8)
[1] "Data table read. Merging with Fimo..."
[1] "Merged. Now splitting table to regions and hits..."
[1] filling 327255 regions, 475495 hits for ENCSR820ICX
[1] 19202383 hits in 8576250 regions
############### LOG OUTPUT ###############
Task: 6
Node: 6
Timestamp: 2017-09-25 15:24:38
Success: TRUE
Task duration:
    user   system  elapsed 
4588.804  669.312 7264.265 
Memory used:
          used (Mb) gc trigger  (Mb) max used (Mb)
Ncells 1647083 88.0    2637877 140.9  1851626 98.9
Vcells 1729124 13.2    3142662  24.0  2552178 19.5
Log messages:
stderr and stdout:
[1] ---- ENCSR000ENK (chr6) (1/8)
[1] "Data table read. Merging with Fimo..."
[1] "Merged. Now splitting table to regions and hits..."
[1] filling 818897 regions, 1563418 hits for ENCSR000ENK
[1] 4117546 hits in 2162326 regions
[1] ---- ENCSR000ENT (chr6) (2/8)
[1] "Data table read. Merging with Fimo..."
[1] "Merged. Now splitting table to regions and hits..."
[1] filling 1241733 regions, 2368861 hits for ENCSR000ENT
[1] 27012148 hits in 11486230 regions
[1] ---- ENCSR000EON (chr6) (3/8)
[1] "Data table read. Merging with Fimo..."
[1] "Merged. Now splitting table to regions and hits..."
[1] filling 984005 regions, 1894810 hits for ENCSR000EON
[1] 40278033 hits in 15228873 regions
[1] ---- ENCSR127PWK (chr6) (4/8)
[1] "Data table read. Merging with Fimo..."
[1] "Merged. Now splitting table to regions and hits..."
[1] filling 1368624 regions, 2399724 hits for ENCSR127PWK
[1] 57315562 hits in 19854815 regions
[1] ---- ENCSR474GZQ (chr6) (5/8)
[1] "Data table read. Merging with Fimo..."
[1] "Merged. Now splitting table to regions and hits..."
[1] filling 1179235 regions, 1982002 hits for ENCSR474GZQ
[1] 69976822 hits in 22356240 regions
[1] ---- ENCSR621ENC (chr6) (6/8)
[1] "Data table read. Merging with Fimo..."
[1] "Merged. Now splitting table to regions and hits..."
[1] filling 1339099 regions, 2349515 hits for ENCSR621ENC
[1] 83811325 hits in 25170527 regions
[1] ---- ENCSR782XFY (chr6) (7/8)
[1] "Data table read. Merging with Fimo..."
[1] "Merged. Now splitting table to regions and hits..."
[1] filling 1638201 regions, 2926048 hits for ENCSR782XFY
[1] 89218156 hits in 25747675 regions
[1] ---- ENCSR820ICX (chr6) (8/8)
[1] "Data table read. Merging with Fimo..."
[1] "Merged. Now splitting table to regions and hits..."
[1] filling 1222414 regions, 2132535 hits for ENCSR820ICX
[1] 94857693 hits in 26407648 regions
############### LOG OUTPUT ###############
Task: 10
Node: 10
Timestamp: 2017-09-25 15:35:05
Success: TRUE
Task duration:
    user   system  elapsed 
3243.008 2489.908 7894.165 
Memory used:
          used (Mb) gc trigger  (Mb) max used (Mb)
Ncells 1647079 88.0    2637877 140.9  1851621 98.9
Vcells 1729123 13.2    3142662  24.0  2552178 19.5
Log messages:
stderr and stdout:
[1] ---- ENCSR000ENK (chr10) (1/8)
[1] "Data table read. Merging with Fimo..."
[1] "Merged. Now splitting table to regions and hits..."
[1] filling 163312 regions, 239647 hits for ENCSR000ENK
[1] 1265230 hits in 863144 regions
[1] ---- ENCSR000ENT (chr10) (2/8)
[1] "Data table read. Merging with Fimo..."
[1] "Merged. Now splitting table to regions and hits..."
[1] filling 220335 regions, 329996 hits for ENCSR000ENT
[1] 2673186 hits in 1650631 regions
[1] ---- ENCSR000EON (chr10) (3/8)
[1] "Data table read. Merging with Fimo..."
[1] "Merged. Now splitting table to regions and hits..."
[1] filling 178911 regions, 267538 hits for ENCSR000EON
[1] 4824497 hits in 2768953 regions
[1] ---- ENCSR127PWK (chr10) (4/8)
[1] "Data table read. Merging with Fimo..."
[1] "Merged. Now splitting table to regions and hits..."
[1] filling 481863 regions, 700603 hits for ENCSR127PWK
[1] 7159128 hits in 3890274 regions
[1] ---- ENCSR474GZQ (chr10) (5/8)
[1] "Data table read. Merging with Fimo..."
[1] "Merged. Now splitting table to regions and hits..."
[1] filling 378263 regions, 541925 hits for ENCSR474GZQ
[1] 10290414 hits in 5306336 regions
[1] ---- ENCSR621ENC (chr10) (6/8)
[1] "Data table read. Merging with Fimo..."
[1] "Merged. Now splitting table to regions and hits..."
[1] filling 478326 regions, 688639 hits for ENCSR621ENC
[1] 15411167 hits in 7452542 regions
[1] ---- ENCSR782XFY (chr10) (7/8)
[1] "Data table read. Merging with Fimo..."
[1] "Merged. Now splitting table to regions and hits..."
[1] filling 508840 regions, 742011 hits for ENCSR782XFY
[1] 17245258 hits in 7954893 regions
[1] ---- ENCSR820ICX (chr10) (8/8)
[1] "Data table read. Merging with Fimo..."
[1] "Merged. Now splitting table to regions and hits..."
[1] filling 378797 regions, 548688 hits for ENCSR820ICX
[1] 21621479 hits in 9425987 regions
############### LOG OUTPUT ###############
Task: 6
Node: 6
Timestamp: 2017-09-25 15:57:50
Success: TRUE
Task duration:
    user   system  elapsed 
3980.952 3993.232 9252.957 
Memory used:
          used (Mb) gc trigger  (Mb) max used (Mb)
Ncells 1647080 88.0    2637877 140.9  1851621 98.9
Vcells 1729124 13.2    3142662  24.0  2552178 19.5
Log messages:
stderr and stdout:
[1] ---- ENCSR000ENK (chr6) (1/8)
[1] "Data table read. Merging with Fimo..."
[1] "Merged. Now splitting table to regions and hits..."
[1] filling 188979 regions, 276993 hits for ENCSR000ENK
[1] 1795275 hits in 1224699 regions
[1] ---- ENCSR000ENT (chr6) (2/8)
[1] "Data table read. Merging with Fimo..."
[1] "Merged. Now splitting table to regions and hits..."
[1] filling 276180 regions, 414677 hits for ENCSR000ENT
[1] 5500019 hits in 3042513 regions
[1] ---- ENCSR000EON (chr6) (3/8)
[1] "Data table read. Merging with Fimo..."
[1] "Merged. Now splitting table to regions and hits..."
[1] filling 224562 regions, 335233 hits for ENCSR000EON
[1] 9395640 hits in 4897086 regions
[1] ---- ENCSR127PWK (chr6) (4/8)
[1] "Data table read. Merging with Fimo..."
[1] "Merged. Now splitting table to regions and hits..."
[1] filling 471731 regions, 685626 hits for ENCSR127PWK
[1] 12743614 hits in 6484909 regions
[1] ---- ENCSR474GZQ (chr6) (5/8)
[1] "Data table read. Merging with Fimo..."
[1] "Merged. Now splitting table to regions and hits..."
[1] filling 399742 regions, 571494 hits for ENCSR474GZQ
[1] 17816752 hits in 8218850 regions
[1] ---- ENCSR621ENC (chr6) (6/8)
[1] "Data table read. Merging with Fimo..."
[1] "Merged. Now splitting table to regions and hits..."
[1] filling 446647 regions, 639423 hits for ENCSR621ENC
[1] 19841806 hits in 8799352 regions
[1] ---- ENCSR782XFY (chr6) (7/8)
[1] "Data table read. Merging with Fimo..."
[1] "Merged. Now splitting table to regions and hits..."
[1] filling 518079 regions, 755218 hits for ENCSR782XFY
[1] 22376697 hits in 9609195 regions
[1] ---- ENCSR820ICX (chr6) (8/8)
[1] "Data table read. Merging with Fimo..."
[1] "Merged. Now splitting table to regions and hits..."
[1] filling 393539 regions, 571436 hits for ENCSR820ICX
[1] 22948133 hits in 9732699 regions
############### LOG OUTPUT ###############
Task: 5
Node: 5
Timestamp: 2017-09-25 16:58:06
Success: TRUE
Task duration:
     user    system   elapsed 
 4359.812   790.260 12869.562 
Memory used:
          used (Mb) gc trigger  (Mb) max used (Mb)
Ncells 1647081 88.0    2637877 140.9  1851621 98.9
Vcells 1729125 13.2    3142662  24.0  2552178 19.5
Log messages:
stderr and stdout:
[1] ---- ENCSR000ENK (chr5) (1/8)
[1] "Data table read. Merging with Fimo..."
[1] "Merged. Now splitting table to regions and hits..."
[1] filling 173867 regions, 253925 hits for ENCSR000ENK
[1] 253925 hits in 173867 regions
[1] ---- ENCSR000ENT (chr5) (2/8)
[1] "Data table read. Merging with Fimo..."
[1] "Merged. Now splitting table to regions and hits..."
[1] filling 256362 regions, 385051 hits for ENCSR000ENT
[1] 4294141 hits in 2582604 regions
[1] ---- ENCSR000EON (chr5) (3/8)
[1] "Data table read. Merging with Fimo..."
[1] "Merged. Now splitting table to regions and hits..."
[1] filling 200459 regions, 299501 hits for ENCSR000EON
[1] 6458525 hits in 3502706 regions
[1] ---- ENCSR127PWK (chr5) (4/8)
[1] "Data table read. Merging with Fimo..."
[1] "Merged. Now splitting table to regions and hits..."
[1] filling 475006 regions, 692140 hits for ENCSR127PWK
[1] 12057988 hits in 6117573 regions
[1] ---- ENCSR474GZQ (chr5) (5/8)
[1] "Data table read. Merging with Fimo..."
[1] "Merged. Now splitting table to regions and hits..."
[1] filling 384148 regions, 551899 hits for ENCSR474GZQ
[1] 21072791 hits in 9306356 regions
[1] ---- ENCSR621ENC (chr5) (6/8)
[1] "Data table read. Merging with Fimo..."
[1] "Merged. Now splitting table to regions and hits..."
[1] filling 455643 regions, 654761 hits for ENCSR621ENC
[1] 25299403 hits in 10704375 regions
[1] ---- ENCSR782XFY (chr5) (7/8)
[1] "Data table read. Merging with Fimo..."
[1] "Merged. Now splitting table to regions and hits..."
[1] filling 510326 regions, 746801 hits for ENCSR782XFY
[1] 27974160 hits in 11884947 regions
[1] ---- ENCSR820ICX (chr5) (8/8)
[1] "Data table read. Merging with Fimo..."
[1] "Merged. Now splitting table to regions and hits..."
[1] filling 386985 regions, 563097 hits for ENCSR820ICX
[1] 28537257 hits in 12010167 regions
############### LOG OUTPUT ###############
Task: 5
Node: 5
Timestamp: 2017-09-25 17:12:32
Success: TRUE
Task duration:
     user    system   elapsed 
 5236.964  1356.608 13735.267 
Memory used:
          used (Mb) gc trigger  (Mb) max used (Mb)
Ncells 1647084 88.0    2637877 140.9  1851626 98.9
Vcells 1729125 13.2    3142662  24.0  2552178 19.5
Log messages:
stderr and stdout:
[1] ---- ENCSR000ENK (chr5) (1/8)
[1] "Data table read. Merging with Fimo..."
[1] "Merged. Now splitting table to regions and hits..."
[1] filling 764116 regions, 1456488 hits for ENCSR000ENK
[1] 5574034 hits in 2926442 regions
[1] ---- ENCSR000ENT (chr5) (2/8)
[1] "Data table read. Merging with Fimo..."
[1] "Merged. Now splitting table to regions and hits..."
[1] filling 1151707 regions, 2197835 hits for ENCSR000ENT
[1] 33452493 hits in 13685258 regions
[1] ---- ENCSR000EON (chr5) (3/8)
[1] "Data table read. Merging with Fimo..."
[1] "Merged. Now splitting table to regions and hits..."
[1] filling 905710 regions, 1751457 hits for ENCSR000EON
[1] 44580329 hits in 16399517 regions
[1] ---- ENCSR127PWK (chr5) (4/8)
[1] "Data table read. Merging with Fimo..."
[1] "Merged. Now splitting table to regions and hits..."
[1] filling 1366704 regions, 2380342 hits for ENCSR127PWK
[1] 75667177 hits in 24226400 regions
[1] ---- ENCSR474GZQ (chr5) (5/8)
[1] "Data table read. Merging with Fimo..."
[1] "Merged. Now splitting table to regions and hits..."
[1] filling 1134280 regions, 1902289 hits for ENCSR474GZQ
[1] 100613658 hits in 27750954 regions
[1] ---- ENCSR621ENC (chr5) (6/8)
[1] "Data table read. Merging with Fimo..."
[1] "Merged. Now splitting table to regions and hits..."
[1] filling 1310605 regions, 2297651 hits for ENCSR621ENC
[1] 110863825 hits in 30087523 regions
[1] ---- ENCSR782XFY (chr5) (7/8)
[1] "Data table read. Merging with Fimo..."
[1] "Merged. Now splitting table to regions and hits..."
[1] filling 1631095 regions, 2915747 hits for ENCSR782XFY
[1] 120374186 hits in 32492516 regions
[1] ---- ENCSR820ICX (chr5) (8/8)
[1] "Data table read. Merging with Fimo..."
[1] "Merged. Now splitting table to regions and hits..."
[1] filling 1204372 regions, 2094316 hits for ENCSR820ICX
[1] 130305467 hits in 35305524 regions
############### LOG OUTPUT ###############
Task: 7
Node: 7
Timestamp: 2017-09-25 18:21:14
Success: TRUE
Task duration:
     user    system   elapsed 
 3603.392  4333.828 17859.825 
Memory used:
          used (Mb) gc trigger  (Mb) max used (Mb)
Ncells 1647082 88.0    2637877 140.9  1851621 98.9
Vcells 1729126 13.2    3142662  24.0  2552178 19.5
Log messages:
stderr and stdout:
[1] ---- ENCSR000ENK (chr7) (1/8)
[1] "Data table read. Merging with Fimo..."
[1] "Merged. Now splitting table to regions and hits..."
[1] filling 172576 regions, 253052 hits for ENCSR000ENK
[1] 1518282 hits in 1035720 regions
[1] ---- ENCSR000ENT (chr7) (2/8)
[1] "Data table read. Merging with Fimo..."
[1] "Merged. Now splitting table to regions and hits..."
[1] filling 240068 regions, 360167 hits for ENCSR000ENT
[1] 7971400 hits in 4239072 regions
[1] ---- ENCSR000EON (chr7) (3/8)
[1] "Data table read. Merging with Fimo..."
[1] "Merged. Now splitting table to regions and hits..."
[1] filling 190122 regions, 283874 hits for ENCSR000EON
[1] 18726888 hits in 8473028 regions
[1] ---- ENCSR127PWK (chr7) (4/8)
[1] "Data table read. Merging with Fimo..."
[1] "Merged. Now splitting table to regions and hits..."
[1] filling 492027 regions, 713032 hits for ENCSR127PWK
[1] 24644642 hits in 10468025 regions
[1] ---- ENCSR474GZQ (chr7) (5/8)
[1] "Data table read. Merging with Fimo..."
[1] "Merged. Now splitting table to regions and hits..."
[1] filling 383279 regions, 550579 hits for ENCSR474GZQ
[1] 27227359 hits in 11697131 regions
[1] ---- ENCSR621ENC (chr7) (6/8)
[1] "Data table read. Merging with Fimo..."
[1] "Merged. Now splitting table to regions and hits..."
[1] filling 477991 regions, 686169 hits for ENCSR621ENC
[1] 31593212 hits in 13537045 regions
[1] ---- ENCSR782XFY (chr7) (7/8)
[1] "Data table read. Merging with Fimo..."
[1] "Merged. Now splitting table to regions and hits..."
[1] filling 519164 regions, 756342 hits for ENCSR782XFY
[1] 33415763 hits in 14203529 regions
[1] ---- ENCSR820ICX (chr7) (8/8)
[1] "Data table read. Merging with Fimo..."
[1] "Merged. Now splitting table to regions and hits..."
[1] filling 409732 regions, 593256 hits for ENCSR820ICX
[1] 37091746 hits in 15588375 regions
############### LOG OUTPUT ###############
Task: 7
Node: 7
Timestamp: 2017-09-25 18:23:21
Success: TRUE
Task duration:
     user    system   elapsed 
 4762.392  2812.608 18001.396 
Memory used:
          used (Mb) gc trigger  (Mb) max used (Mb)
Ncells 1647085 88.0    2637877 140.9  1851626 98.9
Vcells 1729126 13.2    3142662  24.0  2552178 19.5
Log messages:
stderr and stdout:
[1] ---- ENCSR000ENK (chr7) (1/8)
[1] "Data table read. Merging with Fimo..."
[1] "Merged. Now splitting table to regions and hits..."
[1] filling 728805 regions, 1389438 hits for ENCSR000ENK
[1] 19835973 hits in 9580184 regions
[1] ---- ENCSR000ENT (chr7) (2/8)
[1] "Data table read. Merging with Fimo..."
[1] "Merged. Now splitting table to regions and hits..."
[1] filling 1064102 regions, 2027692 hits for ENCSR000ENT
[1] 46608021 hits in 17016662 regions
[1] ---- ENCSR000EON (chr7) (3/8)
[1] "Data table read. Merging with Fimo..."
[1] "Merged. Now splitting table to regions and hits..."
[1] filling 840618 regions, 1626681 hits for ENCSR000EON
[1] 90844837 hits in 26094893 regions
[1] ---- ENCSR127PWK (chr7) (4/8)
[1] "Data table read. Merging with Fimo..."
[1] "Merged. Now splitting table to regions and hits..."
[1] filling 1352569 regions, 2366391 hits for ENCSR127PWK
[1] 108566174 hits in 29735433 regions
[1] ---- ENCSR474GZQ (chr7) (5/8)
[1] "Data table read. Merging with Fimo..."
[1] "Merged. Now splitting table to regions and hits..."
[1] filling 1130889 regions, 1904068 hits for ENCSR474GZQ
[1] 117458439 hits in 32157679 regions
[1] ---- ENCSR621ENC (chr7) (6/8)
[1] "Data table read. Merging with Fimo..."
[1] "Merged. Now splitting table to regions and hits..."
[1] filling 1333831 regions, 2350351 hits for ENCSR621ENC
[1] 132655818 hits in 35669569 regions
[1] ---- ENCSR782XFY (chr7) (7/8)
[1] "Data table read. Merging with Fimo..."
[1] "Merged. Now splitting table to regions and hits..."
[1] filling 1616511 regions, 2893132 hits for ENCSR782XFY
[1] 139354376 hits in 36879142 regions
[1] ---- ENCSR820ICX (chr7) (8/8)
[1] "Data table read. Merging with Fimo..."
[1] "Merged. Now splitting table to regions and hits..."
[1] filling 1240381 regions, 2169734 hits for ENCSR820ICX
[1] 152357471 hits in 39146945 regions
############### LOG OUTPUT ###############
Task: 4
Node: 4
Timestamp: 2017-09-25 19:47:58
Success: TRUE
Task duration:
     user    system   elapsed 
 4201.076  4465.956 23063.982 
Memory used:
          used (Mb) gc trigger  (Mb) max used (Mb)
Ncells 1647083 88.0    2637877 140.9  1851621 98.9
Vcells 1729127 13.2    3142662  24.0  2552178 19.5
Log messages:
stderr and stdout:
[1] ---- ENCSR000ENK (chr4) (1/8)
[1] "Data table read. Merging with Fimo..."
[1] "Merged. Now splitting table to regions and hits..."
[1] filling 148209 regions, 218109 hits for ENCSR000ENK
[1] 2013384 hits in 1372908 regions
[1] ---- ENCSR000ENT (chr4) (2/8)
[1] "Data table read. Merging with Fimo..."
[1] "Merged. Now splitting table to regions and hits..."
[1] filling 233933 regions, 352849 hits for ENCSR000ENT
[1] 9748489 hits in 5057371 regions
[1] ---- ENCSR000EON (chr4) (3/8)
[1] "Data table read. Merging with Fimo..."
[1] "Merged. Now splitting table to regions and hits..."
[1] filling 204676 regions, 307157 hits for ENCSR000EON
[1] 20520892 hits in 9053150 regions
[1] ---- ENCSR127PWK (chr4) (4/8)
[1] "Data table read. Merging with Fimo..."
[1] "Merged. Now splitting table to regions and hits..."
[1] filling 427212 regions, 619440 hits for ENCSR127PWK
[1] 25918843 hits in 11046231 regions
[1] ---- ENCSR474GZQ (chr4) (5/8)
[1] "Data table read. Merging with Fimo..."
[1] "Merged. Now splitting table to regions and hits..."
[1] filling 330165 regions, 471599 hits for ENCSR474GZQ
[1] 32064811 hits in 13758097 regions
[1] ---- ENCSR621ENC (chr4) (6/8)
[1] "Data table read. Merging with Fimo..."
[1] "Merged. Now splitting table to regions and hits..."
[1] filling 366209 regions, 524445 hits for ENCSR621ENC
[1] 35811892 hits in 15224284 regions
[1] ---- ENCSR782XFY (chr4) (7/8)
[1] "Data table read. Merging with Fimo..."
[1] "Merged. Now splitting table to regions and hits..."
[1] filling 456419 regions, 667047 hits for ENCSR782XFY
[1] 37758793 hits in 15757803 regions
[1] ---- ENCSR820ICX (chr4) (8/8)
[1] "Data table read. Merging with Fimo..."
[1] "Merged. Now splitting table to regions and hits..."
[1] filling 355674 regions, 516283 hits for ENCSR820ICX
[1] 41372594 hits in 16882737 regions
############### LOG OUTPUT ###############
Task: 4
Node: 4
Timestamp: 2017-09-25 19:52:30
Success: TRUE
Task duration:
     user    system   elapsed 
 5327.860  2407.872 23319.948 
Memory used:
          used (Mb) gc trigger  (Mb) max used (Mb)
Ncells 1647086 88.0    2637877 140.9  1851626 98.9
Vcells 1729127 13.2    3142662  24.0  2552178 19.5
Log messages:
stderr and stdout:
[1] ---- ENCSR000ENK (chr4) (1/8)
[1] "Data table read. Merging with Fimo..."
[1] "Merged. Now splitting table to regions and hits..."
[1] filling 622330 regions, 1192950 hits for ENCSR000ENK
[1] 9801446 hits in 5141823 regions
[1] ---- ENCSR000ENT (chr4) (2/8)
[1] "Data table read. Merging with Fimo..."
[1] "Merged. Now splitting table to regions and hits..."
[1] filling 1058216 regions, 2019222 hits for ENCSR000ENT
[1] 52660433 hits in 18681024 regions
[1] ---- ENCSR000EON (chr4) (3/8)
[1] "Data table read. Merging with Fimo..."
[1] "Merged. Now splitting table to regions and hits..."
[1] filling 897956 regions, 1746343 hits for ENCSR000EON
[1] 98711369 hits in 27306153 regions
[1] ---- ENCSR127PWK (chr4) (4/8)
[1] "Data table read. Merging with Fimo..."
[1] "Merged. Now splitting table to regions and hits..."
[1] filling 1189516 regions, 2067089 hits for ENCSR127PWK
[1] 112930914 hits in 30831045 regions
[1] ---- ENCSR474GZQ (chr4) (5/8)
[1] "Data table read. Merging with Fimo..."
[1] "Merged. Now splitting table to regions and hits..."
[1] filling 1005045 regions, 1676088 hits for ENCSR474GZQ
[1] 134331906 hits in 36069819 regions
[1] ---- ENCSR621ENC (chr4) (6/8)
[1] "Data table read. Merging with Fimo..."
[1] "Merged. Now splitting table to regions and hits..."
[1] filling 1076560 regions, 1886107 hits for ENCSR621ENC
[1] 147671029 hits in 38608632 regions
[1] ---- ENCSR782XFY (chr4) (7/8)
[1] "Data table read. Merging with Fimo..."
[1] "Merged. Now splitting table to regions and hits..."
[1] filling 1456539 regions, 2592542 hits for ENCSR782XFY
[1] 159292501 hits in 40082543 regions
[1] ---- ENCSR820ICX (chr4) (8/8)
[1] "Data table read. Merging with Fimo..."
[1] "Merged. Now splitting table to regions and hits..."
[1] filling 1061554 regions, 1834734 hits for ENCSR820ICX
[1] 167829915 hits in 41149648 regions
############### LOG OUTPUT ###############
Task: 3
Node: 3
Timestamp: 2017-09-25 20:06:48
Success: TRUE
Task duration:
     user    system   elapsed 
 5623.548  2050.368 24179.173 
Memory used:
          used (Mb) gc trigger  (Mb) max used (Mb)
Ncells 1647087 88.0    2637877 140.9  1851626 98.9
Vcells 1729128 13.2    3142662  24.0  2552178 19.5
Log messages:
stderr and stdout:
[1] ---- ENCSR000ENK (chr3) (1/8)
[1] "Data table read. Merging with Fimo..."
[1] "Merged. Now splitting table to regions and hits..."
[1] filling 894618 regions, 1717605 hits for ENCSR000ENK
[1] 8608496 hits in 4519493 regions
[1] ---- ENCSR000ENT (chr3) (2/8)
[1] "Data table read. Merging with Fimo..."
[1] "Merged. Now splitting table to regions and hits..."
[1] filling 1336340 regions, 2550839 hits for ENCSR000ENT
[1] 42828872 hits in 16399517 regions
[1] ---- ENCSR000EON (chr3) (3/8)
[1] "Data table read. Merging with Fimo..."
[1] "Merged. Now splitting table to regions and hits..."
[1] filling 1086449 regions, 2107333 hits for ENCSR000EON
[1] 96965026 hits in 26873530 regions
[1] ---- ENCSR127PWK (chr3) (4/8)
[1] "Data table read. Merging with Fimo..."
[1] "Merged. Now splitting table to regions and hits..."
[1] filling 1494999 regions, 2623457 hits for ENCSR127PWK
[1] 115554371 hits in 31722249 regions
[1] ---- ENCSR474GZQ (chr3) (5/8)
[1] "Data table read. Merging with Fimo..."
[1] "Merged. Now splitting table to regions and hits..."
[1] filling 1267057 regions, 2129338 hits for ENCSR474GZQ
[1] 136461244 hits in 36551803 regions
[1] ---- ENCSR621ENC (chr3) (6/8)
[1] "Data table read. Merging with Fimo..."
[1] "Merged. Now splitting table to regions and hits..."
[1] filling 1421869 regions, 2516708 hits for ENCSR621ENC
[1] 150187737 hits in 38969303 regions
[1] ---- ENCSR782XFY (chr3) (7/8)
[1] "Data table read. Merging with Fimo..."
[1] "Merged. Now splitting table to regions and hits..."
[1] filling 1808117 regions, 3243855 hits for ENCSR782XFY
[1] 165995181 hits in 40984113 regions
[1] ---- ENCSR820ICX (chr3) (8/8)
[1] "Data table read. Merging with Fimo..."
[1] "Merged. Now splitting table to regions and hits..."
[1] filling 1333179 regions, 2335444 hits for ENCSR820ICX
[1] 170165359 hits in 41331542 regions
############### LOG OUTPUT ###############
Task: 3
Node: 3
Timestamp: 2017-09-25 20:11:32
Success: TRUE
Task duration:
     user    system   elapsed 
 5380.480  2661.968 24468.777 
Memory used:
          used (Mb) gc trigger  (Mb) max used (Mb)
Ncells 1647084 88.0    2637877 140.9  1851621 98.9
Vcells 1729128 13.2    3142662  24.0  2552178 19.5
Log messages:
stderr and stdout:
[1] ---- ENCSR000ENK (chr3) (1/8)
[1] "Data table read. Merging with Fimo..."
[1] "Merged. Now splitting table to regions and hits..."
[1] filling 206962 regions, 303822 hits for ENCSR000ENK
[1] 804462 hits in 549017 regions
[1] ---- ENCSR000ENT (chr3) (2/8)
[1] "Data table read. Merging with Fimo..."
[1] "Merged. Now splitting table to regions and hits..."
[1] filling 300632 regions, 452105 hits for ENCSR000ENT
[1] 7611233 hits in 4085180 regions
[1] ---- ENCSR000EON (chr3) (3/8)
[1] "Data table read. Merging with Fimo..."
[1] "Merged. Now splitting table to regions and hits..."
[1] filling 248034 regions, 371929 hits for ENCSR000EON
[1] 20213735 hits in 8934037 regions
[1] ---- ENCSR127PWK (chr3) (4/8)
[1] "Data table read. Merging with Fimo..."
[1] "Merged. Now splitting table to regions and hits..."
[1] filling 519098 regions, 757937 hits for ENCSR127PWK
[1] 26676780 hits in 11449002 regions
[1] ---- ENCSR474GZQ (chr3) (5/8)
[1] "Data table read. Merging with Fimo..."
[1] "Merged. Now splitting table to regions and hits..."
[1] filling 413505 regions, 594610 hits for ENCSR474GZQ
[1] 32659421 hits in 14023215 regions
[1] ---- ENCSR621ENC (chr3) (6/8)
[1] "Data table read. Merging with Fimo..."
[1] "Merged. Now splitting table to regions and hits..."
[1] filling 476482 regions, 686598 hits for ENCSR621ENC
[1] 36498490 hits in 15462874 regions
[1] ---- ENCSR782XFY (chr3) (7/8)
[1] "Data table read. Merging with Fimo..."
[1] "Merged. Now splitting table to regions and hits..."
[1] filling 561544 regions, 822908 hits for ENCSR782XFY
[1] 40856311 hits in 16765477 regions
[1] ---- ENCSR820ICX (chr3) (8/8)
[1] "Data table read. Merging with Fimo..."
[1] "Merged. Now splitting table to regions and hits..."
[1] filling 423921 regions, 618797 hits for ENCSR820ICX
[1] 41991391 hits in 17324321 regions
############### LOG OUTPUT ###############
Task: 1
Node: 1
Timestamp: 2017-09-25 20:52:42
Success: TRUE
Task duration:
     user    system   elapsed 
 6816.864  1499.452 26931.122 
Memory used:
          used (Mb) gc trigger  (Mb) max used (Mb)
Ncells 1647088 88.0    2637877 140.9  1851626 98.9
Vcells 1729129 13.2    3142662  24.0  2552178 19.5
Log messages:
stderr and stdout:
[1] ---- ENCSR000ENK (chr1) (1/8)
[1] "Data table read. Merging with Fimo..."
[1] "Merged. Now splitting table to regions and hits..."
[1] filling 1445287 regions, 2738598 hits for ENCSR000ENK
[1] 14384214 hits in 7137255 regions
[1] ---- ENCSR000ENT (chr1) (2/8)
[1] "Data table read. Merging with Fimo..."
[1] "Merged. Now splitting table to regions and hits..."
[1] filling 2006052 regions, 3807118 hits for ENCSR000ENT
[1] 67994820 hits in 21912259 regions
[1] ---- ENCSR000EON (chr1) (3/8)
[1] "Data table read. Merging with Fimo..."
[1] "Merged. Now splitting table to regions and hits..."
[1] filling 1549016 regions, 2980476 hits for ENCSR000EON
[1] 103594134 hits in 28332690 regions
[1] ---- ENCSR127PWK (chr1) (4/8)
[1] "Data table read. Merging with Fimo..."
[1] "Merged. Now splitting table to regions and hits..."
[1] filling 2434590 regions, 4301236 hits for ENCSR127PWK
[1] 124675422 hits in 33894323 regions
[1] ---- ENCSR474GZQ (chr1) (5/8)
[1] "Data table read. Merging with Fimo..."
[1] "Merged. Now splitting table to regions and hits..."
[1] filling 2115816 regions, 3568471 hits for ENCSR474GZQ
[1] 142922847 hits in 37660925 regions
[1] ---- ENCSR621ENC (chr1) (6/8)
[1] "Data table read. Merging with Fimo..."
[1] "Merged. Now splitting table to regions and hits..."
[1] filling 2456254 regions, 4342488 hits for ENCSR621ENC
[1] 156699959 hits in 39764533 regions
[1] ---- ENCSR782XFY (chr1) (7/8)
[1] "Data table read. Merging with Fimo..."
[1] "Merged. Now splitting table to regions and hits..."
[1] filling 2791486 regions, 5013034 hits for ENCSR782XFY
[1] 175178393 hits in 41809577 regions
[1] ---- ENCSR820ICX (chr1) (8/8)
[1] "Data table read. Merging with Fimo..."
[1] "Merged. Now splitting table to regions and hits..."
[1] filling 2244212 regions, 3955784 hits for ENCSR820ICX
[1] 183437933 hits in 42572764 regions
############### LOG OUTPUT ###############
Task: 2
Node: 2
Timestamp: 2017-09-25 20:53:05
Success: TRUE
Task duration:
     user    system   elapsed 
 6850.524  1877.248 26953.025 
Memory used:
          used (Mb) gc trigger  (Mb) max used (Mb)
Ncells 1647089 88.0    2637877 140.9  1851626 98.9
Vcells 1729130 13.2    3142662  24.0  2552178 19.5
Log messages:
stderr and stdout:
[1] ---- ENCSR000ENK (chr2) (1/8)
[1] "Data table read. Merging with Fimo..."
[1] "Merged. Now splitting table to regions and hits..."
[1] filling 1144411 regions, 2201424 hits for ENCSR000ENK
[1] 18446535 hits in 8851379 regions
[1] ---- ENCSR000ENT (chr2) (2/8)
[1] "Data table read. Merging with Fimo..."
[1] "Merged. Now splitting table to regions and hits..."
[1] filling 1732141 regions, 3310013 hits for ENCSR000ENT
[1] 73286835 hits in 23374953 regions
[1] ---- ENCSR000EON (chr2) (3/8)
[1] "Data table read. Merging with Fimo..."
[1] "Merged. Now splitting table to regions and hits..."
[1] filling 1341073 regions, 2605649 hits for ENCSR000EON
[1] 106199783 hits in 28898328 regions
[1] ---- ENCSR127PWK (chr2) (4/8)
[1] "Data table read. Merging with Fimo..."
[1] "Merged. Now splitting table to regions and hits..."
[1] filling 2011908 regions, 3535729 hits for ENCSR127PWK
[1] 128211151 hits in 35129201 regions
[1] ---- ENCSR474GZQ (chr2) (5/8)
[1] "Data table read. Merging with Fimo..."
[1] "Merged. Now splitting table to regions and hits..."
[1] filling 1708515 regions, 2862075 hits for ENCSR474GZQ
[1] 145784922 hits in 38333255 regions
[1] ---- ENCSR621ENC (chr2) (6/8)
[1] "Data table read. Merging with Fimo..."
[1] "Merged. Now splitting table to regions and hits..."
[1] filling 1975631 regions, 3458825 hits for ENCSR621ENC
[1] 162751326 hits in 40620407 regions
[1] ---- ENCSR782XFY (chr2) (7/8)
[1] "Data table read. Merging with Fimo..."
[1] "Merged. Now splitting table to regions and hits..."
[1] filling 2402569 regions, 4303756 hits for ENCSR782XFY
[1] 179482149 hits in 42286990 regions
[1] ---- ENCSR820ICX (chr2) (8/8)
[1] "Data table read. Merging with Fimo..."
[1] "Merged. Now splitting table to regions and hits..."
[1] filling 1788874 regions, 3127523 hits for ENCSR820ICX
[1] 186565456 hits in 42822323 regions
> 
> print(bpok(result))
 [1] TRUE TRUE TRUE TRUE TRUE TRUE TRUE TRUE TRUE TRUE
> print("Database fill complete")
[1] "Database fill complete"
> print(date())
[1] "Mon Sep 25 20:53:05 2017"
> 
############### LOG OUTPUT ###############
Task: 2
Node: 2
Timestamp: 2017-09-25 20:54:50
Success: TRUE
Task duration:
     user    system   elapsed 
 6095.416  4974.852 27067.330 
Memory used:
          used (Mb) gc trigger  (Mb) max used (Mb)
Ncells 1647085 88.0    2637877 140.9  1851621 98.9
Vcells 1729129 13.2    3142662  24.0  2552178 19.5
Log messages:
stderr and stdout:
[1] ---- ENCSR000ENK (chr2) (1/8)
[1] "Data table read. Merging with Fimo..."
[1] "Merged. Now splitting table to regions and hits..."
[1] filling 268469 regions, 395691 hits for ENCSR000ENK
[1] 3401486 hits in 2066068 regions
[1] ---- ENCSR000ENT (chr2) (2/8)
[1] "Data table read. Merging with Fimo..."
[1] "Merged. Now splitting table to regions and hits..."
[1] filling 386981 regions, 585396 hits for ENCSR000ENT
[1] 13329010 hits in 6737756 regions
[1] ---- ENCSR000EON (chr2) (3/8)
[1] "Data table read. Merging with Fimo..."
[1] "Merged. Now splitting table to regions and hits..."
[1] filling 301711 regions, 452834 hits for ENCSR000EON
[1] 23931610 hits in 10076556 regions
[1] ---- ENCSR127PWK (chr2) (4/8)
[1] "Data table read. Merging with Fimo..."
[1] "Merged. Now splitting table to regions and hits..."
[1] filling 727110 regions, 1059045 hits for ENCSR127PWK
[1] 30907043 hits in 13285217 regions
[1] ---- ENCSR474GZQ (chr2) (5/8)
[1] "Data table read. Merging with Fimo..."
[1] "Merged. Now splitting table to regions and hits..."
[1] filling 571948 regions, 823697 hits for ENCSR474GZQ
[1] 35287447 hits in 15036825 regions
[1] ---- ENCSR621ENC (chr2) (6/8)
[1] "Data table read. Merging with Fimo..."
[1] "Merged. Now splitting table to regions and hits..."
[1] filling 685570 regions, 989999 hits for ENCSR621ENC
[1] 40033403 hits in 16566022 regions
[1] ---- ENCSR782XFY (chr2) (7/8)
[1] "Data table read. Merging with Fimo..."
[1] "Merged. Now splitting table to regions and hits..."
[1] filling 774599 regions, 1139410 hits for ENCSR782XFY
[1] 44512667 hits in 17601214 regions
[1] ---- ENCSR820ICX (chr2) (8/8)
[1] "Data table read. Merging with Fimo..."
[1] "Merged. Now splitting table to regions and hits..."
[1] filling 592094 regions, 865858 hits for ENCSR820ICX
[1] 46476637 hits in 18003142 regions
############### LOG OUTPUT ###############
Task: 1
Node: 1
Timestamp: 2017-09-25 20:55:14
Success: TRUE
Task duration:
     user    system   elapsed 
 5979.316  4962.352 27060.422 
Memory used:
          used (Mb) gc trigger  (Mb) max used (Mb)
Ncells 1647086 88.0    2637877 140.9  1851621 98.9
Vcells 1729130 13.2    3142662  24.0  2552178 19.5
Log messages:
stderr and stdout:
[1] ---- ENCSR000ENK (chr1) (1/8)
[1] "Data table read. Merging with Fimo..."
[1] "Merged. Now splitting table to regions and hits..."
[1] filling 345942 regions, 507604 hits for ENCSR000ENK
[1] 3909090 hits in 2412010 regions
[1] ---- ENCSR000ENT (chr1) (2/8)
[1] "Data table read. Merging with Fimo..."
[1] "Merged. Now splitting table to regions and hits..."
[1] filling 457445 regions, 685996 hits for ENCSR000ENT
[1] 14722528 hits in 7189530 regions
[1] ---- ENCSR000EON (chr1) (3/8)
[1] "Data table read. Merging with Fimo..."
[1] "Merged. Now splitting table to regions and hits..."
[1] filling 356568 regions, 530643 hits for ENCSR000EON
[1] 23478776 hits in 9913712 regions
[1] ---- ENCSR127PWK (chr1) (4/8)
[1] "Data table read. Merging with Fimo..."
[1] "Merged. Now splitting table to regions and hits..."
[1] filling 901097 regions, 1310741 hits for ENCSR127PWK
[1] 29847998 hits in 12705122 regions
[1] ---- ENCSR474GZQ (chr1) (5/8)
[1] "Data table read. Merging with Fimo..."
[1] "Merged. Now splitting table to regions and hits..."
[1] filling 729726 regions, 1047987 hits for ENCSR474GZQ
[1] 34463750 hits in 14660419 regions
[1] ---- ENCSR621ENC (chr1) (6/8)
[1] "Data table read. Merging with Fimo..."
[1] "Merged. Now splitting table to regions and hits..."
[1] filling 893000 regions, 1284611 hits for ENCSR621ENC
[1] 39043404 hits in 16208080 regions
[1] ---- ENCSR782XFY (chr1) (7/8)
[1] "Data table read. Merging with Fimo..."
[1] "Merged. Now splitting table to regions and hits..."
[1] filling 945289 regions, 1381866 hits for ENCSR782XFY
[1] 43373257 hits in 17324321 regions
[1] ---- ENCSR820ICX (chr1) (8/8)
[1] "Data table read. Merging with Fimo..."
[1] "Merged. Now splitting table to regions and hits..."
[1] filling 755564 regions, 1098112 hits for ENCSR820ICX
[1] 45610779 hits in 17820639 regions
> 
> print(bpok(result))
 [1] TRUE TRUE TRUE TRUE TRUE TRUE TRUE TRUE TRUE TRUE
> print("Database fill complete")
[1] "Database fill complete"
> print(date())
[1] "Mon Sep 25 20:55:14 2017"
> 

R version 3.4.1 (2017-06-30) -- "Single Candle"
Copyright (C) 2017 The R Foundation for Statistical Computing
Platform: x86_64-pc-linux-gnu (64-bit)

R is free software and comes with ABSOLUTELY NO WARRANTY.
You are welcome to redistribute it under certain conditions.
Type 'license()' or 'licence()' for distribution details.

  Natural language support but running in an English locale

R is a collaborative project with many contributors.
Type 'contributors()' for more information and
'citation()' on how to cite R or R packages in publications.

Type 'demo()' for some demos, 'help()' for on-line help, or
'help.start()' for an HTML browser interface to help.
Type 'q()' to quit R.

> # users can either step through this file, or call this file with 
> # r -f example.R
> 
> # THIS ASSUMES THAT THE TESTHINT DATABASE EXISTS. The recipe for building that
> # database is in ../dbInitialization/createHintTest.sql
> 
> # THIS EXAMPLE USES THE BRAIN HINT OUTPUT MADE BY RUNNING make hint at /scratch/data/footprints
> 
> print(date())
[1] "Mon Sep 25 21:04:56 2017"
> #-------------------------------------------------------------------------------
> # set path to hint output 
> data.path <- "/scratch/data/footprints/eye_hint_16"
> #-------------------------------------------------------------------------------
> # establish database connections:
> 
> if(!exists("db.hint"))
+     db.hint <- "eye_hint_16_localhost"
> 
> if(!exists("db.fimo"))
+     db.fimo <- "fimo_localhost"
> #-------------------------------------------------------------------------------
> # Source the libraries
> source("../src/dependencies.R")
Loading required package: stats4
Loading required package: BiocGenerics
Loading required package: parallel

Attaching package: ‘BiocGenerics’

The following objects are masked from ‘package:parallel’:

    clusterApply, clusterApplyLB, clusterCall, clusterEvalQ,
    clusterExport, clusterMap, parApply, parCapply, parLapply,
    parLapplyLB, parRapply, parSapply, parSapplyLB

The following objects are masked from ‘package:stats’:

    IQR, mad, sd, var, xtabs

The following objects are masked from ‘package:base’:

    anyDuplicated, append, as.data.frame, cbind, colMeans, colnames,
    colSums, do.call, duplicated, eval, evalq, Filter, Find, get, grep,
    grepl, intersect, is.unsorted, lapply, lengths, Map, mapply, match,
    mget, order, paste, pmax, pmax.int, pmin, pmin.int, Position, rank,
    rbind, Reduce, rowMeans, rownames, rowSums, sapply, setdiff, sort,
    table, tapply, union, unique, unsplit, which, which.max, which.min

Loading required package: S4Vectors

Attaching package: ‘S4Vectors’

The following object is masked from ‘package:base’:

    expand.grid

Loading required package: IRanges
Loading required package: GenomeInfoDb
Loading required package: DBI
> source("../src/dbFunctions.R")
> source("../src/tableParsing.R")
> source("../src/tests.R")
> source("../src/main_Bioc.R")
> 
> if(!interactive()){    
+     chromosomes <- paste0("chr",c(11:22,"X","Y","MT"))
+     
+     # Create parallel structure here    
+     library(BiocParallel)    
+     register(MulticoreParam(workers = 15, stop.on.error = FALSE, log = TRUE), default = TRUE)
+ 
+     # Run on all 24 possible chromosomes at once
+     result <- bptry(bplapply(chromosomes,fillAllSamplesByChromosome,
+              dbConnection = db.hint,             
+              fimo = db.fimo,             
+              minid = "eye_hint_16.minid",             
+              dbUser = "trena",             
+              dbTable = "eye_hint_16",             
+              sourcePath = data.path,             
+              isTest = FALSE,             
+              method = "HINT"))    
+ }

R version 3.4.1 (2017-06-30) -- "Single Candle"
Copyright (C) 2017 The R Foundation for Statistical Computing
Platform: x86_64-pc-linux-gnu (64-bit)

R is free software and comes with ABSOLUTELY NO WARRANTY.
You are welcome to redistribute it under certain conditions.
Type 'license()' or 'licence()' for distribution details.

  Natural language support but running in an English locale

R is a collaborative project with many contributors.
Type 'contributors()' for more information and
'citation()' on how to cite R or R packages in publications.

Type 'demo()' for some demos, 'help()' for on-line help, or
'help.start()' for an HTML browser interface to help.
Type 'q()' to quit R.

> # users can either step through this file, or call this file with 
> # r -f example.R
> 
> # THIS ASSUMES THAT THE TESTHINT DATABASE EXISTS. The recipe for building that
> # database is in ../dbInitialization/createHintTest.sql
> 
> # THIS EXAMPLE USES THE BRAIN HINT OUTPUT MADE BY RUNNING make hint at /scratch/data/footprints
> 
> print(date())
[1] "Mon Sep 25 21:05:01 2017"
> #-------------------------------------------------------------------------------
> # set path to hint output 
> data.path <- "/scratch/data/footprints/eye_wellington_16"
> #-------------------------------------------------------------------------------
> # establish database connections:
> 
> if(!exists("db.wellington"))
+     db.wellington <- "eye_wellington_16_localhost"
> 
> if(!exists("db.fimo"))
+     db.fimo <- "fimo_localhost"
> #-------------------------------------------------------------------------------
> # Source the libraries
> source("../src/dependencies.R")
Loading required package: stats4
Loading required package: BiocGenerics
Loading required package: parallel

Attaching package: ‘BiocGenerics’

The following objects are masked from ‘package:parallel’:

    clusterApply, clusterApplyLB, clusterCall, clusterEvalQ,
    clusterExport, clusterMap, parApply, parCapply, parLapply,
    parLapplyLB, parRapply, parSapply, parSapplyLB

The following objects are masked from ‘package:stats’:

    IQR, mad, sd, var, xtabs

The following objects are masked from ‘package:base’:

    anyDuplicated, append, as.data.frame, cbind, colMeans, colnames,
    colSums, do.call, duplicated, eval, evalq, Filter, Find, get, grep,
    grepl, intersect, is.unsorted, lapply, lengths, Map, mapply, match,
    mget, order, paste, pmax, pmax.int, pmin, pmin.int, Position, rank,
    rbind, Reduce, rowMeans, rownames, rowSums, sapply, setdiff, sort,
    table, tapply, union, unique, unsplit, which, which.max, which.min

Loading required package: S4Vectors

Attaching package: ‘S4Vectors’

The following object is masked from ‘package:base’:

    expand.grid

Loading required package: IRanges
Loading required package: GenomeInfoDb
Loading required package: DBI
> source("../src/dbFunctions.R")
> source("../src/tableParsing.R")
> source("../src/tests.R")
> source("../src/main_Bioc.R")
> 
> if(!interactive()){    
+     chromosomes <- paste0("chr",c(11:22,"X","Y","MT"))
+     
+     # Create parallel structure here
+     library(BiocParallel)
+     register(MulticoreParam(workers = 15, stop.on.error = FALSE, log = TRUE), default = TRUE)
+ 
+     # Run on all 24 possible chromosomes at once
+     result <- bptry(bplapply(chromosomes, fillAllSamplesByChromosome,
+              dbConnection = db.wellington,
+              fimo = db.fimo,
+              minid = "eye_wellington_16.minid",
+              dbUser = "trena",
+              dbTable = "eye_wellington_16",
+              sourcePath = data.path,
+              isTest = FALSE,
+              method = "WELLINGTON"))
+ }
############### LOG OUTPUT ###############
Task: 15
Node: 15
Timestamp: 2017-09-25 21:05:10
Success: TRUE
Task duration:
   user  system elapsed 
  3.684   0.080   3.762 
Memory used:
          used (Mb) gc trigger  (Mb) max used (Mb)
Ncells 1646155 88.0    2637877 140.9  1851719 98.9
Vcells 1726513 13.2    3142662  24.0  2552200 19.5
Log messages:
stderr and stdout:
[1] ---- ENCSR000ENK (chrMT) (1/8)
[1] "Data table read. Merging with Fimo..."
[1] No rows matching chrMT
############### LOG OUTPUT ###############
Task: 15
Node: 15
Timestamp: 2017-09-25 21:05:28
Success: TRUE
Task duration:
   user  system elapsed 
 25.640   0.604  26.249 
Memory used:
          used (Mb) gc trigger  (Mb) max used (Mb)
Ncells 1646158 88.0    2637877 140.9  1851722 98.9
Vcells 1726513 13.2    3142662  24.0  2552200 19.5
Log messages:
stderr and stdout:
[1] ---- ENCSR000ENK (chrMT) (1/8)
[1] "Data table read. Merging with Fimo..."
[1] No rows matching chrMT
############### LOG OUTPUT ###############
Task: 14
Node: 14
Timestamp: 2017-09-25 21:43:53
Success: TRUE
Task duration:
    user   system  elapsed 
 791.060   74.420 2322.802 
Memory used:
          used (Mb) gc trigger  (Mb) max used (Mb)
Ncells 1647162 88.0    2637877 140.9  1851719 98.9
Vcells 1729230 13.2    3142662  24.0  2552200 19.5
Log messages:
stderr and stdout:
[1] ---- ENCSR000ENK (chrY) (1/8)
[1] "Data table read. Merging with Fimo..."
[1] "Merged. Now splitting table to regions and hits..."
[1] filling 12497 regions, 18477 hits for ENCSR000ENK
[1] 46495114 hits in 18015639 regions
[1] ---- ENCSR000ENT (chrY) (2/8)
[1] "Data table read. Merging with Fimo..."
[1] "Merged. Now splitting table to regions and hits..."
[1] filling 16338 regions, 23938 hits for ENCSR000ENT
[1] 46519052 hits in 18025948 regions
[1] ---- ENCSR000EON (chrY) (3/8)
[1] "Data table read. Merging with Fimo..."
[1] "Merged. Now splitting table to regions and hits..."
[1] filling 6576 regions, 9506 hits for ENCSR000EON
[1] 46528558 hits in 18027697 regions
[1] ---- ENCSR127PWK (chrY) (4/8)
[1] "Data table read. Merging with Fimo..."
[1] "Merged. Now splitting table to regions and hits..."
[1] filling 34683 regions, 49610 hits for ENCSR127PWK
[1] 46578168 hits in 18053562 regions
[1] ---- ENCSR474GZQ (chrY) (5/8)
[1] "Data table read. Merging with Fimo..."
[1] "Merged. Now splitting table to regions and hits..."
[1] filling 14832 regions, 21237 hits for ENCSR474GZQ
[1] 46599405 hits in 18062663 regions
[1] ---- ENCSR621ENC (chrY) (6/8)
[1] "Data table read. Merging with Fimo..."
[1] "Merged. Now splitting table to regions and hits..."
[1] filling 11027 regions, 16112 hits for ENCSR621ENC
[1] 46615517 hits in 18065300 regions
[1] ---- ENCSR782XFY (chrY) (7/8)
[1] "Data table read. Merging with Fimo..."
[1] "Merged. Now splitting table to regions and hits..."
[1] filling 32707 regions, 46657 hits for ENCSR782XFY
[1] 46662174 hits in 18079818 regions
[1] ---- ENCSR820ICX (chrY) (8/8)
[1] "Data table read. Merging with Fimo..."
[1] "Merged. Now splitting table to regions and hits..."
[1] filling 28911 regions, 42075 hits for ENCSR820ICX
[1] 46704249 hits in 18087935 regions
############### LOG OUTPUT ###############
Task: 14
Node: 14
Timestamp: 2017-09-25 22:10:53
Success: TRUE
Task duration:
    user   system  elapsed 
1455.600  797.368 3943.526 
Memory used:
          used (Mb) gc trigger  (Mb) max used (Mb)
Ncells 1647165 88.0    2637877 140.9  1851722 98.9
Vcells 1729230 13.2    3142662  24.0  2552200 19.5
Log messages:
stderr and stdout:
[1] ---- ENCSR000ENK (chrY) (1/8)
[1] "Data table read. Merging with Fimo..."
[1] "Merged. Now splitting table to regions and hits..."
[1] filling 25243 regions, 39887 hits for ENCSR000ENK
[1] 186605343 hits in 42847566 regions
[1] ---- ENCSR000ENT (chrY) (2/8)
[1] "Data table read. Merging with Fimo..."
[1] "Merged. Now splitting table to regions and hits..."
[1] filling 26801 regions, 42743 hits for ENCSR000ENT
[1] 186648086 hits in 42864052 regions
[1] ---- ENCSR000EON (chrY) (3/8)
[1] "Data table read. Merging with Fimo..."
[1] "Merged. Now splitting table to regions and hits..."
[1] filling 10223 regions, 16766 hits for ENCSR000EON
[1] 186664852 hits in 42867128 regions
[1] ---- ENCSR127PWK (chrY) (4/8)
[1] "Data table read. Merging with Fimo..."
[1] "Merged. Now splitting table to regions and hits..."
[1] filling 58685 regions, 93666 hits for ENCSR127PWK
[1] 187150676 hits in 43121152 regions
[1] ---- ENCSR474GZQ (chrY) (5/8)
[1] "Data table read. Merging with Fimo..."
[1] "Merged. Now splitting table to regions and hits..."
[1] filling 28326 regions, 45641 hits for ENCSR474GZQ
[1] 187196317 hits in 43140278 regions
[1] ---- ENCSR621ENC (chrY) (6/8)
[1] "Data table read. Merging with Fimo..."
[1] "Merged. Now splitting table to regions and hits..."
[1] filling 14571 regions, 23768 hits for ENCSR621ENC
[1] 188371153 hits in 43645748 regions
[1] ---- ENCSR782XFY (chrY) (7/8)
[1] "Data table read. Merging with Fimo..."
[1] "Merged. Now splitting table to regions and hits..."
[1] filling 47706 regions, 78029 hits for ENCSR782XFY
[1] 189688706 hits in 43988421 regions
[1] ---- ENCSR820ICX (chrY) (8/8)
[1] "Data table read. Merging with Fimo..."
[1] "Merged. Now splitting table to regions and hits..."
[1] filling 40278 regions, 64514 hits for ENCSR820ICX
[1] 190375119 hits in 44115984 regions
############### LOG OUTPUT ###############
Task: 12
Node: 12
Timestamp: 2017-09-25 22:23:39
Success: TRUE
Task duration:
    user   system  elapsed 
1549.552  166.188 4697.482 
Memory used:
          used (Mb) gc trigger  (Mb) max used (Mb)
Ncells 1647163 88.0    2637877 140.9  1851719 98.9
Vcells 1729231 13.2    3142662  24.0  2552200 19.5
Log messages:
stderr and stdout:
[1] ---- ENCSR000ENK (chr22) (1/8)
[1] "Data table read. Merging with Fimo..."
[1] "Merged. Now splitting table to regions and hits..."
[1] filling 92921 regions, 136445 hits for ENCSR000ENK
[1] 46917769 hits in 18233001 regions
[1] ---- ENCSR000ENT (chr22) (2/8)
[1] "Data table read. Merging with Fimo..."
[1] "Merged. Now splitting table to regions and hits..."
[1] filling 110007 regions, 162800 hits for ENCSR000ENT
[1] 47178412 hits in 18341380 regions
[1] ---- ENCSR000EON (chr22) (3/8)
[1] "Data table read. Merging with Fimo..."
[1] "Merged. Now splitting table to regions and hits..."
[1] filling 77666 regions, 115314 hits for ENCSR000EON
[1] 47293726 hits in 18377475 regions
[1] ---- ENCSR127PWK (chr22) (4/8)
[1] "Data table read. Merging with Fimo..."
[1] "Merged. Now splitting table to regions and hits..."
[1] filling 265197 regions, 385450 hits for ENCSR127PWK
[1] 47758643 hits in 18614347 regions
[1] ---- ENCSR474GZQ (chr22) (5/8)
[1] "Data table read. Merging with Fimo..."
[1] "Merged. Now splitting table to regions and hits..."
[1] filling 181987 regions, 262583 hits for ENCSR474GZQ
[1] 48228709 hits in 18841542 regions
[1] ---- ENCSR621ENC (chr22) (6/8)
[1] "Data table read. Merging with Fimo..."
[1] "Merged. Now splitting table to regions and hits..."
[1] filling 263710 regions, 382917 hits for ENCSR621ENC
[1] 48756097 hits in 19050932 regions
[1] ---- ENCSR782XFY (chr22) (7/8)
[1] "Data table read. Merging with Fimo..."
[1] "Merged. Now splitting table to regions and hits..."
[1] filling 251421 regions, 368257 hits for ENCSR782XFY
[1] 49462431 hits in 19303510 regions
[1] ---- ENCSR820ICX (chr22) (8/8)
[1] "Data table read. Merging with Fimo..."
[1] "Merged. Now splitting table to regions and hits..."
[1] filling 204739 regions, 297781 hits for ENCSR820ICX
[1] 50400639 hits in 19711837 regions
############### LOG OUTPUT ###############
Task: 11
Node: 11
Timestamp: 2017-09-25 22:29:07
Success: TRUE
Task duration:
    user   system  elapsed 
1256.804 1113.256 5029.682 
Memory used:
          used (Mb) gc trigger  (Mb) max used (Mb)
Ncells 1647164 88.0    2637877 140.9  1851719 98.9
Vcells 1729232 13.2    3142662  24.0  2552200 19.5
Log messages:
stderr and stdout:
[1] ---- ENCSR000ENK (chr21) (1/8)
[1] "Data table read. Merging with Fimo..."
[1] "Merged. Now splitting table to regions and hits..."
[1] filling 52145 regions, 77075 hits for ENCSR000ENK
[1] 46781324 hits in 18140080 regions
[1] ---- ENCSR000ENT (chr21) (2/8)
[1] "Data table read. Merging with Fimo..."
[1] "Merged. Now splitting table to regions and hits..."
[1] filling 65655 regions, 97843 hits for ENCSR000ENT
[1] 47015612 hits in 18274694 regions
[1] ---- ENCSR000EON (chr21) (3/8)
[1] "Data table read. Merging with Fimo..."
[1] "Merged. Now splitting table to regions and hits..."
[1] filling 53339 regions, 79467 hits for ENCSR000EON
[1] 47373193 hits in 18407332 regions
[1] ---- ENCSR127PWK (chr21) (4/8)
[1] "Data table read. Merging with Fimo..."
[1] "Merged. Now splitting table to regions and hits..."
[1] filling 143069 regions, 207483 hits for ENCSR127PWK
[1] 47966126 hits in 18729439 regions
[1] ---- ENCSR474GZQ (chr21) (5/8)
[1] "Data table read. Merging with Fimo..."
[1] "Merged. Now splitting table to regions and hits..."
[1] filling 100282 regions, 144471 hits for ENCSR474GZQ
[1] 48373180 hits in 18905799 regions
[1] ---- ENCSR621ENC (chr21) (6/8)
[1] "Data table read. Merging with Fimo..."
[1] "Merged. Now splitting table to regions and hits..."
[1] filling 129184 regions, 187224 hits for ENCSR621ENC
[1] 49094174 hits in 19221893 regions
[1] ---- ENCSR782XFY (chr21) (7/8)
[1] "Data table read. Merging with Fimo..."
[1] "Merged. Now splitting table to regions and hits..."
[1] filling 145940 regions, 213702 hits for ENCSR782XFY
[1] 49946800 hits in 19544073 regions
[1] ---- ENCSR820ICX (chr21) (8/8)
[1] "Data table read. Merging with Fimo..."
[1] "Merged. Now splitting table to regions and hits..."
[1] filling 119728 regions, 173583 hits for ENCSR820ICX
[1] 51256027 hits in 20162797 regions
############### LOG OUTPUT ###############
Task: 11
Node: 11
Timestamp: 2017-09-25 22:35:55
Success: TRUE
Task duration:
    user   system  elapsed 
2339.196  220.512 5420.134 
Memory used:
          used (Mb) gc trigger  (Mb) max used (Mb)
Ncells 1647166 88.0    2637877 140.9  1851722 98.9
Vcells 1729231 13.2    3142662  24.0  2552200 19.5
Log messages:
stderr and stdout:
[1] ---- ENCSR000ENK (chr21) (1/8)
[1] "Data table read. Merging with Fimo..."
[1] "Merged. Now splitting table to regions and hits..."
[1] filling 210130 regions, 392158 hits for ENCSR000ENK
[1] 187057010 hits in 43077258 regions
[1] ---- ENCSR000ENT (chr21) (2/8)
[1] "Data table read. Merging with Fimo..."
[1] "Merged. Now splitting table to regions and hits..."
[1] filling 276937 regions, 518665 hits for ENCSR000ENT
[1] 188347385 hits in 43643224 regions
[1] ---- ENCSR000EON (chr21) (3/8)
[1] "Data table read. Merging with Fimo..."
[1] "Merged. Now splitting table to regions and hits..."
[1] filling 235396 regions, 450966 hits for ENCSR000EON
[1] 189610677 hits in 43970238 regions
[1] ---- ENCSR127PWK (chr21) (4/8)
[1] "Data table read. Merging with Fimo..."
[1] "Merged. Now splitting table to regions and hits..."
[1] filling 353576 regions, 612022 hits for ENCSR127PWK
[1] 190987141 hits in 44330075 regions
[1] ---- ENCSR474GZQ (chr21) (5/8)
[1] "Data table read. Merging with Fimo..."
[1] "Merged. Now splitting table to regions and hits..."
[1] filling 276718 regions, 463057 hits for ENCSR474GZQ
[1] 192228091 hits in 44854083 regions
[1] ---- ENCSR621ENC (chr21) (6/8)
[1] "Data table read. Merging with Fimo..."
[1] "Merged. Now splitting table to regions and hits..."
[1] filling 331195 regions, 577625 hits for ENCSR621ENC
[1] 193867107 hits in 45304313 regions
[1] ---- ENCSR782XFY (chr21) (7/8)
[1] "Data table read. Merging with Fimo..."
[1] "Merged. Now splitting table to regions and hits..."
[1] filling 412095 regions, 733728 hits for ENCSR782XFY
[1] 201824161 hits in 48718060 regions
[1] ---- ENCSR820ICX (chr21) (8/8)
[1] "Data table read. Merging with Fimo..."
[1] "Merged. Now splitting table to regions and hits..."
[1] filling 308186 regions, 533445 hits for ENCSR820ICX
[1] 207107618 hits in 50623982 regions
############### LOG OUTPUT ###############
Task: 12
Node: 12
Timestamp: 2017-09-25 22:44:09
Success: TRUE
Task duration:
    user   system  elapsed 
2423.084  252.056 5927.462 
Memory used:
          used (Mb) gc trigger  (Mb) max used (Mb)
Ncells 1647167 88.0    2637877 140.9  1851722 98.9
Vcells 1729232 13.2    3142662  24.0  2552200 19.5
Log messages:
stderr and stdout:
[1] ---- ENCSR000ENK (chr22) (1/8)
[1] "Data table read. Merging with Fimo..."
[1] "Merged. Now splitting table to regions and hits..."
[1] filling 346146 regions, 632403 hits for ENCSR000ENK
[1] 187828720 hits in 43486424 regions
[1] ---- ENCSR000ENT (chr22) (2/8)
[1] "Data table read. Merging with Fimo..."
[1] "Merged. Now splitting table to regions and hits..."
[1] filling 422198 regions, 788558 hits for ENCSR000ENT
[1] 189159711 hits in 43868787 regions
[1] ---- ENCSR000EON (chr22) (3/8)
[1] "Data table read. Merging with Fimo..."
[1] "Merged. Now splitting table to regions and hits..."
[1] filling 327237 regions, 621899 hits for ENCSR000EON
[1] 190310605 hits in 44106091 regions
[1] ---- ENCSR127PWK (chr22) (4/8)
[1] "Data table read. Merging with Fimo..."
[1] "Merged. Now splitting table to regions and hits..."
[1] filling 606002 regions, 1061391 hits for ENCSR127PWK
[1] 193289482 hits in 45211165 regions
[1] ---- ENCSR474GZQ (chr22) (5/8)
[1] "Data table read. Merging with Fimo..."
[1] "Merged. Now splitting table to regions and hits..."
[1] filling 505102 regions, 853797 hits for ENCSR474GZQ
[1] 194720904 hits in 45496325 regions
[1] ---- ENCSR621ENC (chr22) (6/8)
[1] "Data table read. Merging with Fimo..."
[1] "Merged. Now splitting table to regions and hits..."
[1] filling 620728 regions, 1088105 hits for ENCSR621ENC
[1] 202912266 hits in 48894942 regions
[1] ---- ENCSR782XFY (chr22) (7/8)
[1] "Data table read. Merging with Fimo..."
[1] "Merged. Now splitting table to regions and hits..."
[1] filling 649257 regions, 1158906 hits for ENCSR782XFY
[1] 208266524 hits in 50732083 regions
[1] ---- ENCSR820ICX (chr22) (8/8)
[1] "Data table read. Merging with Fimo..."
[1] "Merged. Now splitting table to regions and hits..."
[1] filling 547995 regions, 964413 hits for ENCSR820ICX
[1] 215308501 hits in 52685432 regions
############### LOG OUTPUT ###############
Task: 10
Node: 10
Timestamp: 2017-09-25 23:11:01
Success: TRUE
Task duration:
    user   system  elapsed 
2017.404 1327.460 7538.953 
Memory used:
          used (Mb) gc trigger  (Mb) max used (Mb)
Ncells 1647165 88.0    2637877 140.9  1851719 98.9
Vcells 1729233 13.2    3142662  24.0  2552200 19.5
Log messages:
stderr and stdout:
[1] ---- ENCSR000ENK (chr20) (1/8)
[1] "Data table read. Merging with Fimo..."
[1] "Merged. Now splitting table to regions and hits..."
[1] filling 103112 regions, 150853 hits for ENCSR000ENK
[1] 48906950 hits in 19154044 regions
[1] ---- ENCSR000ENT (chr20) (2/8)
[1] "Data table read. Merging with Fimo..."
[1] "Merged. Now splitting table to regions and hits..."
[1] filling 133860 regions, 199892 hits for ENCSR000ENT
[1] 50600531 hits in 19793856 regions
[1] ---- ENCSR000EON (chr20) (3/8)
[1] "Data table read. Merging with Fimo..."
[1] "Merged. Now splitting table to regions and hits..."
[1] filling 88380 regions, 130814 hits for ENCSR000EON
[1] 52563366 hits in 20776987 regions
[1] ---- ENCSR127PWK (chr20) (4/8)
[1] "Data table read. Merging with Fimo..."
[1] "Merged. Now splitting table to regions and hits..."
[1] filling 288695 regions, 420601 hits for ENCSR127PWK
[1] 53793864 hits in 21295712 regions
[1] ---- ENCSR474GZQ (chr20) (5/8)
[1] "Data table read. Merging with Fimo..."
[1] "Merged. Now splitting table to regions and hits..."
[1] filling 220977 regions, 319353 hits for ENCSR474GZQ
[1] 56125898 hits in 22425697 regions
[1] ---- ENCSR621ENC (chr20) (6/8)
[1] "Data table read. Merging with Fimo..."
[1] "Merged. Now splitting table to regions and hits..."
[1] filling 285456 regions, 413192 hits for ENCSR621ENC
[1] 58288376 hits in 23440999 regions
[1] ---- ENCSR782XFY (chr20) (7/8)
[1] "Data table read. Merging with Fimo..."
[1] "Merged. Now splitting table to regions and hits..."
[1] filling 298066 regions, 436192 hits for ENCSR782XFY
[1] 62166352 hits in 24983416 regions
[1] ---- ENCSR820ICX (chr20) (8/8)
[1] "Data table read. Merging with Fimo..."
[1] "Merged. Now splitting table to regions and hits..."
[1] filling 239120 regions, 348436 hits for ENCSR820ICX
[1] 64642275 hits in 25731024 regions
############### LOG OUTPUT ###############
Task: 9
Node: 9
Timestamp: 2017-09-25 23:13:08
Success: TRUE
Task duration:
    user   system  elapsed 
2806.184  424.892 7664.348 
Memory used:
          used (Mb) gc trigger  (Mb) max used (Mb)
Ncells 1647166 88.0    2637877 140.9  1851719 98.9
Vcells 1729234 13.2    3142662  24.0  2552200 19.5
Log messages:
stderr and stdout:
[1] ---- ENCSR000ENK (chr19) (1/8)
[1] "Data table read. Merging with Fimo..."
[1] "Merged. Now splitting table to regions and hits..."
[1] filling 186102 regions, 270667 hits for ENCSR000ENK
[1] 49733098 hits in 19489612 regions
[1] ---- ENCSR000ENT (chr19) (2/8)
[1] "Data table read. Merging with Fimo..."
[1] "Merged. Now splitting table to regions and hits..."
[1] filling 201785 regions, 297079 hits for ENCSR000ENT
[1] 51665294 hits in 20343212 regions
[1] ---- ENCSR000EON (chr19) (3/8)
[1] "Data table read. Merging with Fimo..."
[1] "Merged. Now splitting table to regions and hits..."
[1] filling 153922 regions, 225806 hits for ENCSR000EON
[1] 53031245 hits in 20939018 regions
[1] ---- ENCSR127PWK (chr19) (4/8)
[1] "Data table read. Merging with Fimo..."
[1] "Merged. Now splitting table to regions and hits..."
[1] filling 405058 regions, 587502 hits for ENCSR127PWK
[1] 55087625 hits in 21995138 regions
[1] ---- ENCSR474GZQ (chr19) (5/8)
[1] "Data table read. Merging with Fimo..."
[1] "Merged. Now splitting table to regions and hits..."
[1] filling 302332 regions, 433881 hits for ENCSR474GZQ
[1] 57875184 hits in 23291495 regions
[1] ---- ENCSR621ENC (chr19) (6/8)
[1] "Data table read. Merging with Fimo..."
[1] "Merged. Now splitting table to regions and hits..."
[1] filling 390807 regions, 563378 hits for ENCSR621ENC
[1] 59208920 hits in 23751325 regions
[1] ---- ENCSR782XFY (chr19) (7/8)
[1] "Data table read. Merging with Fimo..."
[1] "Merged. Now splitting table to regions and hits..."
[1] filling 408478 regions, 594680 hits for ENCSR782XFY
[1] 63191883 hits in 25242304 regions
[1] ---- ENCSR820ICX (chr19) (8/8)
[1] "Data table read. Merging with Fimo..."
[1] "Merged. Now splitting table to regions and hits..."
[1] filling 342568 regions, 496813 hits for ENCSR820ICX
[1] 65751649 hits in 26045673 regions
############### LOG OUTPUT ###############
Task: 10
Node: 10
Timestamp: 2017-09-25 23:18:25
Success: TRUE
Task duration:
    user   system  elapsed 
3216.104  352.944 7973.998 
Memory used:
          used (Mb) gc trigger  (Mb) max used (Mb)
Ncells 1647168 88.0    2637877 140.9  1851722 98.9
Vcells 1729233 13.2    3142662  24.0  2552200 19.5
Log messages:
stderr and stdout:
[1] ---- ENCSR000ENK (chr20) (1/8)
[1] "Data table read. Merging with Fimo..."
[1] "Merged. Now splitting table to regions and hits..."
[1] filling 416897 regions, 777893 hits for ENCSR000ENK
[1] 191765034 hits in 44746972 regions
[1] ---- ENCSR000ENT (chr20) (2/8)
[1] "Data table read. Merging with Fimo..."
[1] "Merged. Now splitting table to regions and hits..."
[1] filling 536790 regions, 1006354 hits for ENCSR000ENT
[1] 198502301 hits in 47265077 regions
[1] ---- ENCSR000EON (chr20) (3/8)
[1] "Data table read. Merging with Fimo..."
[1] "Merged. Now splitting table to regions and hits..."
[1] filling 387411 regions, 747339 hits for ENCSR000EON
[1] 206574173 hits in 50576216 regions
[1] ---- ENCSR127PWK (chr20) (4/8)
[1] "Data table read. Merging with Fimo..."
[1] "Merged. Now splitting table to regions and hits..."
[1] filling 737812 regions, 1293550 hits for ENCSR127PWK
[1] 214344088 hits in 52611389 regions
[1] ---- ENCSR474GZQ (chr20) (5/8)
[1] "Data table read. Merging with Fimo..."
[1] "Merged. Now splitting table to regions and hits..."
[1] filling 631133 regions, 1060157 hits for ENCSR474GZQ
[1] 221026524 hits in 54520828 regions
[1] ---- ENCSR621ENC (chr20) (6/8)
[1] "Data table read. Merging with Fimo..."
[1] "Merged. Now splitting table to regions and hits..."
[1] filling 760242 regions, 1336929 hits for ENCSR621ENC
[1] 233137106 hits in 57583946 regions
[1] ---- ENCSR782XFY (chr20) (7/8)
[1] "Data table read. Merging with Fimo..."
[1] "Merged. Now splitting table to regions and hits..."
[1] filling 850584 regions, 1522403 hits for ENCSR782XFY
[1] 242947733 hits in 60222291 regions
[1] ---- ENCSR820ICX (chr20) (8/8)
[1] "Data table read. Merging with Fimo..."
[1] "Merged. Now splitting table to regions and hits..."
[1] filling 671631 regions, 1177427 hits for ENCSR820ICX
[1] 250609541 hits in 61946484 regions
############### LOG OUTPUT ###############
Task: 6
Node: 6
Timestamp: 2017-09-25 23:21:04
Success: TRUE
Task duration:
    user   system  elapsed 
3056.884  354.264 8136.283 
Memory used:
          used (Mb) gc trigger  (Mb) max used (Mb)
Ncells 1647167 88.0    2637877 140.9  1851719 98.9
Vcells 1729235 13.2    3142662  24.0  2552200 19.5
Log messages:
stderr and stdout:
[1] ---- ENCSR000ENK (chr16) (1/8)
[1] "Data table read. Merging with Fimo..."
[1] "Merged. Now splitting table to regions and hits..."
[1] filling 145213 regions, 213428 hits for ENCSR000ENK
[1] 50813959 hits in 19939069 regions
[1] ---- ENCSR000ENT (chr16) (2/8)
[1] "Data table read. Merging with Fimo..."
[1] "Merged. Now splitting table to regions and hits..."
[1] filling 168507 regions, 251466 hits for ENCSR000ENT
[1] 52432552 hits in 20736289 regions
[1] ---- ENCSR000EON (chr16) (3/8)
[1] "Data table read. Merging with Fimo..."
[1] "Merged. Now splitting table to regions and hits..."
[1] filling 130736 regions, 196350 hits for ENCSR000EON
[1] 53373263 hits in 21067602 regions
[1] ---- ENCSR127PWK (chr16) (4/8)
[1] "Data table read. Merging with Fimo..."
[1] "Merged. Now splitting table to regions and hits..."
[1] filling 399219 regions, 582435 hits for ENCSR127PWK
[1] 56864822 hits in 22842562 regions
[1] ---- ENCSR474GZQ (chr16) (5/8)
[1] "Data table read. Merging with Fimo..."
[1] "Merged. Now splitting table to regions and hits..."
[1] filling 294944 regions, 426462 hits for ENCSR474GZQ
[1] 59992095 hits in 24087278 regions
[1] ---- ENCSR621ENC (chr16) (6/8)
[1] "Data table read. Merging with Fimo..."
[1] "Merged. Now splitting table to regions and hits..."
[1] filling 387890 regions, 560983 hits for ENCSR621ENC
[1] 63752866 hits in 25440531 regions
[1] ---- ENCSR782XFY (chr16) (7/8)
[1] "Data table read. Merging with Fimo..."
[1] "Merged. Now splitting table to regions and hits..."
[1] filling 403731 regions, 590153 hits for ENCSR782XFY
[1] 66678353 hits in 26365667 regions
[1] ---- ENCSR820ICX (chr16) (8/8)
[1] "Data table read. Merging with Fimo..."
[1] "Merged. Now splitting table to regions and hits..."
[1] filling 319676 regions, 465671 hits for ENCSR820ICX
[1] 68786647 hits in 27097923 regions
############### LOG OUTPUT ###############
Task: 5
Node: 5
Timestamp: 2017-09-25 23:22:27
Success: TRUE
Task duration:
    user   system  elapsed 
2990.408  571.480 8219.735 
Memory used:
          used (Mb) gc trigger  (Mb) max used (Mb)
Ncells 1647168 88.0    2637877 140.9  1851719 98.9
Vcells 1729236 13.2    3142662  24.0  2552200 19.5
Log messages:
stderr and stdout:
[1] ---- ENCSR000ENK (chr15) (1/8)
[1] "Data table read. Merging with Fimo..."
[1] "Merged. Now splitting table to regions and hits..."
[1] filling 119641 regions, 176174 hits for ENCSR000ENK
[1] 51082444 hits in 20121958 regions
[1] ---- ENCSR000ENT (chr15) (2/8)
[1] "Data table read. Merging with Fimo..."
[1] "Merged. Now splitting table to regions and hits..."
[1] filling 161836 regions, 242073 hits for ENCSR000ENT
[1] 52805439 hits in 20879079 regions
[1] ---- ENCSR000EON (chr15) (3/8)
[1] "Data table read. Merging with Fimo..."
[1] "Merged. Now splitting table to regions and hits..."
[1] filling 121666 regions, 181126 hits for ENCSR000EON
[1] 54249444 hits in 21543392 regions
[1] ---- ENCSR127PWK (chr15) (4/8)
[1] "Data table read. Merging with Fimo..."
[1] "Merged. Now splitting table to regions and hits..."
[1] filling 310966 regions, 453012 hits for ENCSR127PWK
[1] 57441303 hits in 23131408 regions
[1] ---- ENCSR474GZQ (chr15) (5/8)
[1] "Data table read. Merging with Fimo..."
[1] "Merged. Now splitting table to regions and hits..."
[1] filling 248374 regions, 356713 hits for ENCSR474GZQ
[1] 59565633 hits in 23906953 regions
[1] ---- ENCSR621ENC (chr15) (6/8)
[1] "Data table read. Merging with Fimo..."
[1] "Merged. Now splitting table to regions and hits..."
[1] filling 299781 regions, 430851 hits for ENCSR621ENC
[1] 62597203 hits in 25134388 regions
[1] ---- ENCSR782XFY (chr15) (7/8)
[1] "Data table read. Merging with Fimo..."
[1] "Merged. Now splitting table to regions and hits..."
[1] filling 326964 regions, 478850 hits for ENCSR782XFY
[1] 67157203 hits in 26474524 regions
[1] ---- ENCSR820ICX (chr15) (8/8)
[1] "Data table read. Merging with Fimo..."
[1] "Merged. Now splitting table to regions and hits..."
[1] filling 248633 regions, 362382 hits for ENCSR820ICX
[1] 69554701 hits in 27308524 regions
############### LOG OUTPUT ###############
Task: 8
Node: 8
Timestamp: 2017-09-25 23:32:50
Success: TRUE
Task duration:
    user   system  elapsed 
2319.796 2008.880 8847.258 
Memory used:
          used (Mb) gc trigger  (Mb) max used (Mb)
Ncells 1647169 88.0    2637877 140.9  1851719 98.9
Vcells 1729237 13.2    3142662  24.0  2552200 19.5
Log messages:
stderr and stdout:
[1] ---- ENCSR000ENK (chr18) (1/8)
[1] "Data table read. Merging with Fimo..."
[1] "Merged. Now splitting table to regions and hits..."
[1] filling 63248 regions, 92311 hits for ENCSR000ENK
[1] 50906270 hits in 20002317 regions
[1] ---- ENCSR000ENT (chr18) (2/8)
[1] "Data table read. Merging with Fimo..."
[1] "Merged. Now splitting table to regions and hits..."
[1] filling 96898 regions, 145668 hits for ENCSR000ENT
[1] 53176913 hits in 21005654 regions
[1] ---- ENCSR000EON (chr18) (3/8)
[1] "Data table read. Merging with Fimo..."
[1] "Merged. Now splitting table to regions and hits..."
[1] filling 83099 regions, 123469 hits for ENCSR000EON
[1] 56988291 hits in 22890493 regions
[1] ---- ENCSR127PWK (chr18) (4/8)
[1] "Data table read. Merging with Fimo..."
[1] "Merged. Now splitting table to regions and hits..."
[1] filling 224463 regions, 325041 hits for ENCSR127PWK
[1] 60681815 hits in 24427849 regions
[1] ---- ENCSR474GZQ (chr18) (5/8)
[1] "Data table read. Merging with Fimo..."
[1] "Merged. Now splitting table to regions and hits..."
[1] filling 176226 regions, 252890 hits for ENCSR474GZQ
[1] 64005756 hits in 25560772 regions
[1] ---- ENCSR621ENC (chr18) (6/8)
[1] "Data table read. Merging with Fimo..."
[1] "Merged. Now splitting table to regions and hits..."
[1] filling 208310 regions, 298471 hits for ENCSR621ENC
[1] 67455674 hits in 26586433 regions
[1] ---- ENCSR782XFY (chr18) (7/8)
[1] "Data table read. Merging with Fimo..."
[1] "Merged. Now splitting table to regions and hits..."
[1] filling 232717 regions, 339741 hits for ENCSR782XFY
[1] 70926776 hits in 27934001 regions
[1] ---- ENCSR820ICX (chr18) (8/8)
[1] "Data table read. Merging with Fimo..."
[1] "Merged. Now splitting table to regions and hits..."
[1] filling 184748 regions, 267991 hits for ENCSR820ICX
[1] 72853722 hits in 28674866 regions
############### LOG OUTPUT ###############
Task: 4
Node: 4
Timestamp: 2017-09-25 23:44:03
Success: TRUE
Task duration:
    user   system  elapsed 
3018.408 1709.644 9511.229 
Memory used:
          used (Mb) gc trigger  (Mb) max used (Mb)
Ncells 1647170 88.0    2637877 140.9  1851719 98.9
Vcells 1729238 13.2    3142662  24.0  2552200 19.5
Log messages:
stderr and stdout:
[1] ---- ENCSR000ENK (chr14) (1/8)
[1] "Data table read. Merging with Fimo..."
[1] "Merged. Now splitting table to regions and hits..."
[1] filling 106338 regions, 156058 hits for ENCSR000ENK
[1] 50400639 hits in 19711837 regions
[1] ---- ENCSR000ENT (chr14) (2/8)
[1] "Data table read. Merging with Fimo..."
[1] "Merged. Now splitting table to regions and hits..."
[1] filling 151631 regions, 227899 hits for ENCSR000ENT
[1] 52181086 hits in 20638529 regions
[1] ---- ENCSR000EON (chr14) (3/8)
[1] "Data table read. Merging with Fimo..."
[1] "Merged. Now splitting table to regions and hits..."
[1] filling 119152 regions, 177627 hits for ENCSR000EON
[1] 55265252 hits in 22059015 regions
[1] ---- ENCSR127PWK (chr14) (4/8)
[1] "Data table read. Merging with Fimo..."
[1] "Merged. Now splitting table to regions and hits..."
[1] filling 295087 regions, 430271 hits for ENCSR127PWK
[1] 61112086 hits in 24658568 regions
[1] ---- ENCSR474GZQ (chr14) (5/8)
[1] "Data table read. Merging with Fimo..."
[1] "Merged. Now splitting table to regions and hits..."
[1] filling 239344 regions, 345465 hits for ENCSR474GZQ
[1] 64987740 hits in 25885597 regions
[1] ---- ENCSR621ENC (chr14) (6/8)
[1] "Data table read. Merging with Fimo..."
[1] "Merged. Now splitting table to regions and hits..."
[1] filling 280222 regions, 405672 hits for ENCSR621ENC
[1] 69192319 hits in 27237734 regions
[1] ---- ENCSR782XFY (chr14) (7/8)
[1] "Data table read. Merging with Fimo..."
[1] "Merged. Now splitting table to regions and hits..."
[1] filling 310199 regions, 454720 hits for ENCSR782XFY
[1] 72853722 hits in 28609842 regions
[1] ---- ENCSR820ICX (chr14) (8/8)
[1] "Data table read. Merging with Fimo..."
[1] "Merged. Now splitting table to regions and hits..."
[1] filling 239038 regions, 349187 hits for ENCSR820ICX
[1] 75737715 hits in 29814069 regions
############### LOG OUTPUT ###############
Task: 8
Node: 8
Timestamp: 2017-09-25 23:44:26
Success: TRUE
Task duration:
    user   system  elapsed 
4197.856  609.052 9540.024 
Memory used:
          used (Mb) gc trigger  (Mb) max used (Mb)
Ncells 1647169 88.0    2637877 140.9  1851722 98.9
Vcells 1729234 13.2    3142662  24.0  2552200 19.5
Log messages:
stderr and stdout:
[1] ---- ENCSR000ENK (chr18) (1/8)
[1] "Data table read. Merging with Fimo..."
[1] "Merged. Now splitting table to regions and hits..."
[1] filling 277846 regions, 528437 hits for ENCSR000ENK
[1] 195249341 hits in 45774171 regions
[1] ---- ENCSR000ENT (chr18) (2/8)
[1] "Data table read. Merging with Fimo..."
[1] "Merged. Now splitting table to regions and hits..."
[1] filling 440531 regions, 836443 hits for ENCSR000ENT
[1] 209102967 hits in 51005000 regions
[1] ---- ENCSR000EON (chr18) (3/8)
[1] "Data table read. Merging with Fimo..."
[1] "Merged. Now splitting table to regions and hits..."
[1] filling 366045 regions, 707139 hits for ENCSR000EON
[1] 219966367 hits in 54272955 regions
[1] ---- ENCSR127PWK (chr18) (4/8)
[1] "Data table read. Merging with Fimo..."
[1] "Merged. Now splitting table to regions and hits..."
[1] filling 622030 regions, 1079307 hits for ENCSR127PWK
[1] 230932247 hits in 57168975 regions
[1] ---- ENCSR474GZQ (chr18) (5/8)
[1] "Data table read. Merging with Fimo..."
[1] "Merged. Now splitting table to regions and hits..."
[1] filling 518564 regions, 859886 hits for ENCSR474GZQ
[1] 243807619 hits in 60440506 regions
[1] ---- ENCSR621ENC (chr18) (6/8)
[1] "Data table read. Merging with Fimo..."
[1] "Merged. Now splitting table to regions and hits..."
[1] filling 608586 regions, 1053932 hits for ENCSR621ENC
[1] 254286768 hits in 62703279 regions
[1] ---- ENCSR782XFY (chr18) (7/8)
[1] "Data table read. Merging with Fimo..."
[1] "Merged. Now splitting table to regions and hits..."
[1] filling 742504 regions, 1321286 hits for ENCSR782XFY
[1] 266750572 hits in 65656867 regions
[1] ---- ENCSR820ICX (chr18) (8/8)
[1] "Data table read. Merging with Fimo..."
[1] "Merged. Now splitting table to regions and hits..."
[1] filling 546931 regions, 943707 hits for ENCSR820ICX
[1] 277540302 hits in 67178200 regions
############### LOG OUTPUT ###############
Task: 5
Node: 5
Timestamp: 2017-09-25 23:52:54
Success: TRUE
Task duration:
     user    system   elapsed 
 4467.944   550.268 10050.333 
Memory used:
          used (Mb) gc trigger  (Mb) max used (Mb)
Ncells 1647170 88.0    2637877 140.9  1851722 98.9
Vcells 1729235 13.2    3142662  24.0  2552200 19.5
Log messages:
stderr and stdout:
[1] ---- ENCSR000ENK (chr15) (1/8)
[1] "Data table read. Merging with Fimo..."
[1] "Merged. Now splitting table to regions and hits..."
[1] filling 509417 regions, 957427 hits for ENCSR000ENK
[1] 197495947 hits in 46973420 regions
[1] ---- ENCSR000ENT (chr15) (2/8)
[1] "Data table read. Merging with Fimo..."
[1] "Merged. Now splitting table to regions and hits..."
[1] filling 706900 regions, 1335535 hits for ENCSR000ENT
[1] 210438502 hits in 51401413 regions
[1] ---- ENCSR000EON (chr15) (3/8)
[1] "Data table read. Merging with Fimo..."
[1] "Merged. Now splitting table to regions and hits..."
[1] filling 536688 regions, 1030691 hits for ENCSR000EON
[1] 222057215 hits in 54722817 regions
[1] ---- ENCSR127PWK (chr15) (4/8)
[1] "Data table read. Merging with Fimo..."
[1] "Merged. Now splitting table to regions and hits..."
[1] filling 847420 regions, 1496235 hits for ENCSR127PWK
[1] 234633341 hits in 58072172 regions
[1] ---- ENCSR474GZQ (chr15) (5/8)
[1] "Data table read. Merging with Fimo..."
[1] "Merged. Now splitting table to regions and hits..."
[1] filling 743603 regions, 1257259 hits for ENCSR474GZQ
[1] 249432114 hits in 61855047 regions
[1] ---- ENCSR621ENC (chr15) (6/8)
[1] "Data table read. Merging with Fimo..."
[1] "Merged. Now splitting table to regions and hits..."
[1] filling 875095 regions, 1552174 hits for ENCSR621ENC
[1] 263277666 hits in 64845406 regions
[1] ---- ENCSR782XFY (chr15) (7/8)
[1] "Data table read. Merging with Fimo..."
[1] "Merged. Now splitting table to regions and hits..."
[1] filling 992847 regions, 1795730 hits for ENCSR782XFY
[1] 273719438 hits in 66723657 regions
[1] ---- ENCSR820ICX (chr15) (8/8)
[1] "Data table read. Merging with Fimo..."
[1] "Merged. Now splitting table to regions and hits..."
[1] filling 774969 regions, 1374505 hits for ENCSR820ICX
[1] 289747695 hits in 69220221 regions
############### LOG OUTPUT ###############
Task: 6
Node: 6
Timestamp: 2017-09-25 23:56:16
Success: TRUE
Task duration:
     user    system   elapsed 
 4666.996   531.564 10245.329 
Memory used:
          used (Mb) gc trigger  (Mb) max used (Mb)
Ncells 1647171 88.0    2637877 140.9  1851722 98.9
Vcells 1729236 13.2    3142662  24.0  2552200 19.5
Log messages:
stderr and stdout:
[1] ---- ENCSR000ENK (chr16) (1/8)
[1] "Data table read. Merging with Fimo..."
[1] "Merged. Now splitting table to regions and hits..."
[1] filling 583589 regions, 1090952 hits for ENCSR000ENK
[1] 200449908 hits in 48300111 regions
[1] ---- ENCSR000ENT (chr16) (2/8)
[1] "Data table read. Merging with Fimo..."
[1] "Merged. Now splitting table to regions and hits..."
[1] filling 716034 regions, 1356181 hits for ENCSR000ENT
[1] 213050538 hits in 52152142 regions
[1] ---- ENCSR000EON (chr16) (3/8)
[1] "Data table read. Merging with Fimo..."
[1] "Merged. Now splitting table to regions and hits..."
[1] filling 554943 regions, 1065762 hits for ENCSR000EON
[1] 226855133 hits in 56097536 regions
[1] ---- ENCSR127PWK (chr16) (4/8)
[1] "Data table read. Merging with Fimo..."
[1] "Merged. Now splitting table to regions and hits..."
[1] filling 997586 regions, 1761131 hits for ENCSR127PWK
[1] 241425330 hits in 60062364 regions
[1] ---- ENCSR474GZQ (chr16) (5/8)
[1] "Data table read. Merging with Fimo..."
[1] "Merged. Now splitting table to regions and hits..."
[1] filling 846551 regions, 1440426 hits for ENCSR474GZQ
[1] 253232836 hits in 62528157 regions
[1] ---- ENCSR621ENC (chr16) (6/8)
[1] "Data table read. Merging with Fimo..."
[1] "Merged. Now splitting table to regions and hits..."
[1] filling 1012275 regions, 1789456 hits for ENCSR621ENC
[1] 268540028 hits in 65924269 regions
[1] ---- ENCSR782XFY (chr16) (7/8)
[1] "Data table read. Merging with Fimo..."
[1] "Merged. Now splitting table to regions and hits..."
[1] filling 1131550 regions, 2033017 hits for ENCSR782XFY
[1] 279573319 hits in 67381707 regions
[1] ---- ENCSR820ICX (chr16) (8/8)
[1] "Data table read. Merging with Fimo..."
[1] "Merged. Now splitting table to regions and hits..."
[1] filling 914411 regions, 1613356 hits for ENCSR820ICX
[1] 292780873 hits in 69513847 regions
############### LOG OUTPUT ###############
Task: 7
Node: 7
Timestamp: 2017-09-26 00:00:56
Success: TRUE
Task duration:
     user    system   elapsed 
 3142.280  2585.412 10528.464 
Memory used:
          used (Mb) gc trigger  (Mb) max used (Mb)
Ncells 1647171 88.0    2637877 140.9  1851719 98.9
Vcells 1729239 13.2    3142662  24.0  2552200 19.5
Log messages:
stderr and stdout:
[1] ---- ENCSR000ENK (chr17) (1/8)
[1] "Data table read. Merging with Fimo..."
[1] "Merged. Now splitting table to regions and hits..."
[1] filling 197110 regions, 287893 hits for ENCSR000ENK
[1] 51953187 hits in 20540322 regions
[1] ---- ENCSR000ENT (chr17) (2/8)
[1] "Data table read. Merging with Fimo..."
[1] "Merged. Now splitting table to regions and hits..."
[1] filling 236073 regions, 350603 hits for ENCSR000ENT
[1] 55615855 hits in 22197708 regions
[1] ---- ENCSR000EON (chr17) (3/8)
[1] "Data table read. Merging with Fimo..."
[1] "Merged. Now splitting table to regions and hits..."
[1] filling 180220 regions, 266615 hits for ENCSR000EON
[1] 61526816 hits in 24797676 regions
[1] ---- ENCSR127PWK (chr17) (4/8)
[1] "Data table read. Merging with Fimo..."
[1] "Merged. Now splitting table to regions and hits..."
[1] filling 493728 regions, 721280 hits for ENCSR127PWK
[1] 68320976 hits in 27007193 regions
[1] ---- ENCSR474GZQ (chr17) (5/8)
[1] "Data table read. Merging with Fimo..."
[1] "Merged. Now splitting table to regions and hits..."
[1] filling 390034 regions, 560178 hits for ENCSR474GZQ
[1] 72131011 hits in 28506867 regions
[1] ---- ENCSR621ENC (chr17) (6/8)
[1] "Data table read. Merging with Fimo..."
[1] "Merged. Now splitting table to regions and hits..."
[1] filling 491688 regions, 707965 hits for ENCSR621ENC
[1] 74597188 hits in 29417714 regions
[1] ---- ENCSR782XFY (chr17) (7/8)
[1] "Data table read. Merging with Fimo..."
[1] "Merged. Now splitting table to regions and hits..."
[1] filling 509777 regions, 746057 hits for ENCSR782XFY
[1] 77464834 hits in 30335040 regions
[1] ---- ENCSR820ICX (chr17) (8/8)
[1] "Data table read. Merging with Fimo..."
[1] "Merged. Now splitting table to regions and hits..."
[1] filling 400090 regions, 583069 hits for ENCSR820ICX
[1] 80096126 hits in 31009033 regions
############### LOG OUTPUT ###############
Task: 4
Node: 4
Timestamp: 2017-09-26 00:02:41
Success: TRUE
Task duration:
     user    system   elapsed 
 4712.228   640.632 10634.100 
Memory used:
          used (Mb) gc trigger  (Mb) max used (Mb)
Ncells 1647172 88.0    2637877 140.9  1851722 98.9
Vcells 1729237 13.2    3142662  24.0  2552200 19.5
Log messages:
stderr and stdout:
[1] ---- ENCSR000ENK (chr14) (1/8)
[1] "Data table read. Merging with Fimo..."
[1] "Merged. Now splitting table to regions and hits..."
[1] filling 451445 regions, 856655 hits for ENCSR000ENK
[1] 200449908 hits in 48300111 regions
[1] ---- ENCSR000ENT (chr14) (2/8)
[1] "Data table read. Merging with Fimo..."
[1] "Merged. Now splitting table to regions and hits..."
[1] filling 658801 regions, 1255855 hits for ENCSR000ENT
[1] 211694357 hits in 51784090 regions
[1] ---- ENCSR000EON (chr14) (3/8)
[1] "Data table read. Merging with Fimo..."
[1] "Merged. Now splitting table to regions and hits..."
[1] filling 521570 regions, 1003864 hits for ENCSR000EON
[1] 225020790 hits in 55492237 regions
[1] ---- ENCSR127PWK (chr14) (4/8)
[1] "Data table read. Merging with Fimo..."
[1] "Merged. Now splitting table to regions and hits..."
[1] filling 796819 regions, 1407069 hits for ENCSR127PWK
[1] 239664199 hits in 59472788 regions
[1] ---- ENCSR474GZQ (chr14) (5/8)
[1] "Data table read. Merging with Fimo..."
[1] "Merged. Now splitting table to regions and hits..."
[1] filling 698998 regions, 1182869 hits for ENCSR474GZQ
[1] 251792410 hits in 62210235 regions
[1] ---- ENCSR621ENC (chr14) (6/8)
[1] "Data table read. Merging with Fimo..."
[1] "Merged. Now splitting table to regions and hits..."
[1] filling 786252 regions, 1389549 hits for ENCSR621ENC
[1] 269929577 hits in 66120340 regions
[1] ---- ENCSR782XFY (chr14) (7/8)
[1] "Data table read. Merging with Fimo..."
[1] "Merged. Now splitting table to regions and hits..."
[1] filling 929040 regions, 1667969 hits for ENCSR782XFY
[1] 285929547 hits in 68771963 regions
[1] ---- ENCSR820ICX (chr14) (8/8)
[1] "Data table read. Merging with Fimo..."
[1] "Merged. Now splitting table to regions and hits..."
[1] filling 720062 regions, 1269407 hits for ENCSR820ICX
[1] 299859654 hits in 70414425 regions
############### LOG OUTPUT ###############
Task: 3
Node: 3
Timestamp: 2017-09-26 00:04:37
Success: TRUE
Task duration:
     user    system   elapsed 
 3243.676  2463.320 10748.303 
Memory used:
          used (Mb) gc trigger  (Mb) max used (Mb)
Ncells 1647172 88.0    2637877 140.9  1851719 98.9
Vcells 1729240 13.2    3142662  24.0  2552200 19.5
Log messages:
stderr and stdout:
[1] ---- ENCSR000ENK (chr13) (1/8)
[1] "Data table read. Merging with Fimo..."
[1] "Merged. Now splitting table to regions and hits..."
[1] filling 75966 regions, 112188 hits for ENCSR000ENK
[1] 51368215 hits in 20238763 regions
[1] ---- ENCSR000ENT (chr13) (2/8)
[1] "Data table read. Merging with Fimo..."
[1] "Merged. Now splitting table to regions and hits..."
[1] filling 126198 regions, 190690 hits for ENCSR000ENT
[1] 55806545 hits in 22286211 regions
[1] ---- ENCSR000EON (chr13) (3/8)
[1] "Data table read. Merging with Fimo..."
[1] "Merged. Now splitting table to regions and hits..."
[1] filling 98345 regions, 148115 hits for ENCSR000EON
[1] 61260201 hits in 24714384 regions
[1] ---- ENCSR127PWK (chr13) (4/8)
[1] "Data table read. Merging with Fimo..."
[1] "Merged. Now splitting table to regions and hits..."
[1] filling 229969 regions, 336551 hits for ENCSR127PWK
[1] 66088200 hits in 26233090 regions
[1] ---- ENCSR474GZQ (chr13) (5/8)
[1] "Data table read. Merging with Fimo..."
[1] "Merged. Now splitting table to regions and hits..."
[1] filling 178565 regions, 256970 hits for ENCSR474GZQ
[1] 70587035 hits in 27846258 regions
[1] ---- ENCSR621ENC (chr13) (6/8)
[1] "Data table read. Merging with Fimo..."
[1] "Merged. Now splitting table to regions and hits..."
[1] filling 203477 regions, 293858 hits for ENCSR621ENC
[1] 75388528 hits in 29744501 regions
[1] ---- ENCSR782XFY (chr13) (7/8)
[1] "Data table read. Merging with Fimo..."
[1] "Merged. Now splitting table to regions and hits..."
[1] filling 248849 regions, 365421 hits for ENCSR782XFY
[1] 77830255 hits in 30429506 regions
[1] ---- ENCSR820ICX (chr13) (8/8)
[1] "Data table read. Merging with Fimo..."
[1] "Merged. Now splitting table to regions and hits..."
[1] filling 191767 regions, 279992 hits for ENCSR820ICX
[1] 80376118 hits in 31076759 regions
############### LOG OUTPUT ###############
Task: 9
Node: 9
Timestamp: 2017-09-26 00:07:09
Success: TRUE
Task duration:
     user    system   elapsed 
 3568.776  2174.928 10904.270 
Memory used:
          used (Mb) gc trigger  (Mb) max used (Mb)
Ncells 1647173 88.0    2637877 140.9  1851722 98.9
Vcells 1729238 13.2    3142662  24.0  2552200 19.5
Log messages:
stderr and stdout:
[1] ---- ENCSR000ENK (chr19) (1/8)
[1] "Data table read. Merging with Fimo..."
[1] "Merged. Now splitting table to regions and hits..."
[1] filling 689832 regions, 1289179 hits for ENCSR000ENK
[1] 196538520 hits in 46464003 regions
[1] ---- ENCSR000ENT (chr19) (2/8)
[1] "Data table read. Merging with Fimo..."
[1] "Merged. Now splitting table to regions and hits..."
[1] filling 786285 regions, 1478630 hits for ENCSR000ENT
[1] 218144316 hits in 53738398 regions
[1] ---- ENCSR000EON (chr19) (3/8)
[1] "Data table read. Merging with Fimo..."
[1] "Merged. Now splitting table to regions and hits..."
[1] filling 621231 regions, 1190848 hits for ENCSR000EON
[1] 228045981 hits in 56263150 regions
[1] ---- ENCSR127PWK (chr19) (4/8)
[1] "Data table read. Merging with Fimo..."
[1] "Merged. Now splitting table to regions and hits..."
[1] filling 1005654 regions, 1800119 hits for ENCSR127PWK
[1] 245607738 hits in 60913122 regions
[1] ---- ENCSR474GZQ (chr19) (5/8)
[1] "Data table read. Merging with Fimo..."
[1] "Merged. Now splitting table to regions and hits..."
[1] filling 853271 regions, 1491403 hits for ENCSR474GZQ
[1] 260805576 hits in 64387854 regions
[1] ---- ENCSR621ENC (chr19) (6/8)
[1] "Data table read. Merging with Fimo..."
[1] "Merged. Now splitting table to regions and hits..."
[1] filling 1000098 regions, 1801120 hits for ENCSR621ENC
[1] 276596595 hits in 67095257 regions
[1] ---- ENCSR782XFY (chr19) (7/8)
[1] "Data table read. Merging with Fimo..."
[1] "Merged. Now splitting table to regions and hits..."
[1] filling 1028973 regions, 1867027 hits for ENCSR782XFY
[1] 294647900 hits in 69643558 regions
[1] ---- ENCSR820ICX (chr19) (8/8)
[1] "Data table read. Merging with Fimo..."
[1] "Merged. Now splitting table to regions and hits..."
[1] filling 952017 regions, 1723843 hits for ENCSR820ICX
[1] 305639656 hits in 71225347 regions
############### LOG OUTPUT ###############
Task: 3
Node: 3
Timestamp: 2017-09-26 00:08:06
Success: TRUE
Task duration:
     user    system   elapsed 
 4961.712   606.264 10950.462 
Memory used:
          used (Mb) gc trigger  (Mb) max used (Mb)
Ncells 1647174 88.0    2637877 140.9  1851722 98.9
Vcells 1729239 13.2    3142662  24.0  2552200 19.5
Log messages:
stderr and stdout:
[1] ---- ENCSR000ENK (chr13) (1/8)
[1] "Data table read. Merging with Fimo..."
[1] "Merged. Now splitting table to regions and hits..."
[1] filling 331749 regions, 640525 hits for ENCSR000ENK
[1] 201090433 hits in 48631860 regions
[1] ---- ENCSR000ENT (chr13) (2/8)
[1] "Data table read. Merging with Fimo..."
[1] "Merged. Now splitting table to regions and hits..."
[1] filling 581078 regions, 1114912 hits for ENCSR000ENT
[1] 219259228 hits in 54107319 regions
[1] ---- ENCSR000EON (chr13) (3/8)
[1] "Data table read. Merging with Fimo..."
[1] "Merged. Now splitting table to regions and hits..."
[1] filling 445721 regions, 867930 hits for ENCSR000EON
[1] 231800177 hits in 57372535 regions
[1] ---- ENCSR127PWK (chr13) (4/8)
[1] "Data table read. Merging with Fimo..."
[1] "Merged. Now splitting table to regions and hits..."
[1] filling 651111 regions, 1136502 hits for ENCSR127PWK
[1] 246744240 hits in 61328561 regions
[1] ---- ENCSR474GZQ (chr13) (5/8)
[1] "Data table read. Merging with Fimo..."
[1] "Merged. Now splitting table to regions and hits..."
[1] filling 552056 regions, 919916 hits for ENCSR474GZQ
[1] 261725492 hits in 64619053 regions
[1] ---- ENCSR621ENC (chr13) (6/8)
[1] "Data table read. Merging with Fimo..."
[1] "Merged. Now splitting table to regions and hits..."
[1] filling 616231 regions, 1076037 hits for ENCSR621ENC
[1] 274795475 hits in 66893540 regions
[1] ---- ENCSR782XFY (chr13) (7/8)
[1] "Data table read. Merging with Fimo..."
[1] "Merged. Now splitting table to regions and hits..."
[1] filling 795727 regions, 1419822 hits for ENCSR782XFY
[1] 291167517 hits in 69395238 regions
[1] ---- ENCSR820ICX (chr13) (8/8)
[1] "Data table read. Merging with Fimo..."
[1] "Merged. Now splitting table to regions and hits..."
[1] filling 568982 regions, 986337 hits for ENCSR820ICX
[1] 306625993 hits in 71310445 regions
############### LOG OUTPUT ###############
Task: 1
Node: 1
Timestamp: 2017-09-26 00:11:36
Success: TRUE
Task duration:
     user    system   elapsed 
 3775.564  2043.552 11160.587 
Memory used:
          used (Mb) gc trigger  (Mb) max used (Mb)
Ncells 1647173 88.0    2637877 140.9  1851719 98.9
Vcells 1729241 13.2    3142662  24.0  2552200 19.5
Log messages:
stderr and stdout:
[1] ---- ENCSR000ENK (chr11) (1/8)
[1] "Data table read. Merging with Fimo..."
[1] "Merged. Now splitting table to regions and hits..."
[1] filling 186534 regions, 274454 hits for ENCSR000ENK
[1] 54068318 hits in 21482246 regions
[1] ---- ENCSR000ENT (chr11) (2/8)
[1] "Data table read. Merging with Fimo..."
[1] "Merged. Now splitting table to regions and hits..."
[1] filling 237733 regions, 357166 hits for ENCSR000ENT
[1] 59208920 hits in 23751325 regions
[1] ---- ENCSR000EON (chr11) (3/8)
[1] "Data table read. Merging with Fimo..."
[1] "Merged. Now splitting table to regions and hits..."
[1] filling 192496 regions, 288083 hits for ENCSR000EON
[1] 64293839 hits in 25659509 regions
[1] ---- ENCSR127PWK (chr11) (4/8)
[1] "Data table read. Merging with Fimo..."
[1] "Merged. Now splitting table to regions and hits..."
[1] filling 529495 regions, 775364 hits for ENCSR127PWK
[1] 70330065 hits in 27724000 regions
[1] ---- ENCSR474GZQ (chr11) (5/8)
[1] "Data table read. Merging with Fimo..."
[1] "Merged. Now splitting table to regions and hits..."
[1] filling 427539 regions, 615225 hits for ENCSR474GZQ
[1] 73889223 hits in 29180352 regions
[1] ---- ENCSR621ENC (chr11) (6/8)
[1] "Data table read. Merging with Fimo..."
[1] "Merged. Now splitting table to regions and hits..."
[1] filling 518018 regions, 748128 hits for ENCSR621ENC
[1] 76718777 hits in 30180500 regions
[1] ---- ENCSR782XFY (chr11) (7/8)
[1] "Data table read. Merging with Fimo..."
[1] "Merged. Now splitting table to regions and hits..."
[1] filling 547146 regions, 803677 hits for ENCSR782XFY
[1] 79213767 hits in 30813326 regions
[1] ---- ENCSR820ICX (chr11) (8/8)
[1] "Data table read. Merging with Fimo..."
[1] "Merged. Now splitting table to regions and hits..."
[1] filling 424971 regions, 622297 hits for ENCSR820ICX
[1] 81681450 hits in 31361577 regions
############### LOG OUTPUT ###############
Task: 1
Node: 1
Timestamp: 2017-09-26 00:15:25
Success: TRUE
Task duration:
     user    system   elapsed 
 5074.852   573.312 11388.055 
Memory used:
          used (Mb) gc trigger  (Mb) max used (Mb)
Ncells 1647175 88.0    2637877 140.9  1851722 98.9
Vcells 1729240 13.2    3142662  24.0  2552200 19.5
Log messages:
stderr and stdout:
[1] ---- ENCSR000ENK (chr11) (1/8)
[1] "Data table read. Merging with Fimo..."
[1] "Merged. Now splitting table to regions and hits..."
[1] filling 765013 regions, 1455274 hits for ENCSR000ENK
[1] 204367540 hits in 49659955 regions
[1] ---- ENCSR000ENT (chr11) (2/8)
[1] "Data table read. Merging with Fimo..."
[1] "Merged. Now splitting table to regions and hits..."
[1] filling 1026648 regions, 1959711 hits for ENCSR000ENT
[1] 225020790 hits in 55492237 regions
[1] ---- ENCSR000EON (chr11) (3/8)
[1] "Data table read. Merging with Fimo..."
[1] "Merged. Now splitting table to regions and hits..."
[1] filling 843207 regions, 1625576 hits for ENCSR000EON
[1] 239664199 hits in 59472788 regions
[1] ---- ENCSR127PWK (chr11) (4/8)
[1] "Data table read. Merging with Fimo..."
[1] "Merged. Now splitting table to regions and hits..."
[1] filling 1385823 regions, 2453385 hits for ENCSR127PWK
[1] 256740153 hits in 63529658 regions
[1] ---- ENCSR474GZQ (chr11) (5/8)
[1] "Data table read. Merging with Fimo..."
[1] "Merged. Now splitting table to regions and hits..."
[1] filling 1172519 regions, 1994131 hits for ENCSR474GZQ
[1] 271923708 hits in 66555161 regions
[1] ---- ENCSR621ENC (chr11) (6/8)
[1] "Data table read. Merging with Fimo..."
[1] "Merged. Now splitting table to regions and hits..."
[1] filling 1383877 regions, 2443643 hits for ENCSR621ENC
[1] 288373190 hits in 69126418 regions
[1] ---- ENCSR782XFY (chr11) (7/8)
[1] "Data table read. Merging with Fimo..."
[1] "Merged. Now splitting table to regions and hits..."
[1] filling 1577045 regions, 2844090 hits for ENCSR782XFY
[1] 302703744 hits in 70696020 regions
[1] ---- ENCSR820ICX (chr11) (8/8)
[1] "Data table read. Merging with Fimo..."
[1] "Merged. Now splitting table to regions and hits..."
[1] filling 1263973 regions, 2229173 hits for ENCSR820ICX
[1] 311273491 hits in 71684824 regions
############### LOG OUTPUT ###############
Task: 2
Node: 2
Timestamp: 2017-09-26 00:16:59
Success: TRUE
Task duration:
     user    system   elapsed 
 3803.532  2387.264 11482.500 
Memory used:
          used (Mb) gc trigger  (Mb) max used (Mb)
Ncells 1647174 88.0    2637877 140.9  1851719 98.9
Vcells 1729242 13.2    3142662  24.0  2552200 19.5
Log messages:
stderr and stdout:
[1] ---- ENCSR000ENK (chr12) (1/8)
[1] "Data table read. Merging with Fimo..."
[1] "Merged. Now splitting table to regions and hits..."
[1] filling 170776 regions, 250679 hits for ENCSR000ENK
[1] 54500123 hits in 21714168 regions
[1] ---- ENCSR000ENT (chr12) (2/8)
[1] "Data table read. Merging with Fimo..."
[1] "Merged. Now splitting table to regions and hits..."
[1] filling 243161 regions, 364679 hits for ENCSR000ENT
[1] 60356774 hits in 24241757 regions
[1] ---- ENCSR000EON (chr12) (3/8)
[1] "Data table read. Merging with Fimo..."
[1] "Merged. Now splitting table to regions and hits..."
[1] filling 178815 regions, 267096 hits for ENCSR000EON
[1] 65254836 hits in 25974624 regions
[1] ---- ENCSR127PWK (chr12) (4/8)
[1] "Data table read. Merging with Fimo..."
[1] "Merged. Now splitting table to regions and hits..."
[1] filling 442570 regions, 644057 hits for ENCSR127PWK
[1] 71570833 hits in 28279309 regions
[1] ---- ENCSR474GZQ (chr12) (5/8)
[1] "Data table read. Merging with Fimo..."
[1] "Merged. Now splitting table to regions and hits..."
[1] filling 347479 regions, 497482 hits for ENCSR474GZQ
[1] 75094670 hits in 29637287 regions
[1] ---- ENCSR621ENC (chr12) (6/8)
[1] "Data table read. Merging with Fimo..."
[1] "Merged. Now splitting table to regions and hits..."
[1] filling 403749 regions, 579835 hits for ENCSR621ENC
[1] 78410090 hits in 30627694 regions
[1] ---- ENCSR782XFY (chr12) (7/8)
[1] "Data table read. Merging with Fimo..."
[1] "Merged. Now splitting table to regions and hits..."
[1] filling 467704 regions, 683035 hits for ENCSR782XFY
[1] 81059153 hits in 31234928 regions
[1] ---- ENCSR820ICX (chr12) (8/8)
[1] "Data table read. Merging with Fimo..."
[1] "Merged. Now splitting table to regions and hits..."
[1] filling 359674 regions, 521921 hits for ENCSR820ICX
[1] 82582127 hits in 31546933 regions
############### LOG OUTPUT ###############
Task: 13
Node: 13
Timestamp: 2017-09-26 00:23:05
Success: TRUE
Task duration:
     user    system   elapsed 
 4479.712  1849.580 11847.646 
Memory used:
          used (Mb) gc trigger  (Mb) max used (Mb)
Ncells 1647175 88.0    2637877 140.9  1851719 98.9
Vcells 1729243 13.2    3142662  24.0  2552200 19.5
Log messages:
stderr and stdout:
[1] ---- ENCSR000ENK (chrX) (1/8)
[1] "Data table read. Merging with Fimo..."
[1] "Merged. Now splitting table to regions and hits..."
[1] filling 106997 regions, 156489 hits for ENCSR000ENK
[1] 56282387 hits in 22532694 regions
[1] ---- ENCSR000ENT (chrX) (2/8)
[1] "Data table read. Merging with Fimo..."
[1] "Merged. Now splitting table to regions and hits..."
[1] filling 135919 regions, 203344 hits for ENCSR000ENT
[1] 61730160 hits in 24884569 regions
[1] ---- ENCSR000EON (chrX) (3/8)
[1] "Data table read. Merging with Fimo..."
[1] "Merged. Now splitting table to regions and hits..."
[1] filling 96471 regions, 144022 hits for ENCSR000EON
[1] 68320976 hits in 27007193 regions
[1] ---- ENCSR127PWK (chrX) (4/8)
[1] "Data table read. Merging with Fimo..."
[1] "Merged. Now splitting table to regions and hits..."
[1] filling 287834 regions, 420276 hits for ENCSR127PWK
[1] 73273998 hits in 28906415 regions
[1] ---- ENCSR474GZQ (chrX) (5/8)
[1] "Data table read. Merging with Fimo..."
[1] "Merged. Now splitting table to regions and hits..."
[1] filling 162955 regions, 232934 hits for ENCSR474GZQ
[1] 75970649 hits in 29910354 regions
[1] ---- ENCSR621ENC (chrX) (6/8)
[1] "Data table read. Merging with Fimo..."
[1] "Merged. Now splitting table to regions and hits..."
[1] filling 208690 regions, 299290 hits for ENCSR621ENC
[1] 79513057 hits in 30905281 regions
[1] ---- ENCSR782XFY (chrX) (7/8)
[1] "Data table read. Merging with Fimo..."
[1] "Merged. Now splitting table to regions and hits..."
[1] filling 260809 regions, 378756 hits for ENCSR782XFY
[1] 82060206 hits in 31442103 regions
[1] ---- ENCSR820ICX (chrX) (8/8)
[1] "Data table read. Merging with Fimo..."
[1] "Merged. Now splitting table to regions and hits..."
[1] filling 229348 regions, 331744 hits for ENCSR820ICX
[1] 82913871 hits in 31608744 regions
> 
> print(bpok(result))
 [1] TRUE TRUE TRUE TRUE TRUE TRUE TRUE TRUE TRUE TRUE TRUE TRUE TRUE TRUE TRUE
> print("Database fill complete")
[1] "Database fill complete"
> print(date())
[1] "Tue Sep 26 00:23:05 2017"
> 
############### LOG OUTPUT ###############
Task: 7
Node: 7
Timestamp: 2017-09-26 00:25:46
Success: TRUE
Task duration:
     user    system   elapsed 
 4239.792  2578.768 12009.719 
Memory used:
          used (Mb) gc trigger  (Mb) max used (Mb)
Ncells 1647176 88.0    2637877 140.9  1851722 98.9
Vcells 1729241 13.2    3142662  24.0  2552200 19.5
Log messages:
stderr and stdout:
[1] ---- ENCSR000ENK (chr17) (1/8)
[1] "Data table read. Merging with Fimo..."
[1] "Merged. Now splitting table to regions and hits..."
[1] filling 779578 regions, 1459294 hits for ENCSR000ENK
[1] 205826834 hits in 50439533 regions
[1] ---- ENCSR000ENT (chr17) (2/8)
[1] "Data table read. Merging with Fimo..."
[1] "Merged. Now splitting table to regions and hits..."
[1] filling 962923 regions, 1806959 hits for ENCSR000ENT
[1] 229852940 hits in 56751205 regions
[1] ---- ENCSR000EON (chr17) (3/8)
[1] "Data table read. Merging with Fimo..."
[1] "Merged. Now splitting table to regions and hits..."
[1] filling 751919 regions, 1430615 hits for ENCSR000EON
[1] 248174855 hits in 61582244 regions
[1] ---- ENCSR127PWK (chr17) (4/8)
[1] "Data table read. Merging with Fimo..."
[1] "Merged. Now splitting table to regions and hits..."
[1] filling 1216852 regions, 2151620 hits for ENCSR127PWK
[1] 265429286 hits in 65497748 regions
[1] ---- ENCSR474GZQ (chr17) (5/8)
[1] "Data table read. Merging with Fimo..."
[1] "Merged. Now splitting table to regions and hits..."
[1] filling 1048020 regions, 1780782 hits for ENCSR474GZQ
[1] 284261578 hits in 68602759 regions
[1] ---- ENCSR621ENC (chr17) (6/8)
[1] "Data table read. Merging with Fimo..."
[1] "Merged. Now splitting table to regions and hits..."
[1] filling 1252546 regions, 2223509 hits for ENCSR621ENC
[1] 296871409 hits in 69945566 regions
[1] ---- ENCSR782XFY (chr17) (7/8)
[1] "Data table read. Merging with Fimo..."
[1] "Merged. Now splitting table to regions and hits..."
[1] filling 1342916 regions, 2418325 hits for ENCSR782XFY
[1] 309044318 hits in 71514304 regions
[1] ---- ENCSR820ICX (chr17) (8/8)
[1] "Data table read. Merging with Fimo..."
[1] "Merged. Now splitting table to regions and hits..."
[1] filling 1151416 regions, 2047343 hits for ENCSR820ICX
[1] 316283162 hits in 72308666 regions
############### LOG OUTPUT ###############
Task: 2
Node: 2
Timestamp: 2017-09-26 00:45:39
Success: TRUE
Task duration:
     user    system   elapsed 
 5091.748  2372.052 13202.291 
Memory used:
          used (Mb) gc trigger  (Mb) max used (Mb)
Ncells 1647177 88.0    2637877 140.9  1851722 98.9
Vcells 1729242 13.2    3142662  24.0  2552200 19.5
Log messages:
stderr and stdout:
[1] ---- ENCSR000ENK (chr12) (1/8)
[1] "Data table read. Merging with Fimo..."
[1] "Merged. Now splitting table to regions and hits..."
[1] filling 711213 regions, 1357185 hits for ENCSR000ENK
[1] 216665686 hits in 53396645 regions
[1] ---- ENCSR000ENT (chr12) (2/8)
[1] "Data table read. Merging with Fimo..."
[1] "Merged. Now splitting table to regions and hits..."
[1] filling 1046519 regions, 1998213 hits for ENCSR000ENT
[1] 239664199 hits in 59472788 regions
[1] ---- ENCSR000EON (chr12) (3/8)
[1] "Data table read. Merging with Fimo..."
[1] "Merged. Now splitting table to regions and hits..."
[1] filling 795710 regions, 1533469 hits for ENCSR000EON
[1] 260805576 hits in 64387854 regions
[1] ---- ENCSR127PWK (chr12) (4/8)
[1] "Data table read. Merging with Fimo..."
[1] "Merged. Now splitting table to regions and hits..."
[1] filling 1212054 regions, 2137016 hits for ENCSR127PWK
[1] 282480796 hits in 68089524 regions
[1] ---- ENCSR474GZQ (chr12) (5/8)
[1] "Data table read. Merging with Fimo..."
[1] "Merged. Now splitting table to regions and hits..."
[1] filling 1018111 regions, 1718838 hits for ENCSR474GZQ
[1] 298590247 hits in 70320126 regions
[1] ---- ENCSR621ENC (chr12) (6/8)
[1] "Data table read. Merging with Fimo..."
[1] "Merged. Now splitting table to regions and hits..."
[1] filling 1170590 regions, 2068462 hits for ENCSR621ENC
[1] 313341953 hits in 71968330 regions
[1] ---- ENCSR782XFY (chr12) (7/8)
[1] "Data table read. Merging with Fimo..."
[1] "Merged. Now splitting table to regions and hits..."
[1] filling 1422585 regions, 2553001 hits for ENCSR782XFY
[1] 318836163 hits in 72580456 regions
[1] ---- ENCSR820ICX (chr12) (8/8)
[1] "Data table read. Merging with Fimo..."
[1] "Merged. Now splitting table to regions and hits..."
[1] filling 1085149 regions, 1907308 hits for ENCSR820ICX
[1] 321844628 hits in 72878730 regions
############### LOG OUTPUT ###############
Task: 13
Node: 13
Timestamp: 2017-09-26 01:17:13
Success: TRUE
Task duration:
     user    system   elapsed 
 5868.996  3547.500 15074.412 
Memory used:
          used (Mb) gc trigger  (Mb) max used (Mb)
Ncells 1647178 88.0    2637877 140.9  1851722 98.9
Vcells 1729243 13.2    3142662  24.0  2552200 19.5
Log messages:
stderr and stdout:
[1] ---- ENCSR000ENK (chrX) (1/8)
[1] "Data table read. Merging with Fimo..."
[1] "Merged. Now splitting table to regions and hits..."
[1] filling 412192 regions, 768581 hits for ENCSR000ENK
[1] 225789371 hits in 55904429 regions
[1] ---- ENCSR000ENT (chrX) (2/8)
[1] "Data table read. Merging with Fimo..."
[1] "Merged. Now splitting table to regions and hits..."
[1] filling 558757 regions, 1040551 hits for ENCSR000ENT
[1] 257780704 hits in 63840088 regions
[1] ---- ENCSR000EON (chrX) (3/8)
[1] "Data table read. Merging with Fimo..."
[1] "Merged. Now splitting table to regions and hits..."
[1] filling 403711 regions, 770461 hits for ENCSR000EON
[1] 282480796 hits in 68244190 regions
[1] ---- ENCSR127PWK (chrX) (4/8)
[1] "Data table read. Merging with Fimo..."
[1] "Merged. Now splitting table to regions and hits..."
[1] filling 703297 regions, 1212069 hits for ENCSR127PWK
[1] 303915813 hits in 71129719 regions
[1] ---- ENCSR474GZQ (chrX) (5/8)
[1] "Data table read. Merging with Fimo..."
[1] "Merged. Now splitting table to regions and hits..."
[1] filling 533065 regions, 893866 hits for ENCSR474GZQ
[1] 314235819 hits in 72170273 regions
[1] ---- ENCSR621ENC (chrX) (6/8)
[1] "Data table read. Merging with Fimo..."
[1] "Merged. Now splitting table to regions and hits..."
[1] filling 633592 regions, 1101157 hits for ENCSR621ENC
[1] 319937320 hits in 72738638 regions
[1] ---- ENCSR782XFY (chrX) (7/8)
[1] "Data table read. Merging with Fimo..."
[1] "Merged. Now splitting table to regions and hits..."
[1] filling 744083 regions, 1318106 hits for ENCSR782XFY
[1] 323162734 hits in 73017221 regions
[1] ---- ENCSR820ICX (chrX) (8/8)
[1] "Data table read. Merging with Fimo..."
[1] "Merged. Now splitting table to regions and hits..."
[1] filling 632269 regions, 1093963 hits for ENCSR820ICX
[1] 324256697 hits in 73113947 regions
> 
> print(bpok(result))
 [1] TRUE TRUE TRUE TRUE TRUE TRUE TRUE TRUE TRUE TRUE TRUE TRUE TRUE TRUE TRUE
> print("Database fill complete")
[1] "Database fill complete"
> print(date())
[1] "Tue Sep 26 01:17:13 2017"
> 
You are now connected to database "eye_wellington_16" as user "root".
CREATE INDEX
CREATE INDEX
You are now connected to database "eye_hint_16" as user "root".
CREATE INDEX
CREATE INDEX
