CREATE DATABASE
GRANT
CREATE DATABASE
GRANT
You are now connected to database "pancreas_wellington_20" as user "postgres".
CREATE TABLE
GRANT
CREATE TABLE
GRANT
You are now connected to database "pancreas_hint_20" as user "postgres".
CREATE TABLE
GRANT
CREATE TABLE
GRANT

R version 3.4.1 (2017-06-30) -- "Single Candle"
Copyright (C) 2017 The R Foundation for Statistical Computing
Platform: x86_64-pc-linux-gnu (64-bit)

R is free software and comes with ABSOLUTELY NO WARRANTY.
You are welcome to redistribute it under certain conditions.
Type 'license()' or 'licence()' for distribution details.

  Natural language support but running in an English locale

R is a collaborative project with many contributors.
Type 'contributors()' for more information and
'citation()' on how to cite R or R packages in publications.

Type 'demo()' for some demos, 'help()' for on-line help, or
'help.start()' for an HTML browser interface to help.
Type 'q()' to quit R.

> # users can either step through this file, or call this file with 
> # r -f example.R
> 
> # THIS ASSUMES THAT THE TESTHINT DATABASE EXISTS. The recipe for building that
> # database is in ../dbInitialization/createHintTest.sql
> 
> # THIS EXAMPLE USES THE BRAIN HINT OUTPUT MADE BY RUNNING make hint at /scratch/data/footprints
> 
> print(date())
[1] "Tue Aug 15 22:46:47 2017"
> #-------------------------------------------------------------------------------
> # set path to hint output 
> data.path <- "/scratch/data/footprints/pancreas_hint_20"
> #-------------------------------------------------------------------------------
> # establish database connections:
> 
> if(!exists("db.hint"))
+     db.hint <- "pancreas_hint_20_localhost"
> 
> if(!exists("db.fimo"))
+     db.fimo <- "fimo_localhost"
> #-------------------------------------------------------------------------------
> # Source the libraries
> source("../src/dependencies.R")
Loading required package: stats4
Loading required package: BiocGenerics
Loading required package: parallel

Attaching package: ‘BiocGenerics’

The following objects are masked from ‘package:parallel’:

    clusterApply, clusterApplyLB, clusterCall, clusterEvalQ,
    clusterExport, clusterMap, parApply, parCapply, parLapply,
    parLapplyLB, parRapply, parSapply, parSapplyLB

The following objects are masked from ‘package:stats’:

    IQR, mad, sd, var, xtabs

The following objects are masked from ‘package:base’:

    anyDuplicated, append, as.data.frame, cbind, colMeans, colnames,
    colSums, do.call, duplicated, eval, evalq, Filter, Find, get, grep,
    grepl, intersect, is.unsorted, lapply, lengths, Map, mapply, match,
    mget, order, paste, pmax, pmax.int, pmin, pmin.int, Position, rank,
    rbind, Reduce, rowMeans, rownames, rowSums, sapply, setdiff, sort,
    table, tapply, union, unique, unsplit, which, which.max, which.min

Loading required package: S4Vectors

Attaching package: ‘S4Vectors’

The following object is masked from ‘package:base’:

    expand.grid

Loading required package: IRanges
Loading required package: GenomeInfoDb
Loading required package: DBI
> source("../src/dbFunctions.R")
> source("../src/tableParsing.R")
> source("../src/tests.R")
> source("../src/main_Bioc.R")
> 
> if(!interactive()){    
+     chromosomes <- paste0("chr",1:10)
+     
+     # Create parallel structure here    
+     library(BiocParallel)    
+     register(MulticoreParam(workers = 25, stop.on.error = FALSE, log = TRUE), default = TRUE)
+ 
+     # Run on all 24 possible chromosomes at once
+     result <- bptry(bplapply(chromosomes,fillAllSamplesByChromosome,
+              dbConnection = db.hint,             
+              fimo = db.fimo,             
+              minid = "pancreas_hint_20.minid",             
+              dbUser = "trena",             
+              dbTable = "pancreas_hint_20",             
+              sourcePath = data.path,             
+              isTest = FALSE,             
+              method = "HINT"))    
+ }

R version 3.4.1 (2017-06-30) -- "Single Candle"
Copyright (C) 2017 The R Foundation for Statistical Computing
Platform: x86_64-pc-linux-gnu (64-bit)

R is free software and comes with ABSOLUTELY NO WARRANTY.
You are welcome to redistribute it under certain conditions.
Type 'license()' or 'licence()' for distribution details.

  Natural language support but running in an English locale

R is a collaborative project with many contributors.
Type 'contributors()' for more information and
'citation()' on how to cite R or R packages in publications.

Type 'demo()' for some demos, 'help()' for on-line help, or
'help.start()' for an HTML browser interface to help.
Type 'q()' to quit R.

> # users can either step through this file, or call this file with 
> # r -f example.R
> 
> # THIS ASSUMES THAT THE TESTHINT DATABASE EXISTS. The recipe for building that
> # database is in ../dbInitialization/createHintTest.sql
> 
> # THIS EXAMPLE USES THE BRAIN HINT OUTPUT MADE BY RUNNING make hint at /scratch/data/footprints
> 
> print(date())
[1] "Tue Aug 15 22:46:52 2017"
> #-------------------------------------------------------------------------------
> # set path to hint output 
> data.path <- "/scratch/data/footprints/pancreas_wellington_20"
> #-------------------------------------------------------------------------------
> # establish database connections:
> 
> if(!exists("db.wellington"))
+     db.wellington <- "pancreas_wellington_20_localhost"
> 
> if(!exists("db.fimo"))
+     db.fimo <- "fimo_localhost"
> #-------------------------------------------------------------------------------
> # Source the libraries
> source("../src/dependencies.R")
Loading required package: stats4
Loading required package: BiocGenerics
Loading required package: parallel

Attaching package: ‘BiocGenerics’

The following objects are masked from ‘package:parallel’:

    clusterApply, clusterApplyLB, clusterCall, clusterEvalQ,
    clusterExport, clusterMap, parApply, parCapply, parLapply,
    parLapplyLB, parRapply, parSapply, parSapplyLB

The following objects are masked from ‘package:stats’:

    IQR, mad, sd, var, xtabs

The following objects are masked from ‘package:base’:

    anyDuplicated, append, as.data.frame, cbind, colMeans, colnames,
    colSums, do.call, duplicated, eval, evalq, Filter, Find, get, grep,
    grepl, intersect, is.unsorted, lapply, lengths, Map, mapply, match,
    mget, order, paste, pmax, pmax.int, pmin, pmin.int, Position, rank,
    rbind, Reduce, rowMeans, rownames, rowSums, sapply, setdiff, sort,
    table, tapply, union, unique, unsplit, which, which.max, which.min

Loading required package: S4Vectors

Attaching package: ‘S4Vectors’

The following object is masked from ‘package:base’:

    expand.grid

Loading required package: IRanges
Loading required package: GenomeInfoDb
Loading required package: DBI
> source("../src/dbFunctions.R")
> source("../src/tableParsing.R")
> source("../src/tests.R")
> source("../src/main_Bioc.R")
> 
> if(!interactive()){    
+     chromosomes <- paste0("chr",1:10)
+     
+     # Create parallel structure here
+     library(BiocParallel)
+     register(MulticoreParam(workers = 25, stop.on.error = FALSE, log = TRUE), default = TRUE)
+ 
+     # Run on all 24 possible chromosomes at once
+     result <- bptry(bplapply(chromosomes, fillAllSamplesByChromosome,
+              dbConnection = db.wellington,
+              fimo = db.fimo,
+              minid = "pancreas_wellington_20.minid",
+              dbUser = "trena",
+              dbTable = "pancreas_wellington_20",
+              sourcePath = data.path,
+              isTest = FALSE,
+              method = "WELLINGTON"))
+ }
############### LOG OUTPUT ###############
Task: 9
Node: 9
Timestamp: 2017-08-15 23:34:33
Success: TRUE
Task duration:
    user   system  elapsed 
 838.048  592.796 2841.114 
Memory used:
          used (Mb) gc trigger  (Mb) max used (Mb)
Ncells 1645567 87.9    2637877 140.9  1850621 98.9
Vcells 1726003 13.2    3142662  24.0  2552099 19.5
Log messages:
stderr and stdout:
[1] ---- ENCSR228IKB (chr9) (1/2)
[1] "Data table read. Merging with Fimo..."
[1] "Merged. Now splitting table to regions and hits..."
[1] filling 717939 regions, 1026701 hits for ENCSR228IKB
[1] 1026701 hits in 717939 regions
[1] ---- ENCSR522WLH (chr9) (2/2)
[1] "Data table read. Merging with Fimo..."
[1] "Merged. Now splitting table to regions and hits..."
[1] filling 468135 regions, 670871 hits for ENCSR522WLH
[1] 4870319 hits in 3263831 regions
############### LOG OUTPUT ###############
Task: 9
Node: 9
Timestamp: 2017-08-15 23:34:43
Success: TRUE
Task duration:
    user   system  elapsed 
 931.012  528.436 2857.015 
Memory used:
          used (Mb) gc trigger  (Mb) max used (Mb)
Ncells 1645570 87.9    2637877 140.9  1850624 98.9
Vcells 1726003 13.2    3142662  24.0  2552099 19.5
Log messages:
stderr and stdout:
[1] ---- ENCSR228IKB (chr9) (1/2)
[1] "Data table read. Merging with Fimo..."
[1] "Merged. Now splitting table to regions and hits..."
[1] filling 1327986 regions, 2264564 hits for ENCSR228IKB
[1] 2264564 hits in 1327986 regions
[1] ---- ENCSR522WLH (chr9) (2/2)
[1] "Data table read. Merging with Fimo..."
[1] "Merged. Now splitting table to regions and hits..."
[1] filling 884018 regions, 1461484 hits for ENCSR522WLH
[1] 11168273 hits in 6145372 regions
############### LOG OUTPUT ###############
Task: 10
Node: 10
Timestamp: 2017-08-15 23:39:58
Success: TRUE
Task duration:
    user   system  elapsed 
 978.112  398.292 3165.232 
Memory used:
          used (Mb) gc trigger  (Mb) max used (Mb)
Ncells 1646551 88.0    2637877 140.9  1850621 98.9
Vcells 1728496 13.2    3142662  24.0  2552099 19.5
Log messages:
stderr and stdout:
[1] ---- ENCSR228IKB (chr10) (1/2)
[1] "Data table read. Merging with Fimo..."
[1] "Merged. Now splitting table to regions and hits..."
[1] filling 791975 regions, 1130481 hits for ENCSR228IKB
[1] 2157182 hits in 1509914 regions
[1] ---- ENCSR522WLH (chr10) (2/2)
[1] "Data table read. Merging with Fimo..."
[1] "Merged. Now splitting table to regions and hits..."
[1] filling 478922 regions, 684253 hits for ENCSR522WLH
[1] 6729069 hits in 4425807 regions
############### LOG OUTPUT ###############
Task: 10
Node: 10
Timestamp: 2017-08-15 23:40:59
Success: TRUE
Task duration:
    user   system  elapsed 
1075.716  374.532 3228.391 
Memory used:
          used (Mb) gc trigger  (Mb) max used (Mb)
Ncells 1646554 88.0    2637877 140.9  1850624 98.9
Vcells 1728496 13.2    3142662  24.0  2552099 19.5
Log messages:
stderr and stdout:
[1] ---- ENCSR228IKB (chr10) (1/2)
[1] "Data table read. Merging with Fimo..."
[1] "Merged. Now splitting table to regions and hits..."
[1] filling 1438670 regions, 2419484 hits for ENCSR228IKB
[1] 4684048 hits in 4043441 regions
[1] ---- ENCSR522WLH (chr10) (2/2)
[1] "Data table read. Merging with Fimo..."
[1] "Merged. Now splitting table to regions and hits..."
[1] filling 916537 regions, 1492572 hits for ENCSR522WLH
[1] 22499208 hits in 12433978 regions
############### LOG OUTPUT ###############
Task: 8
Node: 8
Timestamp: 2017-08-15 23:43:49
Success: TRUE
Task duration:
    user   system  elapsed 
1109.580  341.408 3398.975 
Memory used:
          used (Mb) gc trigger  (Mb) max used (Mb)
Ncells 1646555 88.0    2637877 140.9  1850624 98.9
Vcells 1728497 13.2    3142662  24.0  2552099 19.5
Log messages:
stderr and stdout:
[1] ---- ENCSR228IKB (chr8) (1/2)
[1] "Data table read. Merging with Fimo..."
[1] "Merged. Now splitting table to regions and hits..."
[1] filling 1276785 regions, 2157756 hits for ENCSR228IKB
[1] 6841804 hits in 4043441 regions
[1] ---- ENCSR522WLH (chr8) (2/2)
[1] "Data table read. Merging with Fimo..."
[1] "Merged. Now splitting table to regions and hits..."
[1] filling 809989 regions, 1329577 hits for ENCSR522WLH
[1] 23828785 hits in 12827465 regions
############### LOG OUTPUT ###############
Task: 8
Node: 8
Timestamp: 2017-08-15 23:50:01
Success: TRUE
Task duration:
    user   system  elapsed 
1097.972  999.016 3759.787 
Memory used:
          used (Mb) gc trigger  (Mb) max used (Mb)
Ncells 1646552 88.0    2637877 140.9  1850621 98.9
Vcells 1728497 13.2    3142662  24.0  2552099 19.5
Log messages:
stderr and stdout:
[1] ---- ENCSR228IKB (chr8) (1/2)
[1] "Data table read. Merging with Fimo..."
[1] "Merged. Now splitting table to regions and hits..."
[1] filling 638039 regions, 910034 hits for ENCSR228IKB
[1] 4199448 hits in 2941839 regions
[1] ---- ENCSR522WLH (chr8) (2/2)
[1] "Data table read. Merging with Fimo..."
[1] "Merged. Now splitting table to regions and hits..."
[1] filling 390096 regions, 557175 hits for ENCSR522WLH
[1] 10096169 hits in 6669899 regions
############### LOG OUTPUT ###############
Task: 6
Node: 6
Timestamp: 2017-08-15 23:58:48
Success: TRUE
Task duration:
    user   system  elapsed 
1396.020  666.436 4287.405 
Memory used:
          used (Mb) gc trigger  (Mb) max used (Mb)
Ncells 1646556 88.0    2637877 140.9  1850624 98.9
Vcells 1728498 13.2    3142662  24.0  2552099 19.5
Log messages:
stderr and stdout:
[1] ---- ENCSR228IKB (chr6) (1/2)
[1] "Data table read. Merging with Fimo..."
[1] "Merged. Now splitting table to regions and hits..."
[1] filling 1515153 regions, 2579918 hits for ENCSR228IKB
[1] 18336126 hits in 10403880 regions
[1] ---- ENCSR522WLH (chr6) (2/2)
[1] "Data table read. Merging with Fimo..."
[1] "Merged. Now splitting table to regions and hits..."
[1] filling 977874 regions, 1616181 hits for ENCSR522WLH
[1] 34091354 hits in 18367840 regions
############### LOG OUTPUT ###############
Task: 6
Node: 6
Timestamp: 2017-08-16 00:03:27
Success: TRUE
Task duration:
    user   system  elapsed 
1405.668 1383.628 4561.518 
Memory used:
          used (Mb) gc trigger  (Mb) max used (Mb)
Ncells 1646553 88.0    2637877 140.9  1850621 98.9
Vcells 1728498 13.2    3142662  24.0  2552099 19.5
Log messages:
stderr and stdout:
[1] ---- ENCSR228IKB (chr6) (1/2)
[1] "Data table read. Merging with Fimo..."
[1] "Merged. Now splitting table to regions and hits..."
[1] filling 706398 regions, 1007591 hits for ENCSR228IKB
[1] 8737117 hits in 5834152 regions
[1] ---- ENCSR522WLH (chr6) (2/2)
[1] "Data table read. Merging with Fimo..."
[1] "Merged. Now splitting table to regions and hits..."
[1] filling 457496 regions, 653623 hits for ENCSR522WLH
[1] 14573303 hits in 9665738 regions
############### LOG OUTPUT ###############
Task: 3
Node: 3
Timestamp: 2017-08-16 00:04:16
Success: TRUE
Task duration:
    user   system  elapsed 
1595.476  709.176 4611.751 
Memory used:
          used (Mb) gc trigger  (Mb) max used (Mb)
Ncells 1646557 88.0    2637877 140.9  1850624 98.9
Vcells 1728499 13.2    3142662  24.0  2552099 19.5
Log messages:
stderr and stdout:
[1] ---- ENCSR228IKB (chr3) (1/2)
[1] "Data table read. Merging with Fimo..."
[1] "Merged. Now splitting table to regions and hits..."
[1] filling 1689961 regions, 2864985 hits for ENCSR228IKB
[1] 9706789 hits in 5733402 regions
[1] ---- ENCSR522WLH (chr3) (2/2)
[1] "Data table read. Merging with Fimo..."
[1] "Merged. Now splitting table to regions and hits..."
[1] filling 1074424 regions, 1774349 hits for ENCSR522WLH
[1] 35865703 hits in 18885083 regions
############### LOG OUTPUT ###############
Task: 3
Node: 3
Timestamp: 2017-08-16 00:04:58
Success: TRUE
Task duration:
    user   system  elapsed 
1541.448  717.072 4654.382 
Memory used:
          used (Mb) gc trigger  (Mb) max used (Mb)
Ncells 1646554 88.0    2637877 140.9  1850621 98.9
Vcells 1728499 13.2    3142662  24.0  2552099 19.5
Log messages:
stderr and stdout:
[1] ---- ENCSR228IKB (chr3) (1/2)
[1] "Data table read. Merging with Fimo..."
[1] "Merged. Now splitting table to regions and hits..."
[1] filling 793886 regions, 1132232 hits for ENCSR228IKB
[1] 3289414 hits in 2303800 regions
[1] ---- ENCSR522WLH (chr3) (2/2)
[1] "Data table read. Merging with Fimo..."
[1] "Merged. Now splitting table to regions and hits..."
[1] filling 515725 regions, 736466 hits for ENCSR522WLH
[1] 15309769 hits in 10027913 regions
############### LOG OUTPUT ###############
Task: 4
Node: 4
Timestamp: 2017-08-16 00:05:05
Success: TRUE
Task duration:
    user   system  elapsed 
1450.936  754.996 4663.693 
Memory used:
          used (Mb) gc trigger  (Mb) max used (Mb)
Ncells 1646558 88.0    2637877 140.9  1850624 98.9
Vcells 1728500 13.2    3142662  24.0  2552099 19.5
Log messages:
stderr and stdout:
[1] ---- ENCSR228IKB (chr4) (1/2)
[1] "Data table read. Merging with Fimo..."
[1] "Merged. Now splitting table to regions and hits..."
[1] filling 1284530 regions, 2143848 hits for ENCSR228IKB
[1] 13312121 hits in 7429902 regions
[1] ---- ENCSR522WLH (chr4) (2/2)
[1] "Data table read. Merging with Fimo..."
[1] "Merged. Now splitting table to regions and hits..."
[1] filling 777448 regions, 1272001 hits for ENCSR522WLH
[1] 37137704 hits in 19274524 regions
############### LOG OUTPUT ###############
Task: 5
Node: 5
Timestamp: 2017-08-16 00:05:33
Success: TRUE
Task duration:
    user   system  elapsed 
1568.384  692.500 4698.608 
Memory used:
          used (Mb) gc trigger  (Mb) max used (Mb)
Ncells 1646559 88.0    2637877 140.9  1850624 98.9
Vcells 1728501 13.2    3142662  24.0  2552099 19.5
Log messages:
stderr and stdout:
[1] ---- ENCSR228IKB (chr5) (1/2)
[1] "Data table read. Merging with Fimo..."
[1] "Merged. Now splitting table to regions and hits..."
[1] filling 1458825 regions, 2444087 hits for ENCSR228IKB
[1] 15756208 hits in 10403880 regions
[1] ---- ENCSR522WLH (chr5) (2/2)
[1] "Data table read. Merging with Fimo..."
[1] "Merged. Now splitting table to regions and hits..."
[1] filling 901484 regions, 1477642 hits for ENCSR522WLH
[1] 38615346 hits in 19722309 regions
############### LOG OUTPUT ###############
Task: 7
Node: 7
Timestamp: 2017-08-16 00:07:17
Success: TRUE
Task duration:
    user   system  elapsed 
1188.444 1398.352 4791.948 
Memory used:
          used (Mb) gc trigger  (Mb) max used (Mb)
Ncells 1646555 88.0    2637877 140.9  1850621 98.9
Vcells 1728500 13.2    3142662  24.0  2552099 19.5
Log messages:
stderr and stdout:
[1] ---- ENCSR228IKB (chr7) (1/2)
[1] "Data table read. Merging with Fimo..."
[1] "Merged. Now splitting table to regions and hits..."
[1] filling 822112 regions, 1174497 hits for ENCSR228IKB
[1] 6044816 hits in 4085943 regions
[1] ---- ENCSR522WLH (chr7) (2/2)
[1] "Data table read. Merging with Fimo..."
[1] "Merged. Now splitting table to regions and hits..."
[1] filling 508817 regions, 729320 hits for ENCSR522WLH
[1] 16039089 hits in 10380985 regions
############### LOG OUTPUT ###############
Task: 7
Node: 7
Timestamp: 2017-08-16 00:10:05
Success: TRUE
Task duration:
    user   system  elapsed 
1450.588 1469.828 4966.942 
Memory used:
          used (Mb) gc trigger  (Mb) max used (Mb)
Ncells 1646560 88.0    2637877 140.9  1850624 98.9
Vcells 1728502 13.2    3142662  24.0  2552099 19.5
Log messages:
stderr and stdout:
[1] ---- ENCSR228IKB (chr7) (1/2)
[1] "Data table read. Merging with Fimo..."
[1] "Merged. Now splitting table to regions and hits..."
[1] filling 1574648 regions, 2670510 hits for ENCSR228IKB
[1] 21006636 hits in 11978528 regions
[1] ---- ENCSR522WLH (chr7) (2/2)
[1] "Data table read. Merging with Fimo..."
[1] "Merged. Now splitting table to regions and hits..."
[1] filling 1011924 regions, 1671906 hits for ENCSR522WLH
[1] 40287252 hits in 20201037 regions
############### LOG OUTPUT ###############
Task: 4
Node: 4
Timestamp: 2017-08-16 00:10:12
Success: TRUE
Task duration:
    user   system  elapsed 
1462.016 1586.940 4965.520 
Memory used:
          used (Mb) gc trigger  (Mb) max used (Mb)
Ncells 1646556 88.0    2637877 140.9  1850621 98.9
Vcells 1728501 13.2    3142662  24.0  2552099 19.5
Log messages:
stderr and stdout:
[1] ---- ENCSR228IKB (chr4) (1/2)
[1] "Data table read. Merging with Fimo..."
[1] "Merged. Now splitting table to regions and hits..."
[1] filling 561544 regions, 801877 hits for ENCSR228IKB
[1] 9538994 hits in 6395696 regions
[1] ---- ENCSR522WLH (chr4) (2/2)
[1] "Data table read. Merging with Fimo..."
[1] "Merged. Now splitting table to regions and hits..."
[1] filling 356051 regions, 509531 hits for ENCSR522WLH
[1] 16548620 hits in 10625618 regions
############### LOG OUTPUT ###############
Task: 5
Node: 5
Timestamp: 2017-08-16 00:10:24
Success: TRUE
Task duration:
    user   system  elapsed 
1365.200 1621.768 4983.827 
Memory used:
          used (Mb) gc trigger  (Mb) max used (Mb)
Ncells 1646557 88.0    2637877 140.9  1850621 98.9
Vcells 1728502 13.2    3142662  24.0  2552099 19.5
Log messages:
stderr and stdout:
[1] ---- ENCSR228IKB (chr5) (1/2)
[1] "Data table read. Merging with Fimo..."
[1] "Merged. Now splitting table to regions and hits..."
[1] filling 701947 regions, 1000457 hits for ENCSR228IKB
[1] 7729526 hits in 5127754 regions
[1] ---- ENCSR522WLH (chr5) (2/2)
[1] "Data table read. Merging with Fimo..."
[1] "Merged. Now splitting table to regions and hits..."
[1] filling 437139 regions, 624044 hits for ENCSR522WLH
[1] 17172664 hits in 10935157 regions
############### LOG OUTPUT ###############
Task: 1
Node: 1
Timestamp: 2017-08-16 00:25:22
Success: TRUE
Task duration:
    user   system  elapsed 
1759.564 1546.196 5870.386 
Memory used:
          used (Mb) gc trigger  (Mb) max used (Mb)
Ncells 1646558 88.0    2637877 140.9  1850621 98.9
Vcells 1728503 13.2    3142662  24.0  2552099 19.5
Log messages:
stderr and stdout:
[1] ---- ENCSR228IKB (chr1) (1/2)
[1] "Data table read. Merging with Fimo..."
[1] "Merged. Now splitting table to regions and hits..."
[1] filling 1514291 regions, 2158861 hits for ENCSR228IKB
[1] 12255030 hits in 8184190 regions
[1] ---- ENCSR522WLH (chr1) (2/2)
[1] "Data table read. Merging with Fimo..."
[1] "Merged. Now splitting table to regions and hits..."
[1] filling 995547 regions, 1424782 hits for ENCSR522WLH
[1] 18597446 hits in 11607801 regions
############### LOG OUTPUT ###############
Task: 2
Node: 2
Timestamp: 2017-08-16 00:25:51
Success: TRUE
Task duration:
    user   system  elapsed 
1976.596 1532.668 5898.245 
Memory used:
          used (Mb) gc trigger  (Mb) max used (Mb)
Ncells 1646561 88.0    2637877 140.9  1850624 98.9
Vcells 1728503 13.2    3142662  24.0  2552099 19.5
Log messages:
stderr and stdout:
[1] ---- ENCSR228IKB (chr2) (1/2)
[1] "Data table read. Merging with Fimo..."
[1] "Merged. Now splitting table to regions and hits..."
[1] filling 2305220 regions, 3870636 hits for ENCSR228IKB
[1] 32475173 hits in 17908475 regions
[1] ---- ENCSR522WLH (chr2) (2/2)
[1] "Data table read. Merging with Fimo..."
[1] "Merged. Now splitting table to regions and hits..."
[1] filling 1448873 regions, 2384020 hits for ENCSR522WLH
[1] 42671272 hits in 20902363 regions
############### LOG OUTPUT ###############
Task: 2
Node: 2
Timestamp: 2017-08-16 00:26:02
Success: TRUE
Task duration:
    user   system  elapsed 
1971.180 1411.624 5900.437 
Memory used:
          used (Mb) gc trigger  (Mb) max used (Mb)
Ncells 1646559 88.0    2637877 140.9  1850621 98.9
Vcells 1728504 13.2    3142662  24.0  2552099 19.5
Log messages:
stderr and stdout:
[1] ---- ENCSR228IKB (chr2) (1/2)
[1] "Data table read. Merging with Fimo..."
[1] "Merged. Now splitting table to regions and hits..."
[1] filling 1167141 regions, 1664650 hits for ENCSR228IKB
[1] 13919680 hits in 9351331 regions
[1] ---- ENCSR522WLH (chr2) (2/2)
[1] "Data table read. Merging with Fimo..."
[1] "Merged. Now splitting table to regions and hits..."
[1] filling 714998 regions, 1021593 hits for ENCSR522WLH
[1] 19619039 hits in 12109652 regions
> 
> print(bpok(result))
 [1] TRUE TRUE TRUE TRUE TRUE TRUE TRUE TRUE TRUE TRUE
> print("Database fill complete")
[1] "Database fill complete"
> print(date())
[1] "Wed Aug 16 00:26:02 2017"
> 
############### LOG OUTPUT ###############
Task: 1
Node: 1
Timestamp: 2017-08-16 00:27:05
Success: TRUE
Task duration:
    user   system  elapsed 
2043.544 1370.456 5974.141 
Memory used:
          used (Mb) gc trigger  (Mb) max used (Mb)
Ncells 1646562 88.0    2637877 140.9  1850624 98.9
Vcells 1728504 13.2    3142662  24.0  2552099 19.5
Log messages:
stderr and stdout:
[1] ---- ENCSR228IKB (chr1) (1/2)
[1] "Data table read. Merging with Fimo..."
[1] "Merged. Now splitting table to regions and hits..."
[1] filling 2775790 regions, 4775752 hits for ENCSR228IKB
[1] 28604537 hits in 15603255 regions
[1] ---- ENCSR522WLH (chr1) (2/2)
[1] "Data table read. Merging with Fimo..."
[1] "Merged. Now splitting table to regions and hits..."
[1] filling 1927722 regions, 3207569 hits for ENCSR522WLH
[1] 45878841 hits in 21774994 regions
> 
> print(bpok(result))
 [1] TRUE TRUE TRUE TRUE TRUE TRUE TRUE TRUE TRUE TRUE
> print("Database fill complete")
[1] "Database fill complete"
> print(date())
[1] "Wed Aug 16 00:27:05 2017"
> 

R version 3.4.1 (2017-06-30) -- "Single Candle"
Copyright (C) 2017 The R Foundation for Statistical Computing
Platform: x86_64-pc-linux-gnu (64-bit)

R is free software and comes with ABSOLUTELY NO WARRANTY.
You are welcome to redistribute it under certain conditions.
Type 'license()' or 'licence()' for distribution details.

  Natural language support but running in an English locale

R is a collaborative project with many contributors.
Type 'contributors()' for more information and
'citation()' on how to cite R or R packages in publications.

Type 'demo()' for some demos, 'help()' for on-line help, or
'help.start()' for an HTML browser interface to help.
Type 'q()' to quit R.

> # users can either step through this file, or call this file with 
> # r -f example.R
> 
> # THIS ASSUMES THAT THE TESTHINT DATABASE EXISTS. The recipe for building that
> # database is in ../dbInitialization/createHintTest.sql
> 
> # THIS EXAMPLE USES THE BRAIN HINT OUTPUT MADE BY RUNNING make hint at /scratch/data/footprints
> 
> print(date())
[1] "Wed Aug 16 02:20:11 2017"
> #-------------------------------------------------------------------------------
> # set path to hint output 
> data.path <- "/scratch/data/footprints/pancreas_hint_20"
> #-------------------------------------------------------------------------------
> # establish database connections:
> 
> if(!exists("db.hint"))
+     db.hint <- "pancreas_hint_20_localhost"
> 
> if(!exists("db.fimo"))
+     db.fimo <- "fimo_localhost"
> #-------------------------------------------------------------------------------
> # Source the libraries
> source("../src/dependencies.R")
Loading required package: stats4
Loading required package: BiocGenerics
Loading required package: parallel

Attaching package: ‘BiocGenerics’

The following objects are masked from ‘package:parallel’:

    clusterApply, clusterApplyLB, clusterCall, clusterEvalQ,
    clusterExport, clusterMap, parApply, parCapply, parLapply,
    parLapplyLB, parRapply, parSapply, parSapplyLB

The following objects are masked from ‘package:stats’:

    IQR, mad, sd, var, xtabs

The following objects are masked from ‘package:base’:

    anyDuplicated, append, as.data.frame, cbind, colMeans, colnames,
    colSums, do.call, duplicated, eval, evalq, Filter, Find, get, grep,
    grepl, intersect, is.unsorted, lapply, lengths, Map, mapply, match,
    mget, order, paste, pmax, pmax.int, pmin, pmin.int, Position, rank,
    rbind, Reduce, rowMeans, rownames, rowSums, sapply, setdiff, sort,
    table, tapply, union, unique, unsplit, which, which.max, which.min

Loading required package: S4Vectors

Attaching package: ‘S4Vectors’

The following object is masked from ‘package:base’:

    expand.grid

Loading required package: IRanges
Loading required package: GenomeInfoDb
Loading required package: DBI
> source("../src/dbFunctions.R")
> source("../src/tableParsing.R")
> source("../src/tests.R")
> source("../src/main_Bioc.R")
> 
> if(!interactive()){    
+     chromosomes <- paste0("chr",c(11:22,"X","Y","MT"))
+     
+     # Create parallel structure here    
+     library(BiocParallel)    
+     register(MulticoreParam(workers = 25, stop.on.error = FALSE, log = TRUE), default = TRUE)
+ 
+     # Run on all 24 possible chromosomes at once
+     result <- bptry(bplapply(chromosomes,fillAllSamplesByChromosome,
+              dbConnection = db.hint,             
+              fimo = db.fimo,             
+              minid = "pancreas_hint_20.minid",             
+              dbUser = "trena",             
+              dbTable = "pancreas_hint_20",             
+              sourcePath = data.path,             
+              isTest = FALSE,             
+              method = "HINT"))    
+ }

R version 3.4.1 (2017-06-30) -- "Single Candle"
Copyright (C) 2017 The R Foundation for Statistical Computing
Platform: x86_64-pc-linux-gnu (64-bit)

R is free software and comes with ABSOLUTELY NO WARRANTY.
You are welcome to redistribute it under certain conditions.
Type 'license()' or 'licence()' for distribution details.

  Natural language support but running in an English locale

R is a collaborative project with many contributors.
Type 'contributors()' for more information and
'citation()' on how to cite R or R packages in publications.

Type 'demo()' for some demos, 'help()' for on-line help, or
'help.start()' for an HTML browser interface to help.
Type 'q()' to quit R.

> # users can either step through this file, or call this file with 
> # r -f example.R
> 
> # THIS ASSUMES THAT THE TESTHINT DATABASE EXISTS. The recipe for building that
> # database is in ../dbInitialization/createHintTest.sql
> 
> # THIS EXAMPLE USES THE BRAIN HINT OUTPUT MADE BY RUNNING make hint at /scratch/data/footprints
> 
> print(date())
[1] "Wed Aug 16 02:20:16 2017"
> #-------------------------------------------------------------------------------
> # set path to hint output 
> data.path <- "/scratch/data/footprints/pancreas_wellington_20"
> #-------------------------------------------------------------------------------
> # establish database connections:
> 
> if(!exists("db.wellington"))
+     db.wellington <- "pancreas_wellington_20_localhost"
> 
> if(!exists("db.fimo"))
+     db.fimo <- "fimo_localhost"
> #-------------------------------------------------------------------------------
> # Source the libraries
> source("../src/dependencies.R")
Loading required package: stats4
Loading required package: BiocGenerics
Loading required package: parallel

Attaching package: ‘BiocGenerics’

The following objects are masked from ‘package:parallel’:

    clusterApply, clusterApplyLB, clusterCall, clusterEvalQ,
    clusterExport, clusterMap, parApply, parCapply, parLapply,
    parLapplyLB, parRapply, parSapply, parSapplyLB

The following objects are masked from ‘package:stats’:

    IQR, mad, sd, var, xtabs

The following objects are masked from ‘package:base’:

    anyDuplicated, append, as.data.frame, cbind, colMeans, colnames,
    colSums, do.call, duplicated, eval, evalq, Filter, Find, get, grep,
    grepl, intersect, is.unsorted, lapply, lengths, Map, mapply, match,
    mget, order, paste, pmax, pmax.int, pmin, pmin.int, Position, rank,
    rbind, Reduce, rowMeans, rownames, rowSums, sapply, setdiff, sort,
    table, tapply, union, unique, unsplit, which, which.max, which.min

Loading required package: S4Vectors

Attaching package: ‘S4Vectors’

The following object is masked from ‘package:base’:

    expand.grid

Loading required package: IRanges
Loading required package: GenomeInfoDb
Loading required package: DBI
> source("../src/dbFunctions.R")
> source("../src/tableParsing.R")
> source("../src/tests.R")
> source("../src/main_Bioc.R")
> 
> if(!interactive()){    
+     chromosomes <- paste0("chr",c(11:22,"X","Y","MT"))
+     
+     # Create parallel structure here
+     library(BiocParallel)
+     register(MulticoreParam(workers = 25, stop.on.error = FALSE, log = TRUE), default = TRUE)
+ 
+     # Run on all 24 possible chromosomes at once
+     result <- bptry(bplapply(chromosomes, fillAllSamplesByChromosome,
+              dbConnection = db.wellington,
+              fimo = db.fimo,
+              minid = "pancreas_wellington_20.minid",
+              dbUser = "trena",
+              dbTable = "pancreas_wellington_20",
+              sourcePath = data.path,
+              isTest = FALSE,
+              method = "WELLINGTON"))
+ }
############### LOG OUTPUT ###############
Task: 15
Node: 15
Timestamp: 2017-08-16 02:20:38
Success: TRUE
Task duration:
   user  system elapsed 
 16.112   0.336  16.449 
Memory used:
          used (Mb) gc trigger  (Mb) max used (Mb)
Ncells 1645646 87.9    2637877 140.9  1850687 98.9
Vcells 1726055 13.2    3142662  24.0  2552116 19.5
Log messages:
stderr and stdout:
[1] ---- ENCSR228IKB (chrMT) (1/2)
[1] "Data table read. Merging with Fimo..."
[1] No rows matching chrMT
############### LOG OUTPUT ###############
Task: 15
Node: 15
Timestamp: 2017-08-16 02:20:57
Success: TRUE
Task duration:
   user  system elapsed 
 39.800   0.968  40.770 
Memory used:
          used (Mb) gc trigger  (Mb) max used (Mb)
Ncells 1645649 87.9    2637877 140.9  1850690 98.9
Vcells 1726055 13.2    3142662  24.0  2552116 19.5
Log messages:
stderr and stdout:
[1] ---- ENCSR228IKB (chrMT) (1/2)
[1] "Data table read. Merging with Fimo..."
[1] No rows matching chrMT
############### LOG OUTPUT ###############
Task: 14
Node: 14
Timestamp: 2017-08-16 02:37:36
Success: TRUE
Task duration:
    user   system  elapsed 
 236.424    7.460 1030.638 
Memory used:
          used (Mb) gc trigger  (Mb) max used (Mb)
Ncells 1646635 88.0    2637877 140.9  1850687 98.9
Vcells 1728604 13.2    3142662  24.0  2552116 19.5
Log messages:
stderr and stdout:
[1] ---- ENCSR228IKB (chrY) (1/2)
[1] "Data table read. Merging with Fimo..."
[1] "Merged. Now splitting table to regions and hits..."
[1] filling 42687 regions, 62047 hits for ENCSR228IKB
[1] 19681086 hits in 12152339 regions
[1] ---- ENCSR522WLH (chrY) (2/2)
[1] "Data table read. Merging with Fimo..."
[1] "Merged. Now splitting table to regions and hits..."
[1] filling 37891 regions, 54550 hits for ENCSR522WLH
[1] 19735636 hits in 12176187 regions
############### LOG OUTPUT ###############
Task: 14
Node: 14
Timestamp: 2017-08-16 02:38:56
Success: TRUE
Task duration:
    user   system  elapsed 
 332.588   15.924 1115.816 
Memory used:
          used (Mb) gc trigger  (Mb) max used (Mb)
Ncells 1646638 88.0    2637877 140.9  1850690 98.9
Vcells 1728604 13.2    3142662  24.0  2552116 19.5
Log messages:
stderr and stdout:
[1] ---- ENCSR228IKB (chrY) (1/2)
[1] "Data table read. Merging with Fimo..."
[1] "Merged. Now splitting table to regions and hits..."
[1] filling 66005 regions, 105340 hits for ENCSR228IKB
[1] 45984181 hits in 21840999 regions
[1] ---- ENCSR522WLH (chrY) (2/2)
[1] "Data table read. Merging with Fimo..."
[1] "Merged. Now splitting table to regions and hits..."
[1] filling 63340 regions, 98632 hits for ENCSR522WLH
[1] 46082813 hits in 21882782 regions
############### LOG OUTPUT ###############
Task: 12
Node: 12
Timestamp: 2017-08-16 02:53:00
Success: TRUE
Task duration:
    user   system  elapsed 
 426.372   24.940 1950.257 
Memory used:
          used (Mb) gc trigger  (Mb) max used (Mb)
Ncells 1646636 88.0    2637877 140.9  1850687 98.9
Vcells 1728605 13.2    3142662  24.0  2552116 19.5
Log messages:
stderr and stdout:
[1] ---- ENCSR228IKB (chr22) (1/2)
[1] "Data table read. Merging with Fimo..."
[1] "Merged. Now splitting table to regions and hits..."
[1] filling 520276 regions, 743329 hits for ENCSR228IKB
[1] 20478965 hits in 12696463 regions
[1] ---- ENCSR522WLH (chr22) (2/2)
[1] "Data table read. Merging with Fimo..."
[1] "Merged. Now splitting table to regions and hits..."
[1] filling 323580 regions, 464700 hits for ENCSR522WLH
[1] 21312517 hits in 13176546 regions
############### LOG OUTPUT ###############
Task: 12
Node: 12
Timestamp: 2017-08-16 02:54:38
Success: TRUE
Task duration:
    user   system  elapsed 
 513.640   32.764 2055.876 
Memory used:
          used (Mb) gc trigger  (Mb) max used (Mb)
Ncells 1646639 88.0    2637877 140.9  1850690 98.9
Vcells 1728605 13.2    3142662  24.0  2552116 19.5
Log messages:
stderr and stdout:
[1] ---- ENCSR228IKB (chr22) (1/2)
[1] "Data table read. Merging with Fimo..."
[1] "Merged. Now splitting table to regions and hits..."
[1] filling 687253 regions, 1177098 hits for ENCSR228IKB
[1] 47259911 hits in 22570035 regions
[1] ---- ENCSR522WLH (chr22) (2/2)
[1] "Data table read. Merging with Fimo..."
[1] "Merged. Now splitting table to regions and hits..."
[1] filling 501504 regions, 823293 hits for ENCSR522WLH
[1] 48810319 hits in 23244628 regions
############### LOG OUTPUT ###############
Task: 11
Node: 11
Timestamp: 2017-08-16 02:54:47
Success: TRUE
Task duration:
    user   system  elapsed 
 400.708   23.076 2061.255 
Memory used:
          used (Mb) gc trigger  (Mb) max used (Mb)
Ncells 1646637 88.0    2637877 140.9  1850687 98.9
Vcells 1728606 13.2    3142662  24.0  2552116 19.5
Log messages:
stderr and stdout:
[1] ---- ENCSR228IKB (chr21) (1/2)
[1] "Data table read. Merging with Fimo..."
[1] "Merged. Now splitting table to regions and hits..."
[1] filling 255876 regions, 368852 hits for ENCSR228IKB
[1] 20847817 hits in 12952339 regions
[1] ---- ENCSR522WLH (chr21) (2/2)
[1] "Data table read. Merging with Fimo..."
[1] "Merged. Now splitting table to regions and hits..."
[1] filling 169082 regions, 244247 hits for ENCSR522WLH
[1] 21556764 hits in 13295171 regions
############### LOG OUTPUT ###############
Task: 11
Node: 11
Timestamp: 2017-08-16 02:57:18
Success: TRUE
Task duration:
    user   system  elapsed 
 542.084   32.432 2216.943 
Memory used:
          used (Mb) gc trigger  (Mb) max used (Mb)
Ncells 1646640 88.0    2637877 140.9  1850690 98.9
Vcells 1728606 13.2    3142662  24.0  2552116 19.5
Log messages:
stderr and stdout:
[1] ---- ENCSR228IKB (chr21) (1/2)
[1] "Data table read. Merging with Fimo..."
[1] "Merged. Now splitting table to regions and hits..."
[1] filling 434794 regions, 727115 hits for ENCSR228IKB
[1] 47987026 hits in 23004829 regions
[1] ---- ENCSR522WLH (chr21) (2/2)
[1] "Data table read. Merging with Fimo..."
[1] "Merged. Now splitting table to regions and hits..."
[1] filling 280256 regions, 458405 hits for ENCSR522WLH
[1] 49268724 hits in 23383957 regions
############### LOG OUTPUT ###############
Task: 10
Node: 10
Timestamp: 2017-08-16 03:05:30
Success: TRUE
Task duration:
    user   system  elapsed 
 627.380   73.872 2700.322 
Memory used:
          used (Mb) gc trigger  (Mb) max used (Mb)
Ncells 1646638 88.0    2637877 140.9  1850687 98.9
Vcells 1728607 13.2    3142662  24.0  2552116 19.5
Log messages:
stderr and stdout:
[1] ---- ENCSR228IKB (chr20) (1/2)
[1] "Data table read. Merging with Fimo..."
[1] "Merged. Now splitting table to regions and hits..."
[1] filling 540213 regions, 773491 hits for ENCSR228IKB
[1] 22330255 hits in 13835384 regions
[1] ---- ENCSR522WLH (chr20) (2/2)
[1] "Data table read. Merging with Fimo..."
[1] "Merged. Now splitting table to regions and hits..."
[1] filling 324896 regions, 465222 hits for ENCSR522WLH
[1] 27344612 hits in 17239925 regions
############### LOG OUTPUT ###############
Task: 9
Node: 9
Timestamp: 2017-08-16 03:07:37
Success: TRUE
Task duration:
    user   system  elapsed 
 701.608   92.376 2818.825 
Memory used:
          used (Mb) gc trigger  (Mb) max used (Mb)
Ncells 1646639 88.0    2637877 140.9  1850687 98.9
Vcells 1728608 13.2    3142662  24.0  2552116 19.5
Log messages:
stderr and stdout:
[1] ---- ENCSR228IKB (chr19) (1/2)
[1] "Data table read. Merging with Fimo..."
[1] "Merged. Now splitting table to regions and hits..."
[1] filling 801846 regions, 1152598 hits for ENCSR228IKB
[1] 23482853 hits in 14637230 regions
[1] ---- ENCSR522WLH (chr19) (2/2)
[1] "Data table read. Merging with Fimo..."
[1] "Merged. Now splitting table to regions and hits..."
[1] filling 535522 regions, 771761 hits for ENCSR522WLH
[1] 29327225 hits in 18421375 regions
############### LOG OUTPUT ###############
Task: 10
Node: 10
Timestamp: 2017-08-16 03:08:29
Success: TRUE
Task duration:
    user   system  elapsed 
 783.332  100.924 2876.445 
Memory used:
          used (Mb) gc trigger  (Mb) max used (Mb)
Ncells 1646641 88.0    2637877 140.9  1850690 98.9
Vcells 1728607 13.2    3142662  24.0  2552116 19.5
Log messages:
stderr and stdout:
[1] ---- ENCSR228IKB (chr20) (1/2)
[1] "Data table read. Merging with Fimo..."
[1] "Merged. Now splitting table to regions and hits..."
[1] filling 838471 regions, 1407956 hits for ENCSR228IKB
[1] 50676680 hits in 24222428 regions
[1] ---- ENCSR522WLH (chr20) (2/2)
[1] "Data table read. Merging with Fimo..."
[1] "Merged. Now splitting table to regions and hits..."
[1] filling 561013 regions, 921033 hits for ENCSR522WLH
[1] 63574871 hits in 31434965 regions
############### LOG OUTPUT ###############
Task: 8
Node: 8
Timestamp: 2017-08-16 03:10:16
Success: TRUE
Task duration:
    user   system  elapsed 
 781.892   75.300 2977.832 
Memory used:
          used (Mb) gc trigger  (Mb) max used (Mb)
Ncells 1646640 88.0    2637877 140.9  1850687 98.9
Vcells 1728609 13.2    3142662  24.0  2552116 19.5
Log messages:
stderr and stdout:
[1] ---- ENCSR228IKB (chr18) (1/2)
[1] "Data table read. Merging with Fimo..."
[1] "Merged. Now splitting table to regions and hits..."
[1] filling 318770 regions, 453846 hits for ENCSR228IKB
[1] 23936699 hits in 14956000 regions
[1] ---- ENCSR522WLH (chr18) (2/2)
[1] "Data table read. Merging with Fimo..."
[1] "Merged. Now splitting table to regions and hits..."
[1] filling 188431 regions, 269890 hits for ENCSR522WLH
[1] 29597115 hits in 18553711 regions
############### LOG OUTPUT ###############
Task: 9
Node: 9
Timestamp: 2017-08-16 03:10:32
Success: TRUE
Task duration:
    user   system  elapsed 
 915.468   56.176 2991.377 
Memory used:
          used (Mb) gc trigger  (Mb) max used (Mb)
Ncells 1646642 88.0    2637877 140.9  1850690 98.9
Vcells 1728608 13.2    3142662  24.0  2552116 19.5
Log messages:
stderr and stdout:
[1] ---- ENCSR228IKB (chr19) (1/2)
[1] "Data table read. Merging with Fimo..."
[1] "Merged. Now splitting table to regions and hits..."
[1] filling 1205182 regions, 2171033 hits for ENCSR228IKB
[1] 52847713 hits in 25427610 regions
[1] ---- ENCSR522WLH (chr19) (2/2)
[1] "Data table read. Merging with Fimo..."
[1] "Merged. Now splitting table to regions and hits..."
[1] filling 900987 regions, 1560416 hits for ENCSR522WLH
[1] 65135287 hits in 31753695 regions
############### LOG OUTPUT ###############
Task: 5
Node: 5
Timestamp: 2017-08-16 03:12:32
Success: TRUE
Task duration:
    user   system  elapsed 
 880.264   94.480 3113.064 
Memory used:
          used (Mb) gc trigger  (Mb) max used (Mb)
Ncells 1646641 88.0    2637877 140.9  1850687 98.9
Vcells 1728610 13.2    3142662  24.0  2552116 19.5
Log messages:
stderr and stdout:
[1] ---- ENCSR228IKB (chr15) (1/2)
[1] "Data table read. Merging with Fimo..."
[1] "Merged. Now splitting table to regions and hits..."
[1] filling 523708 regions, 746894 hits for ENCSR228IKB
[1] 25731074 hits in 16206714 regions
[1] ---- ENCSR522WLH (chr15) (2/2)
[1] "Data table read. Merging with Fimo..."
[1] "Merged. Now splitting table to regions and hits..."
[1] filling 328536 regions, 470116 hits for ENCSR522WLH
[1] 30067231 hits in 18780653 regions
############### LOG OUTPUT ###############
Task: 6
Node: 6
Timestamp: 2017-08-16 03:12:33
Success: TRUE
Task duration:
    user   system  elapsed 
 882.068   87.520 3116.278 
Memory used:
          used (Mb) gc trigger  (Mb) max used (Mb)
Ncells 1646642 88.0    2637877 140.9  1850687 98.9
Vcells 1728611 13.2    3142662  24.0  2552116 19.5
Log messages:
stderr and stdout:
[1] ---- ENCSR228IKB (chr16) (1/2)
[1] "Data table read. Merging with Fimo..."
[1] "Merged. Now splitting table to regions and hits..."
[1] filling 727006 regions, 1047481 hits for ENCSR228IKB
[1] 24984180 hits in 15683006 regions
[1] ---- ENCSR522WLH (chr16) (2/2)
[1] "Data table read. Merging with Fimo..."
[1] "Merged. Now splitting table to regions and hits..."
[1] filling 461552 regions, 667238 hits for ENCSR522WLH
[1] 30734469 hits in 19092653 regions
############### LOG OUTPUT ###############
Task: 8
Node: 8
Timestamp: 2017-08-16 03:14:18
Success: TRUE
Task duration:
    user   system  elapsed 
 994.220  110.404 3232.309 
Memory used:
          used (Mb) gc trigger  (Mb) max used (Mb)
Ncells 1646643 88.0    2637877 140.9  1850690 98.9
Vcells 1728609 13.2    3142662  24.0  2552116 19.5
Log messages:
stderr and stdout:
[1] ---- ENCSR228IKB (chr18) (1/2)
[1] "Data table read. Merging with Fimo..."
[1] "Merged. Now splitting table to regions and hits..."
[1] filling 644260 regions, 1066955 hits for ENCSR228IKB
[1] 53914668 hits in 26071870 regions
[1] ---- ENCSR522WLH (chr18) (2/2)
[1] "Data table read. Merging with Fimo..."
[1] "Merged. Now splitting table to regions and hits..."
[1] filling 385397 regions, 623791 hits for ENCSR522WLH
[1] 70549328 hits in 34752649 regions
############### LOG OUTPUT ###############
Task: 3
Node: 3
Timestamp: 2017-08-16 03:14:22
Success: TRUE
Task duration:
    user   system  elapsed 
 885.464  171.064 3221.961 
Memory used:
          used (Mb) gc trigger  (Mb) max used (Mb)
Ncells 1646643 88.0    2637877 140.9  1850687 98.9
Vcells 1728612 13.2    3142662  24.0  2552116 19.5
Log messages:
stderr and stdout:
[1] ---- ENCSR228IKB (chr13) (1/2)
[1] "Data table read. Merging with Fimo..."
[1] "Merged. Now splitting table to regions and hits..."
[1] filling 313177 regions, 448824 hits for ENCSR228IKB
[1] 26879390 hits in 17009340 regions
[1] ---- ENCSR522WLH (chr13) (2/2)
[1] "Data table read. Merging with Fimo..."
[1] "Merged. Now splitting table to regions and hits..."
[1] filling 199477 regions, 287190 hits for ENCSR522WLH
[1] 33126412 hits in 20710433 regions
############### LOG OUTPUT ###############
Task: 5
Node: 5
Timestamp: 2017-08-16 03:15:17
Success: TRUE
Task duration:
    user   system  elapsed 
1034.628   98.040 3280.034 
Memory used:
          used (Mb) gc trigger  (Mb) max used (Mb)
Ncells 1646644 88.0    2637877 140.9  1850690 98.9
Vcells 1728610 13.2    3142662  24.0  2552116 19.5
Log messages:
stderr and stdout:
[1] ---- ENCSR228IKB (chr15) (1/2)
[1] "Data table read. Merging with Fimo..."
[1] "Merged. Now splitting table to regions and hits..."
[1] filling 959518 regions, 1641633 hits for ENCSR228IKB
[1] 55556301 hits in 27031388 regions
[1] ---- ENCSR522WLH (chr15) (2/2)
[1] "Data table read. Merging with Fimo..."
[1] "Merged. Now splitting table to regions and hits..."
[1] filling 650971 regions, 1077266 hits for ENCSR522WLH
[1] 71626594 hits in 35052435 regions
############### LOG OUTPUT ###############
Task: 4
Node: 4
Timestamp: 2017-08-16 03:15:31
Success: TRUE
Task duration:
    user   system  elapsed 
 925.740  197.644 3291.291 
Memory used:
          used (Mb) gc trigger  (Mb) max used (Mb)
Ncells 1646644 88.0    2637877 140.9  1850687 98.9
Vcells 1728613 13.2    3142662  24.0  2552116 19.5
Log messages:
stderr and stdout:
[1] ---- ENCSR228IKB (chr14) (1/2)
[1] "Data table read. Merging with Fimo..."
[1] "Merged. Now splitting table to regions and hits..."
[1] filling 489449 regions, 699492 hits for ENCSR228IKB
[1] 26430566 hits in 16696163 regions
[1] ---- ENCSR522WLH (chr14) (2/2)
[1] "Data table read. Merging with Fimo..."
[1] "Merged. Now splitting table to regions and hits..."
[1] filling 324321 regions, 464611 hits for ENCSR522WLH
[1] 33591023 hits in 20938653 regions
############### LOG OUTPUT ###############
Task: 6
Node: 6
Timestamp: 2017-08-16 03:15:41
Success: TRUE
Task duration:
    user   system  elapsed 
1048.316  101.060 3303.492 
Memory used:
          used (Mb) gc trigger  (Mb) max used (Mb)
Ncells 1646645 88.0    2637877 140.9  1850690 98.9
Vcells 1728611 13.2    3142662  24.0  2552116 19.5
Log messages:
stderr and stdout:
[1] ---- ENCSR228IKB (chr16) (1/2)
[1] "Data table read. Merging with Fimo..."
[1] "Merged. Now splitting table to regions and hits..."
[1] filling 1135541 regions, 1968526 hits for ENCSR228IKB
[1] 57524827 hits in 28166929 regions
[1] ---- ENCSR522WLH (chr16) (2/2)
[1] "Data table read. Merging with Fimo..."
[1] "Merged. Now splitting table to regions and hits..."
[1] filling 792174 regions, 1329106 hits for ENCSR522WLH
[1] 72955700 hits in 35408537 regions
############### LOG OUTPUT ###############
Task: 4
Node: 4
Timestamp: 2017-08-16 03:16:02
Success: TRUE
Task duration:
    user   system  elapsed 
1046.620  120.884 3325.945 
Memory used:
          used (Mb) gc trigger  (Mb) max used (Mb)
Ncells 1646646 88.0    2637877 140.9  1850690 98.9
Vcells 1728612 13.2    3142662  24.0  2552116 19.5
Log messages:
stderr and stdout:
[1] ---- ENCSR228IKB (chr14) (1/2)
[1] "Data table read. Merging with Fimo..."
[1] "Merged. Now splitting table to regions and hits..."
[1] filling 922102 regions, 1573402 hits for ENCSR228IKB
[1] 59098229 hits in 29089031 regions
[1] ---- ENCSR522WLH (chr14) (2/2)
[1] "Data table read. Merging with Fimo..."
[1] "Merged. Now splitting table to regions and hits..."
[1] filling 623586 regions, 1029595 hits for ENCSR522WLH
[1] 73985295 hits in 35702101 regions
############### LOG OUTPUT ###############
Task: 7
Node: 7
Timestamp: 2017-08-16 03:17:47
Success: TRUE
Task duration:
    user   system  elapsed 
 965.504  207.844 3425.835 
Memory used:
          used (Mb) gc trigger  (Mb) max used (Mb)
Ncells 1646645 88.0    2637877 140.9  1850687 98.9
Vcells 1728614 13.2    3142662  24.0  2552116 19.5
Log messages:
stderr and stdout:
[1] ---- ENCSR228IKB (chr17) (1/2)
[1] "Data table read. Merging with Fimo..."
[1] "Merged. Now splitting table to regions and hits..."
[1] filling 846750 regions, 1210852 hits for ENCSR228IKB
[1] 28555464 hits in 18086675 regions
[1] ---- ENCSR522WLH (chr17) (2/2)
[1] "Data table read. Merging with Fimo..."
[1] "Merged. Now splitting table to regions and hits..."
[1] filling 564244 regions, 810722 hits for ENCSR522WLH
[1] 34401745 hits in 21317756 regions
############### LOG OUTPUT ###############
Task: 7
Node: 7
Timestamp: 2017-08-16 03:17:51
Success: TRUE
Task duration:
    user   system  elapsed 
1066.484  107.600 3427.732 
Memory used:
          used (Mb) gc trigger  (Mb) max used (Mb)
Ncells 1646647 88.0    2637877 140.9  1850690 98.9
Vcells 1728613 13.2    3142662  24.0  2552116 19.5
Log messages:
stderr and stdout:
[1] ---- ENCSR228IKB (chr17) (1/2)
[1] "Data table read. Merging with Fimo..."
[1] "Merged. Now splitting table to regions and hits..."
[1] filling 1358218 regions, 2377631 hits for ENCSR228IKB
[1] 61475860 hits in 30447249 regions
[1] ---- ENCSR522WLH (chr17) (2/2)
[1] "Data table read. Merging with Fimo..."
[1] "Merged. Now splitting table to regions and hits..."
[1] filling 1001096 regions, 1684501 hits for ENCSR522WLH
[1] 76569821 hits in 36660267 regions
############### LOG OUTPUT ###############
Task: 3
Node: 3
Timestamp: 2017-08-16 03:19:20
Success: TRUE
Task duration:
    user   system  elapsed 
1177.480  177.356 3521.169 
Memory used:
          used (Mb) gc trigger  (Mb) max used (Mb)
Ncells 1646648 88.0    2637877 140.9  1850690 98.9
Vcells 1728614 13.2    3142662  24.0  2552116 19.5
Log messages:
stderr and stdout:
[1] ---- ENCSR228IKB (chr13) (1/2)
[1] "Data table read. Merging with Fimo..."
[1] "Merged. Now splitting table to regions and hits..."
[1] filling 706289 regions, 1177978 hits for ENCSR228IKB
[1] 62653838 hits in 31153538 regions
[1] ---- ENCSR522WLH (chr13) (2/2)
[1] "Data table read. Merging with Fimo..."
[1] "Merged. Now splitting table to regions and hits..."
[1] filling 423894 regions, 694356 hits for ENCSR522WLH
[1] 77264177 hits in 36876093 regions
############### LOG OUTPUT ###############
Task: 2
Node: 2
Timestamp: 2017-08-16 03:24:34
Success: TRUE
Task duration:
    user   system  elapsed 
1236.440  180.164 3825.900 
Memory used:
          used (Mb) gc trigger  (Mb) max used (Mb)
Ncells 1646646 88.0    2637877 140.9  1850687 98.9
Vcells 1728615 13.2    3142662  24.0  2552116 19.5
Log messages:
stderr and stdout:
[1] ---- ENCSR228IKB (chr12) (1/2)
[1] "Data table read. Merging with Fimo..."
[1] "Merged. Now splitting table to regions and hits..."
[1] filling 674746 regions, 963215 hits for ENCSR228IKB
[1] 31697684 hits in 19767399 regions
[1] ---- ENCSR522WLH (chr12) (2/2)
[1] "Data table read. Merging with Fimo..."
[1] "Merged. Now splitting table to regions and hits..."
[1] filling 437139 regions, 626611 hits for ENCSR522WLH
[1] 35349515 hits in 21835488 regions
############### LOG OUTPUT ###############
Task: 1
Node: 1
Timestamp: 2017-08-16 03:24:59
Success: TRUE
Task duration:
    user   system  elapsed 
1270.856  163.808 3858.864 
Memory used:
          used (Mb) gc trigger  (Mb) max used (Mb)
Ncells 1646649 88.0    2637877 140.9  1850690 98.9
Vcells 1728615 13.2    3142662  24.0  2552116 19.5
Log messages:
stderr and stdout:
[1] ---- ENCSR228IKB (chr11) (1/2)
[1] "Data table read. Merging with Fimo..."
[1] "Merged. Now splitting table to regions and hits..."
[1] filling 1491108 regions, 2538245 hits for ENCSR228IKB
[1] 69925537 hits in 34554963 regions
[1] ---- ENCSR522WLH (chr11) (2/2)
[1] "Data table read. Merging with Fimo..."
[1] "Merged. Now splitting table to regions and hits..."
[1] filling 987864 regions, 1633281 hits for ENCSR522WLH
[1] 78897458 hits in 37334246 regions
############### LOG OUTPUT ###############
Task: 2
Node: 2
Timestamp: 2017-08-16 03:26:25
Success: TRUE
Task duration:
    user   system  elapsed 
1358.780  163.024 3936.419 
Memory used:
          used (Mb) gc trigger  (Mb) max used (Mb)
Ncells 1646650 88.0    2637877 140.9  1850690 98.9
Vcells 1728616 13.2    3142662  24.0  2552116 19.5
Log messages:
stderr and stdout:
[1] ---- ENCSR228IKB (chr12) (1/2)
[1] "Data table read. Merging with Fimo..."
[1] "Merged. Now splitting table to regions and hits..."
[1] filling 1310160 regions, 2252005 hits for ENCSR228IKB
[1] 67387292 hits in 34554963 regions
[1] ---- ENCSR522WLH (chr12) (2/2)
[1] "Data table read. Merging with Fimo..."
[1] "Merged. Now splitting table to regions and hits..."
[1] filling 890194 regions, 1480681 hits for ENCSR522WLH
[1] 80378139 hits in 37740367 regions
############### LOG OUTPUT ###############
Task: 1
Node: 1
Timestamp: 2017-08-16 03:26:28
Success: TRUE
Task duration:
    user   system  elapsed 
1316.092  222.960 3939.213 
Memory used:
          used (Mb) gc trigger  (Mb) max used (Mb)
Ncells 1646647 88.0    2637877 140.9  1850687 98.9
Vcells 1728616 13.2    3142662  24.0  2552116 19.5
Log messages:
stderr and stdout:
[1] ---- ENCSR228IKB (chr11) (1/2)
[1] "Data table read. Merging with Fimo..."
[1] "Merged. Now splitting table to regions and hits..."
[1] filling 801278 regions, 1141538 hits for ENCSR228IKB
[1] 32839222 hits in 20568677 regions
[1] ---- ENCSR522WLH (chr11) (2/2)
[1] "Data table read. Merging with Fimo..."
[1] "Merged. Now splitting table to regions and hits..."
[1] filling 514989 regions, 736255 hits for ENCSR522WLH
[1] 36085770 hits in 22195086 regions
############### LOG OUTPUT ###############
Task: 13
Node: 13
Timestamp: 2017-08-16 03:29:20
Success: TRUE
Task duration:
    user   system  elapsed 
1316.968  387.884 4119.601 
Memory used:
          used (Mb) gc trigger  (Mb) max used (Mb)
Ncells 1646648 88.0    2637877 140.9  1850687 98.9
Vcells 1728617 13.2    3142662  24.0  2552116 19.5
Log messages:
stderr and stdout:
[1] ---- ENCSR228IKB (chrX) (1/2)
[1] "Data table read. Merging with Fimo..."
[1] "Merged. Now splitting table to regions and hits..."
[1] filling 221163 regions, 321159 hits for ENCSR228IKB
[1] 34722904 hits in 21538919 regions
[1] ---- ENCSR522WLH (chrX) (2/2)
[1] "Data table read. Merging with Fimo..."
[1] "Merged. Now splitting table to regions and hits..."
[1] filling 189168 regions, 274282 hits for ENCSR522WLH
[1] 36360052 hits in 22307282 regions
> 
> print(bpok(result))
 [1] TRUE TRUE TRUE TRUE TRUE TRUE TRUE TRUE TRUE TRUE TRUE TRUE TRUE TRUE TRUE
> print("Database fill complete")
[1] "Database fill complete"
> print(date())
[1] "Wed Aug 16 03:29:21 2017"
> 
############### LOG OUTPUT ###############
Task: 13
Node: 13
Timestamp: 2017-08-16 03:30:47
Success: TRUE
Task duration:
    user   system  elapsed 
1505.360  285.516 4208.485 
Memory used:
          used (Mb) gc trigger  (Mb) max used (Mb)
Ncells 1646651 88.0    2637877 140.9  1850690 98.9
Vcells 1728617 13.2    3142662  24.0  2552116 19.5
Log messages:
stderr and stdout:
[1] ---- ENCSR228IKB (chrX) (1/2)
[1] "Data table read. Merging with Fimo..."
[1] "Merged. Now splitting table to regions and hits..."
[1] filling 529859 regions, 900025 hits for ENCSR228IKB
[1] 74885320 hits in 36231960 regions
[1] ---- ENCSR522WLH (chrX) (2/2)
[1] "Data table read. Merging with Fimo..."
[1] "Merged. Now splitting table to regions and hits..."
[1] filling 415741 regions, 677668 hits for ENCSR522WLH
[1] 81055807 hits in 37934912 regions
> 
> print(bpok(result))
 [1] TRUE TRUE TRUE TRUE TRUE TRUE TRUE TRUE TRUE TRUE TRUE TRUE TRUE TRUE TRUE
> print("Database fill complete")
[1] "Database fill complete"
> print(date())
[1] "Wed Aug 16 03:30:48 2017"
> 
You are now connected to database "pancreas_wellington_20" as user "root".
CREATE INDEX
CREATE INDEX
You are now connected to database "pancreas_hint_20" as user "root".
CREATE INDEX
CREATE INDEX
