CREATE DATABASE
GRANT
CREATE DATABASE
GRANT
You are now connected to database "lymphoblast_wellington_20" as user "postgres".
CREATE TABLE
GRANT
CREATE TABLE
GRANT
You are now connected to database "lymphoblast_hint_20" as user "postgres".
CREATE TABLE
GRANT
CREATE TABLE
GRANT

R version 3.4.1 (2017-06-30) -- "Single Candle"
Copyright (C) 2017 The R Foundation for Statistical Computing
Platform: x86_64-pc-linux-gnu (64-bit)

R is free software and comes with ABSOLUTELY NO WARRANTY.
You are welcome to redistribute it under certain conditions.
Type 'license()' or 'licence()' for distribution details.

  Natural language support but running in an English locale

R is a collaborative project with many contributors.
Type 'contributors()' for more information and
'citation()' on how to cite R or R packages in publications.

Type 'demo()' for some demos, 'help()' for on-line help, or
'help.start()' for an HTML browser interface to help.
Type 'q()' to quit R.

> # users can either step through this file, or call this file with 
> # r -f example.R
> 
> # THIS ASSUMES THAT THE TESTHINT DATABASE EXISTS. The recipe for building that
> # database is in ../dbInitialization/createHintTest.sql
> 
> # THIS EXAMPLE USES THE BRAIN HINT OUTPUT MADE BY RUNNING make hint at /scratch/data/footprints
> 
> print(date())
[1] "Tue Aug  8 16:05:20 2017"
> #-------------------------------------------------------------------------------
> # set path to hint output 
> data.path <- "/scratch/data/footprints/lymphoblast_hint_20"
> #-------------------------------------------------------------------------------
> # establish database connections:
> 
> if(!exists("db.hint"))
+     db.hint <- "lymphoblast_hint_20_localhost"
> 
> if(!exists("db.fimo"))
+     db.fimo <- "fimo_localhost"
> #-------------------------------------------------------------------------------
> # Source the libraries
> source("../src/dependencies.R")
Loading required package: stats4
Loading required package: BiocGenerics
Loading required package: parallel

Attaching package: ‘BiocGenerics’

The following objects are masked from ‘package:parallel’:

    clusterApply, clusterApplyLB, clusterCall, clusterEvalQ,
    clusterExport, clusterMap, parApply, parCapply, parLapply,
    parLapplyLB, parRapply, parSapply, parSapplyLB

The following objects are masked from ‘package:stats’:

    IQR, mad, sd, var, xtabs

The following objects are masked from ‘package:base’:

    anyDuplicated, append, as.data.frame, cbind, colMeans, colnames,
    colSums, do.call, duplicated, eval, evalq, Filter, Find, get, grep,
    grepl, intersect, is.unsorted, lapply, lengths, Map, mapply, match,
    mget, order, paste, pmax, pmax.int, pmin, pmin.int, Position, rank,
    rbind, Reduce, rowMeans, rownames, rowSums, sapply, setdiff, sort,
    table, tapply, union, unique, unsplit, which, which.max, which.min

Loading required package: S4Vectors

Attaching package: ‘S4Vectors’

The following object is masked from ‘package:base’:

    expand.grid

Loading required package: IRanges
Loading required package: GenomeInfoDb
Loading required package: DBI
> source("../src/dbFunctions.R")
> source("../src/tableParsing.R")
> source("../src/tests.R")
> source("../src/main_Bioc.R")
> 
> if(!interactive()){    
+     chromosomes <- paste0("chr",1:10)
+     
+     # Create parallel structure here    
+     library(BiocParallel)    
+     register(MulticoreParam(workers = 25, stop.on.error = FALSE, log = TRUE), default = TRUE)
+ 
+     # Run on all 24 possible chromosomes at once
+     result <- bptry(bplapply(chromosomes,fillAllSamplesByChromosome,
+              dbConnection = db.hint,             
+              fimo = db.fimo,             
+              minid = "lymphoblast_hint_20.minid",             
+              dbUser = "trena",             
+              dbTable = "lymphoblast_hint_20",             
+              sourcePath = data.path,             
+              isTest = FALSE,             
+              method = "HINT"))    
+ }

R version 3.4.1 (2017-06-30) -- "Single Candle"
Copyright (C) 2017 The R Foundation for Statistical Computing
Platform: x86_64-pc-linux-gnu (64-bit)

R is free software and comes with ABSOLUTELY NO WARRANTY.
You are welcome to redistribute it under certain conditions.
Type 'license()' or 'licence()' for distribution details.

  Natural language support but running in an English locale

R is a collaborative project with many contributors.
Type 'contributors()' for more information and
'citation()' on how to cite R or R packages in publications.

Type 'demo()' for some demos, 'help()' for on-line help, or
'help.start()' for an HTML browser interface to help.
Type 'q()' to quit R.

> # users can either step through this file, or call this file with 
> # r -f example.R
> 
> # THIS ASSUMES THAT THE TESTHINT DATABASE EXISTS. The recipe for building that
> # database is in ../dbInitialization/createHintTest.sql
> 
> # THIS EXAMPLE USES THE BRAIN HINT OUTPUT MADE BY RUNNING make hint at /scratch/data/footprints
> 
> print(date())
[1] "Tue Aug  8 16:05:29 2017"
> #-------------------------------------------------------------------------------
> # set path to hint output 
> data.path <- "/scratch/data/footprints/lymphoblast_wellington_20"
> #-------------------------------------------------------------------------------
> # establish database connections:
> 
> if(!exists("db.wellington"))
+     db.wellington <- "lymphoblast_wellington_20_localhost"
> 
> if(!exists("db.fimo"))
+     db.fimo <- "fimo_localhost"
> #-------------------------------------------------------------------------------
> # Source the libraries
> source("../src/dependencies.R")
Loading required package: stats4
Loading required package: BiocGenerics
Loading required package: parallel

Attaching package: ‘BiocGenerics’

The following objects are masked from ‘package:parallel’:

    clusterApply, clusterApplyLB, clusterCall, clusterEvalQ,
    clusterExport, clusterMap, parApply, parCapply, parLapply,
    parLapplyLB, parRapply, parSapply, parSapplyLB

The following objects are masked from ‘package:stats’:

    IQR, mad, sd, var, xtabs

The following objects are masked from ‘package:base’:

    anyDuplicated, append, as.data.frame, cbind, colMeans, colnames,
    colSums, do.call, duplicated, eval, evalq, Filter, Find, get, grep,
    grepl, intersect, is.unsorted, lapply, lengths, Map, mapply, match,
    mget, order, paste, pmax, pmax.int, pmin, pmin.int, Position, rank,
    rbind, Reduce, rowMeans, rownames, rowSums, sapply, setdiff, sort,
    table, tapply, union, unique, unsplit, which, which.max, which.min

Loading required package: S4Vectors

Attaching package: ‘S4Vectors’

The following object is masked from ‘package:base’:

    expand.grid

Loading required package: IRanges
Loading required package: GenomeInfoDb
Loading required package: DBI
> source("../src/dbFunctions.R")
> source("../src/tableParsing.R")
> source("../src/tests.R")
> source("../src/main_Bioc.R")
> 
> if(!interactive()){    
+     chromosomes <- paste0("chr",1:10)
+     
+     # Create parallel structure here
+     library(BiocParallel)
+     register(MulticoreParam(workers = 25, stop.on.error = FALSE, log = TRUE), default = TRUE)
+ 
+     # Run on all 24 possible chromosomes at once
+     result <- bptry(bplapply(chromosomes, fillAllSamplesByChromosome,
+              dbConnection = db.wellington,
+              fimo = db.fimo,
+              minid = "lymphoblast_wellington_20.minid",
+              dbUser = "trena",
+              dbTable = "lymphoblast_wellington_20",
+              sourcePath = data.path,
+              isTest = FALSE,
+              method = "WELLINGTON"))
+ }
############### LOG OUTPUT ###############
Task: 9
Node: 9
Timestamp: 2017-08-08 21:19:08
Success: TRUE
Task duration:
     user    system   elapsed 
 8077.488  2095.308 18792.499 
Memory used:
          used (Mb) gc trigger  (Mb) max used (Mb)
Ncells 1644540 87.9    2637877 140.9  1848581 98.8
Vcells 1726038 13.2    3142662  24.0  2551855 19.5
Log messages:
stderr and stdout:
[1] ---- ENCSR000DBY (chr9) (1/21)
[1] "Data table read. Merging with Fimo..."
[1] "Merged. Now splitting table to regions and hits..."
[1] filling 42716 regions, 59622 hits for ENCSR000DBY
[1] 59622 hits in 42716 regions
[1] ---- ENCSR000DBZ (chr9) (2/21)
[1] "Data table read. Merging with Fimo..."
[1] "Merged. Now splitting table to regions and hits..."
[1] filling 180951 regions, 255695 hits for ENCSR000DBZ
[1] 585303 hits in 406656 regions
[1] ---- ENCSR000DCA (chr9) (3/21)
[1] "Data table read. Merging with Fimo..."
[1] "Merged. Now splitting table to regions and hits..."
[1] filling 119130 regions, 170096 hits for ENCSR000DCA
[1] 1584331 hits in 1062486 regions
[1] ---- ENCSR000DCB (chr9) (4/21)
[1] "Data table read. Merging with Fimo..."
[1] "Merged. Now splitting table to regions and hits..."
[1] filling 133906 regions, 190324 hits for ENCSR000DCB
[1] 2577468 hits in 1650716 regions
[1] ---- ENCSR000DCC (chr9) (5/21)
[1] "Data table read. Merging with Fimo..."
[1] "Merged. Now splitting table to regions and hits..."
[1] filling 99314 regions, 141977 hits for ENCSR000DCC
[1] 3859139 hits in 2389935 regions
[1] ---- ENCSR000EJB (chr9) (6/21)
[1] "Data table read. Merging with Fimo..."
[1] "Merged. Now splitting table to regions and hits..."
[1] filling 407691 regions, 576272 hits for ENCSR000EJB
[1] 5399601 hits in 3273827 regions
[1] ---- ENCSR000EJC (chr9) (7/21)
[1] "Data table read. Merging with Fimo..."
[1] "Merged. Now splitting table to regions and hits..."
[1] filling 176378 regions, 248832 hits for ENCSR000EJC
[1] 5648433 hits in 3373227 regions
[1] ---- ENCSR000EJD (chr9) (8/21)
[1] "Data table read. Merging with Fimo..."
[1] "Merged. Now splitting table to regions and hits..."
[1] filling 411024 regions, 581642 hits for ENCSR000EJD
[1] 8037902 hits in 4677607 regions
[1] ---- ENCSR000EJE (chr9) (9/21)
[1] "Data table read. Merging with Fimo..."
[1] "Merged. Now splitting table to regions and hits..."
[1] filling 384666 regions, 545198 hits for ENCSR000EJE
[1] 11102711 hits in 6338100 regions
[1] ---- ENCSR000EJF (chr9) (10/21)
[1] "Data table read. Merging with Fimo..."
[1] "Merged. Now splitting table to regions and hits..."
[1] filling 392403 regions, 556836 hits for ENCSR000EJF
[1] 12934966 hits in 7126485 regions
[1] ---- ENCSR000EJG (chr9) (11/21)
[1] "Data table read. Merging with Fimo..."
[1] "Merged. Now splitting table to regions and hits..."
[1] filling 149776 regions, 210479 hits for ENCSR000EJG
[1] 14652565 hits in 7888256 regions
[1] ---- ENCSR000EJH (chr9) (12/21)
[1] "Data table read. Merging with Fimo..."
[1] "Merged. Now splitting table to regions and hits..."
[1] filling 65767 regions, 91789 hits for ENCSR000EJH
[1] 16566825 hits in 8654116 regions
[1] ---- ENCSR000EJI (chr9) (13/21)
[1] "Data table read. Merging with Fimo..."
[1] "Merged. Now splitting table to regions and hits..."
[1] filling 186019 regions, 264558 hits for ENCSR000EJI
[1] 17034187 hits in 8797418 regions
[1] ---- ENCSR000EJJ (chr9) (14/21)
[1] "Data table read. Merging with Fimo..."
[1] "Merged. Now splitting table to regions and hits..."
[1] filling 311919 regions, 442206 hits for ENCSR000EJJ
[1] 18499060 hits in 9359367 regions
[1] ---- ENCSR000EJK (chr9) (15/21)
[1] "Data table read. Merging with Fimo..."
[1] "Merged. Now splitting table to regions and hits..."
[1] filling 310083 regions, 439571 hits for ENCSR000EJK
[1] 20001535 hits in 9968571 regions
[1] ---- ENCSR000EJL (chr9) (16/21)
[1] "Data table read. Merging with Fimo..."
[1] "Merged. Now splitting table to regions and hits..."
[1] filling 269073 regions, 742334 hits for ENCSR000EJL
[1] 23186556 hits in 11168397 regions
[1] ---- ENCSR000EJM (chr9) (17/21)
[1] "Data table read. Merging with Fimo..."
[1] "Merged. Now splitting table to regions and hits..."
[1] filling 178793 regions, 253405 hits for ENCSR000EJM
[1] 23859543 hits in 11328482 regions
[1] ---- ENCSR000EMQ (chr9) (18/21)
[1] "Data table read. Merging with Fimo..."
[1] "Merged. Now splitting table to regions and hits..."
[1] filling 281774 regions, 413327 hits for ENCSR000EMQ
[1] 24695524 hits in 11547583 regions
[1] ---- ENCSR000EMR (chr9) (19/21)
[1] "Data table read. Merging with Fimo..."
[1] "Merged. Now splitting table to regions and hits..."
[1] filling 111035 regions, 163212 hits for ENCSR000EMR
[1] 26680883 hits in 12136107 regions
[1] ---- ENCSR000EMS (chr9) (20/21)
[1] "Data table read. Merging with Fimo..."
[1] "Merged. Now splitting table to regions and hits..."
[1] filling 179219 regions, 259179 hits for ENCSR000EMS
[1] 27447011 hits in 12338593 regions
[1] ---- ENCSR000EMT (chr9) (21/21)
[1] "Data table read. Merging with Fimo..."
[1] "Merged. Now splitting table to regions and hits..."
[1] filling 186778 regions, 275822 hits for ENCSR000EMT
[1] 28373317 hits in 12594095 regions
############### LOG OUTPUT ###############
Task: 9
Node: 9
Timestamp: 2017-08-08 22:11:17
Success: TRUE
Task duration:
     user    system   elapsed 
 9840.624  2136.888 21922.554 
Memory used:
          used (Mb) gc trigger  (Mb) max used (Mb)
Ncells 1644543 87.9    2637877 140.9  1848586 98.8
Vcells 1726042 13.2    3142662  24.0  2551855 19.5
Log messages:
stderr and stdout:
[1] ---- ENCSR000DBY (chr9) (1/21)
[1] "Data table read. Merging with Fimo..."
[1] "Merged. Now splitting table to regions and hits..."
[1] filling 156826 regions, 228647 hits for ENCSR000DBY
[1] 228647 hits in 156826 regions
[1] ---- ENCSR000DBZ (chr9) (2/21)
[1] "Data table read. Merging with Fimo..."
[1] "Merged. Now splitting table to regions and hits..."
[1] filling 819746 regions, 1225082 hits for ENCSR000DBZ
[1] 2413024 hits in 1587685 regions
[1] ---- ENCSR000DCA (chr9) (3/21)
[1] "Data table read. Merging with Fimo..."
[1] "Merged. Now splitting table to regions and hits..."
[1] filling 579330 regions, 866455 hits for ENCSR000DCA
[1] 7039012 hits in 4393931 regions
[1] ---- ENCSR000DCB (chr9) (4/21)
[1] "Data table read. Merging with Fimo..."
[1] "Merged. Now splitting table to regions and hits..."
[1] filling 625237 regions, 950195 hits for ENCSR000DCB
[1] 12226089 hits in 7073997 regions
[1] ---- ENCSR000DCC (chr9) (5/21)
[1] "Data table read. Merging with Fimo..."
[1] "Merged. Now splitting table to regions and hits..."
[1] filling 505179 regions, 739783 hits for ENCSR000DCC
[1] 18035358 hits in 10062145 regions
[1] ---- ENCSR000EJB (chr9) (6/21)
[1] "Data table read. Merging with Fimo..."
[1] "Merged. Now splitting table to regions and hits..."
[1] filling 1282532 regions, 2072216 hits for ENCSR000EJB
[1] 24215556 hits in 12877255 regions
[1] ---- ENCSR000EJC (chr9) (7/21)
[1] "Data table read. Merging with Fimo..."
[1] "Merged. Now splitting table to regions and hits..."
[1] filling 439679 regions, 727159 hits for ENCSR000EJC
[1] 30590467 hits in 15166893 regions
[1] ---- ENCSR000EJD (chr9) (8/21)
[1] "Data table read. Merging with Fimo..."
[1] "Merged. Now splitting table to regions and hits..."
[1] filling 761021 regions, 1267512 hits for ENCSR000EJD
[1] 44904374 hits in 21657329 regions
[1] ---- ENCSR000EJE (chr9) (9/21)
[1] "Data table read. Merging with Fimo..."
[1] "Merged. Now splitting table to regions and hits..."
[1] filling 1023313 regions, 1677873 hits for ENCSR000EJE
[1] 50093319 hits in 23065056 regions
[1] ---- ENCSR000EJF (chr9) (10/21)
[1] "Data table read. Merging with Fimo..."
[1] "Merged. Now splitting table to regions and hits..."
[1] filling 973032 regions, 1604953 hits for ENCSR000EJF
[1] 56041204 hits in 24648588 regions
[1] ---- ENCSR000EJG (chr9) (11/21)
[1] "Data table read. Merging with Fimo..."
[1] "Merged. Now splitting table to regions and hits..."
[1] filling 335890 regions, 548142 hits for ENCSR000EJG
[1] 61839629 hits in 26024238 regions
[1] ---- ENCSR000EJH (chr9) (12/21)
[1] "Data table read. Merging with Fimo..."
[1] "Merged. Now splitting table to regions and hits..."
[1] filling 104854 regions, 155119 hits for ENCSR000EJH
[1] 64450543 hits in 26736261 regions
[1] ---- ENCSR000EJI (chr9) (13/21)
[1] "Data table read. Merging with Fimo..."
[1] "Merged. Now splitting table to regions and hits..."
[1] filling 746844 regions, 1269072 hits for ENCSR000EJI
[1] 68154967 hits in 27340606 regions
[1] ---- ENCSR000EJJ (chr9) (14/21)
[1] "Data table read. Merging with Fimo..."
[1] "Merged. Now splitting table to regions and hits..."
[1] filling 696018 regions, 1168704 hits for ENCSR000EJJ
[1] 82728595 hits in 31839720 regions
[1] ---- ENCSR000EJK (chr9) (15/21)
[1] "Data table read. Merging with Fimo..."
[1] "Merged. Now splitting table to regions and hits..."
[1] filling 770796 regions, 1262447 hits for ENCSR000EJK
[1] 85228377 hits in 32130195 regions
[1] ---- ENCSR000EJL (chr9) (16/21)
[1] "Data table read. Merging with Fimo..."
[1] "Merged. Now splitting table to regions and hits..."
[1] filling 581266 regions, 948633 hits for ENCSR000EJL
[1] 86177010 hits in 32220770 regions
[1] ---- ENCSR000EJM (chr9) (17/21)
[1] "Data table read. Merging with Fimo..."
[1] "Merged. Now splitting table to regions and hits..."
[1] filling 509255 regions, 869272 hits for ENCSR000EJM
[1] 93092435 hits in 33544223 regions
[1] ---- ENCSR000EMQ (chr9) (18/21)
[1] "Data table read. Merging with Fimo..."
[1] "Merged. Now splitting table to regions and hits..."
[1] filling 746069 regions, 1290342 hits for ENCSR000EMQ
[1] 97236167 hits in 34107808 regions
[1] ---- ENCSR000EMR (chr9) (19/21)
[1] "Data table read. Merging with Fimo..."
[1] "Merged. Now splitting table to regions and hits..."
[1] filling 340614 regions, 616688 hits for ENCSR000EMR
[1] 98994365 hits in 34268088 regions
[1] ---- ENCSR000EMS (chr9) (20/21)
[1] "Data table read. Merging with Fimo..."
[1] "Merged. Now splitting table to regions and hits..."
[1] filling 669058 regions, 1245564 hits for ENCSR000EMS
[1] 102496337 hits in 34555555 regions
[1] ---- ENCSR000EMT (chr9) (21/21)
[1] "Data table read. Merging with Fimo..."
[1] "Merged. Now splitting table to regions and hits..."
[1] filling 629750 regions, 1091897 hits for ENCSR000EMT
[1] 112463761 hits in 36513590 regions
############### LOG OUTPUT ###############
Task: 10
Node: 10
Timestamp: 2017-08-08 22:11:56
Success: TRUE
Task duration:
     user    system   elapsed 
 8342.420  1991.332 21962.879 
Memory used:
          used (Mb) gc trigger  (Mb) max used (Mb)
Ncells 1645524 87.9    2637877 140.9  1848581 98.8
Vcells 1728535 13.2    3142662  24.0  2551855 19.5
Log messages:
stderr and stdout:
[1] ---- ENCSR000DBY (chr10) (1/21)
[1] "Data table read. Merging with Fimo..."
[1] "Merged. Now splitting table to regions and hits..."
[1] filling 40019 regions, 56322 hits for ENCSR000DBY
[1] 115944 hits in 82735 regions
[1] ---- ENCSR000DBZ (chr10) (2/21)
[1] "Data table read. Merging with Fimo..."
[1] "Merged. Now splitting table to regions and hits..."
[1] filling 192854 regions, 274234 hits for ENCSR000DBZ
[1] 924035 hits in 635408 regions
[1] ---- ENCSR000DCA (chr10) (3/21)
[1] "Data table read. Merging with Fimo..."
[1] "Merged. Now splitting table to regions and hits..."
[1] filling 122642 regions, 174717 hits for ENCSR000DCA
[1] 2387144 hits in 1558329 regions
[1] ---- ENCSR000DCB (chr10) (4/21)
[1] "Data table read. Merging with Fimo..."
[1] "Merged. Now splitting table to regions and hits..."
[1] filling 137308 regions, 194880 hits for ENCSR000DCB
[1] 3717162 hits in 2328668 regions
[1] ---- ENCSR000DCC (chr10) (5/21)
[1] "Data table read. Merging with Fimo..."
[1] "Merged. Now splitting table to regions and hits..."
[1] filling 115824 regions, 165096 hits for ENCSR000DCC
[1] 4823329 hits in 2923651 regions
[1] ---- ENCSR000EJB (chr10) (6/21)
[1] "Data table read. Merging with Fimo..."
[1] "Merged. Now splitting table to regions and hits..."
[1] filling 430572 regions, 607309 hits for ENCSR000EJB
[1] 7099961 hits in 4229625 regions
[1] ---- ENCSR000EJC (chr10) (7/21)
[1] "Data table read. Merging with Fimo..."
[1] "Merged. Now splitting table to regions and hits..."
[1] filling 169862 regions, 238355 hits for ENCSR000EJC
[1] 8489077 hits in 4861883 regions
[1] ---- ENCSR000EJD (chr10) (8/21)
[1] "Data table read. Merging with Fimo..."
[1] "Merged. Now splitting table to regions and hits..."
[1] filling 422133 regions, 593936 hits for ENCSR000EJD
[1] 12156014 hits in 6837598 regions
[1] ---- ENCSR000EJE (chr10) (9/21)
[1] "Data table read. Merging with Fimo..."
[1] "Merged. Now splitting table to regions and hits..."
[1] filling 375410 regions, 530134 hits for ENCSR000EJE
[1] 14442086 hits in 7833414 regions
[1] ---- ENCSR000EJF (chr10) (10/21)
[1] "Data table read. Merging with Fimo..."
[1] "Merged. Now splitting table to regions and hits..."
[1] filling 392790 regions, 553510 hits for ENCSR000EJF
[1] 16271156 hits in 8538367 regions
[1] ---- ENCSR000EJG (chr10) (11/21)
[1] "Data table read. Merging with Fimo..."
[1] "Merged. Now splitting table to regions and hits..."
[1] filling 151664 regions, 212695 hits for ENCSR000EJG
[1] 18711755 hits in 9419911 regions
[1] ---- ENCSR000EJH (chr10) (12/21)
[1] "Data table read. Merging with Fimo..."
[1] "Merged. Now splitting table to regions and hits..."
[1] filling 71928 regions, 99811 hits for ENCSR000EJH
[1] 20700170 hits in 10187958 regions
[1] ---- ENCSR000EJI (chr10) (13/21)
[1] "Data table read. Merging with Fimo..."
[1] "Merged. Now splitting table to regions and hits..."
[1] filling 175470 regions, 248508 hits for ENCSR000EJI
[1] 22444222 hits in 11077001 regions
[1] ---- ENCSR000EJJ (chr10) (14/21)
[1] "Data table read. Merging with Fimo..."
[1] "Merged. Now splitting table to regions and hits..."
[1] filling 296968 regions, 419582 hits for ENCSR000EJJ
[1] 23606138 hits in 11282532 regions
[1] ---- ENCSR000EJK (chr10) (15/21)
[1] "Data table read. Merging with Fimo..."
[1] "Merged. Now splitting table to regions and hits..."
[1] filling 299302 regions, 422654 hits for ENCSR000EJK
[1] 24282197 hits in 11436633 regions
[1] ---- ENCSR000EJL (chr10) (16/21)
[1] "Data table read. Merging with Fimo..."
[1] "Merged. Now splitting table to regions and hits..."
[1] filling 262287 regions, 716534 hits for ENCSR000EJL
[1] 26324560 hits in 12068022 regions
[1] ---- ENCSR000EJM (chr10) (17/21)
[1] "Data table read. Merging with Fimo..."
[1] "Merged. Now splitting table to regions and hits..."
[1] filling 163056 regions, 229270 hits for ENCSR000EJM
[1] 26910153 hits in 12178251 regions
[1] ---- ENCSR000EMQ (chr10) (18/21)
[1] "Data table read. Merging with Fimo..."
[1] "Merged. Now splitting table to regions and hits..."
[1] filling 246512 regions, 360200 hits for ENCSR000EMQ
[1] 28097495 hits in 12552277 regions
[1] ---- ENCSR000EMR (chr10) (19/21)
[1] "Data table read. Merging with Fimo..."
[1] "Merged. Now splitting table to regions and hits..."
[1] filling 113896 regions, 167025 hits for ENCSR000EMR
[1] 28733966 hits in 12648222 regions
[1] ---- ENCSR000EMS (chr10) (20/21)
[1] "Data table read. Merging with Fimo..."
[1] "Merged. Now splitting table to regions and hits..."
[1] filling 178166 regions, 258318 hits for ENCSR000EMS
[1] 29323868 hits in 12772891 regions
[1] ---- ENCSR000EMT (chr10) (21/21)
[1] "Data table read. Merging with Fimo..."
[1] "Merged. Now splitting table to regions and hits..."
[1] filling 200391 regions, 298314 hits for ENCSR000EMT
[1] 33412650 hits in 14129252 regions
############### LOG OUTPUT ###############
Task: 8
Node: 8
Timestamp: 2017-08-08 22:35:32
Success: TRUE
Task duration:
     user    system   elapsed 
 8711.548  2150.552 23374.751 
Memory used:
          used (Mb) gc trigger  (Mb) max used (Mb)
Ncells 1645525 87.9    2637877 140.9  1848581 98.8
Vcells 1728536 13.2    3142662  24.0  2551855 19.5
Log messages:
stderr and stdout:
[1] ---- ENCSR000DBY (chr8) (1/21)
[1] "Data table read. Merging with Fimo..."
[1] "Merged. Now splitting table to regions and hits..."
[1] filling 33170 regions, 46946 hits for ENCSR000DBY
[1] 162890 hits in 115905 regions
[1] ---- ENCSR000DBZ (chr8) (2/21)
[1] "Data table read. Merging with Fimo..."
[1] "Merged. Now splitting table to regions and hits..."
[1] filling 157434 regions, 223700 hits for ENCSR000DBZ
[1] 1213109 hits in 832649 regions
[1] ---- ENCSR000DCA (chr8) (3/21)
[1] "Data table read. Merging with Fimo..."
[1] "Merged. Now splitting table to regions and hits..."
[1] filling 102795 regions, 146453 hits for ENCSR000DCA
[1] 2212427 hits in 1466129 regions
[1] ---- ENCSR000DCB (chr8) (4/21)
[1] "Data table read. Merging with Fimo..."
[1] "Merged. Now splitting table to regions and hits..."
[1] filling 112044 regions, 159936 hits for ENCSR000DCB
[1] 3522282 hits in 2233922 regions
[1] ---- ENCSR000DCC (chr8) (5/21)
[1] "Data table read. Merging with Fimo..."
[1] "Merged. Now splitting table to regions and hits..."
[1] filling 96080 regions, 136546 hits for ENCSR000DCC
[1] 4658233 hits in 2849087 regions
[1] ---- ENCSR000EJB (chr8) (6/21)
[1] "Data table read. Merging with Fimo..."
[1] "Merged. Now splitting table to regions and hits..."
[1] filling 324807 regions, 460758 hits for ENCSR000EJB
[1] 6109191 hits in 3651800 regions
[1] ---- ENCSR000EJC (chr8) (7/21)
[1] "Data table read. Merging with Fimo..."
[1] "Merged. Now splitting table to regions and hits..."
[1] filling 151205 regions, 212820 hits for ENCSR000EJC
[1] 8250722 hits in 4763706 regions
[1] ---- ENCSR000EJD (chr8) (8/21)
[1] "Data table read. Merging with Fimo..."
[1] "Merged. Now splitting table to regions and hits..."
[1] filling 325889 regions, 459367 hits for ENCSR000EJD
[1] 11562078 hits in 6549683 regions
[1] ---- ENCSR000EJE (chr8) (9/21)
[1] "Data table read. Merging with Fimo..."
[1] "Merged. Now splitting table to regions and hits..."
[1] filling 279283 regions, 395706 hits for ENCSR000EJE
[1] 13911952 hits in 7611256 regions
[1] ---- ENCSR000EJF (chr8) (10/21)
[1] "Data table read. Merging with Fimo..."
[1] "Merged. Now splitting table to regions and hits..."
[1] filling 287970 regions, 407685 hits for ENCSR000EJF
[1] 15551466 hits in 8253372 regions
[1] ---- ENCSR000EJG (chr8) (11/21)
[1] "Data table read. Merging with Fimo..."
[1] "Merged. Now splitting table to regions and hits..."
[1] filling 126190 regions, 177584 hits for ENCSR000EJG
[1] 20600359 hits in 10161007 regions
[1] ---- ENCSR000EJH (chr8) (12/21)
[1] "Data table read. Merging with Fimo..."
[1] "Merged. Now splitting table to regions and hits..."
[1] filling 64238 regions, 89794 hits for ENCSR000EJH
[1] 24785318 hits in 11572433 regions
[1] ---- ENCSR000EJI (chr8) (13/21)
[1] "Data table read. Merging with Fimo..."
[1] "Merged. Now splitting table to regions and hits..."
[1] filling 136353 regions, 193624 hits for ENCSR000EJI
[1] 28566941 hits in 12630568 regions
[1] ---- ENCSR000EJJ (chr8) (14/21)
[1] "Data table read. Merging with Fimo..."
[1] "Merged. Now splitting table to regions and hits..."
[1] filling 233337 regions, 331584 hits for ENCSR000EJJ
[1] 29065550 hits in 12732346 regions
[1] ---- ENCSR000EJK (chr8) (15/21)
[1] "Data table read. Merging with Fimo..."
[1] "Merged. Now splitting table to regions and hits..."
[1] filling 235340 regions, 332398 hits for ENCSR000EJK
[1] 29759511 hits in 12880229 regions
[1] ---- ENCSR000EJL (chr8) (16/21)
[1] "Data table read. Merging with Fimo..."
[1] "Merged. Now splitting table to regions and hits..."
[1] filling 200366 regions, 549162 hits for ENCSR000EJL
[1] 32025117 hits in 13706029 regions
[1] ---- ENCSR000EJM (chr8) (17/21)
[1] "Data table read. Merging with Fimo..."
[1] "Merged. Now splitting table to regions and hits..."
[1] filling 140561 regions, 199121 hits for ENCSR000EJM
[1] 32224238 hits in 13742848 regions
[1] ---- ENCSR000EMQ (chr8) (18/21)
[1] "Data table read. Merging with Fimo..."
[1] "Merged. Now splitting table to regions and hits..."
[1] filling 216281 regions, 315818 hits for ENCSR000EMQ
[1] 32540056 hits in 13827440 regions
[1] ---- ENCSR000EMR (chr8) (19/21)
[1] "Data table read. Merging with Fimo..."
[1] "Merged. Now splitting table to regions and hits..."
[1] filling 103280 regions, 151908 hits for ENCSR000EMR
[1] 33564558 hits in 14146744 regions
[1] ---- ENCSR000EMS (chr8) (20/21)
[1] "Data table read. Merging with Fimo..."
[1] "Merged. Now splitting table to regions and hits..."
[1] filling 158274 regions, 228325 hits for ENCSR000EMS
[1] 33792883 hits in 14186970 regions
[1] ---- ENCSR000EMT (chr8) (21/21)
[1] "Data table read. Merging with Fimo..."
[1] "Merged. Now splitting table to regions and hits..."
[1] filling 168627 regions, 250164 hits for ENCSR000EMT
[1] 34043047 hits in 14227872 regions
############### LOG OUTPUT ###############
Task: 8
Node: 8
Timestamp: 2017-08-08 23:05:37
Success: TRUE
Task duration:
     user    system   elapsed 
10671.752  2218.328 25181.345 
Memory used:
          used (Mb) gc trigger  (Mb) max used (Mb)
Ncells 1645527 87.9    2637877 140.9  1848586 98.8
Vcells 1728535 13.2    3142662  24.0  2551855 19.5
Log messages:
stderr and stdout:
[1] ---- ENCSR000DBY (chr8) (1/21)
[1] "Data table read. Merging with Fimo..."
[1] "Merged. Now splitting table to regions and hits..."
[1] filling 115254 regions, 167603 hits for ENCSR000DBY
[1] 592021 hits in 406278 regions
[1] ---- ENCSR000DBZ (chr8) (2/21)
[1] "Data table read. Merging with Fimo..."
[1] "Merged. Now splitting table to regions and hits..."
[1] filling 776969 regions, 1158278 hits for ENCSR000DBZ
[1] 5430928 hits in 3526615 regions
[1] ---- ENCSR000DCA (chr8) (3/21)
[1] "Data table read. Merging with Fimo..."
[1] "Merged. Now splitting table to regions and hits..."
[1] filling 541214 regions, 803503 hits for ENCSR000DCA
[1] 10364534 hits in 6343386 regions
[1] ---- ENCSR000DCB (chr8) (4/21)
[1] "Data table read. Merging with Fimo..."
[1] "Merged. Now splitting table to regions and hits..."
[1] filling 561074 regions, 854737 hits for ENCSR000DCB
[1] 16294335 hits in 9398067 regions
[1] ---- ENCSR000DCC (chr8) (5/21)
[1] "Data table read. Merging with Fimo..."
[1] "Merged. Now splitting table to regions and hits..."
[1] filling 493890 regions, 723112 hits for ENCSR000DCC
[1] 22143340 hits in 12017851 regions
[1] ---- ENCSR000EJB (chr8) (6/21)
[1] "Data table read. Merging with Fimo..."
[1] "Merged. Now splitting table to regions and hits..."
[1] filling 1012027 regions, 1653034 hits for ENCSR000EJB
[1] 29863308 hits in 15037658 regions
[1] ---- ENCSR000EJC (chr8) (7/21)
[1] "Data table read. Merging with Fimo..."
[1] "Merged. Now splitting table to regions and hits..."
[1] filling 359118 regions, 588714 hits for ENCSR000EJC
[1] 42919053 hits in 21156388 regions
[1] ---- ENCSR000EJD (chr8) (8/21)
[1] "Data table read. Merging with Fimo..."
[1] "Merged. Now splitting table to regions and hits..."
[1] filling 610351 regions, 1026740 hits for ENCSR000EJD
[1] 48415446 hits in 22659967 regions
[1] ---- ENCSR000EJE (chr8) (9/21)
[1] "Data table read. Merging with Fimo..."
[1] "Merged. Now splitting table to regions and hits..."
[1] filling 753076 regions, 1251951 hits for ENCSR000EJE
[1] 58357988 hits in 25258048 regions
[1] ---- ENCSR000EJF (chr8) (10/21)
[1] "Data table read. Merging with Fimo..."
[1] "Merged. Now splitting table to regions and hits..."
[1] filling 685581 regions, 1152138 hits for ENCSR000EJF
[1] 72859084 hits in 28607327 regions
[1] ---- ENCSR000EJG (chr8) (11/21)
[1] "Data table read. Merging with Fimo..."
[1] "Merged. Now splitting table to regions and hits..."
[1] filling 291930 regions, 470185 hits for ENCSR000EJG
[1] 86647195 hits in 32270658 regions
[1] ---- ENCSR000EJH (chr8) (12/21)
[1] "Data table read. Merging with Fimo..."
[1] "Merged. Now splitting table to regions and hits..."
[1] filling 97242 regions, 142907 hits for ENCSR000EJH
[1] 98377677 hits in 34252972 regions
[1] ---- ENCSR000EJI (chr8) (13/21)
[1] "Data table read. Merging with Fimo..."
[1] "Merged. Now splitting table to regions and hits..."
[1] filling 555785 regions, 960694 hits for ENCSR000EJI
[1] 100739670 hits in 34428660 regions
[1] ---- ENCSR000EJJ (chr8) (14/21)
[1] "Data table read. Merging with Fimo..."
[1] "Merged. Now splitting table to regions and hits..."
[1] filling 560979 regions, 951434 hits for ENCSR000EJJ
[1] 104155421 hits in 34745287 regions
[1] ---- ENCSR000EJK (chr8) (15/21)
[1] "Data table read. Merging with Fimo..."
[1] "Merged. Now splitting table to regions and hits..."
[1] filling 618042 regions, 1020927 hits for ENCSR000EJK
[1] 110604492 hits in 36382488 regions
[1] ---- ENCSR000EJL (chr8) (16/21)
[1] "Data table read. Merging with Fimo..."
[1] "Merged. Now splitting table to regions and hits..."
[1] filling 468762 regions, 767372 hits for ENCSR000EJL
[1] 111371864 hits in 36455342 regions
[1] ---- ENCSR000EJM (chr8) (17/21)
[1] "Data table read. Merging with Fimo..."
[1] "Merged. Now splitting table to regions and hits..."
[1] filling 409002 regions, 695955 hits for ENCSR000EJM
[1] 115813530 hits in 36916653 regions
[1] ---- ENCSR000EMQ (chr8) (18/21)
[1] "Data table read. Merging with Fimo..."
[1] "Merged. Now splitting table to regions and hits..."
[1] filling 622105 regions, 1087948 hits for ENCSR000EMQ
[1] 116901478 hits in 37008154 regions
[1] ---- ENCSR000EMR (chr8) (19/21)
[1] "Data table read. Merging with Fimo..."
[1] "Merged. Now splitting table to regions and hits..."
[1] filling 334844 regions, 604368 hits for ENCSR000EMR
[1] 117505846 hits in 37025377 regions
[1] ---- ENCSR000EMS (chr8) (20/21)
[1] "Data table read. Merging with Fimo..."
[1] "Merged. Now splitting table to regions and hits..."
[1] filling 627360 regions, 1180984 hits for ENCSR000EMS
[1] 121916832 hits in 37723263 regions
[1] ---- ENCSR000EMT (chr8) (21/21)
[1] "Data table read. Merging with Fimo..."
[1] "Merged. Now splitting table to regions and hits..."
[1] filling 587144 regions, 1026709 hits for ENCSR000EMT
[1] 123747310 hits in 37832018 regions
############### LOG OUTPUT ###############
Task: 10
Node: 10
Timestamp: 2017-08-08 23:57:09
Success: TRUE
Task duration:
    user   system  elapsed 
10485.84  2008.96 28277.87 
Memory used:
          used (Mb) gc trigger  (Mb) max used (Mb)
Ncells 1645528 87.9    2637877 140.9  1848586 98.8
Vcells 1728536 13.2    3142662  24.0  2551855 19.5
Log messages:
stderr and stdout:
[1] ---- ENCSR000DBY (chr10) (1/21)
[1] "Data table read. Merging with Fimo..."
[1] "Merged. Now splitting table to regions and hits..."
[1] filling 134198 regions, 195771 hits for ENCSR000DBY
[1] 424418 hits in 291024 regions
[1] ---- ENCSR000DBZ (chr10) (2/21)
[1] "Data table read. Merging with Fimo..."
[1] "Merged. Now splitting table to regions and hits..."
[1] filling 941955 regions, 1405739 hits for ENCSR000DBZ
[1] 4272650 hits in 2790146 regions
[1] ---- ENCSR000DCA (chr10) (3/21)
[1] "Data table read. Merging with Fimo..."
[1] "Merged. Now splitting table to regions and hits..."
[1] filling 612386 regions, 911360 hits for ENCSR000DCA
[1] 11275894 hits in 6731911 regions
[1] ---- ENCSR000DCB (chr10) (4/21)
[1] "Data table read. Merging with Fimo..."
[1] "Merged. Now splitting table to regions and hits..."
[1] filling 653743 regions, 989413 hits for ENCSR000DCB
[1] 19024771 hits in 10414305 regions
[1] ---- ENCSR000DCC (chr10) (5/21)
[1] "Data table read. Merging with Fimo..."
[1] "Merged. Now splitting table to regions and hits..."
[1] filling 581903 regions, 854823 hits for ENCSR000DCC
[1] 26171347 hits in 13549111 regions
[1] ---- ENCSR000EJB (chr10) (6/21)
[1] "Data table read. Merging with Fimo..."
[1] "Merged. Now splitting table to regions and hits..."
[1] filling 1418556 regions, 2257285 hits for ENCSR000EJB
[1] 32847752 hits in 16147595 regions
[1] ---- ENCSR000EJC (chr10) (7/21)
[1] "Data table read. Merging with Fimo..."
[1] "Merged. Now splitting table to regions and hits..."
[1] filling 405842 regions, 661342 hits for ENCSR000EJC
[1] 45565716 hits in 21781131 regions
[1] ---- ENCSR000EJD (chr10) (8/21)
[1] "Data table read. Merging with Fimo..."
[1] "Merged. Now splitting table to regions and hits..."
[1] filling 761124 regions, 1262793 hits for ENCSR000EJD
[1] 53822548 hits in 24252215 regions
[1] ---- ENCSR000EJE (chr10) (9/21)
[1] "Data table read. Merging with Fimo..."
[1] "Merged. Now splitting table to regions and hits..."
[1] filling 937488 regions, 1541023 hits for ENCSR000EJE
[1] 59899011 hits in 25598656 regions
[1] ---- ENCSR000EJF (chr10) (10/21)
[1] "Data table read. Merging with Fimo..."
[1] "Merged. Now splitting table to regions and hits..."
[1] filling 927755 regions, 1523984 hits for ENCSR000EJF
[1] 66885895 hits in 27186580 regions
[1] ---- ENCSR000EJG (chr10) (11/21)
[1] "Data table read. Merging with Fimo..."
[1] "Merged. Now splitting table to regions and hits..."
[1] filling 331054 regions, 531202 hits for ENCSR000EJG
[1] 74446868 hits in 28894626 regions
[1] ---- ENCSR000EJH (chr10) (12/21)
[1] "Data table read. Merging with Fimo..."
[1] "Merged. Now splitting table to regions and hits..."
[1] filling 112192 regions, 164833 hits for ENCSR000EJH
[1] 81559891 hits in 31729322 regions
[1] ---- ENCSR000EJI (chr10) (13/21)
[1] "Data table read. Merging with Fimo..."
[1] "Merged. Now splitting table to regions and hits..."
[1] filling 732434 regions, 1237335 hits for ENCSR000EJI
[1] 85228377 hits in 32130195 regions
[1] ---- ENCSR000EJJ (chr10) (14/21)
[1] "Data table read. Merging with Fimo..."
[1] "Merged. Now splitting table to regions and hits..."
[1] filling 727369 regions, 1207841 hits for ENCSR000EJJ
[1] 87855036 hits in 32401271 regions
[1] ---- ENCSR000EJK (chr10) (15/21)
[1] "Data table read. Merging with Fimo..."
[1] "Merged. Now splitting table to regions and hits..."
[1] filling 773493 regions, 1265514 hits for ENCSR000EJK
[1] 94357949 hits in 33697527 regions
[1] ---- ENCSR000EJL (chr10) (16/21)
[1] "Data table read. Merging with Fimo..."
[1] "Merged. Now splitting table to regions and hits..."
[1] filling 619309 regions, 998603 hits for ENCSR000EJL
[1] 98234770 hits in 34221166 regions
[1] ---- ENCSR000EJM (chr10) (17/21)
[1] "Data table read. Merging with Fimo..."
[1] "Merged. Now splitting table to regions and hits..."
[1] filling 463923 regions, 784611 hits for ENCSR000EJM
[1] 99778976 hits in 34334845 regions
[1] ---- ENCSR000EMQ (chr10) (18/21)
[1] "Data table read. Merging with Fimo..."
[1] "Merged. Now splitting table to regions and hits..."
[1] filling 710219 regions, 1238492 hits for ENCSR000EMQ
[1] 115117575 hits in 36854592 regions
[1] ---- ENCSR000EMR (chr10) (19/21)
[1] "Data table read. Merging with Fimo..."
[1] "Merged. Now splitting table to regions and hits..."
[1] filling 365983 regions, 662564 hits for ENCSR000EMR
[1] 122579396 hits in 37739348 regions
[1] ---- ENCSR000EMS (chr10) (20/21)
[1] "Data table read. Merging with Fimo..."
[1] "Merged. Now splitting table to regions and hits..."
[1] filling 686681 regions, 1287542 hits for ENCSR000EMS
[1] 129710845 hits in 39114948 regions
[1] ---- ENCSR000EMT (chr10) (21/21)
[1] "Data table read. Merging with Fimo..."
[1] "Merged. Now splitting table to regions and hits..."
[1] filling 679933 regions, 1182194 hits for ENCSR000EMT
[1] 135112504 hits in 39821823 regions
############### LOG OUTPUT ###############
Task: 5
Node: 5
Timestamp: 2017-08-09 07:05:12
Success: TRUE
Task duration:
     user    system   elapsed 
 9900.104  4153.300 53949.585 
Memory used:
          used (Mb) gc trigger  (Mb) max used (Mb)
Ncells 1645526 87.9    2637877 140.9  1848581 98.8
Vcells 1728537 13.2    3142662  24.0  2551855 19.5
Log messages:
stderr and stdout:
[1] ---- ENCSR000DBY (chr5) (1/21)
[1] "Data table read. Merging with Fimo..."
[1] "Merged. Now splitting table to regions and hits..."
[1] filling 41681 regions, 58450 hits for ENCSR000DBY
[1] 221340 hits in 157586 regions
[1] ---- ENCSR000DBZ (chr5) (2/21)
[1] "Data table read. Merging with Fimo..."
[1] "Merged. Now splitting table to regions and hits..."
[1] filling 194322 regions, 274757 hits for ENCSR000DBZ
[1] 2065974 hits in 1387310 regions
[1] ---- ENCSR000DCA (chr5) (3/21)
[1] "Data table read. Merging with Fimo..."
[1] "Merged. Now splitting table to regions and hits..."
[1] filling 130132 regions, 184920 hits for ENCSR000DCA
[1] 3362346 hits in 2155668 regions
[1] ---- ENCSR000DCB (chr5) (4/21)
[1] "Data table read. Merging with Fimo..."
[1] "Merged. Now splitting table to regions and hits..."
[1] filling 145213 regions, 205372 hits for ENCSR000DCB
[1] 4521687 hits in 2785061 regions
[1] ---- ENCSR000DCC (chr5) (5/21)
[1] "Data table read. Merging with Fimo..."
[1] "Merged. Now splitting table to regions and hits..."
[1] filling 123206 regions, 173895 hits for ENCSR000DCC
[1] 7273856 hits in 4312141 regions
[1] ---- ENCSR000EJB (chr5) (6/21)
[1] "Data table read. Merging with Fimo..."
[1] "Merged. Now splitting table to regions and hits..."
[1] filling 344928 regions, 488669 hits for ENCSR000EJB
[1] 10557513 hits in 6116823 regions
[1] ---- ENCSR000EJC (chr5) (7/21)
[1] "Data table read. Merging with Fimo..."
[1] "Merged. Now splitting table to regions and hits..."
[1] filling 157422 regions, 222116 hits for ENCSR000EJC
[1] 12378130 hits in 6927579 regions
[1] ---- ENCSR000EJD (chr5) (8/21)
[1] "Data table read. Merging with Fimo..."
[1] "Merged. Now splitting table to regions and hits..."
[1] filling 347408 regions, 491216 hits for ENCSR000EJD
[1] 15143781 hits in 8109249 regions
[1] ---- ENCSR000EJE (chr5) (9/21)
[1] "Data table read. Merging with Fimo..."
[1] "Merged. Now splitting table to regions and hits..."
[1] filling 286752 regions, 405473 hits for ENCSR000EJE
[1] 18056854 hits in 9244059 regions
[1] ---- ENCSR000EJF (chr5) (10/21)
[1] "Data table read. Merging with Fimo..."
[1] "Merged. Now splitting table to regions and hits..."
[1] filling 297298 regions, 421240 hits for ENCSR000EJF
[1] 20422775 hits in 10112448 regions
[1] ---- ENCSR000EJG (chr5) (11/21)
[1] "Data table read. Merging with Fimo..."
[1] "Merged. Now splitting table to regions and hits..."
[1] filling 137883 regions, 193111 hits for ENCSR000EJG
[1] 26517671 hits in 12120290 regions
[1] ---- ENCSR000EJH (chr5) (12/21)
[1] "Data table read. Merging with Fimo..."
[1] "Merged. Now splitting table to regions and hits..."
[1] filling 73825 regions, 103245 hits for ENCSR000EJH
[1] 29427113 hits in 12800557 regions
[1] ---- ENCSR000EJI (chr5) (13/21)
[1] "Data table read. Merging with Fimo..."
[1] "Merged. Now splitting table to regions and hits..."
[1] filling 147214 regions, 208820 hits for ENCSR000EJI
[1] 34785915 hits in 14498141 regions
[1] ---- ENCSR000EJJ (chr5) (14/21)
[1] "Data table read. Merging with Fimo..."
[1] "Merged. Now splitting table to regions and hits..."
[1] filling 236774 regions, 335654 hits for ENCSR000EJJ
[1] 37819375 hits in 15611462 regions
[1] ---- ENCSR000EJK (chr5) (15/21)
[1] "Data table read. Merging with Fimo..."
[1] "Merged. Now splitting table to regions and hits..."
[1] filling 238501 regions, 336471 hits for ENCSR000EJK
[1] 40622299 hits in 16775023 regions
[1] ---- ENCSR000EJL (chr5) (16/21)
[1] "Data table read. Merging with Fimo..."
[1] "Merged. Now splitting table to regions and hits..."
[1] filling 212956 regions, 586325 hits for ENCSR000EJL
[1] 42842405 hits in 17551780 regions
[1] ---- ENCSR000EJM (chr5) (17/21)
[1] "Data table read. Merging with Fimo..."
[1] "Merged. Now splitting table to regions and hits..."
[1] filling 144498 regions, 203494 hits for ENCSR000EJM
[1] 44651108 hits in 18093123 regions
[1] ---- ENCSR000EMQ (chr5) (18/21)
[1] "Data table read. Merging with Fimo..."
[1] "Merged. Now splitting table to regions and hits..."
[1] filling 237121 regions, 345102 hits for ENCSR000EMQ
[1] 48372166 hits in 19349479 regions
[1] ---- ENCSR000EMR (chr5) (19/21)
[1] "Data table read. Merging with Fimo..."
[1] "Merged. Now splitting table to regions and hits..."
[1] filling 116308 regions, 168927 hits for ENCSR000EMR
[1] 50732106 hits in 19793214 regions
[1] ---- ENCSR000EMS (chr5) (20/21)
[1] "Data table read. Merging with Fimo..."
[1] "Merged. Now splitting table to regions and hits..."
[1] filling 190841 regions, 275023 hits for ENCSR000EMS
[1] 54070305 hits in 20818078 regions
[1] ---- ENCSR000EMT (chr5) (21/21)
[1] "Data table read. Merging with Fimo..."
[1] "Merged. Now splitting table to regions and hits..."
[1] filling 208922 regions, 309224 hits for ENCSR000EMT
[1] 57436866 hits in 21732238 regions
############### LOG OUTPUT ###############
Task: 5
Node: 5
Timestamp: 2017-08-09 08:24:32
Success: TRUE
Task duration:
    user   system  elapsed 
13814.13  3354.54 58703.97 
Memory used:
          used (Mb) gc trigger  (Mb) max used (Mb)
Ncells 1645529 87.9    2637877 140.9  1848586 98.8
Vcells 1728537 13.2    3142662  24.0  2551855 19.5
Log messages:
stderr and stdout:
[1] ---- ENCSR000DBY (chr5) (1/21)
[1] "Data table read. Merging with Fimo..."
[1] "Merged. Now splitting table to regions and hits..."
[1] filling 147109 regions, 214229 hits for ENCSR000DBY
[1] 2866911 hits in 1899518 regions
[1] ---- ENCSR000DBZ (chr5) (2/21)
[1] "Data table read. Merging with Fimo..."
[1] "Merged. Now splitting table to regions and hits..."
[1] filling 969807 regions, 1445842 hits for ENCSR000DBZ
[1] 9561031 hits in 5992535 regions
[1] ---- ENCSR000DCA (chr5) (3/21)
[1] "Data table read. Merging with Fimo..."
[1] "Merged. Now splitting table to regions and hits..."
[1] filling 675309 regions, 1001240 hits for ENCSR000DCA
[1] 17295575 hits in 9835607 regions
[1] ---- ENCSR000DCB (chr5) (4/21)
[1] "Data table read. Merging with Fimo..."
[1] "Merged. Now splitting table to regions and hits..."
[1] filling 726307 regions, 1100968 hits for ENCSR000DCB
[1] 25316524 hits in 13281470 regions
[1] ---- ENCSR000DCC (chr5) (5/21)
[1] "Data table read. Merging with Fimo..."
[1] "Merged. Now splitting table to regions and hits..."
[1] filling 646635 regions, 946734 hits for ENCSR000DCC
[1] 34773889 hits in 16863163 regions
[1] ---- ENCSR000EJB (chr5) (6/21)
[1] "Data table read. Merging with Fimo..."
[1] "Merged. Now splitting table to regions and hits..."
[1] filling 1121582 regions, 1822990 hits for ENCSR000EJB
[1] 47388706 hits in 22474151 regions
[1] ---- ENCSR000EJC (chr5) (7/21)
[1] "Data table read. Merging with Fimo..."
[1] "Merged. Now splitting table to regions and hits..."
[1] filling 375423 regions, 613703 hits for ENCSR000EJC
[1] 54436251 hits in 24358849 regions
[1] ---- ENCSR000EJD (chr5) (8/21)
[1] "Data table read. Merging with Fimo..."
[1] "Merged. Now splitting table to regions and hits..."
[1] filling 702827 regions, 1175260 hits for ENCSR000EJD
[1] 64295424 hits in 26705961 regions
[1] ---- ENCSR000EJE (chr5) (9/21)
[1] "Data table read. Merging with Fimo..."
[1] "Merged. Now splitting table to regions and hits..."
[1] filling 837140 regions, 1392317 hits for ENCSR000EJE
[1] 71706946 hits in 28428676 regions
[1] ---- ENCSR000EJF (chr5) (10/21)
[1] "Data table read. Merging with Fimo..."
[1] "Merged. Now splitting table to regions and hits..."
[1] filling 791205 regions, 1327355 hits for ENCSR000EJF
[1] 92223163 hits in 33472480 regions
[1] ---- ENCSR000EJG (chr5) (11/21)
[1] "Data table read. Merging with Fimo..."
[1] "Merged. Now splitting table to regions and hits..."
[1] filling 317823 regions, 511103 hits for ENCSR000EJG
[1] 101250773 hits in 34481742 regions
[1] ---- ENCSR000EJH (chr5) (12/21)
[1] "Data table read. Merging with Fimo..."
[1] "Merged. Now splitting table to regions and hits..."
[1] filling 113558 regions, 166447 hits for ENCSR000EJH
[1] 117672293 hits in 37060094 regions
[1] ---- ENCSR000EJI (chr5) (13/21)
[1] "Data table read. Merging with Fimo..."
[1] "Merged. Now splitting table to regions and hits..."
[1] filling 616156 regions, 1056817 hits for ENCSR000EJI
[1] 133930310 hits in 39749677 regions
[1] ---- ENCSR000EJJ (chr5) (14/21)
[1] "Data table read. Merging with Fimo..."
[1] "Merged. Now splitting table to regions and hits..."
[1] filling 616861 regions, 1045083 hits for ENCSR000EJJ
[1] 143875853 hits in 41854493 regions
[1] ---- ENCSR000EJK (chr5) (15/21)
[1] "Data table read. Merging with Fimo..."
[1] "Merged. Now splitting table to regions and hits..."
[1] filling 662843 regions, 1100750 hits for ENCSR000EJK
[1] 151511563 hits in 43844175 regions
[1] ---- ENCSR000EJL (chr5) (16/21)
[1] "Data table read. Merging with Fimo..."
[1] "Merged. Now splitting table to regions and hits..."
[1] filling 540940 regions, 884888 hits for ENCSR000EJL
[1] 157427941 hits in 44635585 regions
[1] ---- ENCSR000EJM (chr5) (17/21)
[1] "Data table read. Merging with Fimo..."
[1] "Merged. Now splitting table to regions and hits..."
[1] filling 418429 regions, 718676 hits for ENCSR000EJM
[1] 168602779 hits in 46074987 regions
[1] ---- ENCSR000EMQ (chr5) (18/21)
[1] "Data table read. Merging with Fimo..."
[1] "Merged. Now splitting table to regions and hits..."
[1] filling 697978 regions, 1232849 hits for ENCSR000EMQ
[1] 173960161 hits in 46504031 regions
[1] ---- ENCSR000EMR (chr5) (19/21)
[1] "Data table read. Merging with Fimo..."
[1] "Merged. Now splitting table to regions and hits..."
[1] filling 390693 regions, 710847 hits for ENCSR000EMR
[1] 183426457 hits in 47939935 regions
[1] ---- ENCSR000EMS (chr5) (20/21)
[1] "Data table read. Merging with Fimo..."
[1] "Merged. Now splitting table to regions and hits..."
[1] filling 747261 regions, 1401668 hits for ENCSR000EMS
[1] 194676154 hits in 49300543 regions
[1] ---- ENCSR000EMT (chr5) (21/21)
[1] "Data table read. Merging with Fimo..."
[1] "Merged. Now splitting table to regions and hits..."
[1] filling 722232 regions, 1256924 hits for ENCSR000EMT
[1] 201643939 hits in 49828135 regions
############### LOG OUTPUT ###############
Task: 4
Node: 4
Timestamp: 2017-08-09 08:26:57
Success: TRUE
Task duration:
    user   system  elapsed 
10672.80  3818.72 58856.21 
Memory used:
          used (Mb) gc trigger  (Mb) max used (Mb)
Ncells 1645527 87.9    2637877 140.9  1848581 98.8
Vcells 1728538 13.2    3142662  24.0  2551855 19.5
Log messages:
stderr and stdout:
[1] ---- ENCSR000DBY (chr4) (1/21)
[1] "Data table read. Merging with Fimo..."
[1] "Merged. Now splitting table to regions and hits..."
[1] filling 33181 regions, 47007 hits for ENCSR000DBY
[1] 268347 hits in 190767 regions
[1] ---- ENCSR000DBZ (chr4) (2/21)
[1] "Data table read. Merging with Fimo..."
[1] "Merged. Now splitting table to regions and hits..."
[1] filling 145947 regions, 206886 hits for ENCSR000DBZ
[1] 1791217 hits in 1201078 regions
[1] ---- ENCSR000DCA (chr4) (3/21)
[1] "Data table read. Merging with Fimo..."
[1] "Merged. Now splitting table to regions and hits..."
[1] filling 93647 regions, 133143 hits for ENCSR000DCA
[1] 3992282 hits in 2460008 regions
[1] ---- ENCSR000DCB (chr4) (4/21)
[1] "Data table read. Merging with Fimo..."
[1] "Merged. Now splitting table to regions and hits..."
[1] filling 110895 regions, 156643 hits for ENCSR000DCB
[1] 6492652 hits in 3853956 regions
[1] ---- ENCSR000DCC (chr4) (5/21)
[1] "Data table read. Merging with Fimo..."
[1] "Merged. Now splitting table to regions and hits..."
[1] filling 96178 regions, 137508 hits for ENCSR000DCC
[1] 9196070 hits in 5310529 regions
[1] ---- ENCSR000EJB (chr4) (6/21)
[1] "Data table read. Merging with Fimo..."
[1] "Merged. Now splitting table to regions and hits..."
[1] filling 269464 regions, 380479 hits for ENCSR000EJB
[1] 13516246 hits in 7456244 regions
[1] ---- ENCSR000EJC (chr4) (7/21)
[1] "Data table read. Merging with Fimo..."
[1] "Merged. Now splitting table to regions and hits..."
[1] filling 144516 regions, 202804 hits for ENCSR000EJC
[1] 16769629 hits in 8742174 regions
[1] ---- ENCSR000EJD (chr4) (8/21)
[1] "Data table read. Merging with Fimo..."
[1] "Merged. Now splitting table to regions and hits..."
[1] filling 264238 regions, 373194 hits for ENCSR000EJD
[1] 17651381 hits in 9089682 regions
[1] ---- ENCSR000EJE (chr4) (9/21)
[1] "Data table read. Merging with Fimo..."
[1] "Merged. Now splitting table to regions and hits..."
[1] filling 217355 regions, 307158 hits for ENCSR000EJE
[1] 19018913 hits in 9539423 regions
[1] ---- ENCSR000EJF (chr4) (10/21)
[1] "Data table read. Merging with Fimo..."
[1] "Merged. Now splitting table to regions and hits..."
[1] filling 221001 regions, 312310 hits for ENCSR000EJF
[1] 25097628 hits in 11679815 regions
[1] ---- ENCSR000EJG (chr4) (11/21)
[1] "Data table read. Merging with Fimo..."
[1] "Merged. Now splitting table to regions and hits..."
[1] filling 116594 regions, 163088 hits for ENCSR000EJG
[1] 31475955 hits in 13640091 regions
[1] ---- ENCSR000EJH (chr4) (12/21)
[1] "Data table read. Merging with Fimo..."
[1] "Merged. Now splitting table to regions and hits..."
[1] filling 64688 regions, 90474 hits for ENCSR000EJH
[1] 35440088 hits in 14745264 regions
[1] ---- ENCSR000EJI (chr4) (13/21)
[1] "Data table read. Merging with Fimo..."
[1] "Merged. Now splitting table to regions and hits..."
[1] filling 115540 regions, 163044 hits for ENCSR000EJI
[1] 37982419 hits in 15644646 regions
[1] ---- ENCSR000EJJ (chr4) (14/21)
[1] "Data table read. Merging with Fimo..."
[1] "Merged. Now splitting table to regions and hits..."
[1] filling 181575 regions, 257498 hits for ENCSR000EJJ
[1] 41705134 hits in 17342223 regions
[1] ---- ENCSR000EJK (chr4) (15/21)
[1] "Data table read. Merging with Fimo..."
[1] "Merged. Now splitting table to regions and hits..."
[1] filling 192304 regions, 272820 hits for ENCSR000EJK
[1] 43115225 hits in 17616771 regions
[1] ---- ENCSR000EJL (chr4) (16/21)
[1] "Data table read. Merging with Fimo..."
[1] "Merged. Now splitting table to regions and hits..."
[1] filling 158267 regions, 434916 hits for ENCSR000EJL
[1] 45086024 hits in 18143300 regions
[1] ---- ENCSR000EJM (chr4) (17/21)
[1] "Data table read. Merging with Fimo..."
[1] "Merged. Now splitting table to regions and hits..."
[1] filling 126750 regions, 179063 hits for ENCSR000EJM
[1] 49017678 hits in 19500347 regions
[1] ---- ENCSR000EMQ (chr4) (18/21)
[1] "Data table read. Merging with Fimo..."
[1] "Merged. Now splitting table to regions and hits..."
[1] filling 199589 regions, 292726 hits for ENCSR000EMQ
[1] 51024832 hits in 19875198 regions
[1] ---- ENCSR000EMR (chr4) (19/21)
[1] "Data table read. Merging with Fimo..."
[1] "Merged. Now splitting table to regions and hits..."
[1] filling 89749 regions, 130764 hits for ENCSR000EMR
[1] 54201069 hits in 20832409 regions
[1] ---- ENCSR000EMS (chr4) (20/21)
[1] "Data table read. Merging with Fimo..."
[1] "Merged. Now splitting table to regions and hits..."
[1] filling 156395 regions, 225367 hits for ENCSR000EMS
[1] 58353398 hits in 21859364 regions
[1] ---- ENCSR000EMT (chr4) (21/21)
[1] "Data table read. Merging with Fimo..."
[1] "Merged. Now splitting table to regions and hits..."
[1] filling 155846 regions, 230688 hits for ENCSR000EMT
[1] 59946706 hits in 22180266 regions
############### LOG OUTPUT ###############
Task: 4
Node: 4
Timestamp: 2017-08-09 08:33:48
Success: TRUE
Task duration:
     user    system   elapsed 
13069.968  4290.596 59247.963 
Memory used:
          used (Mb) gc trigger  (Mb) max used (Mb)
Ncells 1645530 87.9    2637877 140.9  1848586 98.8
Vcells 1728538 13.2    3142662  24.0  2551855 19.5
Log messages:
stderr and stdout:
[1] ---- ENCSR000DBY (chr4) (1/21)
[1] "Data table read. Merging with Fimo..."
[1] "Merged. Now splitting table to regions and hits..."
[1] filling 102646 regions, 149263 hits for ENCSR000DBY
[1] 741284 hits in 508924 regions
[1] ---- ENCSR000DBZ (chr4) (2/21)
[1] "Data table read. Merging with Fimo..."
[1] "Merged. Now splitting table to regions and hits..."
[1] filling 722580 regions, 1076177 hits for ENCSR000DBZ
[1] 8115189 hits in 5075941 regions
[1] ---- ENCSR000DCA (chr4) (3/21)
[1] "Data table read. Merging with Fimo..."
[1] "Merged. Now splitting table to regions and hits..."
[1] filling 451109 regions, 669501 hits for ENCSR000DCA
[1] 19694272 hits in 10697557 regions
[1] ---- ENCSR000DCB (chr4) (4/21)
[1] "Data table read. Merging with Fimo..."
[1] "Merged. Now splitting table to regions and hits..."
[1] filling 554144 regions, 837819 hits for ENCSR000DCB
[1] 28210274 hits in 14388378 regions
[1] ---- ENCSR000DCC (chr4) (5/21)
[1] "Data table read. Merging with Fimo..."
[1] "Merged. Now splitting table to regions and hits..."
[1] filling 492331 regions, 717809 hits for ENCSR000DCC
[1] 43636862 hits in 21403103 regions
[1] ---- ENCSR000EJB (chr4) (6/21)
[1] "Data table read. Merging with Fimo..."
[1] "Merged. Now splitting table to regions and hits..."
[1] filling 870908 regions, 1417946 hits for ENCSR000EJB
[1] 52559755 hits in 23991561 regions
[1] ---- ENCSR000EJC (chr4) (7/21)
[1] "Data table read. Merging with Fimo..."
[1] "Merged. Now splitting table to regions and hits..."
[1] filling 322687 regions, 524928 hits for ENCSR000EJC
[1] 61291487 hits in 25970893 regions
[1] ---- ENCSR000EJD (chr4) (8/21)
[1] "Data table read. Merging with Fimo..."
[1] "Merged. Now splitting table to regions and hits..."
[1] filling 547985 regions, 911368 hits for ENCSR000EJD
[1] 65361911 hits in 26908776 regions
[1] ---- ENCSR000EJE (chr4) (9/21)
[1] "Data table read. Merging with Fimo..."
[1] "Merged. Now splitting table to regions and hits..."
[1] filling 638068 regions, 1056582 hits for ENCSR000EJE
[1] 73915666 hits in 28834763 regions
[1] ---- ENCSR000EJF (chr4) (10/21)
[1] "Data table read. Merging with Fimo..."
[1] "Merged. Now splitting table to regions and hits..."
[1] filling 589721 regions, 986492 hits for ENCSR000EJF
[1] 92223163 hits in 33472480 regions
[1] ---- ENCSR000EJG (chr4) (11/21)
[1] "Data table read. Merging with Fimo..."
[1] "Merged. Now splitting table to regions and hits..."
[1] filling 266615 regions, 427640 hits for ENCSR000EJG
[1] 109583565 hits in 36264937 regions
[1] ---- ENCSR000EJH (chr4) (12/21)
[1] "Data table read. Merging with Fimo..."
[1] "Merged. Now splitting table to regions and hits..."
[1] filling 96152 regions, 141205 hits for ENCSR000EJH
[1] 122720601 hits in 37772785 regions
[1] ---- ENCSR000EJI (chr4) (13/21)
[1] "Data table read. Merging with Fimo..."
[1] "Merged. Now splitting table to regions and hits..."
[1] filling 468858 regions, 810976 hits for ENCSR000EJI
[1] 135923480 hits in 39893803 regions
[1] ---- ENCSR000EJJ (chr4) (14/21)
[1] "Data table read. Merging with Fimo..."
[1] "Merged. Now splitting table to regions and hits..."
[1] filling 467689 regions, 791526 hits for ENCSR000EJJ
[1] 149035461 hits in 43581887 regions
[1] ---- ENCSR000EJK (chr4) (15/21)
[1] "Data table read. Merging with Fimo..."
[1] "Merged. Now splitting table to regions and hits..."
[1] filling 519068 regions, 852814 hits for ENCSR000EJK
[1] 152364377 hits in 43933024 regions
[1] ---- ENCSR000EJL (chr4) (16/21)
[1] "Data table read. Merging with Fimo..."
[1] "Merged. Now splitting table to regions and hits..."
[1] filling 394327 regions, 644146 hits for ENCSR000EJL
[1] 158072087 hits in 44689036 regions
[1] ---- ENCSR000EJM (chr4) (17/21)
[1] "Data table read. Merging with Fimo..."
[1] "Merged. Now splitting table to regions and hits..."
[1] filling 362484 regions, 612163 hits for ENCSR000EJM
[1] 169214942 hits in 46132518 regions
[1] ---- ENCSR000EMQ (chr4) (18/21)
[1] "Data table read. Merging with Fimo..."
[1] "Merged. Now splitting table to regions and hits..."
[1] filling 570037 regions, 990006 hits for ENCSR000EMQ
[1] 174950167 hits in 46595533 regions
[1] ---- ENCSR000EMR (chr4) (19/21)
[1] "Data table read. Merging with Fimo..."
[1] "Merged. Now splitting table to regions and hits..."
[1] filling 290991 regions, 529751 hits for ENCSR000EMR
[1] 185221252 hits in 48070694 regions
[1] ---- ENCSR000EMS (chr4) (20/21)
[1] "Data table read. Merging with Fimo..."
[1] "Merged. Now splitting table to regions and hits..."
[1] filling 622443 regions, 1163574 hits for ENCSR000EMS
[1] 195839728 hits in 49400353 regions
[1] ---- ENCSR000EMT (chr4) (21/21)
[1] "Data table read. Merging with Fimo..."
[1] "Merged. Now splitting table to regions and hits..."
[1] filling 547446 regions, 957885 hits for ENCSR000EMT
[1] 204030606 hits in 49995288 regions
############### LOG OUTPUT ###############
Task: 7
Node: 7
Timestamp: 2017-08-09 09:30:40
Success: TRUE
Task duration:
    user   system  elapsed 
12575.02  3236.76 62681.23 
Memory used:
          used (Mb) gc trigger  (Mb) max used (Mb)
Ncells 1645531 87.9    2637877 140.9  1848586 98.8
Vcells 1728539 13.2    3142662  24.0  2551855 19.5
Log messages:
stderr and stdout:
[1] ---- ENCSR000DBY (chr7) (1/21)
[1] "Data table read. Merging with Fimo..."
[1] "Merged. Now splitting table to regions and hits..."
[1] filling 152297 regions, 221278 hits for ENCSR000DBY
[1] 1187942 hits in 815241 regions
[1] ---- ENCSR000DBZ (chr7) (2/21)
[1] "Data table read. Merging with Fimo..."
[1] "Merged. Now splitting table to regions and hits..."
[1] filling 996222 regions, 1501872 hits for ENCSR000DBZ
[1] 15439598 hits in 9097473 regions
[1] ---- ENCSR000DCA (chr7) (3/21)
[1] "Data table read. Merging with Fimo..."
[1] "Merged. Now splitting table to regions and hits..."
[1] filling 657826 regions, 979403 hits for ENCSR000DCA
[1] 33827155 hits in 16552904 regions
[1] ---- ENCSR000DCB (chr7) (4/21)
[1] "Data table read. Merging with Fimo..."
[1] "Merged. Now splitting table to regions and hits..."
[1] filling 686991 regions, 1048490 hits for ENCSR000DCB
[1] 51141809 hits in 23427634 regions
[1] ---- ENCSR000DCC (chr7) (5/21)
[1] "Data table read. Merging with Fimo..."
[1] "Merged. Now splitting table to regions and hits..."
[1] filling 589998 regions, 867548 hits for ENCSR000DCC
[1] 60766559 hits in 25862841 regions
[1] ---- ENCSR000EJB (chr7) (6/21)
[1] "Data table read. Merging with Fimo..."
[1] "Merged. Now splitting table to regions and hits..."
[1] filling 1403152 regions, 2269553 hits for ENCSR000EJB
[1] 76716421 hits in 29832782 regions
[1] ---- ENCSR000EJC (chr7) (7/21)
[1] "Data table read. Merging with Fimo..."
[1] "Merged. Now splitting table to regions and hits..."
[1] filling 494082 regions, 811236 hits for ENCSR000EJC
[1] 95945825 hits in 33988166 regions
[1] ---- ENCSR000EJD (chr7) (8/21)
[1] "Data table read. Merging with Fimo..."
[1] "Merged. Now splitting table to regions and hits..."
[1] filling 814535 regions, 1366990 hits for ENCSR000EJD
[1] 107569332 hits in 35659753 regions
[1] ---- ENCSR000EJE (chr7) (9/21)
[1] "Data table read. Merging with Fimo..."
[1] "Merged. Now splitting table to regions and hits..."
[1] filling 1056609 regions, 1754340 hits for ENCSR000EJE
[1] 120735848 hits in 37648631 regions
[1] ---- ENCSR000EJF (chr7) (10/21)
[1] "Data table read. Merging with Fimo..."
[1] "Merged. Now splitting table to regions and hits..."
[1] filling 1016396 regions, 1690904 hits for ENCSR000EJF
[1] 132873493 hits in 39651001 regions
[1] ---- ENCSR000EJG (chr7) (11/21)
[1] "Data table read. Merging with Fimo..."
[1] "Merged. Now splitting table to regions and hits..."
[1] filling 377171 regions, 609790 hits for ENCSR000EJG
[1] 136533270 hits in 39958837 regions
[1] ---- ENCSR000EJH (chr7) (12/21)
[1] "Data table read. Merging with Fimo..."
[1] "Merged. Now splitting table to regions and hits..."
[1] filling 124815 regions, 183770 hits for ENCSR000EJH
[1] 149219231 hits in 43622882 regions
[1] ---- ENCSR000EJI (chr7) (13/21)
[1] "Data table read. Merging with Fimo..."
[1] "Merged. Now splitting table to regions and hits..."
[1] filling 780589 regions, 1340112 hits for ENCSR000EJI
[1] 153704489 hits in 44080044 regions
[1] ---- ENCSR000EJJ (chr7) (14/21)
[1] "Data table read. Merging with Fimo..."
[1] "Merged. Now splitting table to regions and hits..."
[1] filling 795304 regions, 1340493 hits for ENCSR000EJJ
[1] 159412580 hits in 44819468 regions
[1] ---- ENCSR000EJK (chr7) (15/21)
[1] "Data table read. Merging with Fimo..."
[1] "Merged. Now splitting table to regions and hits..."
[1] filling 880130 regions, 1443594 hits for ENCSR000EJK
[1] 167884103 hits in 46019267 regions
[1] ---- ENCSR000EJL (chr7) (16/21)
[1] "Data table read. Merging with Fimo..."
[1] "Merged. Now splitting table to regions and hits..."
[1] filling 651910 regions, 1071486 hits for ENCSR000EJL
[1] 171508041 hits in 46318771 regions
[1] ---- ENCSR000EJM (chr7) (17/21)
[1] "Data table read. Merging with Fimo..."
[1] "Merged. Now splitting table to regions and hits..."
[1] filling 567120 regions, 967196 hits for ENCSR000EJM
[1] 182715610 hits in 47921512 regions
[1] ---- ENCSR000EMQ (chr7) (18/21)
[1] "Data table read. Merging with Fimo..."
[1] "Merged. Now splitting table to regions and hits..."
[1] filling 858164 regions, 1485690 hits for ENCSR000EMQ
[1] 193274486 hits in 49209976 regions
[1] ---- ENCSR000EMR (chr7) (19/21)
[1] "Data table read. Merging with Fimo..."
[1] "Merged. Now splitting table to regions and hits..."
[1] filling 398839 regions, 729418 hits for ENCSR000EMR
[1] 198383978 hits in 49567976 regions
[1] ---- ENCSR000EMS (chr7) (20/21)
[1] "Data table read. Merging with Fimo..."
[1] "Merged. Now splitting table to regions and hits..."
[1] filling 804135 regions, 1495916 hits for ENCSR000EMS
[1] 206344591 hits in 50148833 regions
[1] ---- ENCSR000EMT (chr7) (21/21)
[1] "Data table read. Merging with Fimo..."
[1] "Merged. Now splitting table to regions and hits..."
[1] filling 747122 regions, 1308299 hits for ENCSR000EMT
[1] 208757826 hits in 50298406 regions
############### LOG OUTPUT ###############
Task: 7
Node: 7
Timestamp: 2017-08-09 09:30:45
Success: TRUE
Task duration:
    user   system  elapsed 
11037.69  3217.02 62676.13 
Memory used:
          used (Mb) gc trigger  (Mb) max used (Mb)
Ncells 1645528 87.9    2637877 140.9  1848581 98.8
Vcells 1728539 13.2    3142662  24.0  2551855 19.5
Log messages:
stderr and stdout:
[1] ---- ENCSR000DBY (chr7) (1/21)
[1] "Data table read. Merging with Fimo..."
[1] "Merged. Now splitting table to regions and hits..."
[1] filling 43346 regions, 61261 hits for ENCSR000DBY
[1] 329608 hits in 234113 regions
[1] ---- ENCSR000DBZ (chr7) (2/21)
[1] "Data table read. Merging with Fimo..."
[1] "Merged. Now splitting table to regions and hits..."
[1] filling 200468 regions, 285161 hits for ENCSR000DBZ
[1] 2862629 hits in 1842635 regions
[1] ---- ENCSR000DCA (chr7) (3/21)
[1] "Data table read. Merging with Fimo..."
[1] "Merged. Now splitting table to regions and hits..."
[1] filling 128357 regions, 182404 hits for ENCSR000DCA
[1] 7456260 hits in 4408329 regions
[1] ---- ENCSR000DCB (chr7) (4/21)
[1] "Data table read. Merging with Fimo..."
[1] "Merged. Now splitting table to regions and hits..."
[1] filling 141707 regions, 200801 hits for ENCSR000DCB
[1] 13135767 hits in 7225341 regions
[1] ---- ENCSR000DCC (chr7) (5/21)
[1] "Data table read. Merging with Fimo..."
[1] "Merged. Now splitting table to regions and hits..."
[1] filling 117055 regions, 166180 hits for ENCSR000DCC
[1] 15717646 hits in 8328224 regions
[1] ---- ENCSR000EJB (chr7) (6/21)
[1] "Data table read. Merging with Fimo..."
[1] "Merged. Now splitting table to regions and hits..."
[1] filling 443428 regions, 626797 hits for ENCSR000EJB
[1] 21326967 hits in 10572024 regions
[1] ---- ENCSR000EJC (chr7) (7/21)
[1] "Data table read. Merging with Fimo..."
[1] "Merged. Now splitting table to regions and hits..."
[1] filling 206361 regions, 290284 hits for ENCSR000EJC
[1] 27737295 hits in 12463194 regions
[1] ---- ENCSR000EJD (chr7) (8/21)
[1] "Data table read. Merging with Fimo..."
[1] "Merged. Now splitting table to regions and hits..."
[1] filling 429120 regions, 605499 hits for ENCSR000EJD
[1] 31312867 hits in 13595230 regions
[1] ---- ENCSR000EJE (chr7) (9/21)
[1] "Data table read. Merging with Fimo..."
[1] "Merged. Now splitting table to regions and hits..."
[1] filling 398241 regions, 563699 hits for ENCSR000EJE
[1] 35349614 hits in 14720336 regions
[1] ---- ENCSR000EJF (chr7) (10/21)
[1] "Data table read. Merging with Fimo..."
[1] "Merged. Now splitting table to regions and hits..."
[1] filling 414992 regions, 587961 hits for ENCSR000EJF
[1] 37483721 hits in 15529646 regions
[1] ---- ENCSR000EJG (chr7) (11/21)
[1] "Data table read. Merging with Fimo..."
[1] "Merged. Now splitting table to regions and hits..."
[1] filling 167979 regions, 235963 hits for ENCSR000EJG
[1] 38692365 hits in 15869595 regions
[1] ---- ENCSR000EJH (chr7) (12/21)
[1] "Data table read. Merging with Fimo..."
[1] "Merged. Now splitting table to regions and hits..."
[1] filling 78692 regions, 109934 hits for ENCSR000EJH
[1] 41815068 hits in 17371538 regions
[1] ---- ENCSR000EJI (chr7) (13/21)
[1] "Data table read. Merging with Fimo..."
[1] "Merged. Now splitting table to regions and hits..."
[1] filling 189174 regions, 268381 hits for ENCSR000EJI
[1] 43383606 hits in 17672541 regions
[1] ---- ENCSR000EJJ (chr7) (14/21)
[1] "Data table read. Merging with Fimo..."
[1] "Merged. Now splitting table to regions and hits..."
[1] filling 317503 regions, 449890 hits for ENCSR000EJJ
[1] 45535914 hits in 18257342 regions
[1] ---- ENCSR000EJK (chr7) (15/21)
[1] "Data table read. Merging with Fimo..."
[1] "Merged. Now splitting table to regions and hits..."
[1] filling 330112 regions, 466449 hits for ENCSR000EJK
[1] 48838615 hits in 19464681 regions
[1] ---- ENCSR000EJL (chr7) (16/21)
[1] "Data table read. Merging with Fimo..."
[1] "Merged. Now splitting table to regions and hits..."
[1] filling 279322 regions, 772779 hits for ENCSR000EJL
[1] 50563179 hits in 19773507 regions
[1] ---- ENCSR000EJM (chr7) (17/21)
[1] "Data table read. Merging with Fimo..."
[1] "Merged. Now splitting table to regions and hits..."
[1] filling 206127 regions, 290532 hits for ENCSR000EJM
[1] 53412840 hits in 20682067 regions
[1] ---- ENCSR000EMQ (chr7) (18/21)
[1] "Data table read. Merging with Fimo..."
[1] "Merged. Now splitting table to regions and hits..."
[1] filling 311488 regions, 454172 hits for ENCSR000EMQ
[1] 57127642 hits in 21679107 regions
[1] ---- ENCSR000EMR (chr7) (19/21)
[1] "Data table read. Merging with Fimo..."
[1] "Merged. Now splitting table to regions and hits..."
[1] filling 123380 regions, 180942 hits for ENCSR000EMR
[1] 58757224 hits in 21916402 regions
[1] ---- ENCSR000EMS (chr7) (20/21)
[1] "Data table read. Merging with Fimo..."
[1] "Merged. Now splitting table to regions and hits..."
[1] filling 209473 regions, 303525 hits for ENCSR000EMS
[1] 60642684 hits in 22336464 regions
[1] ---- ENCSR000EMT (chr7) (21/21)
[1] "Data table read. Merging with Fimo..."
[1] "Merged. Now splitting table to regions and hits..."
[1] filling 216776 regions, 323462 hits for ENCSR000EMT
[1] 61735396 hits in 22566213 regions
############### LOG OUTPUT ###############
Task: 3
Node: 3
Timestamp: 2017-08-09 10:12:15
Success: TRUE
Task duration:
     user    system   elapsed 
12333.400  3441.024 65170.221 
Memory used:
          used (Mb) gc trigger  (Mb) max used (Mb)
Ncells 1645529 87.9    2637877 140.9  1848581 98.8
Vcells 1728540 13.2    3142662  24.0  2551855 19.5
Log messages:
stderr and stdout:
[1] ---- ENCSR000DBY (chr3) (1/21)
[1] "Data table read. Merging with Fimo..."
[1] "Merged. Now splitting table to regions and hits..."
[1] filling 46289 regions, 65374 hits for ENCSR000DBY
[1] 989409 hits in 681697 regions
[1] ---- ENCSR000DBZ (chr3) (2/21)
[1] "Data table read. Merging with Fimo..."
[1] "Merged. Now splitting table to regions and hits..."
[1] filling 222554 regions, 314797 hits for ENCSR000DBZ
[1] 3177426 hits in 2055076 regions
[1] ---- ENCSR000DCA (chr3) (3/21)
[1] "Data table read. Merging with Fimo..."
[1] "Merged. Now splitting table to regions and hits..."
[1] filling 159098 regions, 226818 hits for ENCSR000DCA
[1] 6336009 hits in 3774794 regions
[1] ---- ENCSR000DCB (chr3) (4/21)
[1] "Data table read. Merging with Fimo..."
[1] "Merged. Now splitting table to regions and hits..."
[1] filling 164918 regions, 234673 hits for ENCSR000DCB
[1] 9855328 hits in 5711864 regions
[1] ---- ENCSR000DCC (chr3) (5/21)
[1] "Data table read. Merging with Fimo..."
[1] "Merged. Now splitting table to regions and hits..."
[1] filling 142928 regions, 203880 hits for ENCSR000DCC
[1] 16475036 hits in 8631093 regions
[1] ---- ENCSR000EJB (chr3) (6/21)
[1] "Data table read. Merging with Fimo..."
[1] "Merged. Now splitting table to regions and hits..."
[1] filling 383089 regions, 543051 hits for ENCSR000EJB
[1] 19561964 hits in 9858236 regions
[1] ---- ENCSR000EJC (chr3) (7/21)
[1] "Data table read. Merging with Fimo..."
[1] "Merged. Now splitting table to regions and hits..."
[1] filling 197451 regions, 277679 hits for ENCSR000EJC
[1] 27187832 hits in 12295405 regions
[1] ---- ENCSR000EJD (chr3) (8/21)
[1] "Data table read. Merging with Fimo..."
[1] "Merged. Now splitting table to regions and hits..."
[1] filling 405836 regions, 574280 hits for ENCSR000EJD
[1] 33114336 hits in 14081356 regions
[1] ---- ENCSR000EJE (chr3) (9/21)
[1] "Data table read. Merging with Fimo..."
[1] "Merged. Now splitting table to regions and hits..."
[1] filling 313437 regions, 444853 hits for ENCSR000EJE
[1] 36476826 hits in 15170194 regions
[1] ---- ENCSR000EJF (chr3) (10/21)
[1] "Data table read. Merging with Fimo..."
[1] "Merged. Now splitting table to regions and hits..."
[1] filling 333737 regions, 473983 hits for ENCSR000EJF
[1] 38456402 hits in 15804137 regions
[1] ---- ENCSR000EJG (chr3) (11/21)
[1] "Data table read. Merging with Fimo..."
[1] "Merged. Now splitting table to regions and hits..."
[1] filling 156611 regions, 220526 hits for ENCSR000EJG
[1] 42035594 hits in 17427047 regions
[1] ---- ENCSR000EJH (chr3) (12/21)
[1] "Data table read. Merging with Fimo..."
[1] "Merged. Now splitting table to regions and hits..."
[1] filling 81262 regions, 113631 hits for ENCSR000EJH
[1] 44329757 hits in 18026197 regions
[1] ---- ENCSR000EJI (chr3) (13/21)
[1] "Data table read. Merging with Fimo..."
[1] "Merged. Now splitting table to regions and hits..."
[1] filling 173638 regions, 248053 hits for ENCSR000EJI
[1] 46031869 hits in 18350909 regions
[1] ---- ENCSR000EJJ (chr3) (14/21)
[1] "Data table read. Merging with Fimo..."
[1] "Merged. Now splitting table to regions and hits..."
[1] filling 281647 regions, 400943 hits for ENCSR000EJJ
[1] 49790400 hits in 19682436 regions
[1] ---- ENCSR000EJK (chr3) (15/21)
[1] "Data table read. Merging with Fimo..."
[1] "Merged. Now splitting table to regions and hits..."
[1] filling 269045 regions, 382442 hits for ENCSR000EJK
[1] 53795282 hits in 20766417 regions
[1] ---- ENCSR000EJL (chr3) (16/21)
[1] "Data table read. Merging with Fimo..."
[1] "Merged. Now splitting table to regions and hits..."
[1] filling 250694 regions, 691165 hits for ENCSR000EJL
[1] 58128031 hits in 21814126 regions
[1] ---- ENCSR000EJM (chr3) (17/21)
[1] "Data table read. Merging with Fimo..."
[1] "Merged. Now splitting table to regions and hits..."
[1] filling 159549 regions, 225448 hits for ENCSR000EJM
[1] 59716018 hits in 22140950 regions
[1] ---- ENCSR000EMQ (chr3) (18/21)
[1] "Data table read. Merging with Fimo..."
[1] "Merged. Now splitting table to regions and hits..."
[1] filling 274742 regions, 401302 hits for ENCSR000EMQ
[1] 61043986 hits in 22443286 regions
[1] ---- ENCSR000EMR (chr3) (19/21)
[1] "Data table read. Merging with Fimo..."
[1] "Merged. Now splitting table to regions and hits..."
[1] filling 136763 regions, 200020 hits for ENCSR000EMR
[1] 62129106 hits in 22632969 regions
[1] ---- ENCSR000EMS (chr3) (20/21)
[1] "Data table read. Merging with Fimo..."
[1] "Merged. Now splitting table to regions and hits..."
[1] filling 221565 regions, 320043 hits for ENCSR000EMS
[1] 62449149 hits in 22690053 regions
[1] ---- ENCSR000EMT (chr3) (21/21)
[1] "Data table read. Merging with Fimo..."
[1] "Merged. Now splitting table to regions and hits..."
[1] filling 235253 regions, 348332 hits for ENCSR000EMT
[1] 63117170 hits in 22803118 regions
############### LOG OUTPUT ###############
Task: 6
Node: 6
Timestamp: 2017-08-09 10:21:39
Success: TRUE
Task duration:
     user    system   elapsed 
11995.196  4332.072 65737.014 
Memory used:
          used (Mb) gc trigger  (Mb) max used (Mb)
Ncells 1645530 87.9    2637877 140.9  1848581 98.8
Vcells 1728541 13.2    3142662  24.0  2551855 19.5
Log messages:
stderr and stdout:
[1] ---- ENCSR000DBY (chr6) (1/21)
[1] "Data table read. Merging with Fimo..."
[1] "Merged. Now splitting table to regions and hits..."
[1] filling 45790 regions, 64498 hits for ENCSR000DBY
[1] 649801 hits in 452446 regions
[1] ---- ENCSR000DBZ (chr6) (2/21)
[1] "Data table read. Merging with Fimo..."
[1] "Merged. Now splitting table to regions and hits..."
[1] filling 229168 regions, 324033 hits for ENCSR000DBZ
[1] 4316315 hits in 2680736 regions
[1] ---- ENCSR000DCA (chr6) (3/21)
[1] "Data table read. Merging with Fimo..."
[1] "Merged. Now splitting table to regions and hits..."
[1] filling 150468 regions, 213516 hits for ENCSR000DCA
[1] 10068844 hits in 5827094 regions
[1] ---- ENCSR000DCB (chr6) (4/21)
[1] "Data table read. Merging with Fimo..."
[1] "Merged. Now splitting table to regions and hits..."
[1] filling 172939 regions, 244000 hits for ENCSR000DCB
[1] 17278187 hits in 8921189 regions
[1] ---- ENCSR000DCC (chr6) (5/21)
[1] "Data table read. Merging with Fimo..."
[1] "Merged. Now splitting table to regions and hits..."
[1] filling 148535 regions, 209714 hits for ENCSR000DCC
[1] 22195714 hits in 11023488 regions
[1] ---- ENCSR000EJB (chr6) (6/21)
[1] "Data table read. Merging with Fimo..."
[1] "Merged. Now splitting table to regions and hits..."
[1] filling 361632 regions, 510398 hits for ENCSR000EJB
[1] 25608026 hits in 11973934 regions
[1] ---- ENCSR000EJC (chr6) (7/21)
[1] "Data table read. Merging with Fimo..."
[1] "Merged. Now splitting table to regions and hits..."
[1] filling 175952 regions, 247049 hits for ENCSR000EJC
[1] 30006560 hits in 12976608 regions
[1] ---- ENCSR000EJD (chr6) (8/21)
[1] "Data table read. Merging with Fimo..."
[1] "Merged. Now splitting table to regions and hits..."
[1] filling 378372 regions, 534048 hits for ENCSR000EJD
[1] 34577095 hits in 14456732 regions
[1] ---- ENCSR000EJE (chr6) (9/21)
[1] "Data table read. Merging with Fimo..."
[1] "Merged. Now splitting table to regions and hits..."
[1] filling 295799 regions, 418934 hits for ENCSR000EJE
[1] 36895760 hits in 15319416 regions
[1] ---- ENCSR000EJF (chr6) (10/21)
[1] "Data table read. Merging with Fimo..."
[1] "Merged. Now splitting table to regions and hits..."
[1] filling 313068 regions, 442347 hits for ENCSR000EJF
[1] 39134712 hits in 16012434 regions
[1] ---- ENCSR000EJG (chr6) (11/21)
[1] "Data table read. Merging with Fimo..."
[1] "Merged. Now splitting table to regions and hits..."
[1] filling 156884 regions, 220486 hits for ENCSR000EJG
[1] 42256080 hits in 17482753 regions
[1] ---- ENCSR000EJH (chr6) (12/21)
[1] "Data table read. Merging with Fimo..."
[1] "Merged. Now splitting table to regions and hits..."
[1] filling 83962 regions, 117857 hits for ENCSR000EJH
[1] 44447614 hits in 18055150 regions
[1] ---- ENCSR000EJI (chr6) (13/21)
[1] "Data table read. Merging with Fimo..."
[1] "Merged. Now splitting table to regions and hits..."
[1] filling 174580 regions, 247902 hits for ENCSR000EJI
[1] 45783816 hits in 18303673 regions
[1] ---- ENCSR000EJJ (chr6) (14/21)
[1] "Data table read. Merging with Fimo..."
[1] "Merged. Now splitting table to regions and hits..."
[1] filling 262553 regions, 371779 hits for ENCSR000EJJ
[1] 49389457 hits in 19583656 regions
[1] ---- ENCSR000EJK (chr6) (15/21)
[1] "Data table read. Merging with Fimo..."
[1] "Merged. Now splitting table to regions and hits..."
[1] filling 255878 regions, 362761 hits for ENCSR000EJK
[1] 53122308 hits in 20624256 regions
[1] ---- ENCSR000EJL (chr6) (16/21)
[1] "Data table read. Merging with Fimo..."
[1] "Merged. Now splitting table to regions and hits..."
[1] filling 230396 regions, 633984 hits for ENCSR000EJL
[1] 54835053 hits in 20900125 regions
[1] ---- ENCSR000EJM (chr6) (17/21)
[1] "Data table read. Merging with Fimo..."
[1] "Merged. Now splitting table to regions and hits..."
[1] filling 158214 regions, 222884 hits for ENCSR000EJM
[1] 58576282 hits in 21895624 regions
[1] ---- ENCSR000EMQ (chr6) (18/21)
[1] "Data table read. Merging with Fimo..."
[1] "Merged. Now splitting table to regions and hits..."
[1] filling 269906 regions, 392453 hits for ENCSR000EMQ
[1] 60339159 hits in 22280721 regions
[1] ---- ENCSR000EMR (chr6) (19/21)
[1] "Data table read. Merging with Fimo..."
[1] "Merged. Now splitting table to regions and hits..."
[1] filling 146432 regions, 212978 hits for ENCSR000EMR
[1] 61256964 hits in 22467138 regions
[1] ---- ENCSR000EMS (chr6) (20/21)
[1] "Data table read. Merging with Fimo..."
[1] "Merged. Now splitting table to regions and hits..."
[1] filling 221513 regions, 319689 hits for ENCSR000EMS
[1] 62768838 hits in 22744081 regions
[1] ---- ENCSR000EMT (chr6) (21/21)
[1] "Data table read. Merging with Fimo..."
[1] "Merged. Now splitting table to regions and hits..."
[1] filling 236784 regions, 348689 hits for ENCSR000EMT
[1] 64319646 hits in 23024833 regions
############### LOG OUTPUT ###############
Task: 6
Node: 6
Timestamp: 2017-08-09 10:26:36
Success: TRUE
Task duration:
     user    system   elapsed 
13715.232  3763.876 66042.569 
Memory used:
          used (Mb) gc trigger  (Mb) max used (Mb)
Ncells 1645532 87.9    2637877 140.9  1848586 98.8
Vcells 1728540 13.2    3142662  24.0  2551855 19.5
Log messages:
stderr and stdout:
[1] ---- ENCSR000DBY (chr6) (1/21)
[1] "Data table read. Merging with Fimo..."
[1] "Merged. Now splitting table to regions and hits..."
[1] filling 164724 regions, 239658 hits for ENCSR000DBY
[1] 2652682 hits in 1752409 regions
[1] ---- ENCSR000DBZ (chr6) (2/21)
[1] "Data table read. Merging with Fimo..."
[1] "Merged. Now splitting table to regions and hits..."
[1] filling 1156340 regions, 1725956 hits for ENCSR000DBZ
[1] 21420228 hits in 11790420 regions
[1] ---- ENCSR000DCA (chr6) (3/21)
[1] "Data table read. Merging with Fimo..."
[1] "Merged. Now splitting table to regions and hits..."
[1] filling 774722 regions, 1147630 hits for ENCSR000DCA
[1] 35921519 hits in 17358885 regions
[1] ---- ENCSR000DCB (chr6) (4/21)
[1] "Data table read. Merging with Fimo..."
[1] "Merged. Now splitting table to regions and hits..."
[1] filling 846900 regions, 1280535 hits for ENCSR000DCB
[1] 63120164 hits in 26487975 regions
[1] ---- ENCSR000DCC (chr6) (5/21)
[1] "Data table read. Merging with Fimo..."
[1] "Merged. Now splitting table to regions and hits..."
[1] filling 781333 regions, 1140186 hits for ENCSR000DCC
[1] 79905647 hits in 31062364 regions
[1] ---- ENCSR000EJB (chr6) (6/21)
[1] "Data table read. Merging with Fimo..."
[1] "Merged. Now splitting table to regions and hits..."
[1] filling 1253752 regions, 2054280 hits for ENCSR000EJB
[1] 92223163 hits in 33472480 regions
[1] ---- ENCSR000EJC (chr6) (7/21)
[1] "Data table read. Merging with Fimo..."
[1] "Merged. Now splitting table to regions and hits..."
[1] filling 428416 regions, 707650 hits for ENCSR000EJC
[1] 103203987 hits in 34659396 regions
[1] ---- ENCSR000EJD (chr6) (8/21)
[1] "Data table read. Merging with Fimo..."
[1] "Merged. Now splitting table to regions and hits..."
[1] filling 775602 regions, 1309215 hits for ENCSR000EJD
[1] 118981508 hits in 37261222 regions
[1] ---- ENCSR000EJE (chr6) (9/21)
[1] "Data table read. Merging with Fimo..."
[1] "Merged. Now splitting table to regions and hits..."
[1] filling 873540 regions, 1471744 hits for ENCSR000EJE
[1] 131182589 hits in 39364766 regions
[1] ---- ENCSR000EJF (chr6) (10/21)
[1] "Data table read. Merging with Fimo..."
[1] "Merged. Now splitting table to regions and hits..."
[1] filling 884634 regions, 1490175 hits for ENCSR000EJF
[1] 139514508 hits in 40382532 regions
[1] ---- ENCSR000EJG (chr6) (11/21)
[1] "Data table read. Merging with Fimo..."
[1] "Merged. Now splitting table to regions and hits..."
[1] filling 365248 regions, 590008 hits for ENCSR000EJG
[1] 150410813 hits in 43734602 regions
[1] ---- ENCSR000EJH (chr6) (12/21)
[1] "Data table read. Merging with Fimo..."
[1] "Merged. Now splitting table to regions and hits..."
[1] filling 131522 regions, 193738 hits for ENCSR000EJH
[1] 156356032 hits in 44513644 regions
[1] ---- ENCSR000EJI (chr6) (13/21)
[1] "Data table read. Merging with Fimo..."
[1] "Merged. Now splitting table to regions and hits..."
[1] filling 699137 regions, 1211064 hits for ENCSR000EJI
[1] 160623644 hits in 44913670 regions
[1] ---- ENCSR000EJJ (chr6) (14/21)
[1] "Data table read. Merging with Fimo..."
[1] "Merged. Now splitting table to regions and hits..."
[1] filling 719683 regions, 1221613 hits for ENCSR000EJJ
[1] 170436555 hits in 46219273 regions
[1] ---- ENCSR000EJK (chr6) (15/21)
[1] "Data table read. Merging with Fimo..."
[1] "Merged. Now splitting table to regions and hits..."
[1] filling 718050 regions, 1199246 hits for ENCSR000EJK
[1] 181748414 hits in 47837586 regions
[1] ---- ENCSR000EJL (chr6) (16/21)
[1] "Data table read. Merging with Fimo..."
[1] "Merged. Now splitting table to regions and hits..."
[1] filling 594702 regions, 981134 hits for ENCSR000EJL
[1] 186202386 hits in 48147518 regions
[1] ---- ENCSR000EJM (chr6) (17/21)
[1] "Data table read. Merging with Fimo..."
[1] "Merged. Now splitting table to regions and hits..."
[1] filling 471156 regions, 808963 hits for ENCSR000EJM
[1] 197654560 hits in 49548850 regions
[1] ---- ENCSR000EMQ (chr6) (18/21)
[1] "Data table read. Merging with Fimo..."
[1] "Merged. Now splitting table to regions and hits..."
[1] filling 811727 regions, 1428782 hits for ENCSR000EMQ
[1] 203072721 hits in 49931518 regions
[1] ---- ENCSR000EMR (chr6) (19/21)
[1] "Data table read. Merging with Fimo..."
[1] "Merged. Now splitting table to regions and hits..."
[1] filling 473760 regions, 855942 hits for ENCSR000EMR
[1] 207200533 hits in 50168629 regions
[1] ---- ENCSR000EMS (chr6) (20/21)
[1] "Data table read. Merging with Fimo..."
[1] "Merged. Now splitting table to regions and hits..."
[1] filling 867224 regions, 1630145 hits for ENCSR000EMS
[1] 212992796 hits in 50583988 regions
[1] ---- ENCSR000EMT (chr6) (21/21)
[1] "Data table read. Merging with Fimo..."
[1] "Merged. Now splitting table to regions and hits..."
[1] filling 824864 regions, 1445979 hits for ENCSR000EMT
[1] 220471624 hits in 51196265 regions
############### LOG OUTPUT ###############
Task: 3
Node: 3
Timestamp: 2017-08-09 10:42:51
Success: TRUE
Task duration:
     user    system   elapsed 
13788.712  5207.192 67007.809 
Memory used:
          used (Mb) gc trigger  (Mb) max used (Mb)
Ncells 1645533 87.9    2637877 140.9  1848586 98.8
Vcells 1728541 13.2    3142662  24.0  2551855 19.5
Log messages:
stderr and stdout:
[1] ---- ENCSR000DBY (chr3) (1/21)
[1] "Data table read. Merging with Fimo..."
[1] "Merged. Now splitting table to regions and hits..."
[1] filling 154020 regions, 225380 hits for ENCSR000DBY
[1] 966664 hits in 662944 regions
[1] ---- ENCSR000DBZ (chr3) (2/21)
[1] "Data table read. Merging with Fimo..."
[1] "Merged. Now splitting table to regions and hits..."
[1] filling 1144882 regions, 1711637 hits for ENCSR000DBZ
[1] 13937726 hits in 8158849 regions
[1] ---- ENCSR000DCA (chr3) (3/21)
[1] "Data table read. Merging with Fimo..."
[1] "Merged. Now splitting table to regions and hits..."
[1] filling 807323 regions, 1201108 hits for ENCSR000DCA
[1] 27372455 hits in 14071406 regions
[1] ---- ENCSR000DCB (chr3) (4/21)
[1] "Data table read. Merging with Fimo..."
[1] "Merged. Now splitting table to regions and hits..."
[1] filling 838574 regions, 1277294 hits for ENCSR000DCB
[1] 39492040 hits in 21047840 regions
[1] ---- ENCSR000DCC (chr3) (5/21)
[1] "Data table read. Merging with Fimo..."
[1] "Merged. Now splitting table to regions and hits..."
[1] filling 726537 regions, 1064833 hits for ENCSR000DCC
[1] 57106037 hits in 24984345 regions
[1] ---- ENCSR000EJB (chr3) (6/21)
[1] "Data table read. Merging with Fimo..."
[1] "Merged. Now splitting table to regions and hits..."
[1] filling 1322988 regions, 2159662 hits for ENCSR000EJB
[1] 70314629 hits in 28145466 regions
[1] ---- ENCSR000EJC (chr3) (7/21)
[1] "Data table read. Merging with Fimo..."
[1] "Merged. Now splitting table to regions and hits..."
[1] filling 470045 regions, 776640 hits for ENCSR000EJC
[1] 95134589 hits in 33829695 regions
[1] ---- ENCSR000EJD (chr3) (8/21)
[1] "Data table read. Merging with Fimo..."
[1] "Merged. Now splitting table to regions and hits..."
[1] filling 840132 regions, 1415322 hits for ENCSR000EJD
[1] 113879083 hits in 36758980 regions
[1] ---- ENCSR000EJE (chr3) (9/21)
[1] "Data table read. Merging with Fimo..."
[1] "Merged. Now splitting table to regions and hits..."
[1] filling 900801 regions, 1526400 hits for ENCSR000EJE
[1] 128423303 hits in 39046666 regions
[1] ---- ENCSR000EJF (chr3) (10/21)
[1] "Data table read. Merging with Fimo..."
[1] "Merged. Now splitting table to regions and hits..."
[1] filling 881135 regions, 1491063 hits for ENCSR000EJF
[1] 138024333 hits in 40173161 regions
[1] ---- ENCSR000EJG (chr3) (11/21)
[1] "Data table read. Merging with Fimo..."
[1] "Merged. Now splitting table to regions and hits..."
[1] filling 368969 regions, 601574 hits for ENCSR000EJG
[1] 149820805 hits in 43680508 regions
[1] ---- ENCSR000EJH (chr3) (12/21)
[1] "Data table read. Merging with Fimo..."
[1] "Merged. Now splitting table to regions and hits..."
[1] filling 127393 regions, 187021 hits for ENCSR000EJH
[1] 156543053 hits in 44551402 regions
[1] ---- ENCSR000EJI (chr3) (13/21)
[1] "Data table read. Merging with Fimo..."
[1] "Merged. Now splitting table to regions and hits..."
[1] filling 713967 regions, 1242015 hits for ENCSR000EJI
[1] 161865659 hits in 45025841 regions
[1] ---- ENCSR000EJJ (chr3) (14/21)
[1] "Data table read. Merging with Fimo..."
[1] "Merged. Now splitting table to regions and hits..."
[1] filling 714078 regions, 1219271 hits for ENCSR000EJJ
[1] 172727312 hits in 46413323 regions
[1] ---- ENCSR000EJK (chr3) (15/21)
[1] "Data table read. Merging with Fimo..."
[1] "Merged. Now splitting table to regions and hits..."
[1] filling 754242 regions, 1265044 hits for ENCSR000EJK
[1] 184691501 hits in 48056563 regions
[1] ---- ENCSR000EJL (chr3) (16/21)
[1] "Data table read. Merging with Fimo..."
[1] "Merged. Now splitting table to regions and hits..."
[1] filling 609503 regions, 1005869 hits for ENCSR000EJL
[1] 196845597 hits in 49490159 regions
[1] ---- ENCSR000EJM (chr3) (17/21)
[1] "Data table read. Merging with Fimo..."
[1] "Merged. Now splitting table to regions and hits..."
[1] filling 468831 regions, 818069 hits for ENCSR000EJM
[1] 204848675 hits in 50051543 regions
[1] ---- ENCSR000EMQ (chr3) (18/21)
[1] "Data table read. Merging with Fimo..."
[1] "Merged. Now splitting table to regions and hits..."
[1] filling 822955 regions, 1454914 hits for ENCSR000EMQ
[1] 210212740 hits in 50414323 regions
[1] ---- ENCSR000EMR (chr3) (19/21)
[1] "Data table read. Merging with Fimo..."
[1] "Merged. Now splitting table to regions and hits..."
[1] filling 447484 regions, 822205 hits for ENCSR000EMR
[1] 211362651 hits in 50492434 regions
[1] ---- ENCSR000EMS (chr3) (20/21)
[1] "Data table read. Merging with Fimo..."
[1] "Merged. Now splitting table to regions and hits..."
[1] filling 888275 regions, 1679723 hits for ENCSR000EMS
[1] 214672519 hits in 50697316 regions
[1] ---- ENCSR000EMT (chr3) (21/21)
[1] "Data table read. Merging with Fimo..."
[1] "Merged. Now splitting table to regions and hits..."
[1] filling 839182 regions, 1471627 hits for ENCSR000EMT
[1] 221943251 hits in 51285657 regions
############### LOG OUTPUT ###############
Task: 2
Node: 2
Timestamp: 2017-08-09 13:40:38
Success: TRUE
Task duration:
     user    system   elapsed 
16814.496  6312.116 77668.916 
Memory used:
          used (Mb) gc trigger  (Mb) max used (Mb)
Ncells 1645531 87.9    2637877 140.9  1848581 98.8
Vcells 1728542 13.2    3142662  24.0  2551855 19.5
Log messages:
stderr and stdout:
[1] ---- ENCSR000DBY (chr2) (1/21)
[1] "Data table read. Merging with Fimo..."
[1] "Merged. Now splitting table to regions and hits..."
[1] filling 58305 regions, 83117 hits for ENCSR000DBY
[1] 1414235 hits in 974186 regions
[1] ---- ENCSR000DBZ (chr2) (2/21)
[1] "Data table read. Merging with Fimo..."
[1] "Merged. Now splitting table to regions and hits..."
[1] filling 298417 regions, 424585 hits for ENCSR000DBZ
[1] 9620655 hits in 5595580 regions
[1] ---- ENCSR000DCA (chr2) (3/21)
[1] "Data table read. Merging with Fimo..."
[1] "Merged. Now splitting table to regions and hits..."
[1] filling 189345 regions, 270311 hits for ENCSR000DCA
[1] 21986000 hits in 10924187 regions
[1] ---- ENCSR000DCB (chr2) (4/21)
[1] "Data table read. Merging with Fimo..."
[1] "Merged. Now splitting table to regions and hits..."
[1] filling 209630 regions, 299995 hits for ENCSR000DCB
[1] 30707368 hits in 13315100 regions
[1] ---- ENCSR000DCC (chr2) (5/21)
[1] "Data table read. Merging with Fimo..."
[1] "Merged. Now splitting table to regions and hits..."
[1] filling 177851 regions, 254287 hits for ENCSR000DCC
[1] 36031973 hits in 15008390 regions
[1] ---- ENCSR000EJB (chr2) (6/21)
[1] "Data table read. Merging with Fimo..."
[1] "Merged. Now splitting table to regions and hits..."
[1] filling 585409 regions, 825337 hits for ENCSR000EJB
[1] 41447636 hits in 17278542 regions
[1] ---- ENCSR000EJC (chr2) (7/21)
[1] "Data table read. Merging with Fimo..."
[1] "Merged. Now splitting table to regions and hits..."
[1] filling 245069 regions, 344769 hits for ENCSR000EJC
[1] 44216126 hits in 17996753 regions
[1] ---- ENCSR000EJD (chr2) (8/21)
[1] "Data table read. Merging with Fimo..."
[1] "Merged. Now splitting table to regions and hits..."
[1] filling 570441 regions, 806445 hits for ENCSR000EJD
[1] 46838314 hits in 18724515 regions
[1] ---- ENCSR000EJE (chr2) (9/21)
[1] "Data table read. Merging with Fimo..."
[1] "Merged. Now splitting table to regions and hits..."
[1] filling 495445 regions, 701351 hits for ENCSR000EJE
[1] 51726183 hits in 20155175 regions
[1] ---- ENCSR000EJF (chr2) (10/21)
[1] "Data table read. Merging with Fimo..."
[1] "Merged. Now splitting table to regions and hits..."
[1] filling 513657 regions, 726610 hits for ENCSR000EJF
[1] 55561663 hits in 21160309 regions
[1] ---- ENCSR000EJG (chr2) (11/21)
[1] "Data table read. Merging with Fimo..."
[1] "Merged. Now splitting table to regions and hits..."
[1] filling 218632 regions, 306235 hits for ENCSR000EJG
[1] 59063459 hits in 22000167 regions
[1] ---- ENCSR000EJH (chr2) (12/21)
[1] "Data table read. Merging with Fimo..."
[1] "Merged. Now splitting table to regions and hits..."
[1] filling 110037 regions, 154970 hits for ENCSR000EJH
[1] 61411934 hits in 22508282 regions
[1] ---- ENCSR000EJI (chr2) (13/21)
[1] "Data table read. Merging with Fimo..."
[1] "Merged. Now splitting table to regions and hits..."
[1] filling 242233 regions, 345555 hits for ENCSR000EJI
[1] 63462725 hits in 22873142 regions
[1] ---- ENCSR000EJJ (chr2) (14/21)
[1] "Data table read. Merging with Fimo..."
[1] "Merged. Now splitting table to regions and hits..."
[1] filling 400844 regions, 569964 hits for ENCSR000EJJ
[1] 64889610 hits in 23170045 regions
[1] ---- ENCSR000EJK (chr2) (15/21)
[1] "Data table read. Merging with Fimo..."
[1] "Merged. Now splitting table to regions and hits..."
[1] filling 399595 regions, 566193 hits for ENCSR000EJK
[1] 66347685 hits in 23534403 regions
[1] ---- ENCSR000EJL (chr2) (16/21)
[1] "Data table read. Merging with Fimo..."
[1] "Merged. Now splitting table to regions and hits..."
[1] filling 349219 regions, 964389 hits for ENCSR000EJL
[1] 68167341 hits in 23849802 regions
[1] ---- ENCSR000EJM (chr2) (17/21)
[1] "Data table read. Merging with Fimo..."
[1] "Merged. Now splitting table to regions and hits..."
[1] filling 227610 regions, 320508 hits for ENCSR000EJM
[1] 70001345 hits in 24093750 regions
[1] ---- ENCSR000EMQ (chr2) (18/21)
[1] "Data table read. Merging with Fimo..."
[1] "Merged. Now splitting table to regions and hits..."
[1] filling 370792 regions, 548518 hits for ENCSR000EMQ
[1] 70549863 hits in 24231362 regions
[1] ---- ENCSR000EMR (chr2) (19/21)
[1] "Data table read. Merging with Fimo..."
[1] "Merged. Now splitting table to regions and hits..."
[1] filling 174548 regions, 254947 hits for ENCSR000EMR
[1] 71288050 hits in 24334990 regions
[1] ---- ENCSR000EMS (chr2) (20/21)
[1] "Data table read. Merging with Fimo..."
[1] "Merged. Now splitting table to regions and hits..."
[1] filling 279397 regions, 403461 hits for ENCSR000EMS
[1] 72492918 hits in 24604763 regions
[1] ---- ENCSR000EMT (chr2) (21/21)
[1] "Data table read. Merging with Fimo..."
[1] "Merged. Now splitting table to regions and hits..."
[1] filling 299094 regions, 442381 hits for ENCSR000EMT
[1] 72935299 hits in 24679697 regions
############### LOG OUTPUT ###############
Task: 1
Node: 1
Timestamp: 2017-08-09 14:40:27
Success: TRUE
Task duration:
    user   system  elapsed 
17944.70  6735.70 81262.75 
Memory used:
          used (Mb) gc trigger  (Mb) max used (Mb)
Ncells 1645532 87.9    2637877 140.9  1848581 98.8
Vcells 1728543 13.2    3142662  24.0  2551855 19.5
Log messages:
stderr and stdout:
[1] ---- ENCSR000DBY (chr1) (1/21)
[1] "Data table read. Merging with Fimo..."
[1] "Merged. Now splitting table to regions and hits..."
[1] filling 83232 regions, 118009 hits for ENCSR000DBY
[1] 1331118 hits in 915881 regions
[1] ---- ENCSR000DBZ (chr1) (2/21)
[1] "Data table read. Merging with Fimo..."
[1] "Merged. Now splitting table to regions and hits..."
[1] filling 401987 regions, 569485 hits for ENCSR000DBZ
[1] 9058562 hits in 5246283 regions
[1] ---- ENCSR000DCA (chr1) (3/21)
[1] "Data table read. Merging with Fimo..."
[1] "Merged. Now splitting table to regions and hits..."
[1] filling 273571 regions, 388722 hits for ENCSR000DCA
[1] 21715689 hits in 10777788 regions
[1] ---- ENCSR000DCB (chr1) (4/21)
[1] "Data table read. Merging with Fimo..."
[1] "Merged. Now splitting table to regions and hits..."
[1] filling 281613 regions, 400813 hits for ENCSR000DCB
[1] 30407373 hits in 13166604 regions
[1] ---- ENCSR000DCC (chr1) (5/21)
[1] "Data table read. Merging with Fimo..."
[1] "Merged. Now splitting table to regions and hits..."
[1] filling 236512 regions, 337598 hits for ENCSR000DCC
[1] 35777686 hits in 14890401 regions
[1] ---- ENCSR000EJB (chr1) (6/21)
[1] "Data table read. Merging with Fimo..."
[1] "Merged. Now splitting table to regions and hits..."
[1] filling 813477 regions, 1151116 hits for ENCSR000EJB
[1] 40285828 hits in 16696688 regions
[1] ---- ENCSR000EJC (chr1) (7/21)
[1] "Data table read. Merging with Fimo..."
[1] "Merged. Now splitting table to regions and hits..."
[1] filling 346288 regions, 487751 hits for ENCSR000EJC
[1] 43871357 hits in 17857889 regions
[1] ---- ENCSR000EJD (chr1) (8/21)
[1] "Data table read. Merging with Fimo..."
[1] "Merged. Now splitting table to regions and hits..."
[1] filling 841191 regions, 1188750 hits for ENCSR000EJD
[1] 48027064 hits in 19259820 regions
[1] ---- ENCSR000EJE (chr1) (9/21)
[1] "Data table read. Merging with Fimo..."
[1] "Merged. Now splitting table to regions and hits..."
[1] filling 729851 regions, 1033364 hits for ENCSR000EJE
[1] 52759547 hits in 20548881 regions
[1] ---- ENCSR000EJF (chr1) (10/21)
[1] "Data table read. Merging with Fimo..."
[1] "Merged. Now splitting table to regions and hits..."
[1] filling 784469 regions, 1111807 hits for ENCSR000EJF
[1] 56673470 hits in 21549218 regions
[1] ---- ENCSR000EJG (chr1) (11/21)
[1] "Data table read. Merging with Fimo..."
[1] "Merged. Now splitting table to regions and hits..."
[1] filling 304526 regions, 427111 hits for ENCSR000EJG
[1] 59490570 hits in 22103744 regions
[1] ---- ENCSR000EJH (chr1) (12/21)
[1] "Data table read. Merging with Fimo..."
[1] "Merged. Now splitting table to regions and hits..."
[1] filling 138669 regions, 193690 hits for ENCSR000EJH
[1] 61929086 hits in 22612119 regions
[1] ---- ENCSR000EJI (chr1) (13/21)
[1] "Data table read. Merging with Fimo..."
[1] "Merged. Now splitting table to regions and hits..."
[1] filling 357554 regions, 508232 hits for ENCSR000EJI
[1] 63970957 hits in 22972168 regions
[1] ---- ENCSR000EJJ (chr1) (14/21)
[1] "Data table read. Merging with Fimo..."
[1] "Merged. Now splitting table to regions and hits..."
[1] filling 628157 regions, 891882 hits for ENCSR000EJJ
[1] 65781492 hits in 23396326 regions
[1] ---- ENCSR000EJK (chr1) (15/21)
[1] "Data table read. Merging with Fimo..."
[1] "Merged. Now splitting table to regions and hits..."
[1] filling 602868 regions, 855267 hits for ENCSR000EJK
[1] 67202952 hits in 23734530 regions
[1] ---- ENCSR000EJL (chr1) (16/21)
[1] "Data table read. Merging with Fimo..."
[1] "Merged. Now splitting table to regions and hits..."
[1] filling 548073 regions, 1513496 hits for ENCSR000EJL
[1] 69680837 hits in 24036816 regions
[1] ---- ENCSR000EJM (chr1) (17/21)
[1] "Data table read. Merging with Fimo..."
[1] "Merged. Now splitting table to regions and hits..."
[1] filling 341973 regions, 483240 hits for ENCSR000EJM
[1] 71033103 hits in 24306359 regions
[1] ---- ENCSR000EMQ (chr1) (18/21)
[1] "Data table read. Merging with Fimo..."
[1] "Merged. Now splitting table to regions and hits..."
[1] filling 544675 regions, 801407 hits for ENCSR000EMQ
[1] 72089457 hits in 24536522 regions
[1] ---- ENCSR000EMR (chr1) (19/21)
[1] "Data table read. Merging with Fimo..."
[1] "Merged. Now splitting table to regions and hits..."
[1] filling 247335 regions, 360903 hits for ENCSR000EMR
[1] 73296202 hits in 24716938 regions
[1] ---- ENCSR000EMS (chr1) (20/21)
[1] "Data table read. Merging with Fimo..."
[1] "Merged. Now splitting table to regions and hits..."
[1] filling 385320 regions, 557746 hits for ENCSR000EMS
[1] 73853948 hits in 24801117 regions
[1] ---- ENCSR000EMT (chr1) (21/21)
[1] "Data table read. Merging with Fimo..."
[1] "Merged. Now splitting table to regions and hits..."
[1] filling 415904 regions, 617148 hits for ENCSR000EMT
[1] 74471096 hits in 24888462 regions
> 
> print(bpok(result))
 [1] TRUE TRUE TRUE TRUE TRUE TRUE TRUE TRUE TRUE TRUE
> print("Database fill complete")
[1] "Database fill complete"
> print(date())
[1] "Wed Aug  9 14:40:27 2017"
> 
############### LOG OUTPUT ###############
Task: 1
Node: 1
Timestamp: 2017-08-09 14:50:41
Success: TRUE
Task duration:
     user    system   elapsed 
19262.388  7639.844 81866.338 
Memory used:
          used (Mb) gc trigger  (Mb) max used (Mb)
Ncells 1645534 87.9    2637877 140.9  1848586 98.8
Vcells 1728542 13.2    3142662  24.0  2551855 19.5
Log messages:
stderr and stdout:
[1] ---- ENCSR000DBY (chr1) (1/21)
[1] "Data table read. Merging with Fimo..."
[1] "Merged. Now splitting table to regions and hits..."
[1] filling 293614 regions, 429479 hits for ENCSR000DBY
[1] 5860407 hits in 3820229 regions
[1] ---- ENCSR000DBZ (chr1) (2/21)
[1] "Data table read. Merging with Fimo..."
[1] "Merged. Now splitting table to regions and hits..."
[1] filling 1897332 regions, 2838299 hits for ENCSR000DBZ
[1] 42330339 hits in 21047840 regions
[1] ---- ENCSR000DCA (chr1) (3/21)
[1] "Data table read. Merging with Fimo..."
[1] "Merged. Now splitting table to regions and hits..."
[1] filling 1377504 regions, 2049040 hits for ENCSR000DCA
[1] 78765461 hits in 30693515 regions
[1] ---- ENCSR000DCB (chr1) (4/21)
[1] "Data table read. Merging with Fimo..."
[1] "Merged. Now splitting table to regions and hits..."
[1] filling 1331847 regions, 2046921 hits for ENCSR000DCB
[1] 106202342 hits in 35408438 regions
[1] ---- ENCSR000DCC (chr1) (5/21)
[1] "Data table read. Merging with Fimo..."
[1] "Merged. Now splitting table to regions and hits..."
[1] filling 1212050 regions, 1786738 hits for ENCSR000DCC
[1] 125534048 hits in 38352510 regions
[1] ---- ENCSR000EJB (chr1) (6/21)
[1] "Data table read. Merging with Fimo..."
[1] "Merged. Now splitting table to regions and hits..."
[1] filling 2677120 regions, 4368082 hits for ENCSR000EJB
[1] 148243935 hits in 43521892 regions
[1] ---- ENCSR000EJC (chr1) (7/21)
[1] "Data table read. Merging with Fimo..."
[1] "Merged. Now splitting table to regions and hits..."
[1] filling 892570 regions, 1477961 hits for ENCSR000EJC
[1] 156162294 hits in 44476435 regions
[1] ---- ENCSR000EJD (chr1) (8/21)
[1] "Data table read. Merging with Fimo..."
[1] "Merged. Now splitting table to regions and hits..."
[1] filling 1588992 regions, 2689793 hits for ENCSR000EJD
[1] 164555452 hits in 45487779 regions
[1] ---- ENCSR000EJE (chr1) (9/21)
[1] "Data table read. Merging with Fimo..."
[1] "Merged. Now splitting table to regions and hits..."
[1] filling 1956761 regions, 3279052 hits for ENCSR000EJE
[1] 180549168 hits in 47738969 regions
[1] ---- ENCSR000EJF (chr1) (10/21)
[1] "Data table read. Merging with Fimo..."
[1] "Merged. Now splitting table to regions and hits..."
[1] filling 1994756 regions, 3325158 hits for ENCSR000EJF
[1] 191788796 hits in 49074403 regions
[1] ---- ENCSR000EJG (chr1) (11/21)
[1] "Data table read. Merging with Fimo..."
[1] "Merged. Now splitting table to regions and hits..."
[1] filling 718615 regions, 1173968 hits for ENCSR000EJG
[1] 200387015 hits in 49749548 regions
[1] ---- ENCSR000EJH (chr1) (12/21)
[1] "Data table read. Merging with Fimo..."
[1] "Merged. Now splitting table to regions and hits..."
[1] filling 223501 regions, 327706 hits for ENCSR000EJH
[1] 210540446 hits in 50473808 regions
[1] ---- ENCSR000EJI (chr1) (13/21)
[1] "Data table read. Merging with Fimo..."
[1] "Merged. Now splitting table to regions and hits..."
[1] filling 1507762 regions, 2606928 hits for ENCSR000EJI
[1] 219025645 hits in 51119452 regions
[1] ---- ENCSR000EJJ (chr1) (14/21)
[1] "Data table read. Merging with Fimo..."
[1] "Merged. Now splitting table to regions and hits..."
[1] filling 1505485 regions, 2543768 hits for ENCSR000EJJ
[1] 226263399 hits in 51676208 regions
[1] ---- ENCSR000EJK (chr1) (15/21)
[1] "Data table read. Merging with Fimo..."
[1] "Merged. Now splitting table to regions and hits..."
[1] filling 1602112 regions, 2658435 hits for ENCSR000EJK
[1] 230703621 hits in 52146966 regions
[1] ---- ENCSR000EJL (chr1) (16/21)
[1] "Data table read. Merging with Fimo..."
[1] "Merged. Now splitting table to regions and hits..."
[1] filling 1292818 regions, 2117791 hits for ENCSR000EJL
[1] 234279445 hits in 52488664 regions
[1] ---- ENCSR000EJM (chr1) (17/21)
[1] "Data table read. Merging with Fimo..."
[1] "Merged. Now splitting table to regions and hits..."
[1] filling 1002796 regions, 1739451 hits for ENCSR000EJM
[1] 237210441 hits in 52701477 regions
[1] ---- ENCSR000EMQ (chr1) (18/21)
[1] "Data table read. Merging with Fimo..."
[1] "Merged. Now splitting table to regions and hits..."
[1] filling 1550959 regions, 2723623 hits for ENCSR000EMQ
[1] 241880241 hits in 53049288 regions
[1] ---- ENCSR000EMR (chr1) (19/21)
[1] "Data table read. Merging with Fimo..."
[1] "Merged. Now splitting table to regions and hits..."
[1] filling 822463 regions, 1499407 hits for ENCSR000EMR
[1] 244446162 hits in 53111312 regions
[1] ---- ENCSR000EMS (chr1) (20/21)
[1] "Data table read. Merging with Fimo..."
[1] "Merged. Now splitting table to regions and hits..."
[1] filling 1508491 regions, 2824670 hits for ENCSR000EMS
[1] 247270832 hits in 53254312 regions
[1] ---- ENCSR000EMT (chr1) (21/21)
[1] "Data table read. Merging with Fimo..."
[1] "Merged. Now splitting table to regions and hits..."
[1] filling 1406942 regions, 2465750 hits for ENCSR000EMT
[1] 251848972 hits in 53484917 regions
############### LOG OUTPUT ###############
Task: 2
Node: 2
Timestamp: 2017-08-09 14:51:35
Success: TRUE
Task duration:
     user    system   elapsed 
19561.392  8454.928 81921.331 
Memory used:
          used (Mb) gc trigger  (Mb) max used (Mb)
Ncells 1645535 87.9    2637877 140.9  1848586 98.8
Vcells 1728543 13.2    3142662  24.0  2551855 19.5
Log messages:
stderr and stdout:
[1] ---- ENCSR000DBY (chr2) (1/21)
[1] "Data table read. Merging with Fimo..."
[1] "Merged. Now splitting table to regions and hits..."
[1] filling 210651 regions, 312150 hits for ENCSR000DBY
[1] 6172557 hits in 4030880 regions
[1] ---- ENCSR000DBZ (chr2) (2/21)
[1] "Data table read. Merging with Fimo..."
[1] "Merged. Now splitting table to regions and hits..."
[1] filling 1532592 regions, 2293227 hits for ENCSR000DBZ
[1] 38214746 hits in 18807120 regions
[1] ---- ENCSR000DCA (chr2) (3/21)
[1] "Data table read. Merging with Fimo..."
[1] "Merged. Now splitting table to regions and hits..."
[1] filling 998057 regions, 1489411 hits for ENCSR000DCA
[1] 81395058 hits in 31695303 regions
[1] ---- ENCSR000DCB (chr2) (4/21)
[1] "Data table read. Merging with Fimo..."
[1] "Merged. Now splitting table to regions and hits..."
[1] filling 1038853 regions, 1586593 hits for ENCSR000DCB
[1] 109155925 hits in 36213015 regions
[1] ---- ENCSR000DCC (chr2) (5/21)
[1] "Data table read. Merging with Fimo..."
[1] "Merged. Now splitting table to regions and hits..."
[1] filling 925873 regions, 1362855 hits for ENCSR000DCC
[1] 126896903 hits in 38777902 regions
[1] ---- ENCSR000EJB (chr2) (6/21)
[1] "Data table read. Merging with Fimo..."
[1] "Merged. Now splitting table to regions and hits..."
[1] filling 2064765 regions, 3316262 hits for ENCSR000EJB
[1] 142830770 hits in 41769996 regions
[1] ---- ENCSR000EJC (chr2) (7/21)
[1] "Data table read. Merging with Fimo..."
[1] "Merged. Now splitting table to regions and hits..."
[1] filling 595671 regions, 979844 hits for ENCSR000EJC
[1] 154684333 hits in 44243625 regions
[1] ---- ENCSR000EJD (chr2) (8/21)
[1] "Data table read. Merging with Fimo..."
[1] "Merged. Now splitting table to regions and hits..."
[1] filling 1128824 regions, 1885057 hits for ENCSR000EJD
[1] 166440509 hits in 45846600 regions
[1] ---- ENCSR000EJE (chr2) (9/21)
[1] "Data table read. Merging with Fimo..."
[1] "Merged. Now splitting table to regions and hits..."
[1] filling 1400946 regions, 2319949 hits for ENCSR000EJE
[1] 177270116 hits in 47094462 regions
[1] ---- ENCSR000EJF (chr2) (10/21)
[1] "Data table read. Merging with Fimo..."
[1] "Merged. Now splitting table to regions and hits..."
[1] filling 1359130 regions, 2261252 hits for ENCSR000EJF
[1] 188463638 hits in 48530397 regions
[1] ---- ENCSR000EJG (chr2) (11/21)
[1] "Data table read. Merging with Fimo..."
[1] "Merged. Now splitting table to regions and hits..."
[1] filling 511680 regions, 829069 hits for ENCSR000EJG
[1] 199213047 hits in 49652588 regions
[1] ---- ENCSR000EJH (chr2) (12/21)
[1] "Data table read. Merging with Fimo..."
[1] "Merged. Now splitting table to regions and hits..."
[1] filling 170090 regions, 248994 hits for ENCSR000EJH
[1] 207449527 hits in 50220933 regions
[1] ---- ENCSR000EJI (chr2) (13/21)
[1] "Data table read. Merging with Fimo..."
[1] "Merged. Now splitting table to regions and hits..."
[1] filling 1015474 regions, 1746198 hits for ENCSR000EJI
[1] 216418717 hits in 50867499 regions
[1] ---- ENCSR000EJJ (chr2) (14/21)
[1] "Data table read. Merging with Fimo..."
[1] "Merged. Now splitting table to regions and hits..."
[1] filling 1053022 regions, 1776380 hits for ENCSR000EJJ
[1] 223719631 hits in 51454359 regions
[1] ---- ENCSR000EJK (chr2) (15/21)
[1] "Data table read. Merging with Fimo..."
[1] "Merged. Now splitting table to regions and hits..."
[1] filling 1078089 regions, 1781787 hits for ENCSR000EJK
[1] 228045186 hits in 51859655 regions
[1] ---- ENCSR000EJL (chr2) (16/21)
[1] "Data table read. Merging with Fimo..."
[1] "Merged. Now splitting table to regions and hits..."
[1] filling 894196 regions, 1458033 hits for ENCSR000EJL
[1] 232161654 hits in 52290491 regions
[1] ---- ENCSR000EJM (chr2) (17/21)
[1] "Data table read. Merging with Fimo..."
[1] "Merged. Now splitting table to regions and hits..."
[1] filling 691601 regions, 1191545 hits for ENCSR000EJM
[1] 235470990 hits in 52583270 regions
[1] ---- ENCSR000EMQ (chr2) (18/21)
[1] "Data table read. Merging with Fimo..."
[1] "Merged. Now splitting table to regions and hits..."
[1] filling 1106496 regions, 1946177 hits for ENCSR000EMQ
[1] 239156618 hits in 52851904 regions
[1] ---- ENCSR000EMR (chr2) (19/21)
[1] "Data table read. Merging with Fimo..."
[1] "Merged. Now splitting table to regions and hits..."
[1] filling 580105 regions, 1066514 hits for ENCSR000EMR
[1] 242946755 hits in 53077347 regions
[1] ---- ENCSR000EMS (chr2) (20/21)
[1] "Data table read. Merging with Fimo..."
[1] "Merged. Now splitting table to regions and hits..."
[1] filling 1115159 regions, 2112390 hits for ENCSR000EMS
[1] 249383222 hits in 53373380 regions
[1] ---- ENCSR000EMT (chr2) (21/21)
[1] "Data table read. Merging with Fimo..."
[1] "Merged. Now splitting table to regions and hits..."
[1] filling 1055302 regions, 1854234 hits for ENCSR000EMT
[1] 253703206 hits in 53594433 regions
> 
> print(bpok(result))
 [1] TRUE TRUE TRUE TRUE TRUE TRUE TRUE TRUE TRUE TRUE
> print("Database fill complete")
[1] "Database fill complete"
> print(date())
[1] "Wed Aug  9 14:51:35 2017"
> 

R version 3.4.1 (2017-06-30) -- "Single Candle"
Copyright (C) 2017 The R Foundation for Statistical Computing
Platform: x86_64-pc-linux-gnu (64-bit)

R is free software and comes with ABSOLUTELY NO WARRANTY.
You are welcome to redistribute it under certain conditions.
Type 'license()' or 'licence()' for distribution details.

  Natural language support but running in an English locale

R is a collaborative project with many contributors.
Type 'contributors()' for more information and
'citation()' on how to cite R or R packages in publications.

Type 'demo()' for some demos, 'help()' for on-line help, or
'help.start()' for an HTML browser interface to help.
Type 'q()' to quit R.

> # users can either step through this file, or call this file with 
> # r -f example.R
> 
> # THIS ASSUMES THAT THE TESTHINT DATABASE EXISTS. The recipe for building that
> # database is in ../dbInitialization/createHintTest.sql
> 
> # THIS EXAMPLE USES THE BRAIN HINT OUTPUT MADE BY RUNNING make hint at /scratch/data/footprints
> 
> print(date())
[1] "Wed Aug  9 16:55:16 2017"
> #-------------------------------------------------------------------------------
> # set path to hint output 
> data.path <- "/scratch/data/footprints/lymphoblast_hint_20"
> #-------------------------------------------------------------------------------
> # establish database connections:
> 
> if(!exists("db.hint"))
+     db.hint <- "lymphoblast_hint_20_localhost"
> 
> if(!exists("db.fimo"))
+     db.fimo <- "fimo_localhost"
> #-------------------------------------------------------------------------------
> # Source the libraries
> source("../src/dependencies.R")
Loading required package: stats4
Loading required package: BiocGenerics
Loading required package: parallel

Attaching package: ‘BiocGenerics’

The following objects are masked from ‘package:parallel’:

    clusterApply, clusterApplyLB, clusterCall, clusterEvalQ,
    clusterExport, clusterMap, parApply, parCapply, parLapply,
    parLapplyLB, parRapply, parSapply, parSapplyLB

The following objects are masked from ‘package:stats’:

    IQR, mad, sd, var, xtabs

The following objects are masked from ‘package:base’:

    anyDuplicated, append, as.data.frame, cbind, colMeans, colnames,
    colSums, do.call, duplicated, eval, evalq, Filter, Find, get, grep,
    grepl, intersect, is.unsorted, lapply, lengths, Map, mapply, match,
    mget, order, paste, pmax, pmax.int, pmin, pmin.int, Position, rank,
    rbind, Reduce, rowMeans, rownames, rowSums, sapply, setdiff, sort,
    table, tapply, union, unique, unsplit, which, which.max, which.min

Loading required package: S4Vectors

Attaching package: ‘S4Vectors’

The following object is masked from ‘package:base’:

    expand.grid

Loading required package: IRanges
Loading required package: GenomeInfoDb
Loading required package: DBI
> source("../src/dbFunctions.R")
> source("../src/tableParsing.R")
> source("../src/tests.R")
> source("../src/main_Bioc.R")
> 
> if(!interactive()){    
+     chromosomes <- paste0("chr",c(11:22,"X","Y","MT"))
+     
+     # Create parallel structure here    
+     library(BiocParallel)    
+     register(MulticoreParam(workers = 25, stop.on.error = FALSE, log = TRUE), default = TRUE)
+ 
+     # Run on all 24 possible chromosomes at once
+     result <- bptry(bplapply(chromosomes,fillAllSamplesByChromosome,
+              dbConnection = db.hint,             
+              fimo = db.fimo,             
+              minid = "lymphoblast_hint_20.minid",             
+              dbUser = "trena",             
+              dbTable = "lymphoblast_hint_20",             
+              sourcePath = data.path,             
+              isTest = FALSE,             
+              method = "HINT"))    
+ }

R version 3.4.1 (2017-06-30) -- "Single Candle"
Copyright (C) 2017 The R Foundation for Statistical Computing
Platform: x86_64-pc-linux-gnu (64-bit)

R is free software and comes with ABSOLUTELY NO WARRANTY.
You are welcome to redistribute it under certain conditions.
Type 'license()' or 'licence()' for distribution details.

  Natural language support but running in an English locale

R is a collaborative project with many contributors.
Type 'contributors()' for more information and
'citation()' on how to cite R or R packages in publications.

Type 'demo()' for some demos, 'help()' for on-line help, or
'help.start()' for an HTML browser interface to help.
Type 'q()' to quit R.

> # users can either step through this file, or call this file with 
> # r -f example.R
> 
> # THIS ASSUMES THAT THE TESTHINT DATABASE EXISTS. The recipe for building that
> # database is in ../dbInitialization/createHintTest.sql
> 
> # THIS EXAMPLE USES THE BRAIN HINT OUTPUT MADE BY RUNNING make hint at /scratch/data/footprints
> 
> print(date())
[1] "Wed Aug  9 16:55:21 2017"
> #-------------------------------------------------------------------------------
> # set path to hint output 
> data.path <- "/scratch/data/footprints/lymphoblast_wellington_20"
> #-------------------------------------------------------------------------------
> # establish database connections:
> 
> if(!exists("db.wellington"))
+     db.wellington <- "lymphoblast_wellington_20_localhost"
> 
> if(!exists("db.fimo"))
+     db.fimo <- "fimo_localhost"
> #-------------------------------------------------------------------------------
> # Source the libraries
> source("../src/dependencies.R")
Loading required package: stats4
Loading required package: BiocGenerics
Loading required package: parallel

Attaching package: ‘BiocGenerics’

The following objects are masked from ‘package:parallel’:

    clusterApply, clusterApplyLB, clusterCall, clusterEvalQ,
    clusterExport, clusterMap, parApply, parCapply, parLapply,
    parLapplyLB, parRapply, parSapply, parSapplyLB

The following objects are masked from ‘package:stats’:

    IQR, mad, sd, var, xtabs

The following objects are masked from ‘package:base’:

    anyDuplicated, append, as.data.frame, cbind, colMeans, colnames,
    colSums, do.call, duplicated, eval, evalq, Filter, Find, get, grep,
    grepl, intersect, is.unsorted, lapply, lengths, Map, mapply, match,
    mget, order, paste, pmax, pmax.int, pmin, pmin.int, Position, rank,
    rbind, Reduce, rowMeans, rownames, rowSums, sapply, setdiff, sort,
    table, tapply, union, unique, unsplit, which, which.max, which.min

Loading required package: S4Vectors

Attaching package: ‘S4Vectors’

The following object is masked from ‘package:base’:

    expand.grid

Loading required package: IRanges
Loading required package: GenomeInfoDb
Loading required package: DBI
> source("../src/dbFunctions.R")
> source("../src/tableParsing.R")
> source("../src/tests.R")
> source("../src/main_Bioc.R")
> 
> if(!interactive()){    
+     chromosomes <- paste0("chr",c(11:22,"X","Y","MT"))
+     
+     # Create parallel structure here
+     library(BiocParallel)
+     register(MulticoreParam(workers = 25, stop.on.error = FALSE, log = TRUE), default = TRUE)
+ 
+     # Run on all 24 possible chromosomes at once
+     result <- bptry(bplapply(chromosomes, fillAllSamplesByChromosome,
+              dbConnection = db.wellington,
+              fimo = db.fimo,
+              minid = "lymphoblast_wellington_20.minid",
+              dbUser = "trena",
+              dbTable = "lymphoblast_wellington_20",
+              sourcePath = data.path,
+              isTest = FALSE,
+              method = "WELLINGTON"))
+ }
############### LOG OUTPUT ###############
Task: 15
Node: 15
Timestamp: 2017-08-09 16:55:27
Success: TRUE
Task duration:
   user  system elapsed 
  6.016   0.296   6.316 
Memory used:
          used (Mb) gc trigger  (Mb) max used (Mb)
Ncells 1644565 87.9    2637877 140.9  1848673 98.8
Vcells 1725549 13.2    3142662  24.0  2551868 19.5
Log messages:
stderr and stdout:
[1] ---- ENCSR000DBY (chrMT) (1/21)
[1] "Data table read. Merging with Fimo..."
[1] No rows matching chrMT
############### LOG OUTPUT ###############
Task: 15
Node: 15
Timestamp: 2017-08-09 16:55:27
Success: TRUE
Task duration:
   user  system elapsed 
  1.496   0.036   1.530 
Memory used:
          used (Mb) gc trigger  (Mb) max used (Mb)
Ncells 1644562 87.9    2637877 140.9  1848670 98.8
Vcells 1725549 13.2    3142662  24.0  2551868 19.5
Log messages:
stderr and stdout:
[1] ---- ENCSR000DBY (chrMT) (1/21)
[1] "Data table read. Merging with Fimo..."
[1] No rows matching chrMT
