CREATE DATABASE
GRANT
CREATE DATABASE
GRANT
You are now connected to database "mammary_gland_wellington_20" as user "postgres".
CREATE TABLE
GRANT
CREATE TABLE
GRANT
You are now connected to database "mammary_gland_hint_20" as user "postgres".
CREATE TABLE
GRANT
CREATE TABLE
GRANT

R version 3.4.1 (2017-06-30) -- "Single Candle"
Copyright (C) 2017 The R Foundation for Statistical Computing
Platform: x86_64-pc-linux-gnu (64-bit)

R is free software and comes with ABSOLUTELY NO WARRANTY.
You are welcome to redistribute it under certain conditions.
Type 'license()' or 'licence()' for distribution details.

  Natural language support but running in an English locale

R is a collaborative project with many contributors.
Type 'contributors()' for more information and
'citation()' on how to cite R or R packages in publications.

Type 'demo()' for some demos, 'help()' for on-line help, or
'help.start()' for an HTML browser interface to help.
Type 'q()' to quit R.

> # users can either step through this file, or call this file with 
> # r -f example.R
> 
> # THIS ASSUMES THAT THE TESTHINT DATABASE EXISTS. The recipe for building that
> # database is in ../dbInitialization/createHintTest.sql
> 
> # THIS EXAMPLE USES THE BRAIN HINT OUTPUT MADE BY RUNNING make hint at /scratch/data/footprints
> 
> print(date())
[1] "Tue Aug 15 18:42:01 2017"
> #-------------------------------------------------------------------------------
> # set path to hint output 
> data.path <- "/scratch/data/footprints/mammary_gland_hint_20"
> #-------------------------------------------------------------------------------
> # establish database connections:
> 
> if(!exists("db.hint"))
+     db.hint <- "mammary_gland_hint_20_localhost"
> 
> if(!exists("db.fimo"))
+     db.fimo <- "fimo_localhost"
> #-------------------------------------------------------------------------------
> # Source the libraries
> source("../src/dependencies.R")
Loading required package: stats4
Loading required package: BiocGenerics
Loading required package: parallel

Attaching package: ‘BiocGenerics’

The following objects are masked from ‘package:parallel’:

    clusterApply, clusterApplyLB, clusterCall, clusterEvalQ,
    clusterExport, clusterMap, parApply, parCapply, parLapply,
    parLapplyLB, parRapply, parSapply, parSapplyLB

The following objects are masked from ‘package:stats’:

    IQR, mad, sd, var, xtabs

The following objects are masked from ‘package:base’:

    anyDuplicated, append, as.data.frame, cbind, colMeans, colnames,
    colSums, do.call, duplicated, eval, evalq, Filter, Find, get, grep,
    grepl, intersect, is.unsorted, lapply, lengths, Map, mapply, match,
    mget, order, paste, pmax, pmax.int, pmin, pmin.int, Position, rank,
    rbind, Reduce, rowMeans, rownames, rowSums, sapply, setdiff, sort,
    table, tapply, union, unique, unsplit, which, which.max, which.min

Loading required package: S4Vectors

Attaching package: ‘S4Vectors’

The following object is masked from ‘package:base’:

    expand.grid

Loading required package: IRanges
Loading required package: GenomeInfoDb
Loading required package: DBI
> source("../src/dbFunctions.R")
> source("../src/tableParsing.R")
> source("../src/tests.R")
> source("../src/main_Bioc.R")
> 
> if(!interactive()){    
+     chromosomes <- paste0("chr",1:10)
+     
+     # Create parallel structure here    
+     library(BiocParallel)    
+     register(MulticoreParam(workers = 25, stop.on.error = FALSE, log = TRUE), default = TRUE)
+ 
+     # Run on all 24 possible chromosomes at once
+     result <- bptry(bplapply(chromosomes,fillAllSamplesByChromosome,
+              dbConnection = db.hint,             
+              fimo = db.fimo,             
+              minid = "mammary_gland_hint_20.minid",             
+              dbUser = "trena",             
+              dbTable = "mammary_gland_hint_20",             
+              sourcePath = data.path,             
+              isTest = FALSE,             
+              method = "HINT"))    
+ }

R version 3.4.1 (2017-06-30) -- "Single Candle"
Copyright (C) 2017 The R Foundation for Statistical Computing
Platform: x86_64-pc-linux-gnu (64-bit)

R is free software and comes with ABSOLUTELY NO WARRANTY.
You are welcome to redistribute it under certain conditions.
Type 'license()' or 'licence()' for distribution details.

  Natural language support but running in an English locale

R is a collaborative project with many contributors.
Type 'contributors()' for more information and
'citation()' on how to cite R or R packages in publications.

Type 'demo()' for some demos, 'help()' for on-line help, or
'help.start()' for an HTML browser interface to help.
Type 'q()' to quit R.

> # users can either step through this file, or call this file with 
> # r -f example.R
> 
> # THIS ASSUMES THAT THE TESTHINT DATABASE EXISTS. The recipe for building that
> # database is in ../dbInitialization/createHintTest.sql
> 
> # THIS EXAMPLE USES THE BRAIN HINT OUTPUT MADE BY RUNNING make hint at /scratch/data/footprints
> 
> print(date())
[1] "Tue Aug 15 18:42:06 2017"
> #-------------------------------------------------------------------------------
> # set path to hint output 
> data.path <- "/scratch/data/footprints/mammary_gland_wellington_20"
> #-------------------------------------------------------------------------------
> # establish database connections:
> 
> if(!exists("db.wellington"))
+     db.wellington <- "mammary_gland_wellington_20_localhost"
> 
> if(!exists("db.fimo"))
+     db.fimo <- "fimo_localhost"
> #-------------------------------------------------------------------------------
> # Source the libraries
> source("../src/dependencies.R")
Loading required package: stats4
Loading required package: BiocGenerics
Loading required package: parallel

Attaching package: ‘BiocGenerics’

The following objects are masked from ‘package:parallel’:

    clusterApply, clusterApplyLB, clusterCall, clusterEvalQ,
    clusterExport, clusterMap, parApply, parCapply, parLapply,
    parLapplyLB, parRapply, parSapply, parSapplyLB

The following objects are masked from ‘package:stats’:

    IQR, mad, sd, var, xtabs

The following objects are masked from ‘package:base’:

    anyDuplicated, append, as.data.frame, cbind, colMeans, colnames,
    colSums, do.call, duplicated, eval, evalq, Filter, Find, get, grep,
    grepl, intersect, is.unsorted, lapply, lengths, Map, mapply, match,
    mget, order, paste, pmax, pmax.int, pmin, pmin.int, Position, rank,
    rbind, Reduce, rowMeans, rownames, rowSums, sapply, setdiff, sort,
    table, tapply, union, unique, unsplit, which, which.max, which.min

Loading required package: S4Vectors

Attaching package: ‘S4Vectors’

The following object is masked from ‘package:base’:

    expand.grid

Loading required package: IRanges
Loading required package: GenomeInfoDb
Loading required package: DBI
> source("../src/dbFunctions.R")
> source("../src/tableParsing.R")
> source("../src/tests.R")
> source("../src/main_Bioc.R")
> 
> if(!interactive()){    
+     chromosomes <- paste0("chr",1:10)
+     
+     # Create parallel structure here
+     library(BiocParallel)
+     register(MulticoreParam(workers = 25, stop.on.error = FALSE, log = TRUE), default = TRUE)
+ 
+     # Run on all 24 possible chromosomes at once
+     result <- bptry(bplapply(chromosomes, fillAllSamplesByChromosome,
+              dbConnection = db.wellington,
+              fimo = db.fimo,
+              minid = "mammary_gland_wellington_20.minid",
+              dbUser = "trena",
+              dbTable = "mammary_gland_wellington_20",
+              sourcePath = data.path,
+              isTest = FALSE,
+              method = "WELLINGTON"))
+ }
############### LOG OUTPUT ###############
Task: 9
Node: 9
Timestamp: 2017-08-15 19:43:38
Success: TRUE
Task duration:
    user   system  elapsed 
 786.056  288.848 3674.400 
Memory used:
          used (Mb) gc trigger  (Mb) max used (Mb)
Ncells 1645567 87.9    2637877 140.9  1850621 98.9
Vcells 1726007 13.2    3142662  24.0  2552103 19.5
Log messages:
stderr and stdout:
[1] ---- ENCSR000ENV (chr9) (1/2)
[1] "Data table read. Merging with Fimo..."
[1] "Merged. Now splitting table to regions and hits..."
[1] filling 141832 regions, 211148 hits for ENCSR000ENV
[1] 211148 hits in 141832 regions
[1] ---- ENCSR000ENW (chr9) (2/2)
[1] "Data table read. Merging with Fimo..."
[1] "Merged. Now splitting table to regions and hits..."
[1] filling 186412 regions, 280563 hits for ENCSR000ENW
[1] 1188990 hits in 749996 regions
############### LOG OUTPUT ###############
Task: 9
Node: 9
Timestamp: 2017-08-15 19:48:30
Success: TRUE
Task duration:
    user   system  elapsed 
 924.980  611.152 3966.768 
Memory used:
          used (Mb) gc trigger  (Mb) max used (Mb)
Ncells 1645570 87.9    2637877 140.9  1850624 98.9
Vcells 1726003 13.2    3142662  24.0  2552099 19.5
Log messages:
stderr and stdout:
[1] ---- ENCSR000ENV (chr9) (1/2)
[1] "Data table read. Merging with Fimo..."
[1] "Merged. Now splitting table to regions and hits..."
[1] filling 558448 regions, 1035671 hits for ENCSR000ENV
[1] 2186229 hits in 1176839 regions
[1] ---- ENCSR000ENW (chr9) (2/2)
[1] "Data table read. Merging with Fimo..."
[1] "Merged. Now splitting table to regions and hits..."
[1] filling 815750 regions, 1606751 hits for ENCSR000ENW
[1] 8654727 hits in 4334679 regions
############### LOG OUTPUT ###############
Task: 7
Node: 7
Timestamp: 2017-08-15 19:54:40
Success: TRUE
Task duration:
    user   system  elapsed 
1288.672  276.684 4333.656 
Memory used:
          used (Mb) gc trigger  (Mb) max used (Mb)
Ncells 1646554 88.0    2637877 140.9  1850624 98.9
Vcells 1728496 13.2    3142662  24.0  2552099 19.5
Log messages:
stderr and stdout:
[1] ---- ENCSR000ENV (chr7) (1/2)
[1] "Data table read. Merging with Fimo..."
[1] "Merged. Now splitting table to regions and hits..."
[1] filling 618391 regions, 1150558 hits for ENCSR000ENV
[1] 1150558 hits in 618391 regions
[1] ---- ENCSR000ENW (chr7) (2/2)
[1] "Data table read. Merging with Fimo..."
[1] "Merged. Now splitting table to regions and hits..."
[1] filling 906322 regions, 1794011 hits for ENCSR000ENW
[1] 10448738 hits in 4947565 regions
############### LOG OUTPUT ###############
Task: 10
Node: 10
Timestamp: 2017-08-15 19:56:54
Success: TRUE
Task duration:
    user   system  elapsed 
 929.680  360.344 4470.409 
Memory used:
          used (Mb) gc trigger  (Mb) max used (Mb)
Ncells 1646551 88.0    2637877 140.9  1850621 98.9
Vcells 1728500 13.2    3142662  24.0  2552103 19.5
Log messages:
stderr and stdout:
[1] ---- ENCSR000ENV (chr10) (1/2)
[1] "Data table read. Merging with Fimo..."
[1] "Merged. Now splitting table to regions and hits..."
[1] filling 147369 regions, 219904 hits for ENCSR000ENV
[1] 431052 hits in 289201 regions
[1] ---- ENCSR000ENW (chr10) (2/2)
[1] "Data table read. Merging with Fimo..."
[1] "Merged. Now splitting table to regions and hits..."
[1] filling 195991 regions, 296817 hits for ENCSR000ENW
[1] 2063120 hits in 1283796 regions
############### LOG OUTPUT ###############
Task: 10
Node: 10
Timestamp: 2017-08-15 20:00:34
Success: TRUE
Task duration:
    user   system  elapsed 
1061.456  760.548 4687.097 
Memory used:
          used (Mb) gc trigger  (Mb) max used (Mb)
Ncells 1646555 88.0    2637877 140.9  1850624 98.9
Vcells 1728497 13.2    3142662  24.0  2552099 19.5
Log messages:
stderr and stdout:
[1] ---- ENCSR000ENV (chr10) (1/2)
[1] "Data table read. Merging with Fimo..."
[1] "Merged. Now splitting table to regions and hits..."
[1] filling 565515 regions, 1047890 hits for ENCSR000ENV
[1] 3234119 hits in 1742354 regions
[1] ---- ENCSR000ENW (chr10) (2/2)
[1] "Data table read. Merging with Fimo..."
[1] "Merged. Now splitting table to regions and hits..."
[1] filling 841333 regions, 1663747 hits for ENCSR000ENW
[1] 13319181 hits in 6162055 regions
############### LOG OUTPUT ###############
Task: 7
Node: 7
Timestamp: 2017-08-15 20:26:49
Success: TRUE
Task duration:
    user   system  elapsed 
1063.304 1309.216 6257.987 
Memory used:
          used (Mb) gc trigger  (Mb) max used (Mb)
Ncells 1646552 88.0    2637877 140.9  1850621 98.9
Vcells 1728501 13.2    3142662  24.0  2552103 19.5
Log messages:
stderr and stdout:
[1] ---- ENCSR000ENV (chr7) (1/2)
[1] "Data table read. Merging with Fimo..."
[1] "Merged. Now splitting table to regions and hits..."
[1] filling 154299 regions, 228755 hits for ENCSR000ENV
[1] 1417745 hits in 904295 regions
[1] ---- ENCSR000ENW (chr7) (2/2)
[1] "Data table read. Merging with Fimo..."
[1] "Merged. Now splitting table to regions and hits..."
[1] filling 206682 regions, 313146 hits for ENCSR000ENW
[1] 3569594 hits in 2241660 regions
############### LOG OUTPUT ###############
Task: 6
Node: 6
Timestamp: 2017-08-15 20:27:36
Success: TRUE
Task duration:
    user   system  elapsed 
1199.616  434.252 6303.211 
Memory used:
          used (Mb) gc trigger  (Mb) max used (Mb)
Ncells 1646553 88.0    2637877 140.9  1850621 98.9
Vcells 1728502 13.2    3142662  24.0  2552103 19.5
Log messages:
stderr and stdout:
[1] ---- ENCSR000ENV (chr6) (1/2)
[1] "Data table read. Merging with Fimo..."
[1] "Merged. Now splitting table to regions and hits..."
[1] filling 181416 regions, 268845 hits for ENCSR000ENV
[1] 908427 hits in 610919 regions
[1] ---- ENCSR000ENW (chr6) (2/2)
[1] "Data table read. Merging with Fimo..."
[1] "Merged. Now splitting table to regions and hits..."
[1] filling 234358 regions, 353292 hits for ENCSR000ENW
[1] 3922886 hits in 2417199 regions
############### LOG OUTPUT ###############
Task: 6
Node: 6
Timestamp: 2017-08-15 20:28:57
Success: TRUE
Task duration:
    user   system  elapsed 
1339.996  404.320 6391.055 
Memory used:
          used (Mb) gc trigger  (Mb) max used (Mb)
Ncells 1646556 88.0    2637877 140.9  1850624 98.9
Vcells 1728498 13.2    3142662  24.0  2552099 19.5
Log messages:
stderr and stdout:
[1] ---- ENCSR000ENV (chr6) (1/2)
[1] "Data table read. Merging with Fimo..."
[1] "Merged. Now splitting table to regions and hits..."
[1] filling 725311 regions, 1344288 hits for ENCSR000ENV
[1] 4578407 hits in 2467665 regions
[1] ---- ENCSR000ENW (chr6) (2/2)
[1] "Data table read. Merging with Fimo..."
[1] "Merged. Now splitting table to regions and hits..."
[1] filling 1034200 regions, 2052666 hits for ENCSR000ENW
[1] 20575319 hits in 9649762 regions
############### LOG OUTPUT ###############
Task: 8
Node: 8
Timestamp: 2017-08-15 20:33:52
Success: TRUE
Task duration:
    user   system  elapsed 
 956.356  832.796 6686.768 
Memory used:
          used (Mb) gc trigger  (Mb) max used (Mb)
Ncells 1646554 88.0    2637877 140.9  1850621 98.9
Vcells 1728503 13.2    3142662  24.0  2552103 19.5
Log messages:
stderr and stdout:
[1] ---- ENCSR000ENV (chr8) (1/2)
[1] "Data table read. Merging with Fimo..."
[1] "Merged. Now splitting table to regions and hits..."
[1] filling 140302 regions, 208530 hits for ENCSR000ENV
[1] 639582 hits in 429503 regions
[1] ---- ENCSR000ENW (chr8) (2/2)
[1] "Data table read. Merging with Fimo..."
[1] "Merged. Now splitting table to regions and hits..."
[1] filling 189994 regions, 288148 hits for ENCSR000ENW
[1] 4211034 hits in 2562475 regions
############### LOG OUTPUT ###############
Task: 8
Node: 8
Timestamp: 2017-08-15 20:34:32
Success: TRUE
Task duration:
    user   system  elapsed 
1054.456  875.956 6724.278 
Memory used:
          used (Mb) gc trigger  (Mb) max used (Mb)
Ncells 1646557 88.0    2637877 140.9  1850624 98.9
Vcells 1728499 13.2    3142662  24.0  2552099 19.5
Log messages:
stderr and stdout:
[1] ---- ENCSR000ENV (chr8) (1/2)
[1] "Data table read. Merging with Fimo..."
[1] "Merged. Now splitting table to regions and hits..."
[1] filling 559861 regions, 1046643 hits for ENCSR000ENV
[1] 5625050 hits in 3027526 regions
[1] ---- ENCSR000ENW (chr8) (2/2)
[1] "Data table read. Merging with Fimo..."
[1] "Merged. Now splitting table to regions and hits..."
[1] filling 842134 regions, 1671539 hits for ENCSR000ENW
[1] 22246858 hits in 10224760 regions
############### LOG OUTPUT ###############
Task: 3
Node: 3
Timestamp: 2017-08-15 20:44:18
Success: TRUE
Task duration:
    user   system  elapsed 
1481.044  458.128 7307.768 
Memory used:
          used (Mb) gc trigger  (Mb) max used (Mb)
Ncells 1646558 88.0    2637877 140.9  1850624 98.9
Vcells 1728500 13.2    3142662  24.0  2552099 19.5
Log messages:
stderr and stdout:
[1] ---- ENCSR000ENV (chr3) (1/2)
[1] "Data table read. Merging with Fimo..."
[1] "Merged. Now splitting table to regions and hits..."
[1] filling 762613 regions, 1422926 hits for ENCSR000ENV
[1] 7047976 hits in 3790139 regions
[1] ---- ENCSR000ENW (chr3) (2/2)
[1] "Data table read. Merging with Fimo..."
[1] "Merged. Now splitting table to regions and hits..."
[1] filling 1120566 regions, 2227183 hits for ENCSR000ENW
[1] 24474041 hits in 10981299 regions
############### LOG OUTPUT ###############
Task: 3
Node: 3
Timestamp: 2017-08-15 20:52:40
Success: TRUE
Task duration:
    user   system  elapsed 
1476.832 1590.300 7797.403 
Memory used:
          used (Mb) gc trigger  (Mb) max used (Mb)
Ncells 1646555 88.0    2637877 140.9  1850621 98.9
Vcells 1728504 13.2    3142662  24.0  2552103 19.5
Log messages:
stderr and stdout:
[1] ---- ENCSR000ENV (chr3) (1/2)
[1] "Data table read. Merging with Fimo..."
[1] "Merged. Now splitting table to regions and hits..."
[1] filling 186206 regions, 278901 hits for ENCSR000ENV
[1] 2342021 hits in 1470002 regions
[1] ---- ENCSR000ENW (chr3) (2/2)
[1] "Data table read. Merging with Fimo..."
[1] "Merged. Now splitting table to regions and hits..."
[1] filling 253368 regions, 383777 hits for ENCSR000ENW
[1] 4594811 hits in 2751824 regions
############### LOG OUTPUT ###############
Task: 5
Node: 5
Timestamp: 2017-08-15 20:57:45
Success: TRUE
Task duration:
    user   system  elapsed 
1451.684 1235.124 8105.368 
Memory used:
          used (Mb) gc trigger  (Mb) max used (Mb)
Ncells 1646556 88.0    2637877 140.9  1850621 98.9
Vcells 1728505 13.2    3142662  24.0  2552103 19.5
Log messages:
stderr and stdout:
[1] ---- ENCSR000ENV (chr5) (1/2)
[1] "Data table read. Merging with Fimo..."
[1] "Merged. Now splitting table to regions and hits..."
[1] filling 153631 regions, 228651 hits for ENCSR000ENV
[1] 2783079 hits in 1765372 regions
[1] ---- ENCSR000ENW (chr5) (2/2)
[1] "Data table read. Merging with Fimo..."
[1] "Merged. Now splitting table to regions and hits..."
[1] filling 211657 regions, 319524 hits for ENCSR000ENW
[1] 4914335 hits in 2915020 regions
############### LOG OUTPUT ###############
Task: 2
Node: 2
Timestamp: 2017-08-15 20:58:38
Success: TRUE
Task duration:
    user   system  elapsed 
1655.308  685.520 8155.025 
Memory used:
          used (Mb) gc trigger  (Mb) max used (Mb)
Ncells 1646557 88.0    2637877 140.9  1850621 98.9
Vcells 1728506 13.2    3142662  24.0  2552103 19.5
Log messages:
stderr and stdout:
[1] ---- ENCSR000ENV (chr2) (1/2)
[1] "Data table read. Merging with Fimo..."
[1] "Merged. Now splitting table to regions and hits..."
[1] filling 233480 regions, 348558 hits for ENCSR000ENV
[1] 1766303 hits in 1137775 regions
[1] ---- ENCSR000ENW (chr2) (2/2)
[1] "Data table read. Merging with Fimo..."
[1] "Merged. Now splitting table to regions and hits..."
[1] filling 329114 regions, 497199 hits for ENCSR000ENW
[1] 5411534 hits in 3166849 regions
############### LOG OUTPUT ###############
Task: 5
Node: 5
Timestamp: 2017-08-15 21:00:41
Success: TRUE
Task duration:
    user   system  elapsed 
1510.376 1299.456 8280.857 
Memory used:
          used (Mb) gc trigger  (Mb) max used (Mb)
Ncells 1646559 88.0    2637877 140.9  1850624 98.9
Vcells 1728501 13.2    3142662  24.0  2552099 19.5
Log messages:
stderr and stdout:
[1] ---- ENCSR000ENV (chr5) (1/2)
[1] "Data table read. Merging with Fimo..."
[1] "Merged. Now splitting table to regions and hits..."
[1] filling 646493 regions, 1206696 hits for ENCSR000ENV
[1] 11655434 hits in 5594058 regions
[1] ---- ENCSR000ENW (chr5) (2/2)
[1] "Data table read. Merging with Fimo..."
[1] "Merged. Now splitting table to regions and hits..."
[1] filling 959424 regions, 1906791 hits for ENCSR000ENW
[1] 26380832 hits in 11637891 regions
############### LOG OUTPUT ###############
Task: 4
Node: 4
Timestamp: 2017-08-15 21:03:10
Success: TRUE
Task duration:
    user   system  elapsed 
1389.508 1559.876 8428.929 
Memory used:
          used (Mb) gc trigger  (Mb) max used (Mb)
Ncells 1646558 88.0    2637877 140.9  1850621 98.9
Vcells 1728507 13.2    3142662  24.0  2552103 19.5
Log messages:
stderr and stdout:
[1] ---- ENCSR000ENV (chr4) (1/2)
[1] "Data table read. Merging with Fimo..."
[1] "Merged. Now splitting table to regions and hits..."
[1] filling 141739 regions, 212407 hits for ENCSR000ENV
[1] 2554428 hits in 1611741 regions
[1] ---- ENCSR000ENW (chr4) (2/2)
[1] "Data table read. Merging with Fimo..."
[1] "Merged. Now splitting table to regions and hits..."
[1] filling 187968 regions, 285573 hits for ENCSR000ENW
[1] 5697107 hits in 3309885 regions
############### LOG OUTPUT ###############
Task: 4
Node: 4
Timestamp: 2017-08-15 21:03:27
Success: TRUE
Task duration:
    user   system  elapsed 
1573.852 1494.352 8450.932 
Memory used:
          used (Mb) gc trigger  (Mb) max used (Mb)
Ncells 1646560 88.0    2637877 140.9  1850624 98.9
Vcells 1728502 13.2    3142662  24.0  2552099 19.5
Log messages:
stderr and stdout:
[1] ---- ENCSR000ENV (chr4) (1/2)
[1] "Data table read. Merging with Fimo..."
[1] "Merged. Now splitting table to regions and hits..."
[1] filling 579650 regions, 1075384 hits for ENCSR000ENV
[1] 14394565 hits in 6741705 regions
[1] ---- ENCSR000ENW (chr4) (2/2)
[1] "Data table read. Merging with Fimo..."
[1] "Merged. Now splitting table to regions and hits..."
[1] filling 834323 regions, 1655639 hits for ENCSR000ENW
[1] 28036471 hits in 12206244 regions
############### LOG OUTPUT ###############
Task: 2
Node: 2
Timestamp: 2017-08-15 21:05:21
Success: TRUE
Task duration:
    user   system  elapsed 
1961.488 1452.652 8545.210 
Memory used:
          used (Mb) gc trigger  (Mb) max used (Mb)
Ncells 1646561 88.0    2637877 140.9  1850624 98.9
Vcells 1728503 13.2    3142662  24.0  2552099 19.5
Log messages:
stderr and stdout:
[1] ---- ENCSR000ENV (chr2) (1/2)
[1] "Data table read. Merging with Fimo..."
[1] "Merged. Now splitting table to regions and hits..."
[1] filling 963912 regions, 1807801 hits for ENCSR000ENV
[1] 18522653 hits in 8961534 regions
[1] ---- ENCSR000ENW (chr2) (2/2)
[1] "Data table read. Merging with Fimo..."
[1] "Merged. Now splitting table to regions and hits..."
[1] filling 1437173 regions, 2850444 hits for ENCSR000ENW
[1] 30886915 hits in 13180381 regions
############### LOG OUTPUT ###############
Task: 1
Node: 1
Timestamp: 2017-08-15 21:06:08
Success: TRUE
Task duration:
    user   system  elapsed 
1668.332 1503.440 8613.732 
Memory used:
          used (Mb) gc trigger  (Mb) max used (Mb)
Ncells 1646559 88.0    2637877 140.9  1850621 98.9
Vcells 1728508 13.2    3142662  24.0  2552103 19.5
Log messages:
stderr and stdout:
[1] ---- ENCSR000ENV (chr1) (1/2)
[1] "Data table read. Merging with Fimo..."
[1] "Merged. Now splitting table to regions and hits..."
[1] filling 318783 regions, 473369 hits for ENCSR000ENV
[1] 3256448 hits in 2084155 regions
[1] ---- ENCSR000ENW (chr1) (2/2)
[1] "Data table read. Merging with Fimo..."
[1] "Merged. Now splitting table to regions and hits..."
[1] filling 391249 regions, 589461 hits for ENCSR000ENW
[1] 6286568 hits in 3601327 regions
> 
> print(bpok(result))
 [1] TRUE TRUE TRUE TRUE TRUE TRUE TRUE TRUE TRUE TRUE
> print("Database fill complete")
[1] "Database fill complete"
> print(date())
[1] "Tue Aug 15 21:06:09 2017"
> 
############### LOG OUTPUT ###############
Task: 1
Node: 1
Timestamp: 2017-08-15 21:11:05
Success: TRUE
Task duration:
    user   system  elapsed 
1922.968 1556.308 8910.781 
Memory used:
          used (Mb) gc trigger  (Mb) max used (Mb)
Ncells 1646562 88.0    2637877 140.9  1850624 98.9
Vcells 1728504 13.2    3142662  24.0  2552099 19.5
Log messages:
stderr and stdout:
[1] ---- ENCSR000ENV (chr1) (1/2)
[1] "Data table read. Merging with Fimo..."
[1] "Merged. Now splitting table to regions and hits..."
[1] filling 1255917 regions, 2320287 hits for ENCSR000ENV
[1] 16714852 hits in 7997622 regions
[1] ---- ENCSR000ENW (chr1) (2/2)
[1] "Data table read. Merging with Fimo..."
[1] "Merged. Now splitting table to regions and hits..."
[1] filling 1707252 regions, 3360591 hits for ENCSR000ENW
[1] 34247506 hits in 14293095 regions
> 
> print(bpok(result))
 [1] TRUE TRUE TRUE TRUE TRUE TRUE TRUE TRUE TRUE TRUE
> print("Database fill complete")
[1] "Database fill complete"
> print(date())
[1] "Tue Aug 15 21:11:05 2017"
> 

R version 3.4.1 (2017-06-30) -- "Single Candle"
Copyright (C) 2017 The R Foundation for Statistical Computing
Platform: x86_64-pc-linux-gnu (64-bit)

R is free software and comes with ABSOLUTELY NO WARRANTY.
You are welcome to redistribute it under certain conditions.
Type 'license()' or 'licence()' for distribution details.

  Natural language support but running in an English locale

R is a collaborative project with many contributors.
Type 'contributors()' for more information and
'citation()' on how to cite R or R packages in publications.

Type 'demo()' for some demos, 'help()' for on-line help, or
'help.start()' for an HTML browser interface to help.
Type 'q()' to quit R.

> # users can either step through this file, or call this file with 
> # r -f example.R
> 
> # THIS ASSUMES THAT THE TESTHINT DATABASE EXISTS. The recipe for building that
> # database is in ../dbInitialization/createHintTest.sql
> 
> # THIS EXAMPLE USES THE BRAIN HINT OUTPUT MADE BY RUNNING make hint at /scratch/data/footprints
> 
> print(date())
[1] "Tue Aug 15 21:12:15 2017"
> #-------------------------------------------------------------------------------
> # set path to hint output 
> data.path <- "/scratch/data/footprints/mammary_gland_hint_20"
> #-------------------------------------------------------------------------------
> # establish database connections:
> 
> if(!exists("db.hint"))
+     db.hint <- "mammary_gland_hint_20_localhost"
> 
> if(!exists("db.fimo"))
+     db.fimo <- "fimo_localhost"
> #-------------------------------------------------------------------------------
> # Source the libraries
> source("../src/dependencies.R")
Loading required package: stats4
Loading required package: BiocGenerics
Loading required package: parallel

Attaching package: ‘BiocGenerics’

The following objects are masked from ‘package:parallel’:

    clusterApply, clusterApplyLB, clusterCall, clusterEvalQ,
    clusterExport, clusterMap, parApply, parCapply, parLapply,
    parLapplyLB, parRapply, parSapply, parSapplyLB

The following objects are masked from ‘package:stats’:

    IQR, mad, sd, var, xtabs

The following objects are masked from ‘package:base’:

    anyDuplicated, append, as.data.frame, cbind, colMeans, colnames,
    colSums, do.call, duplicated, eval, evalq, Filter, Find, get, grep,
    grepl, intersect, is.unsorted, lapply, lengths, Map, mapply, match,
    mget, order, paste, pmax, pmax.int, pmin, pmin.int, Position, rank,
    rbind, Reduce, rowMeans, rownames, rowSums, sapply, setdiff, sort,
    table, tapply, union, unique, unsplit, which, which.max, which.min

Loading required package: S4Vectors

Attaching package: ‘S4Vectors’

The following object is masked from ‘package:base’:

    expand.grid

Loading required package: IRanges
Loading required package: GenomeInfoDb
Loading required package: DBI
> source("../src/dbFunctions.R")
> source("../src/tableParsing.R")
> source("../src/tests.R")
> source("../src/main_Bioc.R")
> 
> if(!interactive()){    
+     chromosomes <- paste0("chr",c(11:22,"X","Y","MT"))
+     
+     # Create parallel structure here    
+     library(BiocParallel)    
+     register(MulticoreParam(workers = 25, stop.on.error = FALSE, log = TRUE), default = TRUE)
+ 
+     # Run on all 24 possible chromosomes at once
+     result <- bptry(bplapply(chromosomes,fillAllSamplesByChromosome,
+              dbConnection = db.hint,             
+              fimo = db.fimo,             
+              minid = "mammary_gland_hint_20.minid",             
+              dbUser = "trena",             
+              dbTable = "mammary_gland_hint_20",             
+              sourcePath = data.path,             
+              isTest = FALSE,             
+              method = "HINT"))    
+ }

R version 3.4.1 (2017-06-30) -- "Single Candle"
Copyright (C) 2017 The R Foundation for Statistical Computing
Platform: x86_64-pc-linux-gnu (64-bit)

R is free software and comes with ABSOLUTELY NO WARRANTY.
You are welcome to redistribute it under certain conditions.
Type 'license()' or 'licence()' for distribution details.

  Natural language support but running in an English locale

R is a collaborative project with many contributors.
Type 'contributors()' for more information and
'citation()' on how to cite R or R packages in publications.

Type 'demo()' for some demos, 'help()' for on-line help, or
'help.start()' for an HTML browser interface to help.
Type 'q()' to quit R.

> # users can either step through this file, or call this file with 
> # r -f example.R
> 
> # THIS ASSUMES THAT THE TESTHINT DATABASE EXISTS. The recipe for building that
> # database is in ../dbInitialization/createHintTest.sql
> 
> # THIS EXAMPLE USES THE BRAIN HINT OUTPUT MADE BY RUNNING make hint at /scratch/data/footprints
> 
> print(date())
[1] "Tue Aug 15 21:12:20 2017"
> #-------------------------------------------------------------------------------
> # set path to hint output 
> data.path <- "/scratch/data/footprints/mammary_gland_wellington_20"
> #-------------------------------------------------------------------------------
> # establish database connections:
> 
> if(!exists("db.wellington"))
+     db.wellington <- "mammary_gland_wellington_20_localhost"
> 
> if(!exists("db.fimo"))
+     db.fimo <- "fimo_localhost"
> #-------------------------------------------------------------------------------
> # Source the libraries
> source("../src/dependencies.R")
Loading required package: stats4
Loading required package: BiocGenerics
Loading required package: parallel

Attaching package: ‘BiocGenerics’

The following objects are masked from ‘package:parallel’:

    clusterApply, clusterApplyLB, clusterCall, clusterEvalQ,
    clusterExport, clusterMap, parApply, parCapply, parLapply,
    parLapplyLB, parRapply, parSapply, parSapplyLB

The following objects are masked from ‘package:stats’:

    IQR, mad, sd, var, xtabs

The following objects are masked from ‘package:base’:

    anyDuplicated, append, as.data.frame, cbind, colMeans, colnames,
    colSums, do.call, duplicated, eval, evalq, Filter, Find, get, grep,
    grepl, intersect, is.unsorted, lapply, lengths, Map, mapply, match,
    mget, order, paste, pmax, pmax.int, pmin, pmin.int, Position, rank,
    rbind, Reduce, rowMeans, rownames, rowSums, sapply, setdiff, sort,
    table, tapply, union, unique, unsplit, which, which.max, which.min

Loading required package: S4Vectors

Attaching package: ‘S4Vectors’

The following object is masked from ‘package:base’:

    expand.grid

Loading required package: IRanges
Loading required package: GenomeInfoDb
Loading required package: DBI
> source("../src/dbFunctions.R")
> source("../src/tableParsing.R")
> source("../src/tests.R")
> source("../src/main_Bioc.R")
> 
> if(!interactive()){    
+     chromosomes <- paste0("chr",c(11:22,"X","Y","MT"))
+     
+     # Create parallel structure here
+     library(BiocParallel)
+     register(MulticoreParam(workers = 25, stop.on.error = FALSE, log = TRUE), default = TRUE)
+ 
+     # Run on all 24 possible chromosomes at once
+     result <- bptry(bplapply(chromosomes, fillAllSamplesByChromosome,
+              dbConnection = db.wellington,
+              fimo = db.fimo,
+              minid = "mammary_gland_wellington_20.minid",
+              dbUser = "trena",
+              dbTable = "mammary_gland_wellington_20",
+              sourcePath = data.path,
+              isTest = FALSE,
+              method = "WELLINGTON"))
+ }
############### LOG OUTPUT ###############
Task: 15
Node: 15
Timestamp: 2017-08-15 21:12:29
Success: TRUE
Task duration:
   user  system elapsed 
  3.680   0.200   3.882 
Memory used:
          used (Mb) gc trigger  (Mb) max used (Mb)
Ncells 1645646 87.9    2637877 140.9  1850687 98.9
Vcells 1726059 13.2    3142662  24.0  2552120 19.5
Log messages:
stderr and stdout:
[1] ---- ENCSR000ENV (chrMT) (1/2)
[1] "Data table read. Merging with Fimo..."
[1] No rows matching chrMT
############### LOG OUTPUT ###############
Task: 15
Node: 15
Timestamp: 2017-08-15 21:12:41
Success: TRUE
Task duration:
   user  system elapsed 
 19.988   0.384  21.344 
Memory used:
          used (Mb) gc trigger  (Mb) max used (Mb)
Ncells 1645649 87.9    2637877 140.9  1850690 98.9
Vcells 1726055 13.2    3142662  24.0  2552116 19.5
Log messages:
stderr and stdout:
[1] ---- ENCSR000ENV (chrMT) (1/2)
[1] "Data table read. Merging with Fimo..."
[1] No rows matching chrMT
############### LOG OUTPUT ###############
Task: 14
Node: 14
Timestamp: 2017-08-15 21:32:18
Success: TRUE
Task duration:
    user   system  elapsed 
 155.844    8.040 1190.477 
Memory used:
          used (Mb) gc trigger  (Mb) max used (Mb)
Ncells 1646635 88.0    2637877 140.9  1850687 98.9
Vcells 1728608 13.2    3142662  24.0  2552120 19.5
Log messages:
stderr and stdout:
[1] ---- ENCSR000ENV (chrY) (1/2)
[1] "Data table read. Merging with Fimo..."
[1] "Merged. Now splitting table to regions and hits..."
[1] filling 8061 regions, 11734 hits for ENCSR000ENV
[1] 6298302 hits in 3609388 regions
[1] ---- ENCSR000ENW (chrY) (2/2)
[1] "Data table read. Merging with Fimo..."
[1] "Merged. Now splitting table to regions and hits..."
[1] filling 11379 regions, 16532 hits for ENCSR000ENW
[1] 6314834 hits in 3616582 regions
############### LOG OUTPUT ###############
Task: 14
Node: 14
Timestamp: 2017-08-15 21:34:20
Success: TRUE
Task duration:
    user   system  elapsed 
 276.036   14.240 1315.297 
Memory used:
          used (Mb) gc trigger  (Mb) max used (Mb)
Ncells 1646638 88.0    2637877 140.9  1850690 98.9
Vcells 1728604 13.2    3142662  24.0  2552116 19.5
Log messages:
stderr and stdout:
[1] ---- ENCSR000ENV (chrY) (1/2)
[1] "Data table read. Merging with Fimo..."
[1] "Merged. Now splitting table to regions and hits..."
[1] filling 13416 regions, 21425 hits for ENCSR000ENV
[1] 34268931 hits in 14306511 regions
[1] ---- ENCSR000ENW (chrY) (2/2)
[1] "Data table read. Merging with Fimo..."
[1] "Merged. Now splitting table to regions and hits..."
[1] filling 19140 regions, 30753 hits for ENCSR000ENW
[1] 34299684 hits in 14319859 regions
############### LOG OUTPUT ###############
Task: 12
Node: 12
Timestamp: 2017-08-15 21:50:20
Success: TRUE
Task duration:
    user   system  elapsed 
 304.820   25.288 2269.604 
Memory used:
          used (Mb) gc trigger  (Mb) max used (Mb)
Ncells 1646636 88.0    2637877 140.9  1850687 98.9
Vcells 1728609 13.2    3142662  24.0  2552120 19.5
Log messages:
stderr and stdout:
[1] ---- ENCSR000ENV (chr22) (1/2)
[1] "Data table read. Merging with Fimo..."
[1] "Merged. Now splitting table to regions and hits..."
[1] filling 78332 regions, 115088 hits for ENCSR000ENV
[1] 6429922 hits in 3694914 regions
[1] ---- ENCSR000ENW (chr22) (2/2)
[1] "Data table read. Merging with Fimo..."
[1] "Merged. Now splitting table to regions and hits..."
[1] filling 86937 regions, 130326 hits for ENCSR000ENW
[1] 6631495 hits in 3803262 regions
############### LOG OUTPUT ###############
Task: 11
Node: 11
Timestamp: 2017-08-15 21:53:04
Success: TRUE
Task duration:
    user   system  elapsed 
 308.060   29.560 2434.166 
Memory used:
          used (Mb) gc trigger  (Mb) max used (Mb)
Ncells 1646637 88.0    2637877 140.9  1850687 98.9
Vcells 1728610 13.2    3142662  24.0  2552120 19.5
Log messages:
stderr and stdout:
[1] ---- ENCSR000ENV (chr21) (1/2)
[1] "Data table read. Merging with Fimo..."
[1] "Merged. Now splitting table to regions and hits..."
[1] filling 47558 regions, 71247 hits for ENCSR000ENV
[1] 6501169 hits in 3742472 regions
[1] ---- ENCSR000ENW (chr21) (2/2)
[1] "Data table read. Merging with Fimo..."
[1] "Merged. Now splitting table to regions and hits..."
[1] filling 56139 regions, 84627 hits for ENCSR000ENW
[1] 6716122 hits in 3845905 regions
############### LOG OUTPUT ###############
Task: 12
Node: 12
Timestamp: 2017-08-15 21:53:22
Success: TRUE
Task duration:
    user   system  elapsed 
 452.148   44.744 2455.272 
Memory used:
          used (Mb) gc trigger  (Mb) max used (Mb)
Ncells 1646639 88.0    2637877 140.9  1850690 98.9
Vcells 1728605 13.2    3142662  24.0  2552116 19.5
Log messages:
stderr and stdout:
[1] ---- ENCSR000ENV (chr22) (1/2)
[1] "Data table read. Merging with Fimo..."
[1] "Merged. Now splitting table to regions and hits..."
[1] filling 267731 regions, 482593 hits for ENCSR000ENV
[1] 34782277 hits in 14587590 regions
[1] ---- ENCSR000ENW (chr22) (2/2)
[1] "Data table read. Merging with Fimo..."
[1] "Merged. Now splitting table to regions and hits..."
[1] filling 345287 regions, 672893 hits for ENCSR000ENW
[1] 35783277 hits in 14985077 regions
############### LOG OUTPUT ###############
Task: 11
Node: 11
Timestamp: 2017-08-15 21:55:01
Success: TRUE
Task duration:
    user   system  elapsed 
 413.256   25.864 2553.542 
Memory used:
          used (Mb) gc trigger  (Mb) max used (Mb)
Ncells 1646640 88.0    2637877 140.9  1850690 98.9
Vcells 1728606 13.2    3142662  24.0  2552116 19.5
Log messages:
stderr and stdout:
[1] ---- ENCSR000ENV (chr21) (1/2)
[1] "Data table read. Merging with Fimo..."
[1] "Merged. Now splitting table to regions and hits..."
[1] filling 180198 regions, 328107 hits for ENCSR000ENV
[1] 35110384 hits in 14767788 regions
[1] ---- ENCSR000ENW (chr21) (2/2)
[1] "Data table read. Merging with Fimo..."
[1] "Merged. Now splitting table to regions and hits..."
[1] filling 234489 regions, 458522 hits for ENCSR000ENW
[1] 36241799 hits in 15139683 regions
############### LOG OUTPUT ###############
Task: 10
Node: 10
Timestamp: 2017-08-15 22:06:40
Success: TRUE
Task duration:
    user   system  elapsed 
 476.100   37.952 3244.838 
Memory used:
          used (Mb) gc trigger  (Mb) max used (Mb)
Ncells 1646638 88.0    2637877 140.9  1850687 98.9
Vcells 1728611 13.2    3142662  24.0  2552120 19.5
Log messages:
stderr and stdout:
[1] ---- ENCSR000ENV (chr20) (1/2)
[1] "Data table read. Merging with Fimo..."
[1] "Merged. Now splitting table to regions and hits..."
[1] filling 84077 regions, 124116 hits for ENCSR000ENV
[1] 6840238 hits in 3929982 regions
[1] ---- ENCSR000ENW (chr20) (2/2)
[1] "Data table read. Merging with Fimo..."
[1] "Merged. Now splitting table to regions and hits..."
[1] filling 110310 regions, 165959 hits for ENCSR000ENW
[1] 7238255 hits in 4170802 regions
############### LOG OUTPUT ###############
Task: 10
Node: 10
Timestamp: 2017-08-15 22:13:37
Success: TRUE
Task duration:
    user   system  elapsed 
 662.196  246.088 3656.000 
Memory used:
          used (Mb) gc trigger  (Mb) max used (Mb)
Ncells 1646641 88.0    2637877 140.9  1850690 98.9
Vcells 1728607 13.2    3142662  24.0  2552116 19.5
Log messages:
stderr and stdout:
[1] ---- ENCSR000ENV (chr20) (1/2)
[1] "Data table read. Merging with Fimo..."
[1] "Merged. Now splitting table to regions and hits..."
[1] filling 333883 regions, 617505 hits for ENCSR000ENV
[1] 36859304 hits in 15473566 regions
[1] ---- ENCSR000ENW (chr20) (2/2)
[1] "Data table read. Merging with Fimo..."
[1] "Merged. Now splitting table to regions and hits..."
[1] filling 463715 regions, 911611 hits for ENCSR000ENW
[1] 39539926 hits in 16737889 regions
############### LOG OUTPUT ###############
Task: 9
Node: 9
Timestamp: 2017-08-15 22:13:55
Success: TRUE
Task duration:
    user   system  elapsed 
 625.588  200.812 3676.967 
Memory used:
          used (Mb) gc trigger  (Mb) max used (Mb)
Ncells 1646639 88.0    2637877 140.9  1850687 98.9
Vcells 1728612 13.2    3142662  24.0  2552120 19.5
Log messages:
stderr and stdout:
[1] ---- ENCSR000ENV (chr19) (1/2)
[1] "Data table read. Merging with Fimo..."
[1] "Merged. Now splitting table to regions and hits..."
[1] filling 158244 regions, 232058 hits for ENCSR000ENV
[1] 7072296 hits in 4088226 regions
[1] ---- ENCSR000ENW (chr19) (2/2)
[1] "Data table read. Merging with Fimo..."
[1] "Merged. Now splitting table to regions and hits..."
[1] filling 169134 regions, 249480 hits for ENCSR000ENW
[1] 8064285 hits in 4671033 regions
############### LOG OUTPUT ###############
Task: 8
Node: 8
Timestamp: 2017-08-15 22:18:31
Success: TRUE
Task duration:
    user   system  elapsed 
 650.696  382.224 3953.815 
Memory used:
          used (Mb) gc trigger  (Mb) max used (Mb)
Ncells 1646640 88.0    2637877 140.9  1850687 98.9
Vcells 1728613 13.2    3142662  24.0  2552120 19.5
Log messages:
stderr and stdout:
[1] ---- ENCSR000ENV (chr18) (1/2)
[1] "Data table read. Merging with Fimo..."
[1] "Merged. Now splitting table to regions and hits..."
[1] filling 69240 regions, 103160 hits for ENCSR000ENV
[1] 7341415 hits in 4240042 regions
[1] ---- ENCSR000ENW (chr18) (2/2)
[1] "Data table read. Merging with Fimo..."
[1] "Merged. Now splitting table to regions and hits..."
[1] filling 82886 regions, 125457 hits for ENCSR000ENW
[1] 8537786 hits in 4968952 regions
############### LOG OUTPUT ###############
Task: 9
Node: 9
Timestamp: 2017-08-15 22:20:00
Success: TRUE
Task duration:
    user   system  elapsed 
 755.896  422.528 4043.859 
Memory used:
          used (Mb) gc trigger  (Mb) max used (Mb)
Ncells 1646642 88.0    2637877 140.9  1850690 98.9
Vcells 1728608 13.2    3142662  24.0  2552116 19.5
Log messages:
stderr and stdout:
[1] ---- ENCSR000ENV (chr19) (1/2)
[1] "Data table read. Merging with Fimo..."
[1] "Merged. Now splitting table to regions and hits..."
[1] filling 548758 regions, 1009305 hits for ENCSR000ENV
[1] 37868609 hits in 16022324 regions
[1] ---- ENCSR000ENW (chr19) (2/2)
[1] "Data table read. Merging with Fimo..."
[1] "Merged. Now splitting table to regions and hits..."
[1] filling 690491 regions, 1335816 hits for ENCSR000ENW
[1] 44630206 hits in 19156446 regions
############### LOG OUTPUT ###############
Task: 5
Node: 5
Timestamp: 2017-08-15 22:21:32
Success: TRUE
Task duration:
    user   system  elapsed 
 680.156  387.580 4134.038 
Memory used:
          used (Mb) gc trigger  (Mb) max used (Mb)
Ncells 1646641 88.0    2637877 140.9  1850687 98.9
Vcells 1728614 13.2    3142662  24.0  2552120 19.5
Log messages:
stderr and stdout:
[1] ---- ENCSR000ENV (chr15) (1/2)
[1] "Data table read. Merging with Fimo..."
[1] "Merged. Now splitting table to regions and hits..."
[1] filling 102556 regions, 153291 hits for ENCSR000ENV
[1] 7494706 hits in 4342598 regions
[1] ---- ENCSR000ENW (chr15) (2/2)
[1] "Data table read. Merging with Fimo..."
[1] "Merged. Now splitting table to regions and hits..."
[1] filling 136404 regions, 205120 hits for ENCSR000ENW
[1] 8742906 hits in 5070609 regions
############### LOG OUTPUT ###############
Task: 3
Node: 3
Timestamp: 2017-08-15 22:22:21
Success: TRUE
Task duration:
    user   system  elapsed 
 716.476  348.972 4180.417 
Memory used:
          used (Mb) gc trigger  (Mb) max used (Mb)
Ncells 1646642 88.0    2637877 140.9  1850687 98.9
Vcells 1728615 13.2    3142662  24.0  2552120 19.5
Log messages:
stderr and stdout:
[1] ---- ENCSR000ENV (chr13) (1/2)
[1] "Data table read. Merging with Fimo..."
[1] "Merged. Now splitting table to regions and hits..."
[1] filling 70476 regions, 106231 hits for ENCSR000ENV
[1] 8170516 hits in 4741509 regions
[1] ---- ENCSR000ENW (chr13) (2/2)
[1] "Data table read. Merging with Fimo..."
[1] "Merged. Now splitting table to regions and hits..."
[1] filling 102240 regions, 155568 hits for ENCSR000ENW
[1] 8898474 hits in 5150576 regions
############### LOG OUTPUT ###############
Task: 4
Node: 4
Timestamp: 2017-08-15 22:22:33
Success: TRUE
Task duration:
    user   system  elapsed 
 758.504  330.836 4192.319 
Memory used:
          used (Mb) gc trigger  (Mb) max used (Mb)
Ncells 1646643 88.0    2637877 140.9  1850687 98.9
Vcells 1728616 13.2    3142662  24.0  2552120 19.5
Log messages:
stderr and stdout:
[1] ---- ENCSR000ENV (chr14) (1/2)
[1] "Data table read. Merging with Fimo..."
[1] "Merged. Now splitting table to regions and hits..."
[1] filling 93612 regions, 138942 hits for ENCSR000ENV
[1] 7814805 hits in 4558464 regions
[1] ---- ENCSR000ENW (chr14) (2/2)
[1] "Data table read. Merging with Fimo..."
[1] "Merged. Now splitting table to regions and hits..."
[1] filling 121967 regions, 183948 hits for ENCSR000ENW
[1] 9082422 hits in 5241675 regions
############### LOG OUTPUT ###############
Task: 6
Node: 6
Timestamp: 2017-08-15 22:22:41
Success: TRUE
Task duration:
    user   system  elapsed 
 726.644  386.972 4199.364 
Memory used:
          used (Mb) gc trigger  (Mb) max used (Mb)
Ncells 1646644 88.0    2637877 140.9  1850687 98.9
Vcells 1728617 13.2    3142662  24.0  2552120 19.5
Log messages:
stderr and stdout:
[1] ---- ENCSR000ENV (chr16) (1/2)
[1] "Data table read. Merging with Fimo..."
[1] "Merged. Now splitting table to regions and hits..."
[1] filling 122254 regions, 181157 hits for ENCSR000ENV
[1] 7675863 hits in 4464852 regions
[1] ---- ENCSR000ENW (chr16) (2/2)
[1] "Data table read. Merging with Fimo..."
[1] "Merged. Now splitting table to regions and hits..."
[1] filling 145507 regions, 219086 hits for ENCSR000ENW
[1] 9301508 hits in 5345485 regions
############### LOG OUTPUT ###############
Task: 8
Node: 8
Timestamp: 2017-08-15 22:25:19
Success: TRUE
Task duration:
    user   system  elapsed 
 922.368  495.036 4360.544 
Memory used:
          used (Mb) gc trigger  (Mb) max used (Mb)
Ncells 1646643 88.0    2637877 140.9  1850690 98.9
Vcells 1728609 13.2    3142662  24.0  2552116 19.5
Log messages:
stderr and stdout:
[1] ---- ENCSR000ENV (chr18) (1/2)
[1] "Data table read. Merging with Fimo..."
[1] "Merged. Now splitting table to regions and hits..."
[1] filling 275276 regions, 508061 hits for ENCSR000ENV
[1] 40047987 hits in 17013165 regions
[1] ---- ENCSR000ENW (chr18) (2/2)
[1] "Data table read. Merging with Fimo..."
[1] "Merged. Now splitting table to regions and hits..."
[1] filling 373703 regions, 741587 hits for ENCSR000ENW
[1] 46561849 hits in 20051249 regions
############### LOG OUTPUT ###############
Task: 5
Node: 5
Timestamp: 2017-08-15 22:25:51
Success: TRUE
Task duration:
    user   system  elapsed 
 969.332  368.008 4394.057 
Memory used:
          used (Mb) gc trigger  (Mb) max used (Mb)
Ncells 1646644 88.0    2637877 140.9  1850690 98.9
Vcells 1728610 13.2    3142662  24.0  2552116 19.5
Log messages:
stderr and stdout:
[1] ---- ENCSR000ENV (chr15) (1/2)
[1] "Data table read. Merging with Fimo..."
[1] "Merged. Now splitting table to regions and hits..."
[1] filling 411090 regions, 759706 hits for ENCSR000ENV
[1] 38628315 hits in 16433414 regions
[1] ---- ENCSR000ENW (chr15) (2/2)
[1] "Data table read. Merging with Fimo..."
[1] "Merged. Now splitting table to regions and hits..."
[1] filling 581895 regions, 1144164 hits for ENCSR000ENW
[1] 47706013 hits in 20434574 regions
############### LOG OUTPUT ###############
Task: 4
Node: 4
Timestamp: 2017-08-15 22:26:16
Success: TRUE
Task duration:
    user   system  elapsed 
 918.712  391.884 4420.545 
Memory used:
          used (Mb) gc trigger  (Mb) max used (Mb)
Ncells 1646645 88.0    2637877 140.9  1850690 98.9
Vcells 1728611 13.2    3142662  24.0  2552116 19.5
Log messages:
stderr and stdout:
[1] ---- ENCSR000ENV (chr14) (1/2)
[1] "Data table read. Merging with Fimo..."
[1] "Merged. Now splitting table to regions and hits..."
[1] filling 375354 regions, 701421 hits for ENCSR000ENV
[1] 41620080 hits in 17860662 regions
[1] ---- ENCSR000ENW (chr14) (2/2)
[1] "Data table read. Merging with Fimo..."
[1] "Merged. Now splitting table to regions and hits..."
[1] filling 540733 regions, 1069551 hits for ENCSR000ENW
[1] 48775564 hits in 20789439 regions
############### LOG OUTPUT ###############
Task: 6
Node: 6
Timestamp: 2017-08-15 22:26:47
Success: TRUE
Task duration:
    user   system  elapsed 
 945.604  406.812 4448.355 
Memory used:
          used (Mb) gc trigger  (Mb) max used (Mb)
Ncells 1646646 88.0    2637877 140.9  1850690 98.9
Vcells 1728612 13.2    3142662  24.0  2552116 19.5
Log messages:
stderr and stdout:
[1] ---- ENCSR000ENV (chr16) (1/2)
[1] "Data table read. Merging with Fimo..."
[1] "Merged. Now splitting table to regions and hits..."
[1] filling 472143 regions, 870672 hits for ENCSR000ENV
[1] 40918659 hits in 17485308 regions
[1] ---- ENCSR000ENW (chr16) (2/2)
[1] "Data table read. Merging with Fimo..."
[1] "Merged. Now splitting table to regions and hits..."
[1] filling 617534 regions, 1215837 hits for ENCSR000ENW
[1] 49991401 hits in 21175780 regions
############### LOG OUTPUT ###############
Task: 7
Node: 7
Timestamp: 2017-08-15 22:27:43
Success: TRUE
Task duration:
    user   system  elapsed 
 832.536  515.660 4502.218 
Memory used:
          used (Mb) gc trigger  (Mb) max used (Mb)
Ncells 1646645 88.0    2637877 140.9  1850687 98.9
Vcells 1728618 13.2    3142662  24.0  2552120 19.5
Log messages:
stderr and stdout:
[1] ---- ENCSR000ENV (chr17) (1/2)
[1] "Data table read. Merging with Fimo..."
[1] "Merged. Now splitting table to regions and hits..."
[1] filling 164677 regions, 241813 hits for ENCSR000ENV
[1] 8412329 hits in 4906186 regions
[1] ---- ENCSR000ENW (chr17) (2/2)
[1] "Data table read. Merging with Fimo..."
[1] "Merged. Now splitting table to regions and hits..."
[1] filling 201263 regions, 300855 hits for ENCSR000ENW
[1] 10069371 hits in 5805620 regions
############### LOG OUTPUT ###############
Task: 7
Node: 7
Timestamp: 2017-08-15 22:30:21
Success: TRUE
Task duration:
    user   system  elapsed 
1007.304  475.244 4650.116 
Memory used:
          used (Mb) gc trigger  (Mb) max used (Mb)
Ncells 1646647 88.0    2637877 140.9  1850690 98.9
Vcells 1728613 13.2    3142662  24.0  2552116 19.5
Log messages:
stderr and stdout:
[1] ---- ENCSR000ENV (chr17) (1/2)
[1] "Data table read. Merging with Fimo..."
[1] "Merged. Now splitting table to regions and hits..."
[1] filling 618193 regions, 1137147 hits for ENCSR000ENV
[1] 42757227 hits in 18478855 regions
[1] ---- ENCSR000ENW (chr17) (2/2)
[1] "Data table read. Merging with Fimo..."
[1] "Merged. Now splitting table to regions and hits..."
[1] filling 826337 regions, 1614226 hits for ENCSR000ENW
[1] 52742794 hits in 22309454 regions
############### LOG OUTPUT ###############
Task: 3
Node: 3
Timestamp: 2017-08-15 22:30:47
Success: TRUE
Task duration:
    user   system  elapsed 
1057.284  484.024 4682.276 
Memory used:
          used (Mb) gc trigger  (Mb) max used (Mb)
Ncells 1646648 88.0    2637877 140.9  1850690 98.9
Vcells 1728614 13.2    3142662  24.0  2552116 19.5
Log messages:
stderr and stdout:
[1] ---- ENCSR000ENV (chr13) (1/2)
[1] "Data table read. Merging with Fimo..."
[1] "Merged. Now splitting table to regions and hits..."
[1] filling 288037 regions, 537163 hits for ENCSR000ENV
[1] 43294390 hits in 18766892 regions
[1] ---- ENCSR000ENW (chr13) (2/2)
[1] "Data table read. Merging with Fimo..."
[1] "Merged. Now splitting table to regions and hits..."
[1] filling 455013 regions, 901639 hits for ENCSR000ENW
[1] 53644433 hits in 22630293 regions
############### LOG OUTPUT ###############
Task: 1
Node: 1
Timestamp: 2017-08-15 22:33:29
Success: TRUE
Task duration:
    user   system  elapsed 
1047.756  381.380 4844.892 
Memory used:
          used (Mb) gc trigger  (Mb) max used (Mb)
Ncells 1646646 88.0    2637877 140.9  1850687 98.9
Vcells 1728619 13.2    3142662  24.0  2552120 19.5
Log messages:
stderr and stdout:
[1] ---- ENCSR000ENV (chr11) (1/2)
[1] "Data table read. Merging with Fimo..."
[1] "Merged. Now splitting table to regions and hits..."
[1] filling 157782 regions, 235013 hits for ENCSR000ENV
[1] 9536521 hits in 5503267 regions
[1] ---- ENCSR000ENW (chr11) (2/2)
[1] "Data table read. Merging with Fimo..."
[1] "Merged. Now splitting table to regions and hits..."
[1] filling 196617 regions, 296021 hits for ENCSR000ENW
[1] 10490265 hits in 6035789 regions
############### LOG OUTPUT ###############
Task: 2
Node: 2
Timestamp: 2017-08-15 22:34:32
Success: TRUE
Task duration:
    user   system  elapsed 
1053.260  411.016 4895.186 
Memory used:
          used (Mb) gc trigger  (Mb) max used (Mb)
Ncells 1646647 88.0    2637877 140.9  1850687 98.9
Vcells 1728620 13.2    3142662  24.0  2552120 19.5
Log messages:
stderr and stdout:
[1] ---- ENCSR000ENV (chr12) (1/2)
[1] "Data table read. Merging with Fimo..."
[1] "Merged. Now splitting table to regions and hits..."
[1] filling 156196 regions, 231995 hits for ENCSR000ENV
[1] 9768516 hits in 5659463 regions
[1] ---- ENCSR000ENW (chr12) (2/2)
[1] "Data table read. Merging with Fimo..."
[1] "Merged. Now splitting table to regions and hits..."
[1] filling 206551 regions, 311626 hits for ENCSR000ENW
[1] 10801891 hits in 6190774 regions
############### LOG OUTPUT ###############
Task: 1
Node: 1
Timestamp: 2017-08-15 22:37:56
Success: TRUE
Task duration:
    user   system  elapsed 
1156.020  529.788 5114.644 
Memory used:
          used (Mb) gc trigger  (Mb) max used (Mb)
Ncells 1646649 88.0    2637877 140.9  1850690 98.9
Vcells 1728615 13.2    3142662  24.0  2552116 19.5
Log messages:
stderr and stdout:
[1] ---- ENCSR000ENV (chr11) (1/2)
[1] "Data table read. Merging with Fimo..."
[1] "Merged. Now splitting table to regions and hits..."
[1] filling 638839 regions, 1190056 hits for ENCSR000ENV
[1] 45820262 hits in 19795285 regions
[1] ---- ENCSR000ENW (chr11) (2/2)
[1] "Data table read. Merging with Fimo..."
[1] "Merged. Now splitting table to regions and hits..."
[1] filling 855345 regions, 1693661 hits for ENCSR000ENW
[1] 55894973 hits in 23489828 regions
############### LOG OUTPUT ###############
Task: 2
Node: 2
Timestamp: 2017-08-15 22:39:23
Success: TRUE
Task duration:
    user   system  elapsed 
1260.556  550.180 5199.680 
Memory used:
          used (Mb) gc trigger  (Mb) max used (Mb)
Ncells 1646650 88.0    2637877 140.9  1850690 98.9
Vcells 1728616 13.2    3142662  24.0  2552116 19.5
Log messages:
stderr and stdout:
[1] ---- ENCSR000ENV (chr12) (1/2)
[1] "Data table read. Merging with Fimo..."
[1] "Merged. Now splitting table to regions and hits..."
[1] filling 612828 regions, 1137167 hits for ENCSR000ENV
[1] 51128568 hits in 21788608 regions
[1] ---- ENCSR000ENW (chr12) (2/2)
[1] "Data table read. Merging with Fimo..."
[1] "Merged. Now splitting table to regions and hits..."
[1] filling 880881 regions, 1740426 hits for ENCSR000ENW
[1] 57635399 hits in 24067675 regions
############### LOG OUTPUT ###############
Task: 13
Node: 13
Timestamp: 2017-08-15 22:40:14
Success: TRUE
Task duration:
    user   system  elapsed 
1147.156  620.008 5245.103 
Memory used:
          used (Mb) gc trigger  (Mb) max used (Mb)
Ncells 1646648 88.0    2637877 140.9  1850687 98.9
Vcells 1728621 13.2    3142662  24.0  2552120 19.5
Log messages:
stderr and stdout:
[1] ---- ENCSR000ENV (chrX) (1/2)
[1] "Data table read. Merging with Fimo..."
[1] "Merged. Now splitting table to regions and hits..."
[1] filling 82990 regions, 124873 hits for ENCSR000ENV
[1] 10194244 hits in 5888610 regions
[1] ---- ENCSR000ENW (chrX) (2/2)
[1] "Data table read. Merging with Fimo..."
[1] "Merged. Now splitting table to regions and hits..."
[1] filling 113475 regions, 170102 hits for ENCSR000ENW
[1] 10971993 hits in 6279552 regions
> 
> print(bpok(result))
 [1] TRUE TRUE TRUE TRUE TRUE TRUE TRUE TRUE TRUE TRUE TRUE TRUE TRUE TRUE TRUE
> print("Database fill complete")
[1] "Database fill complete"
> print(date())
[1] "Tue Aug 15 22:40:15 2017"
> 
############### LOG OUTPUT ###############
Task: 13
Node: 13
Timestamp: 2017-08-15 22:42:16
Success: TRUE
Task duration:
    user   system  elapsed 
1328.844  611.824 5374.520 
Memory used:
          used (Mb) gc trigger  (Mb) max used (Mb)
Ncells 1646651 88.0    2637877 140.9  1850690 98.9
Vcells 1728617 13.2    3142662  24.0  2552116 19.5
Log messages:
stderr and stdout:
[1] ---- ENCSR000ENV (chrX) (1/2)
[1] "Data table read. Merging with Fimo..."
[1] "Merged. Now splitting table to regions and hits..."
[1] filling 306032 regions, 556879 hits for ENCSR000ENV
[1] 54201312 hits in 22936325 regions
[1] ---- ENCSR000ENW (chrX) (2/2)
[1] "Data table read. Merging with Fimo..."
[1] "Merged. Now splitting table to regions and hits..."
[1] filling 485967 regions, 944809 hits for ENCSR000ENW
[1] 58580208 hits in 24403704 regions
> 
> print(bpok(result))
 [1] TRUE TRUE TRUE TRUE TRUE TRUE TRUE TRUE TRUE TRUE TRUE TRUE TRUE TRUE TRUE
> print("Database fill complete")
[1] "Database fill complete"
> print(date())
[1] "Tue Aug 15 22:42:16 2017"
> 
You are now connected to database "mammary_gland_wellington_20" as user "root".
CREATE INDEX
CREATE INDEX
You are now connected to database "mammary_gland_hint_20" as user "root".
CREATE INDEX
CREATE INDEX
