CREATE DATABASE
GRANT
CREATE DATABASE
GRANT
You are now connected to database "prostate_gland_wellington_16" as user "postgres".
CREATE TABLE
GRANT
CREATE TABLE
GRANT
You are now connected to database "prostate_gland_hint_16" as user "postgres".
CREATE TABLE
GRANT
CREATE TABLE
GRANT

R version 3.4.1 (2017-06-30) -- "Single Candle"
Copyright (C) 2017 The R Foundation for Statistical Computing
Platform: x86_64-pc-linux-gnu (64-bit)

R is free software and comes with ABSOLUTELY NO WARRANTY.
You are welcome to redistribute it under certain conditions.
Type 'license()' or 'licence()' for distribution details.

  Natural language support but running in an English locale

R is a collaborative project with many contributors.
Type 'contributors()' for more information and
'citation()' on how to cite R or R packages in publications.

Type 'demo()' for some demos, 'help()' for on-line help, or
'help.start()' for an HTML browser interface to help.
Type 'q()' to quit R.

> # users can either step through this file, or call this file with 
> # r -f example.R
> 
> # THIS ASSUMES THAT THE TESTHINT DATABASE EXISTS. The recipe for building that
> # database is in ../dbInitialization/createHintTest.sql
> 
> # THIS EXAMPLE USES THE BRAIN HINT OUTPUT MADE BY RUNNING make hint at /scratch/data/footprints
> 
> print(date())
[1] "Sun Oct  1 05:49:51 2017"
> #-------------------------------------------------------------------------------
> # set path to hint output 
> data.path <- "/scratch/data/footprints/prostate_gland_hint_16"
> #-------------------------------------------------------------------------------
> # establish database connections:
> 
> if(!exists("db.hint"))
+     db.hint <- "prostate_gland_hint_16_localhost"
> 
> if(!exists("db.fimo"))
+     db.fimo <- "fimo_localhost"
> #-------------------------------------------------------------------------------
> # Source the libraries
> source("../src/dependencies.R")
Loading required package: stats4
Loading required package: BiocGenerics
Loading required package: parallel

Attaching package: ‘BiocGenerics’

The following objects are masked from ‘package:parallel’:

    clusterApply, clusterApplyLB, clusterCall, clusterEvalQ,
    clusterExport, clusterMap, parApply, parCapply, parLapply,
    parLapplyLB, parRapply, parSapply, parSapplyLB

The following objects are masked from ‘package:stats’:

    IQR, mad, sd, var, xtabs

The following objects are masked from ‘package:base’:

    anyDuplicated, append, as.data.frame, cbind, colMeans, colnames,
    colSums, do.call, duplicated, eval, evalq, Filter, Find, get, grep,
    grepl, intersect, is.unsorted, lapply, lengths, Map, mapply, match,
    mget, order, paste, pmax, pmax.int, pmin, pmin.int, Position, rank,
    rbind, Reduce, rowMeans, rownames, rowSums, sapply, setdiff, sort,
    table, tapply, union, unique, unsplit, which, which.max, which.min

Loading required package: S4Vectors

Attaching package: ‘S4Vectors’

The following object is masked from ‘package:base’:

    expand.grid

Loading required package: IRanges
Loading required package: GenomeInfoDb
Loading required package: DBI
> source("../src/dbFunctions.R")
> source("../src/tableParsing.R")
> source("../src/tests.R")
> source("../src/main_Bioc.R")
> 
> if(!interactive()){    
+     chromosomes <- paste0("chr",1:10)
+     
+     # Create parallel structure here    
+     library(BiocParallel)    
+     register(MulticoreParam(workers = 25, stop.on.error = FALSE, log = TRUE), default = TRUE)
+ 
+     # Run on all 24 possible chromosomes at once
+     result <- bptry(bplapply(chromosomes,fillAllSamplesByChromosome,
+              dbConnection = db.hint,             
+              fimo = db.fimo,             
+              minid = "prostate_gland_hint_16.minid",             
+              dbUser = "trena",             
+              dbTable = "prostate_gland_hint_16",             
+              sourcePath = data.path,             
+              isTest = FALSE,             
+              method = "HINT"))    
+ }

R version 3.4.1 (2017-06-30) -- "Single Candle"
Copyright (C) 2017 The R Foundation for Statistical Computing
Platform: x86_64-pc-linux-gnu (64-bit)

R is free software and comes with ABSOLUTELY NO WARRANTY.
You are welcome to redistribute it under certain conditions.
Type 'license()' or 'licence()' for distribution details.

  Natural language support but running in an English locale

R is a collaborative project with many contributors.
Type 'contributors()' for more information and
'citation()' on how to cite R or R packages in publications.

Type 'demo()' for some demos, 'help()' for on-line help, or
'help.start()' for an HTML browser interface to help.
Type 'q()' to quit R.

> # users can either step through this file, or call this file with 
> # r -f example.R
> 
> # THIS ASSUMES THAT THE TESTHINT DATABASE EXISTS. The recipe for building that
> # database is in ../dbInitialization/createHintTest.sql
> 
> # THIS EXAMPLE USES THE BRAIN HINT OUTPUT MADE BY RUNNING make hint at /scratch/data/footprints
> 
> print(date())
[1] "Sun Oct  1 05:49:58 2017"
> #-------------------------------------------------------------------------------
> # set path to hint output 
> data.path <- "/scratch/data/footprints/prostate_gland_wellington_16"
> #-------------------------------------------------------------------------------
> # establish database connections:
> 
> if(!exists("db.wellington"))
+     db.wellington <- "prostate_gland_wellington_16_localhost"
> 
> if(!exists("db.fimo"))
+     db.fimo <- "fimo_localhost"
> #-------------------------------------------------------------------------------
> # Source the libraries
> source("../src/dependencies.R")
Loading required package: stats4
Loading required package: BiocGenerics
Loading required package: parallel

Attaching package: ‘BiocGenerics’

The following objects are masked from ‘package:parallel’:

    clusterApply, clusterApplyLB, clusterCall, clusterEvalQ,
    clusterExport, clusterMap, parApply, parCapply, parLapply,
    parLapplyLB, parRapply, parSapply, parSapplyLB

The following objects are masked from ‘package:stats’:

    IQR, mad, sd, var, xtabs

The following objects are masked from ‘package:base’:

    anyDuplicated, append, as.data.frame, cbind, colMeans, colnames,
    colSums, do.call, duplicated, eval, evalq, Filter, Find, get, grep,
    grepl, intersect, is.unsorted, lapply, lengths, Map, mapply, match,
    mget, order, paste, pmax, pmax.int, pmin, pmin.int, Position, rank,
    rbind, Reduce, rowMeans, rownames, rowSums, sapply, setdiff, sort,
    table, tapply, union, unique, unsplit, which, which.max, which.min

Loading required package: S4Vectors

Attaching package: ‘S4Vectors’

The following object is masked from ‘package:base’:

    expand.grid

Loading required package: IRanges
Loading required package: GenomeInfoDb
Loading required package: DBI
> source("../src/dbFunctions.R")
> source("../src/tableParsing.R")
> source("../src/tests.R")
> source("../src/main_Bioc.R")
> 
> if(!interactive()){    
+     chromosomes <- paste0("chr",1:10)
+     
+     # Create parallel structure here
+     library(BiocParallel)
+     register(MulticoreParam(workers = 25, stop.on.error = FALSE, log = TRUE), default = TRUE)
+ 
+     # Run on all 24 possible chromosomes at once
+     result <- bptry(bplapply(chromosomes, fillAllSamplesByChromosome,
+              dbConnection = db.wellington,
+              fimo = db.fimo,
+              minid = "prostate_gland_wellington_16.minid",
+              dbUser = "trena",
+              dbTable = "prostate_gland_wellington_16",
+              sourcePath = data.path,
+              isTest = FALSE,
+              method = "WELLINGTON"))
+ }
############### LOG OUTPUT ###############
Task: 9
Node: 9
Timestamp: 2017-10-01 06:30:01
Success: TRUE
Task duration:
    user   system  elapsed 
 857.880 1222.308 2389.158 
Memory used:
          used (Mb) gc trigger  (Mb) max used (Mb)
Ncells 1646807 88.0    2637877 140.9  1852255 99.0
Vcells 1727007 13.2    3142662  24.0  2552034 19.5
Log messages:
stderr and stdout:
[1] ---- ENCSR000EPU (chr9) (1/2)
[1] "Data table read. Merging with Fimo..."
[1] "Merged. Now splitting table to regions and hits..."
[1] filling 671702 regions, 1258895 hits for ENCSR000EPU
[1] 1258895 hits in 671702 regions
[1] ---- ENCSR456SOX (chr9) (2/2)
[1] "Data table read. Merging with Fimo..."
[1] "Merged. Now splitting table to regions and hits..."
[1] filling 465343 regions, 735527 hits for ENCSR456SOX
[1] 7257215 hits in 3780974 regions
############### LOG OUTPUT ###############
Task: 9
Node: 9
Timestamp: 2017-10-01 06:32:41
Success: TRUE
Task duration:
    user   system  elapsed 
 931.864 1300.376 2544.823 
Memory used:
          used (Mb) gc trigger  (Mb) max used (Mb)
Ncells 1646804 88.0    2637877 140.9  1852222 99.0
Vcells 1727011 13.2    3142662  24.0  2552037 19.5
Log messages:
stderr and stdout:
[1] ---- ENCSR000EPU (chr9) (1/2)
[1] "Data table read. Merging with Fimo..."
[1] "Merged. Now splitting table to regions and hits..."
[1] filling 160695 regions, 242088 hits for ENCSR000EPU
[1] 242088 hits in 160695 regions
[1] ---- ENCSR456SOX (chr9) (2/2)
[1] "Data table read. Merging with Fimo..."
[1] "Merged. Now splitting table to regions and hits..."
[1] filling 213668 regions, 304049 hits for ENCSR456SOX
[1] 2104508 hits in 1384302 regions
############### LOG OUTPUT ###############
Task: 10
Node: 10
Timestamp: 2017-10-01 06:32:58
Success: TRUE
Task duration:
    user   system  elapsed 
1001.448 1202.172 2563.998 
Memory used:
          used (Mb) gc trigger  (Mb) max used (Mb)
Ncells 1647791 88.1    2637877 140.9  1852255 99.0
Vcells 1729500 13.2    3142662  24.0  2552034 19.5
Log messages:
stderr and stdout:
[1] ---- ENCSR000EPU (chr10) (1/2)
[1] "Data table read. Merging with Fimo..."
[1] "Merged. Now splitting table to regions and hits..."
[1] filling 657424 regions, 1237002 hits for ENCSR000EPU
[1] 2495897 hits in 1329126 regions
[1] ---- ENCSR456SOX (chr10) (2/2)
[1] "Data table read. Merging with Fimo..."
[1] "Merged. Now splitting table to regions and hits..."
[1] filling 491370 regions, 777087 hits for ENCSR456SOX
[1] 12437695 hits in 6463054 regions
############### LOG OUTPUT ###############
Task: 10
Node: 10
Timestamp: 2017-10-01 06:34:06
Success: TRUE
Task duration:
    user   system  elapsed 
 933.408 1334.164 2627.825 
Memory used:
          used (Mb) gc trigger  (Mb) max used (Mb)
Ncells 1647788 88.1    2637877 140.9  1852222 99.0
Vcells 1729504 13.2    3142662  24.0  2552037 19.5
Log messages:
stderr and stdout:
[1] ---- ENCSR000EPU (chr10) (1/2)
[1] "Data table read. Merging with Fimo..."
[1] "Merged. Now splitting table to regions and hits..."
[1] filling 156081 regions, 236086 hits for ENCSR000EPU
[1] 706699 hits in 467691 regions
[1] ---- ENCSR456SOX (chr10) (2/2)
[1] "Data table read. Merging with Fimo..."
[1] "Merged. Now splitting table to regions and hits..."
[1] filling 229978 regions, 327543 hits for ENCSR456SOX
[1] 3088455 hits in 2027855 regions
############### LOG OUTPUT ###############
Task: 8
Node: 8
Timestamp: 2017-10-01 06:34:32
Success: TRUE
Task duration:
    user   system  elapsed 
1042.032 1252.656 2655.125 
Memory used:
          used (Mb) gc trigger  (Mb) max used (Mb)
Ncells 1647792 88.1    2637877 140.9  1852255 99.0
Vcells 1729501 13.2    3142662  24.0  2552034 19.5
Log messages:
stderr and stdout:
[1] ---- ENCSR000EPU (chr8) (1/2)
[1] "Data table read. Merging with Fimo..."
[1] "Merged. Now splitting table to regions and hits..."
[1] filling 647373 regions, 1226475 hits for ENCSR000EPU
[1] 3722372 hits in 1976499 regions
[1] ---- ENCSR456SOX (chr8) (2/2)
[1] "Data table read. Merging with Fimo..."
[1] "Merged. Now splitting table to regions and hits..."
[1] filling 460273 regions, 729049 hits for ENCSR456SOX
[1] 15859010 hits in 8242222 regions
############### LOG OUTPUT ###############
Task: 8
Node: 8
Timestamp: 2017-10-01 06:34:47
Success: TRUE
Task duration:
    user   system  elapsed 
1003.596 1259.104 2667.217 
Memory used:
          used (Mb) gc trigger  (Mb) max used (Mb)
Ncells 1647789 88.1    2637877 140.9  1852222 99.0
Vcells 1729505 13.2    3142662  24.0  2552037 19.5
Log messages:
stderr and stdout:
[1] ---- ENCSR000EPU (chr8) (1/2)
[1] "Data table read. Merging with Fimo..."
[1] "Merged. Now splitting table to regions and hits..."
[1] filling 150915 regions, 228525 hits for ENCSR000EPU
[1] 470613 hits in 311610 regions
[1] ---- ENCSR456SOX (chr8) (2/2)
[1] "Data table read. Merging with Fimo..."
[1] "Merged. Now splitting table to regions and hits..."
[1] filling 207518 regions, 294343 hits for ENCSR456SOX
[1] 3382798 hits in 2218066 regions
############### LOG OUTPUT ###############
Task: 6
Node: 6
Timestamp: 2017-10-01 06:47:40
Success: TRUE
Task duration:
    user   system  elapsed 
1290.592 1658.836 3435.643 
Memory used:
          used (Mb) gc trigger  (Mb) max used (Mb)
Ncells 1647793 88.1    2637877 140.9  1852255 99.0
Vcells 1729502 13.2    3142662  24.0  2552034 19.5
Log messages:
stderr and stdout:
[1] ---- ENCSR000EPU (chr6) (1/2)
[1] "Data table read. Merging with Fimo..."
[1] "Merged. Now splitting table to regions and hits..."
[1] filling 820711 regions, 1562369 hits for ENCSR000EPU
[1] 5284741 hits in 2797210 regions
[1] ---- ENCSR456SOX (chr6) (2/2)
[1] "Data table read. Merging with Fimo..."
[1] "Merged. Now splitting table to regions and hits..."
[1] filling 566572 regions, 893251 hits for ENCSR456SOX
[1] 18904923 hits in 9788548 regions
############### LOG OUTPUT ###############
Task: 7
Node: 7
Timestamp: 2017-10-01 06:47:48
Success: TRUE
Task duration:
    user   system  elapsed 
1270.368 1734.572 3444.594 
Memory used:
          used (Mb) gc trigger  (Mb) max used (Mb)
Ncells 1647794 88.1    2637877 140.9  1852255 99.0
Vcells 1729503 13.2    3142662  24.0  2552034 19.5
Log messages:
stderr and stdout:
[1] ---- ENCSR000EPU (chr7) (1/2)
[1] "Data table read. Merging with Fimo..."
[1] "Merged. Now splitting table to regions and hits..."
[1] filling 691982 regions, 1317833 hits for ENCSR000EPU
[1] 9973853 hits in 5209863 regions
[1] ---- ENCSR456SOX (chr7) (2/2)
[1] "Data table read. Merging with Fimo..."
[1] "Merged. Now splitting table to regions and hits..."
[1] filling 575570 regions, 913043 hits for ENCSR456SOX
[1] 19817966 hits in 10227015 regions
############### LOG OUTPUT ###############
Task: 7
Node: 7
Timestamp: 2017-10-01 06:50:35
Success: TRUE
Task duration:
    user   system  elapsed 
1198.672 1904.540 3601.838 
Memory used:
          used (Mb) gc trigger  (Mb) max used (Mb)
Ncells 1647790 88.1    2637877 140.9  1852222 99.0
Vcells 1729506 13.2    3142662  24.0  2552037 19.5
Log messages:
stderr and stdout:
[1] ---- ENCSR000EPU (chr7) (1/2)
[1] "Data table read. Merging with Fimo..."
[1] "Merged. Now splitting table to regions and hits..."
[1] filling 164349 regions, 247830 hits for ENCSR000EPU
[1] 1246360 hits in 825193 regions
[1] ---- ENCSR456SOX (chr7) (2/2)
[1] "Data table read. Merging with Fimo..."
[1] "Merged. Now splitting table to regions and hits..."
[1] filling 267986 regions, 378762 hits for ENCSR456SOX
[1] 4279046 hits in 2810545 regions
############### LOG OUTPUT ###############
Task: 4
Node: 4
Timestamp: 2017-10-01 06:50:56
Success: TRUE
Task duration:
    user   system  elapsed 
1584.168 1425.280 3622.800 
Memory used:
          used (Mb) gc trigger  (Mb) max used (Mb)
Ncells 1647795 88.1    2637877 140.9  1852255 99.0
Vcells 1729504 13.2    3142662  24.0  2552034 19.5
Log messages:
stderr and stdout:
[1] ---- ENCSR000EPU (chr4) (1/2)
[1] "Data table read. Merging with Fimo..."
[1] "Merged. Now splitting table to regions and hits..."
[1] filling 646565 regions, 1236947 hits for ENCSR000EPU
[1] 6521688 hits in 3443775 regions
[1] ---- ENCSR456SOX (chr4) (2/2)
[1] "Data table read. Merging with Fimo..."
[1] "Merged. Now splitting table to regions and hits..."
[1] filling 495041 regions, 776566 hits for ENCSR456SOX
[1] 20594532 hits in 10613753 regions
############### LOG OUTPUT ###############
Task: 5
Node: 5
Timestamp: 2017-10-01 06:51:35
Success: TRUE
Task duration:
    user   system  elapsed 
1327.516 1721.668 3668.119 
Memory used:
          used (Mb) gc trigger  (Mb) max used (Mb)
Ncells 1647796 88.1    2637877 140.9  1852255 99.0
Vcells 1729505 13.2    3142662  24.0  2552034 19.5
Log messages:
stderr and stdout:
[1] ---- ENCSR000EPU (chr5) (1/2)
[1] "Data table read. Merging with Fimo..."
[1] "Merged. Now splitting table to regions and hits..."
[1] filling 736907 regions, 1398805 hits for ENCSR000EPU
[1] 8656020 hits in 4517881 regions
[1] ---- ENCSR456SOX (chr5) (2/2)
[1] "Data table read. Merging with Fimo..."
[1] "Merged. Now splitting table to regions and hits..."
[1] filling 521219 regions, 820543 hits for ENCSR456SOX
[1] 21415075 hits in 11012315 regions
############### LOG OUTPUT ###############
Task: 3
Node: 3
Timestamp: 2017-10-01 06:54:45
Success: TRUE
Task duration:
    user   system  elapsed 
1480.048 1784.876 3844.881 
Memory used:
          used (Mb) gc trigger  (Mb) max used (Mb)
Ncells 1647797 88.1    2637877 140.9  1852255 99.0
Vcells 1729506 13.2    3142662  24.0  2552034 19.5
Log messages:
stderr and stdout:
[1] ---- ENCSR000EPU (chr3) (1/2)
[1] "Data table read. Merging with Fimo..."
[1] "Merged. Now splitting table to regions and hits..."
[1] filling 883107 regions, 1686755 hits for ENCSR000EPU
[1] 11660608 hits in 6092970 regions
[1] ---- ENCSR456SOX (chr3) (2/2)
[1] "Data table read. Merging with Fimo..."
[1] "Merged. Now splitting table to regions and hits..."
[1] filling 614918 regions, 970567 hits for ENCSR456SOX
[1] 22385642 hits in 11471724 regions
############### LOG OUTPUT ###############
Task: 6
Node: 6
Timestamp: 2017-10-01 06:55:57
Success: TRUE
Task duration:
    user   system  elapsed 
1250.832 2273.328 3932.711 
Memory used:
          used (Mb) gc trigger  (Mb) max used (Mb)
Ncells 1647791 88.1    2637877 140.9  1852222 99.0
Vcells 1729507 13.2    3142662  24.0  2552037 19.5
Log messages:
stderr and stdout:
[1] ---- ENCSR000EPU (chr6) (1/2)
[1] "Data table read. Merging with Fimo..."
[1] "Merged. Now splitting table to regions and hits..."
[1] filling 193153 regions, 291831 hits for ENCSR000EPU
[1] 998530 hits in 660844 regions
[1] ---- ENCSR456SOX (chr6) (2/2)
[1] "Data table read. Merging with Fimo..."
[1] "Merged. Now splitting table to regions and hits..."
[1] filling 258630 regions, 367387 hits for ENCSR456SOX
[1] 4646433 hits in 3047358 regions
############### LOG OUTPUT ###############
Task: 5
Node: 5
Timestamp: 2017-10-01 06:57:05
Success: TRUE
Task duration:
    user   system  elapsed 
1314.576 2143.068 3986.421 
Memory used:
          used (Mb) gc trigger  (Mb) max used (Mb)
Ncells 1647792 88.1    2637877 140.9  1852222 99.0
Vcells 1729508 13.2    3142662  24.0  2552037 19.5
Log messages:
stderr and stdout:
[1] ---- ENCSR000EPU (chr5) (1/2)
[1] "Data table read. Merging with Fimo..."
[1] "Merged. Now splitting table to regions and hits..."
[1] filling 170243 regions, 256896 hits for ENCSR000EPU
[1] 2361404 hits in 1554545 regions
[1] ---- ENCSR456SOX (chr5) (2/2)
[1] "Data table read. Merging with Fimo..."
[1] "Merged. Now splitting table to regions and hits..."
[1] filling 245840 regions, 349353 hits for ENCSR456SOX
[1] 4995786 hits in 3276993 regions
############### LOG OUTPUT ###############
Task: 3
Node: 3
Timestamp: 2017-10-01 06:57:44
Success: TRUE
Task duration:
    user   system  elapsed 
1440.760 1980.432 4035.305 
Memory used:
          used (Mb) gc trigger  (Mb) max used (Mb)
Ncells 1647793 88.1    2637877 140.9  1852222 99.0
Vcells 1729509 13.2    3142662  24.0  2552037 19.5
Log messages:
stderr and stdout:
[1] ---- ENCSR000EPU (chr3) (1/2)
[1] "Data table read. Merging with Fimo..."
[1] "Merged. Now splitting table to regions and hits..."
[1] filling 207675 regions, 314649 hits for ENCSR000EPU
[1] 1800459 hits in 1190573 regions
[1] ---- ENCSR456SOX (chr3) (2/2)
[1] "Data table read. Merging with Fimo..."
[1] "Merged. Now splitting table to regions and hits..."
[1] filling 279920 regions, 395942 hits for ENCSR456SOX
[1] 5391728 hits in 3533560 regions
############### LOG OUTPUT ###############
Task: 4
Node: 4
Timestamp: 2017-10-01 06:58:34
Success: TRUE
Task duration:
    user   system  elapsed 
1439.904 2138.564 4082.917 
Memory used:
          used (Mb) gc trigger  (Mb) max used (Mb)
Ncells 1647794 88.1    2637877 140.9  1852222 99.0
Vcells 1729510 13.2    3142662  24.0  2552037 19.5
Log messages:
stderr and stdout:
[1] ---- ENCSR000EPU (chr4) (1/2)
[1] "Data table read. Merging with Fimo..."
[1] "Merged. Now splitting table to regions and hits..."
[1] filling 157705 regions, 239450 hits for ENCSR000EPU
[1] 1485810 hits in 982898 regions
[1] ---- ENCSR456SOX (chr4) (2/2)
[1] "Data table read. Merging with Fimo..."
[1] "Merged. Now splitting table to regions and hits..."
[1] filling 245195 regions, 347159 hits for ENCSR456SOX
[1] 5738887 hits in 3761046 regions
############### LOG OUTPUT ###############
Task: 1
Node: 1
Timestamp: 2017-10-01 07:00:38
Success: TRUE
Task duration:
    user   system  elapsed 
1970.700 1616.180 4203.824 
Memory used:
          used (Mb) gc trigger  (Mb) max used (Mb)
Ncells 1647798 88.1    2637877 140.9  1852255 99.0
Vcells 1729507 13.2    3142662  24.0  2552034 19.5
Log messages:
stderr and stdout:
[1] ---- ENCSR000EPU (chr1) (1/2)
[1] "Data table read. Merging with Fimo..."
[1] "Merged. Now splitting table to regions and hits..."
[1] filling 1434306 regions, 2692266 hits for ENCSR000EPU
[1] 15129961 hits in 7897360 regions
[1] ---- ENCSR456SOX (chr1) (2/2)
[1] "Data table read. Merging with Fimo..."
[1] "Merged. Now splitting table to regions and hits..."
[1] filling 970601 regions, 1553821 hits for ENCSR456SOX
[1] 23939463 hits in 12149979 regions
############### LOG OUTPUT ###############
Task: 1
Node: 1
Timestamp: 2017-10-01 07:02:10
Success: TRUE
Task duration:
    user   system  elapsed 
1680.164 2196.148 4304.214 
Memory used:
          used (Mb) gc trigger  (Mb) max used (Mb)
Ncells 1647795 88.1    2637877 140.9  1852222 99.0
Vcells 1729511 13.2    3142662  24.0  2552037 19.5
Log messages:
stderr and stdout:
[1] ---- ENCSR000EPU (chr1) (1/2)
[1] "Data table read. Merging with Fimo..."
[1] "Merged. Now splitting table to regions and hits..."
[1] filling 345113 regions, 517486 hits for ENCSR000EPU
[1] 3900284 hits in 2563179 regions
[1] ---- ENCSR456SOX (chr1) (2/2)
[1] "Data table read. Merging with Fimo..."
[1] "Merged. Now splitting table to regions and hits..."
[1] filling 441834 regions, 632442 hits for ENCSR456SOX
[1] 6371329 hits in 4159139 regions
############### LOG OUTPUT ###############
Task: 2
Node: 2
Timestamp: 2017-10-01 07:03:09
Success: TRUE
Task duration:
    user   system  elapsed 
1897.964 1971.428 4346.861 
Memory used:
          used (Mb) gc trigger  (Mb) max used (Mb)
Ncells 1647796 88.1    2637877 140.9  1852222 99.0
Vcells 1729512 13.2    3142662  24.0  2552037 19.5
Log messages:
stderr and stdout:
[1] ---- ENCSR000EPU (chr2) (1/2)
[1] "Data table read. Merging with Fimo..."
[1] "Merged. Now splitting table to regions and hits..."
[1] filling 262207 regions, 399508 hits for ENCSR000EPU
[1] 2760912 hits in 2027855 regions
[1] ---- ENCSR456SOX (chr2) (2/2)
[1] "Data table read. Merging with Fimo..."
[1] "Merged. Now splitting table to regions and hits..."
[1] filling 363221 regions, 516849 hits for ENCSR456SOX
[1] 6888178 hits in 4494690 regions
> 
> print(bpok(result))
 [1] TRUE TRUE TRUE TRUE TRUE TRUE TRUE TRUE TRUE TRUE
> print("Database fill complete")
[1] "Database fill complete"
> print(date())
[1] "Sun Oct  1 07:03:09 2017"
> 
############### LOG OUTPUT ###############
Task: 2
Node: 2
Timestamp: 2017-10-01 07:03:53
Success: TRUE
Task duration:
    user   system  elapsed 
1863.436 2107.764 4395.793 
Memory used:
          used (Mb) gc trigger  (Mb) max used (Mb)
Ncells 1647799 88.1    2637877 140.9  1852255 99.0
Vcells 1729508 13.2    3142662  24.0  2552034 19.5
Log messages:
stderr and stdout:
[1] ---- ENCSR000EPU (chr2) (1/2)
[1] "Data table read. Merging with Fimo..."
[1] "Merged. Now splitting table to regions and hits..."
[1] filling 1128791 regions, 2152662 hits for ENCSR000EPU
[1] 18011672 hits in 9371013 regions
[1] ---- ENCSR456SOX (chr2) (2/2)
[1] "Data table read. Merging with Fimo..."
[1] "Merged. Now splitting table to regions and hits..."
[1] filling 794314 regions, 1262364 hits for ENCSR456SOX
[1] 25201827 hits in 12740768 regions
> 
> print(bpok(result))
 [1] TRUE TRUE TRUE TRUE TRUE TRUE TRUE TRUE TRUE TRUE
> print("Database fill complete")
[1] "Database fill complete"
> print(date())
[1] "Sun Oct  1 07:03:53 2017"
> 

R version 3.4.1 (2017-06-30) -- "Single Candle"
Copyright (C) 2017 The R Foundation for Statistical Computing
Platform: x86_64-pc-linux-gnu (64-bit)

R is free software and comes with ABSOLUTELY NO WARRANTY.
You are welcome to redistribute it under certain conditions.
Type 'license()' or 'licence()' for distribution details.

  Natural language support but running in an English locale

R is a collaborative project with many contributors.
Type 'contributors()' for more information and
'citation()' on how to cite R or R packages in publications.

Type 'demo()' for some demos, 'help()' for on-line help, or
'help.start()' for an HTML browser interface to help.
Type 'q()' to quit R.

> # users can either step through this file, or call this file with 
> # r -f example.R
> 
> # THIS ASSUMES THAT THE TESTHINT DATABASE EXISTS. The recipe for building that
> # database is in ../dbInitialization/createHintTest.sql
> 
> # THIS EXAMPLE USES THE BRAIN HINT OUTPUT MADE BY RUNNING make hint at /scratch/data/footprints
> 
> print(date())
[1] "Sun Oct  1 14:14:57 2017"
> #-------------------------------------------------------------------------------
> # set path to hint output 
> data.path <- "/scratch/data/footprints/prostate_gland_hint_16"
> #-------------------------------------------------------------------------------
> # establish database connections:
> 
> if(!exists("db.hint"))
+     db.hint <- "prostate_gland_hint_16_localhost"
> 
> if(!exists("db.fimo"))
+     db.fimo <- "fimo_localhost"
> #-------------------------------------------------------------------------------
> # Source the libraries
> source("../src/dependencies.R")
Loading required package: stats4
Loading required package: BiocGenerics
Loading required package: parallel

Attaching package: ‘BiocGenerics’

The following objects are masked from ‘package:parallel’:

    clusterApply, clusterApplyLB, clusterCall, clusterEvalQ,
    clusterExport, clusterMap, parApply, parCapply, parLapply,
    parLapplyLB, parRapply, parSapply, parSapplyLB

The following objects are masked from ‘package:stats’:

    IQR, mad, sd, var, xtabs

The following objects are masked from ‘package:base’:

    anyDuplicated, append, as.data.frame, cbind, colMeans, colnames,
    colSums, do.call, duplicated, eval, evalq, Filter, Find, get, grep,
    grepl, intersect, is.unsorted, lapply, lengths, Map, mapply, match,
    mget, order, paste, pmax, pmax.int, pmin, pmin.int, Position, rank,
    rbind, Reduce, rowMeans, rownames, rowSums, sapply, setdiff, sort,
    table, tapply, union, unique, unsplit, which, which.max, which.min

Loading required package: S4Vectors

Attaching package: ‘S4Vectors’

The following object is masked from ‘package:base’:

    expand.grid

Loading required package: IRanges
Loading required package: GenomeInfoDb
Loading required package: DBI
> source("../src/dbFunctions.R")
> source("../src/tableParsing.R")
> source("../src/tests.R")
> source("../src/main_Bioc.R")
> 
> if(!interactive()){    
+     chromosomes <- paste0("chr",c(11:22,"X","Y","MT"))
+     
+     # Create parallel structure here    
+     library(BiocParallel)    
+     register(MulticoreParam(workers = 25, stop.on.error = FALSE, log = TRUE), default = TRUE)
+ 
+     # Run on all 24 possible chromosomes at once
+     result <- bptry(bplapply(chromosomes,fillAllSamplesByChromosome,
+              dbConnection = db.hint,             
+              fimo = db.fimo,             
+              minid = "prostate_gland_hint_16.minid",             
+              dbUser = "trena",             
+              dbTable = "prostate_gland_hint_16",             
+              sourcePath = data.path,             
+              isTest = FALSE,             
+              method = "HINT"))    
+ }

R version 3.4.1 (2017-06-30) -- "Single Candle"
Copyright (C) 2017 The R Foundation for Statistical Computing
Platform: x86_64-pc-linux-gnu (64-bit)

R is free software and comes with ABSOLUTELY NO WARRANTY.
You are welcome to redistribute it under certain conditions.
Type 'license()' or 'licence()' for distribution details.

  Natural language support but running in an English locale

R is a collaborative project with many contributors.
Type 'contributors()' for more information and
'citation()' on how to cite R or R packages in publications.

Type 'demo()' for some demos, 'help()' for on-line help, or
'help.start()' for an HTML browser interface to help.
Type 'q()' to quit R.

> # users can either step through this file, or call this file with 
> # r -f example.R
> 
> # THIS ASSUMES THAT THE TESTHINT DATABASE EXISTS. The recipe for building that
> # database is in ../dbInitialization/createHintTest.sql
> 
> # THIS EXAMPLE USES THE BRAIN HINT OUTPUT MADE BY RUNNING make hint at /scratch/data/footprints
> 
> print(date())
[1] "Sun Oct  1 14:15:03 2017"
> #-------------------------------------------------------------------------------
> # set path to hint output 
> data.path <- "/scratch/data/footprints/prostate_gland_wellington_16"
> #-------------------------------------------------------------------------------
> # establish database connections:
> 
> if(!exists("db.wellington"))
+     db.wellington <- "prostate_gland_wellington_16_localhost"
> 
> if(!exists("db.fimo"))
+     db.fimo <- "fimo_localhost"
> #-------------------------------------------------------------------------------
> # Source the libraries
> source("../src/dependencies.R")
Loading required package: stats4
Loading required package: BiocGenerics
Loading required package: parallel

Attaching package: ‘BiocGenerics’

The following objects are masked from ‘package:parallel’:

    clusterApply, clusterApplyLB, clusterCall, clusterEvalQ,
    clusterExport, clusterMap, parApply, parCapply, parLapply,
    parLapplyLB, parRapply, parSapply, parSapplyLB

The following objects are masked from ‘package:stats’:

    IQR, mad, sd, var, xtabs

The following objects are masked from ‘package:base’:

    anyDuplicated, append, as.data.frame, cbind, colMeans, colnames,
    colSums, do.call, duplicated, eval, evalq, Filter, Find, get, grep,
    grepl, intersect, is.unsorted, lapply, lengths, Map, mapply, match,
    mget, order, paste, pmax, pmax.int, pmin, pmin.int, Position, rank,
    rbind, Reduce, rowMeans, rownames, rowSums, sapply, setdiff, sort,
    table, tapply, union, unique, unsplit, which, which.max, which.min

Loading required package: S4Vectors

Attaching package: ‘S4Vectors’

The following object is masked from ‘package:base’:

    expand.grid

Loading required package: IRanges
Loading required package: GenomeInfoDb
Loading required package: DBI
> source("../src/dbFunctions.R")
> source("../src/tableParsing.R")
> source("../src/tests.R")
> source("../src/main_Bioc.R")
> 
> if(!interactive()){    
+     chromosomes <- paste0("chr",c(11:22,"X","Y","MT"))
+     
+     # Create parallel structure here
+     library(BiocParallel)
+     register(MulticoreParam(workers = 25, stop.on.error = FALSE, log = TRUE), default = TRUE)
+ 
+     # Run on all 24 possible chromosomes at once
+     result <- bptry(bplapply(chromosomes, fillAllSamplesByChromosome,
+              dbConnection = db.wellington,
+              fimo = db.fimo,
+              minid = "prostate_gland_wellington_16.minid",
+              dbUser = "trena",
+              dbTable = "prostate_gland_wellington_16",
+              sourcePath = data.path,
+              isTest = FALSE,
+              method = "WELLINGTON"))
+ }
############### LOG OUTPUT ###############
Task: 15
Node: 15
Timestamp: 2017-10-01 14:15:12
Success: TRUE
Task duration:
   user  system elapsed 
  3.848   0.092   3.940 
Memory used:
          used (Mb) gc trigger  (Mb) max used (Mb)
Ncells 1646883 88.0    2637877 140.9  1852329 99.0
Vcells 1727063 13.2    3142662  24.0  2552052 19.5
Log messages:
stderr and stdout:
[1] ---- ENCSR000EPU (chrMT) (1/2)
[1] "Data table read. Merging with Fimo..."
[1] No rows matching chrMT
############### LOG OUTPUT ###############
Task: 15
Node: 15
Timestamp: 2017-10-01 14:15:25
Success: TRUE
Task duration:
   user  system elapsed 
 23.204   0.364  23.569 
Memory used:
          used (Mb) gc trigger  (Mb) max used (Mb)
Ncells 1646886 88.0    2637877 140.9  1852340 99.0
Vcells 1727059 13.2    3142662  24.0  2552049 19.5
Log messages:
stderr and stdout:
[1] ---- ENCSR000EPU (chrMT) (1/2)
[1] "Data table read. Merging with Fimo..."
[1] No rows matching chrMT
############### LOG OUTPUT ###############
Task: 14
Node: 14
Timestamp: 2017-10-01 14:19:58
Success: TRUE
Task duration:
   user  system elapsed 
182.388  30.904 286.557 
Memory used:
          used (Mb) gc trigger  (Mb) max used (Mb)
Ncells 1647872 88.1    2637877 140.9  1852329 99.0
Vcells 1729612 13.2    3142662  24.0  2552052 19.5
Log messages:
stderr and stdout:
[1] ---- ENCSR000EPU (chrY) (1/2)
[1] "Data table read. Merging with Fimo..."
[1] "Merged. Now splitting table to regions and hits..."
[1] filling 32168 regions, 46848 hits for ENCSR000EPU
[1] 6935026 hits in 4526858 regions
[1] ---- ENCSR456SOX (chrY) (2/2)
[1] "Data table read. Merging with Fimo..."
[1] "Merged. Now splitting table to regions and hits..."
[1] filling 49153 regions, 69333 hits for ENCSR456SOX
[1] 7004359 hits in 4570237 regions
############### LOG OUTPUT ###############
Task: 14
Node: 14
Timestamp: 2017-10-01 14:22:03
Success: TRUE
Task duration:
   user  system elapsed 
254.844  89.384 419.595 
Memory used:
          used (Mb) gc trigger  (Mb) max used (Mb)
Ncells 1647875 88.1    2637877 140.9  1852340 99.0
Vcells 1729608 13.2    3142662  24.0  2552049 19.5
Log messages:
stderr and stdout:
[1] ---- ENCSR000EPU (chrY) (1/2)
[1] "Data table read. Merging with Fimo..."
[1] "Merged. Now splitting table to regions and hits..."
[1] filling 69842 regions, 118294 hits for ENCSR000EPU
[1] 25320121 hits in 12810610 regions
[1] ---- ENCSR456SOX (chrY) (2/2)
[1] "Data table read. Merging with Fimo..."
[1] "Merged. Now splitting table to regions and hits..."
[1] filling 80021 regions, 123134 hits for ENCSR456SOX
[1] 26080228 hits in 13235304 regions
############### LOG OUTPUT ###############
Task: 12
Node: 12
Timestamp: 2017-10-01 14:26:45
Success: TRUE
Task duration:
   user  system elapsed 
382.856 182.340 686.737 
Memory used:
          used (Mb) gc trigger  (Mb) max used (Mb)
Ncells 1647873 88.1    2637877 140.9  1852329 99.0
Vcells 1729613 13.2    3142662  24.0  2552052 19.5
Log messages:
stderr and stdout:
[1] ---- ENCSR000EPU (chr22) (1/2)
[1] "Data table read. Merging with Fimo..."
[1] "Merged. Now splitting table to regions and hits..."
[1] filling 101422 regions, 149363 hits for ENCSR000EPU
[1] 7153722 hits in 4671659 regions
[1] ---- ENCSR456SOX (chr22) (2/2)
[1] "Data table read. Merging with Fimo..."
[1] "Merged. Now splitting table to regions and hits..."
[1] filling 137772 regions, 195889 hits for ENCSR456SOX
[1] 7446183 hits in 4958913 regions
############### LOG OUTPUT ###############
Task: 11
Node: 11
Timestamp: 2017-10-01 14:26:48
Success: TRUE
Task duration:
   user  system elapsed 
391.816 173.244 687.482 
Memory used:
          used (Mb) gc trigger  (Mb) max used (Mb)
Ncells 1647874 88.1    2637877 140.9  1852329 99.0
Vcells 1729614 13.2    3142662  24.0  2552052 19.5
Log messages:
stderr and stdout:
[1] ---- ENCSR000EPU (chr21) (1/2)
[1] "Data table read. Merging with Fimo..."
[1] "Merged. Now splitting table to regions and hits..."
[1] filling 64952 regions, 96572 hits for ENCSR000EPU
[1] 7250294 hits in 4736611 regions
[1] ---- ENCSR456SOX (chr21) (2/2)
[1] "Data table read. Merging with Fimo..."
[1] "Merged. Now splitting table to regions and hits..."
[1] filling 108179 regions, 152800 hits for ENCSR456SOX
[1] 7598983 hits in 4958913 regions
############### LOG OUTPUT ###############
Task: 12
Node: 12
Timestamp: 2017-10-01 14:31:18
Success: TRUE
Task duration:
   user  system elapsed 
504.544 337.412 965.040 
Memory used:
          used (Mb) gc trigger  (Mb) max used (Mb)
Ncells 1647876 88.1    2637877 140.9  1852340 99.0
Vcells 1729609 13.2    3142662  24.0  2552049 19.5
Log messages:
stderr and stdout:
[1] ---- ENCSR000EPU (chr22) (1/2)
[1] "Data table read. Merging with Fimo..."
[1] "Merged. Now splitting table to regions and hits..."
[1] filling 357205 regions, 636973 hits for ENCSR000EPU
[1] 25957094 hits in 13167815 regions
[1] ---- ENCSR456SOX (chr22) (2/2)
[1] "Data table read. Merging with Fimo..."
[1] "Merged. Now splitting table to regions and hits..."
[1] filling 264545 regions, 420788 hits for ENCSR456SOX
[1] 27733058 hits in 14093288 regions
############### LOG OUTPUT ###############
Task: 11
Node: 11
Timestamp: 2017-10-01 14:32:40
Success: TRUE
Task duration:
    user   system  elapsed 
 524.184  400.588 1053.192 
Memory used:
          used (Mb) gc trigger  (Mb) max used (Mb)
Ncells 1647877 88.1    2637877 140.9  1852340 99.0
Vcells 1729610 13.2    3142662  24.0  2552049 19.5
Log messages:
stderr and stdout:
[1] ---- ENCSR000EPU (chr21) (1/2)
[1] "Data table read. Merging with Fimo..."
[1] "Merged. Now splitting table to regions and hits..."
[1] filling 253328 regions, 457155 hits for ENCSR000EPU
[1] 26537383 hits in 13488632 regions
[1] ---- ENCSR456SOX (chr21) (2/2)
[1] "Data table read. Merging with Fimo..."
[1] "Merged. Now splitting table to regions and hits..."
[1] filling 180822 regions, 286106 hits for ENCSR456SOX
[1] 30755004 hits in 15688585 regions
############### LOG OUTPUT ###############
Task: 10
Node: 10
Timestamp: 2017-10-01 14:35:26
Success: TRUE
Task duration:
    user   system  elapsed 
 677.364  353.120 1207.989 
Memory used:
          used (Mb) gc trigger  (Mb) max used (Mb)
Ncells 1647878 88.1    2637877 140.9  1852340 99.0
Vcells 1729611 13.2    3142662  24.0  2552049 19.5
Log messages:
stderr and stdout:
[1] ---- ENCSR000EPU (chr20) (1/2)
[1] "Data table read. Merging with Fimo..."
[1] "Merged. Now splitting table to regions and hits..."
[1] filling 417656 regions, 774887 hits for ENCSR000EPU
[1] 27312270 hits in 13906288 regions
[1] ---- ENCSR456SOX (chr20) (2/2)
[1] "Data table read. Merging with Fimo..."
[1] "Merged. Now splitting table to regions and hits..."
[1] filling 309006 regions, 486657 hits for ENCSR456SOX
[1] 34345198 hits in 17590956 regions
############### LOG OUTPUT ###############
Task: 10
Node: 10
Timestamp: 2017-10-01 14:35:55
Success: TRUE
Task duration:
    user   system  elapsed 
 480.152  575.700 1234.246 
Memory used:
          used (Mb) gc trigger  (Mb) max used (Mb)
Ncells 1647875 88.1    2637877 140.9  1852329 99.0
Vcells 1729615 13.2    3142662  24.0  2552052 19.5
Log messages:
stderr and stdout:
[1] ---- ENCSR000EPU (chr20) (1/2)
[1] "Data table read. Merging with Fimo..."
[1] "Merged. Now splitting table to regions and hits..."
[1] filling 106011 regions, 159278 hits for ENCSR000EPU
[1] 7758261 hits in 5064924 regions
[1] ---- ENCSR456SOX (chr20) (2/2)
[1] "Data table read. Merging with Fimo..."
[1] "Merged. Now splitting table to regions and hits..."
[1] filling 150455 regions, 213569 hits for ENCSR456SOX
[1] 9230030 hits in 6041909 regions
############### LOG OUTPUT ###############
Task: 8
Node: 8
Timestamp: 2017-10-01 14:44:09
Success: TRUE
Task duration:
    user   system  elapsed 
 609.688  883.668 1729.051 
Memory used:
          used (Mb) gc trigger  (Mb) max used (Mb)
Ncells 1647876 88.1    2637877 140.9  1852329 99.0
Vcells 1729616 13.2    3142662  24.0  2552052 19.5
Log messages:
stderr and stdout:
[1] ---- ENCSR000EPU (chr18) (1/2)
[1] "Data table read. Merging with Fimo..."
[1] "Merged. Now splitting table to regions and hits..."
[1] filling 75990 regions, 114616 hits for ENCSR000EPU
[1] 7872877 hits in 5140914 regions
[1] ---- ENCSR456SOX (chr18) (2/2)
[1] "Data table read. Merging with Fimo..."
[1] "Merged. Now splitting table to regions and hits..."
[1] filling 111941 regions, 157666 hits for ENCSR456SOX
[1] 10008109 hits in 6557529 regions
############### LOG OUTPUT ###############
Task: 9
Node: 9
Timestamp: 2017-10-01 14:46:30
Success: TRUE
Task duration:
    user   system  elapsed 
 574.700  952.432 1872.088 
Memory used:
          used (Mb) gc trigger  (Mb) max used (Mb)
Ncells 1647877 88.1    2637877 140.9  1852329 99.0
Vcells 1729617 13.2    3142662  24.0  2552052 19.5
Log messages:
stderr and stdout:
[1] ---- ENCSR000EPU (chr19) (1/2)
[1] "Data table read. Merging with Fimo..."
[1] "Merged. Now splitting table to regions and hits..."
[1] filling 156814 regions, 230616 hits for ENCSR000EPU
[1] 8103493 hits in 5297728 regions
[1] ---- ENCSR456SOX (chr19) (2/2)
[1] "Data table read. Merging with Fimo..."
[1] "Merged. Now splitting table to regions and hits..."
[1] filling 228558 regions, 328784 hits for ENCSR456SOX
[1] 10336893 hits in 6758294 regions
############### LOG OUTPUT ###############
Task: 7
Node: 7
Timestamp: 2017-10-01 14:49:09
Success: TRUE
Task duration:
    user   system  elapsed 
 952.320  586.672 2033.347 
Memory used:
          used (Mb) gc trigger  (Mb) max used (Mb)
Ncells 1647879 88.1    2637877 140.9  1852340 99.0
Vcells 1729612 13.2    3142662  24.0  2552049 19.5
Log messages:
stderr and stdout:
[1] ---- ENCSR000EPU (chr17) (1/2)
[1] "Data table read. Merging with Fimo..."
[1] "Merged. Now splitting table to regions and hits..."
[1] filling 699429 regions, 1291475 hits for ENCSR000EPU
[1] 30468898 hits in 15557706 regions
[1] ---- ENCSR456SOX (chr17) (2/2)
[1] "Data table read. Merging with Fimo..."
[1] "Merged. Now splitting table to regions and hits..."
[1] filling 513359 regions, 824155 hits for ENCSR456SOX
[1] 38469324 hits in 19679829 regions
############### LOG OUTPUT ###############
Task: 8
Node: 8
Timestamp: 2017-10-01 14:49:32
Success: TRUE
Task duration:
    user   system  elapsed 
 796.716 1065.596 2054.418 
Memory used:
          used (Mb) gc trigger  (Mb) max used (Mb)
Ncells 1647880 88.1    2637877 140.9  1852340 99.0
Vcells 1729613 13.2    3142662  24.0  2552049 19.5
Log messages:
stderr and stdout:
[1] ---- ENCSR000EPU (chr18) (1/2)
[1] "Data table read. Merging with Fimo..."
[1] "Merged. Now splitting table to regions and hits..."
[1] filling 314713 regions, 594022 hits for ENCSR000EPU
[1] 30468898 hits in 15557706 regions
[1] ---- ENCSR456SOX (chr18) (2/2)
[1] "Data table read. Merging with Fimo..."
[1] "Merged. Now splitting table to regions and hits..."
[1] filling 225125 regions, 349534 hits for ENCSR456SOX
[1] 38818858 hits in 19858518 regions
############### LOG OUTPUT ###############
Task: 5
Node: 5
Timestamp: 2017-10-01 14:50:06
Success: TRUE
Task duration:
    user   system  elapsed 
 670.032  967.868 2085.294 
Memory used:
          used (Mb) gc trigger  (Mb) max used (Mb)
Ncells 1647878 88.1    2637877 140.9  1852329 99.0
Vcells 1729618 13.2    3142662  24.0  2552052 19.5
Log messages:
stderr and stdout:
[1] ---- ENCSR000EPU (chr15) (1/2)
[1] "Data table read. Merging with Fimo..."
[1] "Merged. Now splitting table to regions and hits..."
[1] filling 121029 regions, 182486 hits for ENCSR000EPU
[1] 8285979 hits in 5418757 regions
[1] ---- ENCSR456SOX (chr15) (2/2)
[1] "Data table read. Merging with Fimo..."
[1] "Merged. Now splitting table to regions and hits..."
[1] filling 156499 regions, 222710 hits for ENCSR456SOX
[1] 10559603 hits in 6901471 regions
############### LOG OUTPUT ###############
Task: 4
Node: 4
Timestamp: 2017-10-01 14:50:21
Success: TRUE
Task duration:
    user   system  elapsed 
 714.940  974.316 2098.884 
Memory used:
          used (Mb) gc trigger  (Mb) max used (Mb)
Ncells 1647879 88.1    2637877 140.9  1852329 99.0
Vcells 1729619 13.2    3142662  24.0  2552052 19.5
Log messages:
stderr and stdout:
[1] ---- ENCSR000EPU (chr14) (1/2)
[1] "Data table read. Merging with Fimo..."
[1] "Merged. Now splitting table to regions and hits..."
[1] filling 103560 regions, 157324 hits for ENCSR000EPU
[1] 8443303 hits in 5522317 regions
[1] ---- ENCSR456SOX (chr14) (2/2)
[1] "Data table read. Merging with Fimo..."
[1] "Merged. Now splitting table to regions and hits..."
[1] filling 152296 regions, 215587 hits for ENCSR456SOX
[1] 10775190 hits in 7040333 regions
############### LOG OUTPUT ###############
Task: 7
Node: 7
Timestamp: 2017-10-01 14:50:34
Success: TRUE
Task duration:
    user   system  elapsed 
 708.760  988.136 2112.740 
Memory used:
          used (Mb) gc trigger  (Mb) max used (Mb)
Ncells 1647880 88.1    2637877 140.9  1852329 99.0
Vcells 1729620 13.2    3142662  24.0  2552052 19.5
Log messages:
stderr and stdout:
[1] ---- ENCSR000EPU (chr17) (1/2)
[1] "Data table read. Merging with Fimo..."
[1] "Merged. Now splitting table to regions and hits..."
[1] filling 174159 regions, 258214 hits for ENCSR000EPU
[1] 8901199 hits in 5829701 regions
[1] ---- ENCSR456SOX (chr17) (2/2)
[1] "Data table read. Merging with Fimo..."
[1] "Merged. Now splitting table to regions and hits..."
[1] filling 238170 regions, 341586 hits for ENCSR456SOX
[1] 11116776 hits in 7251988 regions
############### LOG OUTPUT ###############
Task: 6
Node: 6
Timestamp: 2017-10-01 14:50:52
Success: TRUE
Task duration:
    user   system  elapsed 
 690.880 1027.712 2131.284 
Memory used:
          used (Mb) gc trigger  (Mb) max used (Mb)
Ncells 1647881 88.1    2637877 140.9  1852329 99.0
Vcells 1729621 13.2    3142662  24.0  2552052 19.5
Log messages:
stderr and stdout:
[1] ---- ENCSR000EPU (chr16) (1/2)
[1] "Data table read. Merging with Fimo..."
[1] "Merged. Now splitting table to regions and hits..."
[1] filling 133225 regions, 199682 hits for ENCSR000EPU
[1] 8642985 hits in 5655542 regions
[1] ---- ENCSR456SOX (chr16) (2/2)
[1] "Data table read. Merging with Fimo..."
[1] "Merged. Now splitting table to regions and hits..."
[1] filling 203450 regions, 289666 hits for ENCSR456SOX
[1] 11406442 hits in 7436464 regions
############### LOG OUTPUT ###############
Task: 9
Node: 9
Timestamp: 2017-10-01 14:50:54
Success: TRUE
Task duration:
    user   system  elapsed 
 942.580  987.652 2130.869 
Memory used:
          used (Mb) gc trigger  (Mb) max used (Mb)
Ncells 1647881 88.1    2637877 140.9  1852340 99.0
Vcells 1729614 13.2    3142662  24.0  2552049 19.5
Log messages:
stderr and stdout:
[1] ---- ENCSR000EPU (chr19) (1/2)
[1] "Data table read. Merging with Fimo..."
[1] "Merged. Now splitting table to regions and hits..."
[1] filling 623645 regions, 1154615 hits for ENCSR000EPU
[1] 32848759 hits in 17364649 regions
[1] ---- ENCSR456SOX (chr19) (2/2)
[1] "Data table read. Merging with Fimo..."
[1] "Merged. Now splitting table to regions and hits..."
[1] filling 530904 regions, 870481 hits for ENCSR456SOX
[1] 40246864 hits in 20490364 regions
############### LOG OUTPUT ###############
Task: 5
Node: 5
Timestamp: 2017-10-01 14:51:40
Success: TRUE
Task duration:
    user   system  elapsed 
 979.676  829.944 2179.577 
Memory used:
          used (Mb) gc trigger  (Mb) max used (Mb)
Ncells 1647882 88.1    2637877 140.9  1852340 99.0
Vcells 1729615 13.2    3142662  24.0  2552049 19.5
Log messages:
stderr and stdout:
[1] ---- ENCSR000EPU (chr15) (1/2)
[1] "Data table read. Merging with Fimo..."
[1] "Merged. Now splitting table to regions and hits..."
[1] filling 504721 regions, 939140 hits for ENCSR000EPU
[1] 31694144 hits in 16816951 regions
[1] ---- ENCSR456SOX (chr15) (2/2)
[1] "Data table read. Merging with Fimo..."
[1] "Merged. Now splitting table to regions and hits..."
[1] filling 342179 regions, 544373 hits for ENCSR456SOX
[1] 40791237 hits in 20739817 regions
############### LOG OUTPUT ###############
Task: 3
Node: 3
Timestamp: 2017-10-01 14:51:47
Success: TRUE
Task duration:
    user   system  elapsed 
 840.120  902.828 2185.602 
Memory used:
          used (Mb) gc trigger  (Mb) max used (Mb)
Ncells 1647882 88.1    2637877 140.9  1852329 99.0
Vcells 1729622 13.2    3142662  24.0  2552052 19.5
Log messages:
stderr and stdout:
[1] ---- ENCSR000EPU (chr13) (1/2)
[1] "Data table read. Merging with Fimo..."
[1] "Merged. Now splitting table to regions and hits..."
[1] filling 75787 regions, 115262 hits for ENCSR000EPU
[1] 9016461 hits in 5905488 regions
[1] ---- ENCSR456SOX (chr13) (2/2)
[1] "Data table read. Merging with Fimo..."
[1] "Merged. Now splitting table to regions and hits..."
[1] filling 122484 regions, 175010 hits for ENCSR456SOX
[1] 11581452 hits in 7551003 regions
############### LOG OUTPUT ###############
Task: 3
Node: 3
Timestamp: 2017-10-01 14:52:32
Success: TRUE
Task duration:
    user   system  elapsed 
 995.896  847.192 2227.824 
Memory used:
          used (Mb) gc trigger  (Mb) max used (Mb)
Ncells 1647883 88.1    2637877 140.9  1852340 99.0
Vcells 1729616 13.2    3142662  24.0  2552049 19.5
Log messages:
stderr and stdout:
[1] ---- ENCSR000EPU (chr13) (1/2)
[1] "Data table read. Merging with Fimo..."
[1] "Merged. Now splitting table to regions and hits..."
[1] filling 332466 regions, 628738 hits for ENCSR000EPU
[1] 34973936 hits in 17923422 regions
[1] ---- ENCSR456SOX (chr13) (2/2)
[1] "Data table read. Merging with Fimo..."
[1] "Merged. Now splitting table to regions and hits..."
[1] filling 252907 regions, 397140 hits for ENCSR456SOX
[1] 41188377 hits in 20938693 regions
############### LOG OUTPUT ###############
Task: 4
Node: 4
Timestamp: 2017-10-01 14:52:37
Success: TRUE
Task duration:
    user   system  elapsed 
1040.012  697.504 2232.928 
Memory used:
          used (Mb) gc trigger  (Mb) max used (Mb)
Ncells 1647884 88.1    2637877 140.9  1852340 99.0
Vcells 1729617 13.2    3142662  24.0  2552049 19.5
Log messages:
stderr and stdout:
[1] ---- ENCSR000EPU (chr14) (1/2)
[1] "Data table read. Merging with Fimo..."
[1] "Merged. Now splitting table to regions and hits..."
[1] filling 450276 regions, 850343 hits for ENCSR000EPU
[1] 28583401 hits in 14543564 regions
[1] ---- ENCSR456SOX (chr14) (2/2)
[1] "Data table read. Merging with Fimo..."
[1] "Merged. Now splitting table to regions and hits..."
[1] filling 329906 regions, 520679 hits for ENCSR456SOX
[1] 41709056 hits in 21175129 regions
############### LOG OUTPUT ###############
Task: 6
Node: 6
Timestamp: 2017-10-01 14:53:03
Success: TRUE
Task duration:
    user   system  elapsed 
 997.768  891.748 2265.712 
Memory used:
          used (Mb) gc trigger  (Mb) max used (Mb)
Ncells 1647885 88.1    2637877 140.9  1852340 99.0
Vcells 1729618 13.2    3142662  24.0  2552049 19.5
Log messages:
stderr and stdout:
[1] ---- ENCSR000EPU (chr16) (1/2)
[1] "Data table read. Merging with Fimo..."
[1] "Merged. Now splitting table to regions and hits..."
[1] filling 547698 regions, 1009782 hits for ENCSR000EPU
[1] 33858541 hits in 17364649 regions
[1] ---- ENCSR456SOX (chr16) (2/2)
[1] "Data table read. Merging with Fimo..."
[1] "Merged. Now splitting table to regions and hits..."
[1] filling 437585 regions, 706905 hits for ENCSR456SOX
[1] 42415961 hits in 21484814 regions
############### LOG OUTPUT ###############
Task: 2
Node: 2
Timestamp: 2017-10-01 14:55:22
Success: TRUE
Task duration:
    user   system  elapsed 
 969.980  699.088 2396.702 
Memory used:
          used (Mb) gc trigger  (Mb) max used (Mb)
Ncells 1647883 88.1    2637877 140.9  1852329 99.0
Vcells 1729623 13.2    3142662  24.0  2552052 19.5
Log messages:
stderr and stdout:
[1] ---- ENCSR000EPU (chr12) (1/2)
[1] "Data table read. Merging with Fimo..."
[1] "Merged. Now splitting table to regions and hits..."
[1] filling 162155 regions, 245244 hits for ENCSR000EPU
[1] 9475274 hits in 6204064 regions
[1] ---- ENCSR456SOX (chr12) (2/2)
[1] "Data table read. Merging with Fimo..."
[1] "Merged. Now splitting table to regions and hits..."
[1] filling 234762 regions, 333924 hits for ENCSR456SOX
[1] 11915376 hits in 7765011 regions
############### LOG OUTPUT ###############
Task: 2
Node: 2
Timestamp: 2017-10-01 15:03:28
Success: TRUE
Task duration:
    user   system  elapsed 
1283.556  922.920 2882.440 
Memory used:
          used (Mb) gc trigger  (Mb) max used (Mb)
Ncells 1647886 88.1    2637877 140.9  1852340 99.0
Vcells 1729619 13.2    3142662  24.0  2552049 19.5
Log messages:
stderr and stdout:
[1] ---- ENCSR000EPU (chr12) (1/2)
[1] "Data table read. Merging with Fimo..."
[1] "Merged. Now splitting table to regions and hits..."
[1] filling 692102 regions, 1310011 hits for ENCSR000EPU
[1] 37645169 hits in 19335990 regions
[1] ---- ENCSR456SOX (chr12) (2/2)
[1] "Data table read. Merging with Fimo..."
[1] "Merged. Now splitting table to regions and hits..."
[1] filling 517475 regions, 818761 hits for ENCSR456SOX
[1] 43234722 hits in 21859200 regions
############### LOG OUTPUT ###############
Task: 1
Node: 1
Timestamp: 2017-10-01 15:03:33
Success: TRUE
Task duration:
    user   system  elapsed 
1093.352  796.856 2888.030 
Memory used:
          used (Mb) gc trigger  (Mb) max used (Mb)
Ncells 1647884 88.1    2637877 140.9  1852329 99.0
Vcells 1729624 13.2    3142662  24.0  2552052 19.5
Log messages:
stderr and stdout:
[1] ---- ENCSR000EPU (chr11) (1/2)
[1] "Data table read. Merging with Fimo..."
[1] "Merged. Now splitting table to regions and hits..."
[1] filling 170015 regions, 257290 hits for ENCSR000EPU
[1] 9732564 hits in 6374079 regions
[1] ---- ENCSR456SOX (chr11) (2/2)
[1] "Data table read. Merging with Fimo..."
[1] "Merged. Now splitting table to regions and hits..."
[1] filling 224233 regions, 318245 hits for ENCSR456SOX
[1] 12233621 hits in 7968102 regions
############### LOG OUTPUT ###############
Task: 1
Node: 1
Timestamp: 2017-10-01 15:04:26
Success: TRUE
Task duration:
    user   system  elapsed 
1168.908  864.412 2943.803 
Memory used:
          used (Mb) gc trigger  (Mb) max used (Mb)
Ncells 1647887 88.1    2637877 140.9  1852340 99.0
Vcells 1729620 13.2    3142662  24.0  2552049 19.5
Log messages:
stderr and stdout:
[1] ---- ENCSR000EPU (chr11) (1/2)
[1] "Data table read. Merging with Fimo..."
[1] "Merged. Now splitting table to regions and hits..."
[1] filling 720466 regions, 1361222 hits for ENCSR000EPU
[1] 36335158 hits in 18643888 regions
[1] ---- ENCSR456SOX (chr11) (2/2)
[1] "Data table read. Merging with Fimo..."
[1] "Merged. Now splitting table to regions and hits..."
[1] filling 513832 regions, 815626 hits for ENCSR456SOX
[1] 44050348 hits in 22223257 regions
############### LOG OUTPUT ###############
Task: 13
Node: 13
Timestamp: 2017-10-01 15:12:13
Success: TRUE
Task duration:
    user   system  elapsed 
1156.292  918.144 3406.441 
Memory used:
          used (Mb) gc trigger  (Mb) max used (Mb)
Ncells 1647885 88.1    2637877 140.9  1852329 99.0
Vcells 1729625 13.2    3142662  24.0  2552052 19.5
Log messages:
stderr and stdout:
[1] ---- ENCSR000EPU (chrX) (1/2)
[1] "Data table read. Merging with Fimo..."
[1] "Merged. Now splitting table to regions and hits..."
[1] filling 78735 regions, 117879 hits for ENCSR000EPU
[1] 9850443 hits in 6452814 regions
[1] ---- ENCSR456SOX (chrX) (2/2)
[1] "Data table read. Merging with Fimo..."
[1] "Merged. Now splitting table to regions and hits..."
[1] filling 154542 regions, 221411 hits for ENCSR456SOX
[1] 12455032 hits in 8116158 regions
> 
> print(bpok(result))
 [1] TRUE TRUE TRUE TRUE TRUE TRUE TRUE TRUE TRUE TRUE TRUE TRUE TRUE TRUE TRUE
> print("Database fill complete")
[1] "Database fill complete"
> print(date())
[1] "Sun Oct  1 15:12:13 2017"
> 
############### LOG OUTPUT ###############
Task: 13
Node: 13
Timestamp: 2017-10-01 15:19:43
Success: TRUE
Task duration:
    user   system  elapsed 
1332.304 1514.892 3853.306 
Memory used:
          used (Mb) gc trigger  (Mb) max used (Mb)
Ncells 1647888 88.1    2637877 140.9  1852340 99.0
Vcells 1729621 13.2    3142662  24.0  2552049 19.5
Log messages:
stderr and stdout:
[1] ---- ENCSR000EPU (chrX) (1/2)
[1] "Data table read. Merging with Fimo..."
[1] "Merged. Now splitting table to regions and hits..."
[1] filling 300933 regions, 557525 hits for ENCSR000EPU
[1] 39376383 hits in 20159451 regions
[1] ---- ENCSR456SOX (chrX) (2/2)
[1] "Data table read. Merging with Fimo..."
[1] "Merged. Now splitting table to regions and hits..."
[1] filling 329699 regions, 535530 hits for ENCSR456SOX
[1] 44585878 hits in 22499082 regions
> 
> print(bpok(result))
 [1] TRUE TRUE TRUE TRUE TRUE TRUE TRUE TRUE TRUE TRUE TRUE TRUE TRUE TRUE TRUE
> print("Database fill complete")
[1] "Database fill complete"
> print(date())
[1] "Sun Oct  1 15:19:43 2017"
> 
You are now connected to database "prostate_gland_wellington_16" as user "root".
CREATE INDEX
CREATE INDEX
You are now connected to database "prostate_gland_hint_16" as user "root".
CREATE INDEX
CREATE INDEX
