CREATE DATABASE
GRANT
CREATE DATABASE
GRANT
You are now connected to database "spinal_cord_wellington_20" as user "postgres".
CREATE TABLE
GRANT
CREATE TABLE
GRANT
You are now connected to database "spinal_cord_hint_20" as user "postgres".
CREATE TABLE
GRANT
CREATE TABLE
GRANT

R version 3.4.1 (2017-06-30) -- "Single Candle"
Copyright (C) 2017 The R Foundation for Statistical Computing
Platform: x86_64-pc-linux-gnu (64-bit)

R is free software and comes with ABSOLUTELY NO WARRANTY.
You are welcome to redistribute it under certain conditions.
Type 'license()' or 'licence()' for distribution details.

  Natural language support but running in an English locale

R is a collaborative project with many contributors.
Type 'contributors()' for more information and
'citation()' on how to cite R or R packages in publications.

Type 'demo()' for some demos, 'help()' for on-line help, or
'help.start()' for an HTML browser interface to help.
Type 'q()' to quit R.

> # users can either step through this file, or call this file with 
> # r -f example.R
> 
> # THIS ASSUMES THAT THE TESTHINT DATABASE EXISTS. The recipe for building that
> # database is in ../dbInitialization/createHintTest.sql
> 
> # THIS EXAMPLE USES THE BRAIN HINT OUTPUT MADE BY RUNNING make hint at /scratch/data/footprints
> 
> print(date())
[1] "Tue Aug 15 23:21:35 2017"
> #-------------------------------------------------------------------------------
> # set path to hint output 
> data.path <- "/scratch/data/footprints/spinal_cord_hint_20"
> #-------------------------------------------------------------------------------
> # establish database connections:
> 
> if(!exists("db.hint"))
+     db.hint <- "spinal_cord_hint_20_localhost"
> 
> if(!exists("db.fimo"))
+     db.fimo <- "fimo_localhost"
> #-------------------------------------------------------------------------------
> # Source the libraries
> source("../src/dependencies.R")
Loading required package: stats4
Loading required package: BiocGenerics
Loading required package: parallel

Attaching package: ‘BiocGenerics’

The following objects are masked from ‘package:parallel’:

    clusterApply, clusterApplyLB, clusterCall, clusterEvalQ,
    clusterExport, clusterMap, parApply, parCapply, parLapply,
    parLapplyLB, parRapply, parSapply, parSapplyLB

The following objects are masked from ‘package:stats’:

    IQR, mad, sd, var, xtabs

The following objects are masked from ‘package:base’:

    anyDuplicated, append, as.data.frame, cbind, colMeans, colnames,
    colSums, do.call, duplicated, eval, evalq, Filter, Find, get, grep,
    grepl, intersect, is.unsorted, lapply, lengths, Map, mapply, match,
    mget, order, paste, pmax, pmax.int, pmin, pmin.int, Position, rank,
    rbind, Reduce, rowMeans, rownames, rowSums, sapply, setdiff, sort,
    table, tapply, union, unique, unsplit, which, which.max, which.min

Loading required package: S4Vectors

Attaching package: ‘S4Vectors’

The following object is masked from ‘package:base’:

    expand.grid

Loading required package: IRanges
Loading required package: GenomeInfoDb
Loading required package: DBI
> source("../src/dbFunctions.R")
> source("../src/tableParsing.R")
> source("../src/tests.R")
> source("../src/main_Bioc.R")
> 
> if(!interactive()){    
+     chromosomes <- paste0("chr",1:10)
+     
+     # Create parallel structure here    
+     library(BiocParallel)    
+     register(MulticoreParam(workers = 25, stop.on.error = FALSE, log = TRUE), default = TRUE)
+ 
+     # Run on all 24 possible chromosomes at once
+     result <- bptry(bplapply(chromosomes,fillAllSamplesByChromosome,
+              dbConnection = db.hint,             
+              fimo = db.fimo,             
+              minid = "spinal_cord_hint_20.minid",             
+              dbUser = "trena",             
+              dbTable = "spinal_cord_hint_20",             
+              sourcePath = data.path,             
+              isTest = FALSE,             
+              method = "HINT"))    
+ }

R version 3.4.1 (2017-06-30) -- "Single Candle"
Copyright (C) 2017 The R Foundation for Statistical Computing
Platform: x86_64-pc-linux-gnu (64-bit)

R is free software and comes with ABSOLUTELY NO WARRANTY.
You are welcome to redistribute it under certain conditions.
Type 'license()' or 'licence()' for distribution details.

  Natural language support but running in an English locale

R is a collaborative project with many contributors.
Type 'contributors()' for more information and
'citation()' on how to cite R or R packages in publications.

Type 'demo()' for some demos, 'help()' for on-line help, or
'help.start()' for an HTML browser interface to help.
Type 'q()' to quit R.

> # users can either step through this file, or call this file with 
> # r -f example.R
> 
> # THIS ASSUMES THAT THE TESTHINT DATABASE EXISTS. The recipe for building that
> # database is in ../dbInitialization/createHintTest.sql
> 
> # THIS EXAMPLE USES THE BRAIN HINT OUTPUT MADE BY RUNNING make hint at /scratch/data/footprints
> 
> print(date())
[1] "Tue Aug 15 23:21:41 2017"
> #-------------------------------------------------------------------------------
> # set path to hint output 
> data.path <- "/scratch/data/footprints/spinal_cord_wellington_20"
> #-------------------------------------------------------------------------------
> # establish database connections:
> 
> if(!exists("db.wellington"))
+     db.wellington <- "spinal_cord_wellington_20_localhost"
> 
> if(!exists("db.fimo"))
+     db.fimo <- "fimo_localhost"
> #-------------------------------------------------------------------------------
> # Source the libraries
> source("../src/dependencies.R")
Loading required package: stats4
Loading required package: BiocGenerics
Loading required package: parallel

Attaching package: ‘BiocGenerics’

The following objects are masked from ‘package:parallel’:

    clusterApply, clusterApplyLB, clusterCall, clusterEvalQ,
    clusterExport, clusterMap, parApply, parCapply, parLapply,
    parLapplyLB, parRapply, parSapply, parSapplyLB

The following objects are masked from ‘package:stats’:

    IQR, mad, sd, var, xtabs

The following objects are masked from ‘package:base’:

    anyDuplicated, append, as.data.frame, cbind, colMeans, colnames,
    colSums, do.call, duplicated, eval, evalq, Filter, Find, get, grep,
    grepl, intersect, is.unsorted, lapply, lengths, Map, mapply, match,
    mget, order, paste, pmax, pmax.int, pmin, pmin.int, Position, rank,
    rbind, Reduce, rowMeans, rownames, rowSums, sapply, setdiff, sort,
    table, tapply, union, unique, unsplit, which, which.max, which.min

Loading required package: S4Vectors

Attaching package: ‘S4Vectors’

The following object is masked from ‘package:base’:

    expand.grid

Loading required package: IRanges
Loading required package: GenomeInfoDb
Loading required package: DBI
> source("../src/dbFunctions.R")
> source("../src/tableParsing.R")
> source("../src/tests.R")
> source("../src/main_Bioc.R")
> 
> if(!interactive()){    
+     chromosomes <- paste0("chr",1:10)
+     
+     # Create parallel structure here
+     library(BiocParallel)
+     register(MulticoreParam(workers = 25, stop.on.error = FALSE, log = TRUE), default = TRUE)
+ 
+     # Run on all 24 possible chromosomes at once
+     result <- bptry(bplapply(chromosomes, fillAllSamplesByChromosome,
+              dbConnection = db.wellington,
+              fimo = db.fimo,
+              minid = "spinal_cord_wellington_20.minid",
+              dbUser = "trena",
+              dbTable = "spinal_cord_wellington_20",
+              sourcePath = data.path,
+              isTest = FALSE,
+              method = "WELLINGTON"))
+ }
############### LOG OUTPUT ###############
Task: 9
Node: 9
Timestamp: 2017-08-15 23:59:17
Success: TRUE
Task duration:
    user   system  elapsed 
 981.692  421.856 2234.318 
Memory used:
          used (Mb) gc trigger  (Mb) max used (Mb)
Ncells 1645567 87.9    2637877 140.9  1850621 98.9
Vcells 1726003 13.2    3142662  24.0  2552099 19.5
Log messages:
stderr and stdout:
[1] ---- ENCSR000ENB (chr9) (1/2)
[1] "Data table read. Merging with Fimo..."
[1] "Merged. Now splitting table to regions and hits..."
[1] filling 219585 regions, 322928 hits for ENCSR000ENB
[1] 633357 hits in 430468 regions
[1] ---- ENCSR910OQF (chr9) (2/2)
[1] "Data table read. Merging with Fimo..."
[1] "Merged. Now splitting table to regions and hits..."
[1] filling 439832 regions, 641647 hits for ENCSR910OQF
[1] 4604612 hits in 3068655 regions
############### LOG OUTPUT ###############
Task: 9
Node: 9
Timestamp: 2017-08-16 00:01:14
Success: TRUE
Task duration:
    user   system  elapsed 
1107.528  346.720 2352.118 
Memory used:
          used (Mb) gc trigger  (Mb) max used (Mb)
Ncells 1645570 87.9    2637877 140.9  1850624 98.9
Vcells 1726003 13.2    3142662  24.0  2552099 19.5
Log messages:
stderr and stdout:
[1] ---- ENCSR000ENB (chr9) (1/2)
[1] "Data table read. Merging with Fimo..."
[1] "Merged. Now splitting table to regions and hits..."
[1] filling 852170 regions, 1536771 hits for ENCSR000ENB
[1] 1536771 hits in 852170 regions
[1] ---- ENCSR910OQF (chr9) (2/2)
[1] "Data table read. Merging with Fimo..."
[1] "Merged. Now splitting table to regions and hits..."
[1] filling 1322417 regions, 2365877 hits for ENCSR910OQF
[1] 22509867 hits in 12163079 regions
############### LOG OUTPUT ###############
Task: 10
Node: 10
Timestamp: 2017-08-16 00:05:09
Success: TRUE
Task duration:
    user   system  elapsed 
1205.116  262.972 2588.619 
Memory used:
          used (Mb) gc trigger  (Mb) max used (Mb)
Ncells 1646554 88.0    2637877 140.9  1850624 98.9
Vcells 1728496 13.2    3142662  24.0  2552099 19.5
Log messages:
stderr and stdout:
[1] ---- ENCSR000ENB (chr10) (1/2)
[1] "Data table read. Merging with Fimo..."
[1] "Merged. Now splitting table to regions and hits..."
[1] filling 860491 regions, 1552838 hits for ENCSR000ENB
[1] 3089609 hits in 1712661 regions
[1] ---- ENCSR910OQF (chr10) (2/2)
[1] "Data table read. Merging with Fimo..."
[1] "Merged. Now splitting table to regions and hits..."
[1] filling 1505064 regions, 2673467 hits for ENCSR910OQF
[1] 25183334 hits in 13376810 regions
############### LOG OUTPUT ###############
Task: 10
Node: 10
Timestamp: 2017-08-16 00:05:12
Success: TRUE
Task duration:
    user   system  elapsed 
1071.564  391.408 2588.435 
Memory used:
          used (Mb) gc trigger  (Mb) max used (Mb)
Ncells 1646551 88.0    2637877 140.9  1850621 98.9
Vcells 1728496 13.2    3142662  24.0  2552099 19.5
Log messages:
stderr and stdout:
[1] ---- ENCSR000ENB (chr10) (1/2)
[1] "Data table read. Merging with Fimo..."
[1] "Merged. Now splitting table to regions and hits..."
[1] filling 210883 regions, 310429 hits for ENCSR000ENB
[1] 310429 hits in 210883 regions
[1] ---- ENCSR910OQF (chr10) (2/2)
[1] "Data table read. Merging with Fimo..."
[1] "Merged. Now splitting table to regions and hits..."
[1] filling 504103 regions, 736503 hits for ENCSR910OQF
[1] 5341115 hits in 3507205 regions
############### LOG OUTPUT ###############
Task: 8
Node: 8
Timestamp: 2017-08-16 00:11:26
Success: TRUE
Task duration:
    user   system  elapsed 
1147.468  408.840 2958.251 
Memory used:
          used (Mb) gc trigger  (Mb) max used (Mb)
Ncells 1646552 88.0    2637877 140.9  1850621 98.9
Vcells 1728497 13.2    3142662  24.0  2552099 19.5
Log messages:
stderr and stdout:
[1] ---- ENCSR000ENB (chr8) (1/2)
[1] "Data table read. Merging with Fimo..."
[1] "Merged. Now splitting table to regions and hits..."
[1] filling 202872 regions, 299113 hits for ENCSR000ENB
[1] 1266736 hits in 860955 regions
[1] ---- ENCSR910OQF (chr8) (2/2)
[1] "Data table read. Merging with Fimo..."
[1] "Merged. Now splitting table to regions and hits..."
[1] filling 470369 regions, 688042 hits for ENCSR910OQF
[1] 6029157 hits in 3918287 regions
############### LOG OUTPUT ###############
Task: 8
Node: 8
Timestamp: 2017-08-16 00:12:36
Success: TRUE
Task duration:
    user   system  elapsed 
1251.688  372.812 3028.191 
Memory used:
          used (Mb) gc trigger  (Mb) max used (Mb)
Ncells 1646555 88.0    2637877 140.9  1850624 98.9
Vcells 1728497 13.2    3142662  24.0  2552099 19.5
Log messages:
stderr and stdout:
[1] ---- ENCSR000ENB (chr8) (1/2)
[1] "Data table read. Merging with Fimo..."
[1] "Merged. Now splitting table to regions and hits..."
[1] filling 858458 regions, 1552122 hits for ENCSR000ENB
[1] 6362450 hits in 3521421 regions
[1] ---- ENCSR910OQF (chr8) (2/2)
[1] "Data table read. Merging with Fimo..."
[1] "Merged. Now splitting table to regions and hits..."
[1] filling 1457981 regions, 2594810 hits for ENCSR910OQF
[1] 27778144 hits in 14548756 regions
############### LOG OUTPUT ###############
Task: 7
Node: 7
Timestamp: 2017-08-16 00:19:45
Success: TRUE
Task duration:
    user   system  elapsed 
1439.344  432.748 3455.003 
Memory used:
          used (Mb) gc trigger  (Mb) max used (Mb)
Ncells 1646556 88.0    2637877 140.9  1850624 98.9
Vcells 1728498 13.2    3142662  24.0  2552099 19.5
Log messages:
stderr and stdout:
[1] ---- ENCSR000ENB (chr7) (1/2)
[1] "Data table read. Merging with Fimo..."
[1] "Merged. Now splitting table to regions and hits..."
[1] filling 950302 regions, 1720719 hits for ENCSR000ENB
[1] 4810328 hits in 2662963 regions
[1] ---- ENCSR910OQF (chr7) (2/2)
[1] "Data table read. Merging with Fimo..."
[1] "Merged. Now splitting table to regions and hits..."
[1] filling 1627503 regions, 2902479 hits for ENCSR910OQF
[1] 30680623 hits in 15846190 regions
############### LOG OUTPUT ###############
Task: 6
Node: 6
Timestamp: 2017-08-16 00:22:11
Success: TRUE
Task duration:
    user   system  elapsed 
1564.664  378.880 3590.718 
Memory used:
          used (Mb) gc trigger  (Mb) max used (Mb)
Ncells 1646557 88.0    2637877 140.9  1850624 98.9
Vcells 1728499 13.2    3142662  24.0  2552099 19.5
Log messages:
stderr and stdout:
[1] ---- ENCSR000ENB (chr6) (1/2)
[1] "Data table read. Merging with Fimo..."
[1] "Merged. Now splitting table to regions and hits..."
[1] filling 1115829 regions, 2014732 hits for ENCSR000ENB
[1] 8377182 hits in 4637250 regions
[1] ---- ENCSR910OQF (chr6) (2/2)
[1] "Data table read. Merging with Fimo..."
[1] "Merged. Now splitting table to regions and hits..."
[1] filling 1654103 regions, 2955561 hits for ENCSR910OQF
[1] 33636184 hits in 17118803 regions
############### LOG OUTPUT ###############
Task: 7
Node: 7
Timestamp: 2017-08-16 00:24:13
Success: TRUE
Task duration:
    user   system  elapsed 
1372.192  781.888 3724.521 
Memory used:
          used (Mb) gc trigger  (Mb) max used (Mb)
Ncells 1646553 88.0    2637877 140.9  1850621 98.9
Vcells 1728498 13.2    3142662  24.0  2552099 19.5
Log messages:
stderr and stdout:
[1] ---- ENCSR000ENB (chr7) (1/2)
[1] "Data table read. Merging with Fimo..."
[1] "Merged. Now splitting table to regions and hits..."
[1] filling 227615 regions, 334266 hits for ENCSR000ENB
[1] 967623 hits in 658083 regions
[1] ---- ENCSR910OQF (chr7) (2/2)
[1] "Data table read. Merging with Fimo..."
[1] "Merged. Now splitting table to regions and hits..."
[1] filling 517585 regions, 754899 hits for ENCSR910OQF
[1] 6784056 hits in 4363669 regions
############### LOG OUTPUT ###############
Task: 6
Node: 6
Timestamp: 2017-08-16 00:24:27
Success: TRUE
Task duration:
    user   system  elapsed 
1624.568  616.668 3737.127 
Memory used:
          used (Mb) gc trigger  (Mb) max used (Mb)
Ncells 1646554 88.0    2637877 140.9  1850621 98.9
Vcells 1728499 13.2    3142662  24.0  2552099 19.5
Log messages:
stderr and stdout:
[1] ---- ENCSR000ENB (chr6) (1/2)
[1] "Data table read. Merging with Fimo..."
[1] "Merged. Now splitting table to regions and hits..."
[1] filling 264798 regions, 386557 hits for ENCSR000ENB
[1] 2084461 hits in 1419543 regions
[1] ---- ENCSR910OQF (chr6) (2/2)
[1] "Data table read. Merging with Fimo..."
[1] "Merged. Now splitting table to regions and hits..."
[1] filling 517896 regions, 756452 hits for ENCSR910OQF
[1] 7540508 hits in 4801948 regions
############### LOG OUTPUT ###############
Task: 4
Node: 4
Timestamp: 2017-08-16 00:27:05
Success: TRUE
Task duration:
    user   system  elapsed 
1642.348  697.324 3893.881 
Memory used:
          used (Mb) gc trigger  (Mb) max used (Mb)
Ncells 1646555 88.0    2637877 140.9  1850621 98.9
Vcells 1728500 13.2    3142662  24.0  2552099 19.5
Log messages:
stderr and stdout:
[1] ---- ENCSR000ENB (chr4) (1/2)
[1] "Data table read. Merging with Fimo..."
[1] "Merged. Now splitting table to regions and hits..."
[1] filling 228192 regions, 335206 hits for ENCSR000ENB
[1] 3962965 hits in 2696440 regions
[1] ---- ENCSR910OQF (chr4) (2/2)
[1] "Data table read. Merging with Fimo..."
[1] "Merged. Now splitting table to regions and hits..."
[1] filling 492270 regions, 718524 hits for ENCSR910OQF
[1] 8259032 hits in 5231880 regions
############### LOG OUTPUT ###############
Task: 4
Node: 4
Timestamp: 2017-08-16 00:29:23
Success: TRUE
Task duration:
    user   system  elapsed 
1777.192  747.316 4024.345 
Memory used:
          used (Mb) gc trigger  (Mb) max used (Mb)
Ncells 1646558 88.0    2637877 140.9  1850624 98.9
Vcells 1728500 13.2    3142662  24.0  2552099 19.5
Log messages:
stderr and stdout:
[1] ---- ENCSR000ENB (chr4) (1/2)
[1] "Data table read. Merging with Fimo..."
[1] "Merged. Now splitting table to regions and hits..."
[1] filling 980740 regions, 1758459 hits for ENCSR000ENB
[1] 17350620 hits in 9605451 regions
[1] ---- ENCSR910OQF (chr4) (2/2)
[1] "Data table read. Merging with Fimo..."
[1] "Merged. Now splitting table to regions and hits..."
[1] filling 1559697 regions, 2753006 hits for ENCSR910OQF
[1] 36389190 hits in 18382279 regions
############### LOG OUTPUT ###############
Task: 1
Node: 1
Timestamp: 2017-08-16 00:32:36
Success: TRUE
Task duration:
    user   system  elapsed 
1879.388  680.452 4213.511 
Memory used:
          used (Mb) gc trigger  (Mb) max used (Mb)
Ncells 1646556 88.0    2637877 140.9  1850621 98.9
Vcells 1728501 13.2    3142662  24.0  2552099 19.5
Log messages:
stderr and stdout:
[1] ---- ENCSR000ENB (chr1) (1/2)
[1] "Data table read. Merging with Fimo..."
[1] "Merged. Now splitting table to regions and hits..."
[1] filling 430226 regions, 633036 hits for ENCSR000ENB
[1] 2717497 hits in 1849769 regions
[1] ---- ENCSR910OQF (chr1) (2/2)
[1] "Data table read. Merging with Fimo..."
[1] "Merged. Now splitting table to regions and hits..."
[1] filling 879639 regions, 1285652 hits for ENCSR910OQF
[1] 9544684 hits in 5966122 regions
############### LOG OUTPUT ###############
Task: 5
Node: 5
Timestamp: 2017-08-16 00:32:55
Success: TRUE
Task duration:
    user   system  elapsed 
1726.188  822.280 4240.591 
Memory used:
          used (Mb) gc trigger  (Mb) max used (Mb)
Ncells 1646557 88.0    2637877 140.9  1850621 98.9
Vcells 1728502 13.2    3142662  24.0  2552099 19.5
Log messages:
stderr and stdout:
[1] ---- ENCSR000ENB (chr5) (1/2)
[1] "Data table read. Merging with Fimo..."
[1] "Merged. Now splitting table to regions and hits..."
[1] filling 245860 regions, 359468 hits for ENCSR000ENB
[1] 3627759 hits in 2468248 regions
[1] ---- ENCSR910OQF (chr5) (2/2)
[1] "Data table read. Merging with Fimo..."
[1] "Merged. Now splitting table to regions and hits..."
[1] filling 544817 regions, 796573 hits for ENCSR910OQF
[1] 10341257 hits in 6442003 regions
############### LOG OUTPUT ###############
Task: 5
Node: 5
Timestamp: 2017-08-16 00:36:04
Success: TRUE
Task duration:
    user   system  elapsed 
1730.608  822.440 4424.934 
Memory used:
          used (Mb) gc trigger  (Mb) max used (Mb)
Ncells 1646559 88.0    2637877 140.9  1850624 98.9
Vcells 1728501 13.2    3142662  24.0  2552099 19.5
Log messages:
stderr and stdout:
[1] ---- ENCSR000ENB (chr5) (1/2)
[1] "Data table read. Merging with Fimo..."
[1] "Merged. Now splitting table to regions and hits..."
[1] filling 1047416 regions, 1895072 hits for ENCSR000ENB
[1] 12483962 hits in 6905225 regions
[1] ---- ENCSR910OQF (chr5) (2/2)
[1] "Data table read. Merging with Fimo..."
[1] "Merged. Now splitting table to regions and hits..."
[1] filling 1714172 regions, 3039164 hits for ENCSR910OQF
[1] 39428354 hits in 19763811 regions
############### LOG OUTPUT ###############
Task: 3
Node: 3
Timestamp: 2017-08-16 00:37:06
Success: TRUE
Task duration:
    user   system  elapsed 
1686.280  905.460 4490.361 
Memory used:
          used (Mb) gc trigger  (Mb) max used (Mb)
Ncells 1646558 88.0    2637877 140.9  1850621 98.9
Vcells 1728503 13.2    3142662  24.0  2552099 19.5
Log messages:
stderr and stdout:
[1] ---- ENCSR000ENB (chr3) (1/2)
[1] "Data table read. Merging with Fimo..."
[1] "Merged. Now splitting table to regions and hits..."
[1] filling 293790 regions, 431168 hits for ENCSR000ENB
[1] 1697904 hits in 1154745 regions
[1] ---- ENCSR910OQF (chr3) (2/2)
[1] "Data table read. Merging with Fimo..."
[1] "Merged. Now splitting table to regions and hits..."
[1] filling 622912 regions, 913868 hits for ENCSR910OQF
[1] 11255125 hits in 6976796 regions
############### LOG OUTPUT ###############
Task: 1
Node: 1
Timestamp: 2017-08-16 00:37:14
Success: TRUE
Task duration:
    user   system  elapsed 
2206.852  621.872 4490.173 
Memory used:
          used (Mb) gc trigger  (Mb) max used (Mb)
Ncells 1646560 88.0    2637877 140.9  1850624 98.9
Vcells 1728502 13.2    3142662  24.0  2552099 19.5
Log messages:
stderr and stdout:
[1] ---- ENCSR000ENB (chr1) (1/2)
[1] "Data table read. Merging with Fimo..."
[1] "Merged. Now splitting table to regions and hits..."
[1] filling 1719486 regions, 3108199 hits for ENCSR000ENB
[1] 15592161 hits in 8624711 regions
[1] ---- ENCSR910OQF (chr1) (2/2)
[1] "Data table read. Merging with Fimo..."
[1] "Merged. Now splitting table to regions and hits..."
[1] filling 2684612 regions, 4798086 hits for ENCSR910OQF
[1] 44226440 hits in 21813481 regions
############### LOG OUTPUT ###############
Task: 3
Node: 3
Timestamp: 2017-08-16 00:37:36
Success: TRUE
Task duration:
    user   system  elapsed 
1823.232  700.892 4525.038 
Memory used:
          used (Mb) gc trigger  (Mb) max used (Mb)
Ncells 1646561 88.0    2637877 140.9  1850624 98.9
Vcells 1728503 13.2    3142662  24.0  2552099 19.5
Log messages:
stderr and stdout:
[1] ---- ENCSR000ENB (chr3) (1/2)
[1] "Data table read. Merging with Fimo..."
[1] "Merged. Now splitting table to regions and hits..."
[1] filling 1220559 regions, 2211708 hits for ENCSR000ENB
[1] 10588890 hits in 5857809 regions
[1] ---- ENCSR910OQF (chr3) (2/2)
[1] "Data table read. Merging with Fimo..."
[1] "Merged. Now splitting table to regions and hits..."
[1] filling 1949703 regions, 3464350 hits for ENCSR910OQF
[1] 47690790 hits in 23364491 regions
############### LOG OUTPUT ###############
Task: 2
Node: 2
Timestamp: 2017-08-16 00:41:24
Success: TRUE
Task duration:
    user   system  elapsed 
1929.156  935.516 4746.299 
Memory used:
          used (Mb) gc trigger  (Mb) max used (Mb)
Ncells 1646559 88.0    2637877 140.9  1850621 98.9
Vcells 1728504 13.2    3142662  24.0  2552099 19.5
Log messages:
stderr and stdout:
[1] ---- ENCSR000ENB (chr2) (1/2)
[1] "Data table read. Merging with Fimo..."
[1] "Merged. Now splitting table to regions and hits..."
[1] filling 372619 regions, 550794 hits for ENCSR000ENB
[1] 3268291 hits in 2222388 regions
[1] ---- ENCSR910OQF (chr2) (2/2)
[1] "Data table read. Merging with Fimo..."
[1] "Merged. Now splitting table to regions and hits..."
[1] filling 808128 regions, 1190069 hits for ENCSR910OQF
[1] 12445194 hits in 7673786 regions
> 
> print(bpok(result))
 [1] TRUE TRUE TRUE TRUE TRUE TRUE TRUE TRUE TRUE TRUE
> print("Database fill complete")
[1] "Database fill complete"
> print(date())
[1] "Wed Aug 16 00:41:25 2017"
> 
############### LOG OUTPUT ###############
Task: 2
Node: 2
Timestamp: 2017-08-16 00:43:18
Success: TRUE
Task duration:
    user   system  elapsed 
2174.340 1053.404 4884.925 
Memory used:
          used (Mb) gc trigger  (Mb) max used (Mb)
Ncells 1646562 88.0    2637877 140.9  1850624 98.9
Vcells 1728504 13.2    3142662  24.0  2552099 19.5
Log messages:
stderr and stdout:
[1] ---- ENCSR000ENB (chr2) (1/2)
[1] "Data table read. Merging with Fimo..."
[1] "Merged. Now splitting table to regions and hits..."
[1] filling 1536048 regions, 2793370 hits for ENCSR000ENB
[1] 20143990 hits in 11141499 regions
[1] ---- ENCSR910OQF (chr2) (2/2)
[1] "Data table read. Merging with Fimo..."
[1] "Merged. Now splitting table to regions and hits..."
[1] filling 2508037 regions, 4469352 hits for ENCSR910OQF
[1] 52160142 hits in 25364436 regions
> 
> print(bpok(result))
 [1] TRUE TRUE TRUE TRUE TRUE TRUE TRUE TRUE TRUE TRUE
> print("Database fill complete")
[1] "Database fill complete"
> print(date())
[1] "Wed Aug 16 00:43:18 2017"
> 

R version 3.4.1 (2017-06-30) -- "Single Candle"
Copyright (C) 2017 The R Foundation for Statistical Computing
Platform: x86_64-pc-linux-gnu (64-bit)

R is free software and comes with ABSOLUTELY NO WARRANTY.
You are welcome to redistribute it under certain conditions.
Type 'license()' or 'licence()' for distribution details.

  Natural language support but running in an English locale

R is a collaborative project with many contributors.
Type 'contributors()' for more information and
'citation()' on how to cite R or R packages in publications.

Type 'demo()' for some demos, 'help()' for on-line help, or
'help.start()' for an HTML browser interface to help.
Type 'q()' to quit R.

> # users can either step through this file, or call this file with 
> # r -f example.R
> 
> # THIS ASSUMES THAT THE TESTHINT DATABASE EXISTS. The recipe for building that
> # database is in ../dbInitialization/createHintTest.sql
> 
> # THIS EXAMPLE USES THE BRAIN HINT OUTPUT MADE BY RUNNING make hint at /scratch/data/footprints
> 
> print(date())
[1] "Wed Aug 16 02:21:24 2017"
> #-------------------------------------------------------------------------------
> # set path to hint output 
> data.path <- "/scratch/data/footprints/spinal_cord_hint_20"
> #-------------------------------------------------------------------------------
> # establish database connections:
> 
> if(!exists("db.hint"))
+     db.hint <- "spinal_cord_hint_20_localhost"
> 
> if(!exists("db.fimo"))
+     db.fimo <- "fimo_localhost"
> #-------------------------------------------------------------------------------
> # Source the libraries
> source("../src/dependencies.R")
Loading required package: stats4
Loading required package: BiocGenerics
Loading required package: parallel

Attaching package: ‘BiocGenerics’

The following objects are masked from ‘package:parallel’:

    clusterApply, clusterApplyLB, clusterCall, clusterEvalQ,
    clusterExport, clusterMap, parApply, parCapply, parLapply,
    parLapplyLB, parRapply, parSapply, parSapplyLB

The following objects are masked from ‘package:stats’:

    IQR, mad, sd, var, xtabs

The following objects are masked from ‘package:base’:

    anyDuplicated, append, as.data.frame, cbind, colMeans, colnames,
    colSums, do.call, duplicated, eval, evalq, Filter, Find, get, grep,
    grepl, intersect, is.unsorted, lapply, lengths, Map, mapply, match,
    mget, order, paste, pmax, pmax.int, pmin, pmin.int, Position, rank,
    rbind, Reduce, rowMeans, rownames, rowSums, sapply, setdiff, sort,
    table, tapply, union, unique, unsplit, which, which.max, which.min

Loading required package: S4Vectors

Attaching package: ‘S4Vectors’

The following object is masked from ‘package:base’:

    expand.grid

Loading required package: IRanges
Loading required package: GenomeInfoDb
Loading required package: DBI
> source("../src/dbFunctions.R")
> source("../src/tableParsing.R")
> source("../src/tests.R")
> source("../src/main_Bioc.R")
> 
> if(!interactive()){    
+     chromosomes <- paste0("chr",c(11:22,"X","Y","MT"))
+     
+     # Create parallel structure here    
+     library(BiocParallel)    
+     register(MulticoreParam(workers = 25, stop.on.error = FALSE, log = TRUE), default = TRUE)
+ 
+     # Run on all 24 possible chromosomes at once
+     result <- bptry(bplapply(chromosomes,fillAllSamplesByChromosome,
+              dbConnection = db.hint,             
+              fimo = db.fimo,             
+              minid = "spinal_cord_hint_20.minid",             
+              dbUser = "trena",             
+              dbTable = "spinal_cord_hint_20",             
+              sourcePath = data.path,             
+              isTest = FALSE,             
+              method = "HINT"))    
+ }

R version 3.4.1 (2017-06-30) -- "Single Candle"
Copyright (C) 2017 The R Foundation for Statistical Computing
Platform: x86_64-pc-linux-gnu (64-bit)

R is free software and comes with ABSOLUTELY NO WARRANTY.
You are welcome to redistribute it under certain conditions.
Type 'license()' or 'licence()' for distribution details.

  Natural language support but running in an English locale

R is a collaborative project with many contributors.
Type 'contributors()' for more information and
'citation()' on how to cite R or R packages in publications.

Type 'demo()' for some demos, 'help()' for on-line help, or
'help.start()' for an HTML browser interface to help.
Type 'q()' to quit R.

> # users can either step through this file, or call this file with 
> # r -f example.R
> 
> # THIS ASSUMES THAT THE TESTHINT DATABASE EXISTS. The recipe for building that
> # database is in ../dbInitialization/createHintTest.sql
> 
> # THIS EXAMPLE USES THE BRAIN HINT OUTPUT MADE BY RUNNING make hint at /scratch/data/footprints
> 
> print(date())
[1] "Wed Aug 16 02:21:28 2017"
> #-------------------------------------------------------------------------------
> # set path to hint output 
> data.path <- "/scratch/data/footprints/spinal_cord_wellington_20"
> #-------------------------------------------------------------------------------
> # establish database connections:
> 
> if(!exists("db.wellington"))
+     db.wellington <- "spinal_cord_wellington_20_localhost"
> 
> if(!exists("db.fimo"))
+     db.fimo <- "fimo_localhost"
> #-------------------------------------------------------------------------------
> # Source the libraries
> source("../src/dependencies.R")
Loading required package: stats4
Loading required package: BiocGenerics
Loading required package: parallel

Attaching package: ‘BiocGenerics’

The following objects are masked from ‘package:parallel’:

    clusterApply, clusterApplyLB, clusterCall, clusterEvalQ,
    clusterExport, clusterMap, parApply, parCapply, parLapply,
    parLapplyLB, parRapply, parSapply, parSapplyLB

The following objects are masked from ‘package:stats’:

    IQR, mad, sd, var, xtabs

The following objects are masked from ‘package:base’:

    anyDuplicated, append, as.data.frame, cbind, colMeans, colnames,
    colSums, do.call, duplicated, eval, evalq, Filter, Find, get, grep,
    grepl, intersect, is.unsorted, lapply, lengths, Map, mapply, match,
    mget, order, paste, pmax, pmax.int, pmin, pmin.int, Position, rank,
    rbind, Reduce, rowMeans, rownames, rowSums, sapply, setdiff, sort,
    table, tapply, union, unique, unsplit, which, which.max, which.min

Loading required package: S4Vectors

Attaching package: ‘S4Vectors’

The following object is masked from ‘package:base’:

    expand.grid

Loading required package: IRanges
Loading required package: GenomeInfoDb
Loading required package: DBI
> source("../src/dbFunctions.R")
> source("../src/tableParsing.R")
> source("../src/tests.R")
> source("../src/main_Bioc.R")
> 
> if(!interactive()){    
+     chromosomes <- paste0("chr",c(11:22,"X","Y","MT"))
+     
+     # Create parallel structure here
+     library(BiocParallel)
+     register(MulticoreParam(workers = 25, stop.on.error = FALSE, log = TRUE), default = TRUE)
+ 
+     # Run on all 24 possible chromosomes at once
+     result <- bptry(bplapply(chromosomes, fillAllSamplesByChromosome,
+              dbConnection = db.wellington,
+              fimo = db.fimo,
+              minid = "spinal_cord_wellington_20.minid",
+              dbUser = "trena",
+              dbTable = "spinal_cord_wellington_20",
+              sourcePath = data.path,
+              isTest = FALSE,
+              method = "WELLINGTON"))
+ }
############### LOG OUTPUT ###############
Task: 15
Node: 15
Timestamp: 2017-08-16 02:21:39
Success: TRUE
Task duration:
   user  system elapsed 
   5.92    0.10    6.02 
Memory used:
          used (Mb) gc trigger  (Mb) max used (Mb)
Ncells 1645646 87.9    2637877 140.9  1850687 98.9
Vcells 1726055 13.2    3142662  24.0  2552116 19.5
Log messages:
stderr and stdout:
[1] ---- ENCSR000ENB (chrMT) (1/2)
[1] "Data table read. Merging with Fimo..."
[1] No rows matching chrMT
############### LOG OUTPUT ###############
Task: 15
Node: 15
Timestamp: 2017-08-16 02:22:11
Success: TRUE
Task duration:
   user  system elapsed 
 37.100   2.212  41.672 
Memory used:
          used (Mb) gc trigger  (Mb) max used (Mb)
Ncells 1645649 87.9    2637877 140.9  1850690 98.9
Vcells 1726055 13.2    3142662  24.0  2552116 19.5
Log messages:
stderr and stdout:
[1] ---- ENCSR000ENB (chrMT) (1/2)
[1] "Data table read. Merging with Fimo..."
[1] No rows matching chrMT
############### LOG OUTPUT ###############
Task: 14
Node: 14
Timestamp: 2017-08-16 02:46:23
Success: TRUE
Task duration:
    user   system  elapsed 
 208.288    9.024 1486.377 
Memory used:
          used (Mb) gc trigger  (Mb) max used (Mb)
Ncells 1646635 88.0    2637877 140.9  1850687 98.9
Vcells 1728604 13.2    3142662  24.0  2552116 19.5
Log messages:
stderr and stdout:
[1] ---- ENCSR000ENB (chrY) (1/2)
[1] "Data table read. Merging with Fimo..."
[1] "Merged. Now splitting table to regions and hits..."
[1] filling 11845 regions, 17079 hits for ENCSR000ENB
[1] 12462273 hits in 7685631 regions
[1] ---- ENCSR910OQF (chrY) (2/2)
[1] "Data table read. Merging with Fimo..."
[1] "Merged. Now splitting table to regions and hits..."
[1] filling 39643 regions, 56620 hits for ENCSR910OQF
[1] 12612197 hits in 7782944 regions
############### LOG OUTPUT ###############
Task: 11
Node: 11
Timestamp: 2017-08-16 02:48:36
Success: TRUE
Task duration:
    user   system  elapsed 
 344.176   27.852 1616.589 
Memory used:
          used (Mb) gc trigger  (Mb) max used (Mb)
Ncells 1646636 88.0    2637877 140.9  1850687 98.9
Vcells 1728605 13.2    3142662  24.0  2552116 19.5
Log messages:
stderr and stdout:
[1] ---- ENCSR000ENB (chr21) (1/2)
[1] "Data table read. Merging with Fimo..."
[1] "Merged. Now splitting table to regions and hits..."
[1] filling 63578 regions, 93304 hits for ENCSR000ENB
[1] 12555577 hits in 7749209 regions
[1] ---- ENCSR910OQF (chr21) (2/2)
[1] "Data table read. Merging with Fimo..."
[1] "Merged. Now splitting table to regions and hits..."
[1] filling 129525 regions, 188541 hits for ENCSR910OQF
[1] 12934443 hits in 7984156 regions
############### LOG OUTPUT ###############
Task: 12
Node: 12
Timestamp: 2017-08-16 02:49:57
Success: TRUE
Task duration:
    user   system  elapsed 
 365.344   26.628 1696.786 
Memory used:
          used (Mb) gc trigger  (Mb) max used (Mb)
Ncells 1646637 88.0    2637877 140.9  1850687 98.9
Vcells 1728606 13.2    3142662  24.0  2552116 19.5
Log messages:
stderr and stdout:
[1] ---- ENCSR000ENB (chr22) (1/2)
[1] "Data table read. Merging with Fimo..."
[1] "Merged. Now splitting table to regions and hits..."
[1] filling 90790 regions, 133705 hits for ENCSR000ENB
[1] 12745902 hits in 7873734 regions
[1] ---- ENCSR910OQF (chr22) (2/2)
[1] "Data table read. Merging with Fimo..."
[1] "Merged. Now splitting table to regions and hits..."
[1] filling 201144 regions, 293480 hits for ENCSR910OQF
[1] 13227923 hits in 8150614 regions
############### LOG OUTPUT ###############
Task: 14
Node: 14
Timestamp: 2017-08-16 02:50:30
Success: TRUE
Task duration:
    user   system  elapsed 
 449.444   24.084 1728.701 
Memory used:
          used (Mb) gc trigger  (Mb) max used (Mb)
Ncells 1646638 88.0    2637877 140.9  1850690 98.9
Vcells 1728604 13.2    3142662  24.0  2552116 19.5
Log messages:
stderr and stdout:
[1] ---- ENCSR000ENB (chrY) (1/2)
[1] "Data table read. Merging with Fimo..."
[1] "Merged. Now splitting table to regions and hits..."
[1] filling 24382 regions, 38901 hits for ENCSR000ENB
[1] 52655322 hits in 25643111 regions
[1] ---- ENCSR910OQF (chrY) (2/2)
[1] "Data table read. Merging with Fimo..."
[1] "Merged. Now splitting table to regions and hits..."
[1] filling 57515 regions, 92606 hits for ENCSR910OQF
[1] 53350641 hits in 26022217 regions
############### LOG OUTPUT ###############
Task: 11
Node: 11
Timestamp: 2017-08-16 02:54:19
Success: TRUE
Task duration:
    user   system  elapsed 
 605.928  121.236 1950.677 
Memory used:
          used (Mb) gc trigger  (Mb) max used (Mb)
Ncells 1646639 88.0    2637877 140.9  1850690 98.9
Vcells 1728605 13.2    3142662  24.0  2552116 19.5
Log messages:
stderr and stdout:
[1] ---- ENCSR000ENB (chr21) (1/2)
[1] "Data table read. Merging with Fimo..."
[1] "Merged. Now splitting table to regions and hits..."
[1] filling 254293 regions, 456279 hits for ENCSR000ENB
[1] 52616421 hits in 25618729 regions
[1] ---- ENCSR910OQF (chr21) (2/2)
[1] "Data table read. Merging with Fimo..."
[1] "Merged. Now splitting table to regions and hits..."
[1] filling 377937 regions, 665208 hits for ENCSR910OQF
[1] 54823185 hits in 26760489 regions
############### LOG OUTPUT ###############
Task: 12
Node: 12
Timestamp: 2017-08-16 02:56:36
Success: TRUE
Task duration:
    user   system  elapsed 
 677.808  127.488 2099.733 
Memory used:
          used (Mb) gc trigger  (Mb) max used (Mb)
Ncells 1646640 88.0    2637877 140.9  1850690 98.9
Vcells 1728606 13.2    3142662  24.0  2552116 19.5
Log messages:
stderr and stdout:
[1] ---- ENCSR000ENB (chr22) (1/2)
[1] "Data table read. Merging with Fimo..."
[1] "Merged. Now splitting table to regions and hits..."
[1] filling 331463 regions, 602713 hits for ENCSR000ENB
[1] 53258035 hits in 25974574 regions
[1] ---- ENCSR910OQF (chr22) (2/2)
[1] "Data table read. Merging with Fimo..."
[1] "Merged. Now splitting table to regions and hits..."
[1] filling 553928 regions, 991317 hits for ENCSR910OQF
[1] 56568190 hits in 27598974 regions
############### LOG OUTPUT ###############
Task: 10
Node: 10
Timestamp: 2017-08-16 02:57:03
Success: TRUE
Task duration:
    user   system  elapsed 
 560.472   52.976 2111.205 
Memory used:
          used (Mb) gc trigger  (Mb) max used (Mb)
Ncells 1646638 88.0    2637877 140.9  1850687 98.9
Vcells 1728607 13.2    3142662  24.0  2552116 19.5
Log messages:
stderr and stdout:
[1] ---- ENCSR000ENB (chr20) (1/2)
[1] "Data table read. Merging with Fimo..."
[1] "Merged. Now splitting table to regions and hits..."
[1] filling 113456 regions, 167436 hits for ENCSR000ENB
[1] 13395359 hits in 8264070 regions
[1] ---- ENCSR910OQF (chr20) (2/2)
[1] "Data table read. Merging with Fimo..."
[1] "Merged. Now splitting table to regions and hits..."
[1] filling 274696 regions, 400347 hits for ENCSR910OQF
[1] 14425571 hits in 8929884 regions
############### LOG OUTPUT ###############
Task: 8
Node: 8
Timestamp: 2017-08-16 03:00:15
Success: TRUE
Task duration:
    user   system  elapsed 
 698.508   54.100 2308.312 
Memory used:
          used (Mb) gc trigger  (Mb) max used (Mb)
Ncells 1646639 88.0    2637877 140.9  1850687 98.9
Vcells 1728608 13.2    3142662  24.0  2552116 19.5
Log messages:
stderr and stdout:
[1] ---- ENCSR000ENB (chr18) (1/2)
[1] "Data table read. Merging with Fimo..."
[1] "Merged. Now splitting table to regions and hits..."
[1] filling 99953 regions, 146671 hits for ENCSR000ENB
[1] 13542030 hits in 8364023 regions
[1] ---- ENCSR910OQF (chr18) (2/2)
[1] "Data table read. Merging with Fimo..."
[1] "Merged. Now splitting table to regions and hits..."
[1] filling 260712 regions, 381282 hits for ENCSR910OQF
[1] 15563275 hits in 9674824 regions
############### LOG OUTPUT ###############
Task: 10
Node: 10
Timestamp: 2017-08-16 03:03:00
Success: TRUE
Task duration:
    user   system  elapsed 
 804.172  179.688 2482.500 
Memory used:
          used (Mb) gc trigger  (Mb) max used (Mb)
Ncells 1646641 88.0    2637877 140.9  1850690 98.9
Vcells 1728607 13.2    3142662  24.0  2552116 19.5
Log messages:
stderr and stdout:
[1] ---- ENCSR000ENB (chr20) (1/2)
[1] "Data table read. Merging with Fimo..."
[1] "Merged. Now splitting table to regions and hits..."
[1] filling 445104 regions, 807336 hits for ENCSR000ENB
[1] 54157977 hits in 26467321 regions
[1] ---- ENCSR910OQF (chr20) (2/2)
[1] "Data table read. Merging with Fimo..."
[1] "Merged. Now splitting table to regions and hits..."
[1] filling 807689 regions, 1445086 hits for ENCSR910OQF
[1] 61420591 hits in 30102832 regions
############### LOG OUTPUT ###############
Task: 5
Node: 5
Timestamp: 2017-08-16 03:03:36
Success: TRUE
Task duration:
    user   system  elapsed 
 758.132  138.744 2509.178 
Memory used:
          used (Mb) gc trigger  (Mb) max used (Mb)
Ncells 1646640 88.0    2637877 140.9  1850687 98.9
Vcells 1728609 13.2    3142662  24.0  2552116 19.5
Log messages:
stderr and stdout:
[1] ---- ENCSR000ENB (chr15) (1/2)
[1] "Data table read. Merging with Fimo..."
[1] "Merged. Now splitting table to regions and hits..."
[1] filling 153046 regions, 225075 hits for ENCSR000ENB
[1] 14025224 hits in 8693794 regions
[1] ---- ENCSR910OQF (chr15) (2/2)
[1] "Data table read. Merging with Fimo..."
[1] "Merged. Now splitting table to regions and hits..."
[1] filling 309405 regions, 450517 hits for ENCSR910OQF
[1] 16520922 hits in 10279625 regions
############### LOG OUTPUT ###############
Task: 6
Node: 6
Timestamp: 2017-08-16 03:04:12
Success: TRUE
Task duration:
    user   system  elapsed 
 757.500  113.216 2545.184 
Memory used:
          used (Mb) gc trigger  (Mb) max used (Mb)
Ncells 1646641 88.0    2637877 140.9  1850687 98.9
Vcells 1728610 13.2    3142662  24.0  2552116 19.5
Log messages:
stderr and stdout:
[1] ---- ENCSR000ENB (chr16) (1/2)
[1] "Data table read. Merging with Fimo..."
[1] "Merged. Now splitting table to regions and hits..."
[1] filling 161861 regions, 240021 hits for ENCSR000ENB
[1] 14981353 hits in 9307388 regions
[1] ---- ENCSR910OQF (chr16) (2/2)
[1] "Data table read. Merging with Fimo..."
[1] "Merged. Now splitting table to regions and hits..."
[1] filling 383437 regions, 559794 hits for ENCSR910OQF
[1] 17080716 hits in 10603205 regions
############### LOG OUTPUT ###############
Task: 7
Node: 7
Timestamp: 2017-08-16 03:04:24
Success: TRUE
Task duration:
    user   system  elapsed 
 776.140   94.312 2556.543 
Memory used:
          used (Mb) gc trigger  (Mb) max used (Mb)
Ncells 1646642 88.0    2637877 140.9  1850687 98.9
Vcells 1728611 13.2    3142662  24.0  2552116 19.5
Log messages:
stderr and stdout:
[1] ---- ENCSR000ENB (chr17) (1/2)
[1] "Data table read. Merging with Fimo..."
[1] "Merged. Now splitting table to regions and hits..."
[1] filling 215643 regions, 315761 hits for ENCSR000ENB
[1] 14741332 hits in 9145527 regions
[1] ---- ENCSR910OQF (chr17) (2/2)
[1] "Data table read. Merging with Fimo..."
[1] "Merged. Now splitting table to regions and hits..."
[1] filling 411287 regions, 599817 hits for ENCSR910OQF
[1] 17680533 hits in 10931329 regions
############### LOG OUTPUT ###############
Task: 4
Node: 4
Timestamp: 2017-08-16 03:04:43
Success: TRUE
Task duration:
    user   system  elapsed 
 771.340  121.232 2575.253 
Memory used:
          used (Mb) gc trigger  (Mb) max used (Mb)
Ncells 1646643 88.0    2637877 140.9  1850687 98.9
Vcells 1728612 13.2    3142662  24.0  2552116 19.5
Log messages:
stderr and stdout:
[1] ---- ENCSR000ENB (chr14) (1/2)
[1] "Data table read. Merging with Fimo..."
[1] "Merged. Now splitting table to regions and hits..."
[1] filling 135705 regions, 200640 hits for ENCSR000ENB
[1] 15181993 hits in 9443093 regions
[1] ---- ENCSR910OQF (chr14) (2/2)
[1] "Data table read. Merging with Fimo..."
[1] "Merged. Now splitting table to regions and hits..."
[1] filling 298410 regions, 437736 hits for ENCSR910OQF
[1] 18118269 hits in 11185752 regions
############### LOG OUTPUT ###############
Task: 9
Node: 9
Timestamp: 2017-08-16 03:05:07
Success: TRUE
Task duration:
    user   system  elapsed 
 668.240  310.188 2600.148 
Memory used:
          used (Mb) gc trigger  (Mb) max used (Mb)
Ncells 1646644 88.0    2637877 140.9  1850687 98.9
Vcells 1728613 13.2    3142662  24.0  2552116 19.5
Log messages:
stderr and stdout:
[1] ---- ENCSR000ENB (chr19) (1/2)
[1] "Data table read. Merging with Fimo..."
[1] "Merged. Now splitting table to regions and hits..."
[1] filling 176725 regions, 258119 hits for ENCSR000ENB
[1] 13800149 hits in 8540748 regions
[1] ---- ENCSR910OQF (chr19) (2/2)
[1] "Data table read. Merging with Fimo..."
[1] "Merged. Now splitting table to regions and hits..."
[1] filling 289644 regions, 420897 hits for ENCSR910OQF
[1] 18539166 hits in 11394782 regions
############### LOG OUTPUT ###############
Task: 8
Node: 8
Timestamp: 2017-08-16 03:05:10
Success: TRUE
Task duration:
    user   system  elapsed 
 952.520   84.264 2602.288 
Memory used:
          used (Mb) gc trigger  (Mb) max used (Mb)
Ncells 1646642 88.0    2637877 140.9  1850690 98.9
Vcells 1728608 13.2    3142662  24.0  2552116 19.5
Log messages:
stderr and stdout:
[1] ---- ENCSR000ENB (chr18) (1/2)
[1] "Data table read. Merging with Fimo..."
[1] "Merged. Now splitting table to regions and hits..."
[1] filling 417417 regions, 753688 hits for ENCSR000ENB
[1] 55576873 hits in 27177906 regions
[1] ---- ENCSR910OQF (chr18) (2/2)
[1] "Data table read. Merging with Fimo..."
[1] "Merged. Now splitting table to regions and hits..."
[1] filling 793673 regions, 1402698 hits for ENCSR910OQF
[1] 66224657 hits in 32634269 regions
############### LOG OUTPUT ###############
Task: 9
Node: 9
Timestamp: 2017-08-16 03:09:06
Success: TRUE
Task duration:
    user   system  elapsed 
 888.136  323.312 2831.714 
Memory used:
          used (Mb) gc trigger  (Mb) max used (Mb)
Ncells 1646643 88.0    2637877 140.9  1850690 98.9
Vcells 1728609 13.2    3142662  24.0  2552116 19.5
Log messages:
stderr and stdout:
[1] ---- ENCSR000ENB (chr19) (1/2)
[1] "Data table read. Merging with Fimo..."
[1] "Merged. Now splitting table to regions and hits..."
[1] filling 645625 regions, 1191574 hits for ENCSR000ENB
[1] 57759764 hits in 28244599 regions
[1] ---- ENCSR910OQF (chr19) (2/2)
[1] "Data table read. Merging with Fimo..."
[1] "Merged. Now splitting table to regions and hits..."
[1] filling 821856 regions, 1497117 hits for ENCSR910OQF
[1] 69371161 hits in 34043542 regions
############### LOG OUTPUT ###############
Task: 6
Node: 6
Timestamp: 2017-08-16 03:11:13
Success: TRUE
Task duration:
    user   system  elapsed 
1148.356  120.080 2954.348 
Memory used:
          used (Mb) gc trigger  (Mb) max used (Mb)
Ncells 1646644 88.0    2637877 140.9  1850690 98.9
Vcells 1728610 13.2    3142662  24.0  2552116 19.5
Log messages:
stderr and stdout:
[1] ---- ENCSR000ENB (chr16) (1/2)
[1] "Data table read. Merging with Fimo..."
[1] "Merged. Now splitting table to regions and hits..."
[1] filling 606932 regions, 1113469 hits for ENCSR000ENB
[1] 59975505 hits in 29461028 regions
[1] ---- ENCSR910OQF (chr16) (2/2)
[1] "Data table read. Merging with Fimo..."
[1] "Merged. Now splitting table to regions and hits..."
[1] filling 1087474 regions, 1957298 hits for ENCSR910OQF
[1] 72990093 hits in 35808664 regions
############### LOG OUTPUT ###############
Task: 3
Node: 3
Timestamp: 2017-08-16 03:11:17
Success: TRUE
Task duration:
    user   system  elapsed 
 738.336  503.312 2953.552 
Memory used:
          used (Mb) gc trigger  (Mb) max used (Mb)
Ncells 1646645 88.0    2637877 140.9  1850687 98.9
Vcells 1728614 13.2    3142662  24.0  2552116 19.5
Log messages:
stderr and stdout:
[1] ---- ENCSR000ENB (chr13) (1/2)
[1] "Data table read. Merging with Fimo..."
[1] "Merged. Now splitting table to regions and hits..."
[1] filling 119738 regions, 176840 hits for ENCSR000ENB
[1] 15740115 hits in 9794562 regions
[1] ---- ENCSR910OQF (chr13) (2/2)
[1] "Data table read. Merging with Fimo..."
[1] "Merged. Now splitting table to regions and hits..."
[1] filling 277085 regions, 407114 hits for ENCSR910OQF
[1] 19473980 hits in 11997022 regions
############### LOG OUTPUT ###############
Task: 2
Node: 2
Timestamp: 2017-08-16 03:13:01
Success: TRUE
Task duration:
    user   system  elapsed 
1094.624  174.364 3063.567 
Memory used:
          used (Mb) gc trigger  (Mb) max used (Mb)
Ncells 1646646 88.0    2637877 140.9  1850687 98.9
Vcells 1728615 13.2    3142662  24.0  2552116 19.5
Log messages:
stderr and stdout:
[1] ---- ENCSR000ENB (chr12) (1/2)
[1] "Data table read. Merging with Fimo..."
[1] "Merged. Now splitting table to regions and hits..."
[1] filling 225228 regions, 330290 hits for ENCSR000ENB
[1] 16070405 hits in 10019790 regions
[1] ---- ENCSR910OQF (chr12) (2/2)
[1] "Data table read. Merging with Fimo..."
[1] "Merged. Now splitting table to regions and hits..."
[1] filling 460035 regions, 670520 hits for ENCSR910OQF
[1] 20144500 hits in 12385327 regions
############### LOG OUTPUT ###############
Task: 5
Node: 5
Timestamp: 2017-08-16 03:13:40
Success: TRUE
Task duration:
    user   system  elapsed 
1080.340  398.024 3097.367 
Memory used:
          used (Mb) gc trigger  (Mb) max used (Mb)
Ncells 1646645 88.0    2637877 140.9  1850690 98.9
Vcells 1728611 13.2    3142662  24.0  2552116 19.5
Log messages:
stderr and stdout:
[1] ---- ENCSR000ENB (chr15) (1/2)
[1] "Data table read. Merging with Fimo..."
[1] "Merged. Now splitting table to regions and hits..."
[1] filling 609497 regions, 1102272 hits for ENCSR000ENB
[1] 58862036 hits in 28854096 regions
[1] ---- ENCSR910OQF (chr15) (2/2)
[1] "Data table read. Merging with Fimo..."
[1] "Merged. Now splitting table to regions and hits..."
[1] filling 942889 regions, 1690983 hits for ENCSR910OQF
[1] 74681076 hits in 36535593 regions
############### LOG OUTPUT ###############
Task: 4
Node: 4
Timestamp: 2017-08-16 03:15:50
Success: TRUE
Task duration:
    user   system  elapsed 
1253.728  286.848 3231.325 
Memory used:
          used (Mb) gc trigger  (Mb) max used (Mb)
Ncells 1646646 88.0    2637877 140.9  1850690 98.9
Vcells 1728612 13.2    3142662  24.0  2552116 19.5
Log messages:
stderr and stdout:
[1] ---- ENCSR000ENB (chr14) (1/2)
[1] "Data table read. Merging with Fimo..."
[1] "Merged. Now splitting table to regions and hits..."
[1] filling 555843 regions, 1008801 hits for ENCSR000ENB
[1] 62429392 hits in 30658675 regions
[1] ---- ENCSR910OQF (chr14) (2/2)
[1] "Data table read. Merging with Fimo..."
[1] "Merged. Now splitting table to regions and hits..."
[1] filling 927876 regions, 1656596 hits for ENCSR910OQF
[1] 77193463 hits in 37743809 regions
############### LOG OUTPUT ###############
Task: 7
Node: 7
Timestamp: 2017-08-16 03:17:10
Success: TRUE
Task duration:
    user   system  elapsed 
1101.768  516.388 3309.522 
Memory used:
          used (Mb) gc trigger  (Mb) max used (Mb)
Ncells 1646647 88.0    2637877 140.9  1850690 98.9
Vcells 1728613 13.2    3142662  24.0  2552116 19.5
Log messages:
stderr and stdout:
[1] ---- ENCSR000ENB (chr17) (1/2)
[1] "Data table read. Merging with Fimo..."
[1] "Merged. Now splitting table to regions and hits..."
[1] filling 803149 regions, 1463429 hits for ENCSR000ENB
[1] 63892821 hits in 31461824 regions
[1] ---- ENCSR910OQF (chr17) (2/2)
[1] "Data table read. Merging with Fimo..."
[1] "Merged. Now splitting table to regions and hits..."
[1] filling 1181328 regions, 2129123 hits for ENCSR910OQF
[1] 79322586 hits in 38594165 regions
############### LOG OUTPUT ###############
Task: 13
Node: 13
Timestamp: 2017-08-16 03:18:31
Success: TRUE
Task duration:
    user   system  elapsed 
1286.824  203.176 3383.783 
Memory used:
          used (Mb) gc trigger  (Mb) max used (Mb)
Ncells 1646647 88.0    2637877 140.9  1850687 98.9
Vcells 1728616 13.2    3142662  24.0  2552116 19.5
Log messages:
stderr and stdout:
[1] ---- ENCSR000ENB (chrX) (1/2)
[1] "Data table read. Merging with Fimo..."
[1] "Merged. Now splitting table to regions and hits..."
[1] filling 131718 regions, 193977 hits for ENCSR000ENB
[1] 19066866 hits in 11752321 regions
[1] ---- ENCSR910OQF (chrX) (2/2)
[1] "Data table read. Merging with Fimo..."
[1] "Merged. Now splitting table to regions and hits..."
[1] filling 240322 regions, 349770 hits for ENCSR910OQF
[1] 20494270 hits in 12585144 regions
############### LOG OUTPUT ###############
Task: 1
Node: 1
Timestamp: 2017-08-16 03:18:35
Success: TRUE
Task duration:
    user   system  elapsed 
1162.240  459.628 3403.483 
Memory used:
          used (Mb) gc trigger  (Mb) max used (Mb)
Ncells 1646648 88.0    2637877 140.9  1850687 98.9
Vcells 1728617 13.2    3142662  24.0  2552116 19.5
Log messages:
stderr and stdout:
[1] ---- ENCSR000ENB (chr11) (1/2)
[1] "Data table read. Merging with Fimo..."
[1] "Merged. Now splitting table to regions and hits..."
[1] filling 225821 regions, 333723 hits for ENCSR000ENB
[1] 18872889 hits in 11620603 regions
[1] ---- ENCSR910OQF (chr11) (2/2)
[1] "Data table read. Merging with Fimo..."
[1] "Merged. Now splitting table to regions and hits..."
[1] filling 496291 regions, 726954 hits for ENCSR910OQF
[1] 21221224 hits in 13004255 regions
> 
> print(bpok(result))
 [1] TRUE TRUE TRUE TRUE TRUE TRUE TRUE TRUE TRUE TRUE TRUE TRUE TRUE TRUE TRUE
> print("Database fill complete")
[1] "Database fill complete"
> print(date())
[1] "Wed Aug 16 03:18:35 2017"
> 
############### LOG OUTPUT ###############
Task: 3
Node: 3
Timestamp: 2017-08-16 03:19:16
Success: TRUE
Task duration:
    user   system  elapsed 
1159.248  580.016 3442.767 
Memory used:
          used (Mb) gc trigger  (Mb) max used (Mb)
Ncells 1646648 88.0    2637877 140.9  1850690 98.9
Vcells 1728614 13.2    3142662  24.0  2552116 19.5
Log messages:
stderr and stdout:
[1] ---- ENCSR000ENB (chr13) (1/2)
[1] "Data table read. Merging with Fimo..."
[1] "Merged. Now splitting table to regions and hits..."
[1] filling 512562 regions, 929138 hits for ENCSR000ENB
[1] 64821959 hits in 31974386 regions
[1] ---- ENCSR910OQF (chr13) (2/2)
[1] "Data table read. Merging with Fimo..."
[1] "Merged. Now splitting table to regions and hits..."
[1] filling 878672 regions, 1549620 hits for ENCSR910OQF
[1] 80872206 hits in 39316570 regions
############### LOG OUTPUT ###############
Task: 1
Node: 1
Timestamp: 2017-08-16 03:22:20
Success: TRUE
Task duration:
    user   system  elapsed 
1440.884  387.640 3613.705 
Memory used:
          used (Mb) gc trigger  (Mb) max used (Mb)
Ncells 1646649 88.0    2637877 140.9  1850690 98.9
Vcells 1728615 13.2    3142662  24.0  2552116 19.5
Log messages:
stderr and stdout:
[1] ---- ENCSR000ENB (chr11) (1/2)
[1] "Data table read. Merging with Fimo..."
[1] "Merged. Now splitting table to regions and hits..."
[1] filling 904524 regions, 1649387 hits for ENCSR000ENB
[1] 67874044 hits in 33538793 regions
[1] ---- ENCSR910OQF (chr11) (2/2)
[1] "Data table read. Merging with Fimo..."
[1] "Merged. Now splitting table to regions and hits..."
[1] filling 1490299 regions, 2677955 hits for ENCSR910OQF
[1] 83550161 hits in 40473583 regions
############### LOG OUTPUT ###############
Task: 2
Node: 2
Timestamp: 2017-08-16 03:24:39
Success: TRUE
Task duration:
    user   system  elapsed 
1337.616  628.176 3759.505 
Memory used:
          used (Mb) gc trigger  (Mb) max used (Mb)
Ncells 1646650 88.0    2637877 140.9  1850690 98.9
Vcells 1728616 13.2    3142662  24.0  2552116 19.5
Log messages:
stderr and stdout:
[1] ---- ENCSR000ENB (chr12) (1/2)
[1] "Data table read. Merging with Fimo..."
[1] "Merged. Now splitting table to regions and hits..."
[1] filling 917595 regions, 1661634 hits for ENCSR000ENB
[1] 71032795 hits in 34961137 regions
[1] ---- ENCSR910OQF (chr12) (2/2)
[1] "Data table read. Merging with Fimo..."
[1] "Merged. Now splitting table to regions and hits..."
[1] filling 1426495 regions, 2548409 hits for ENCSR910OQF
[1] 86098570 hits in 41568652 regions
############### LOG OUTPUT ###############
Task: 13
Node: 13
Timestamp: 2017-08-16 03:30:55
Success: TRUE
Task duration:
    user   system  elapsed 
1685.600  577.536 4137.227 
Memory used:
          used (Mb) gc trigger  (Mb) max used (Mb)
Ncells 1646651 88.0    2637877 140.9  1850690 98.9
Vcells 1728617 13.2    3142662  24.0  2552116 19.5
Log messages:
stderr and stdout:
[1] ---- ENCSR000ENB (chrX) (1/2)
[1] "Data table read. Merging with Fimo..."
[1] "Merged. Now splitting table to regions and hits..."
[1] filling 480829 regions, 855791 hits for ENCSR000ENB
[1] 75536867 hits in 37016422 regions
[1] ---- ENCSR910OQF (chrX) (2/2)
[1] "Data table read. Merging with Fimo..."
[1] "Merged. Now splitting table to regions and hits..."
[1] filling 705619 regions, 1253827 hits for ENCSR910OQF
[1] 87352397 hits in 42097724 regions
> 
> print(bpok(result))
 [1] TRUE TRUE TRUE TRUE TRUE TRUE TRUE TRUE TRUE TRUE TRUE TRUE TRUE TRUE TRUE
> print("Database fill complete")
[1] "Database fill complete"
> print(date())
[1] "Wed Aug 16 03:30:55 2017"
> 
You are now connected to database "spinal_cord_wellington_20" as user "root".
CREATE INDEX
CREATE INDEX
You are now connected to database "spinal_cord_hint_20" as user "root".
CREATE INDEX
CREATE INDEX
