CREATE DATABASE
GRANT
CREATE DATABASE
GRANT
You are now connected to database "gonad_wellington_16" as user "postgres".
CREATE TABLE
GRANT
CREATE TABLE
GRANT
You are now connected to database "gonad_hint_16" as user "postgres".
CREATE TABLE
GRANT
CREATE TABLE
GRANT

R version 3.4.1 (2017-06-30) -- "Single Candle"
Copyright (C) 2017 The R Foundation for Statistical Computing
Platform: x86_64-pc-linux-gnu (64-bit)

R is free software and comes with ABSOLUTELY NO WARRANTY.
You are welcome to redistribute it under certain conditions.
Type 'license()' or 'licence()' for distribution details.

  Natural language support but running in an English locale

R is a collaborative project with many contributors.
Type 'contributors()' for more information and
'citation()' on how to cite R or R packages in publications.

Type 'demo()' for some demos, 'help()' for on-line help, or
'help.start()' for an HTML browser interface to help.
Type 'q()' to quit R.

> # users can either step through this file, or call this file with 
> # r -f example.R
> 
> # THIS ASSUMES THAT THE TESTHINT DATABASE EXISTS. The recipe for building that
> # database is in ../dbInitialization/createHintTest.sql
> 
> # THIS EXAMPLE USES THE BRAIN HINT OUTPUT MADE BY RUNNING make hint at /scratch/data/footprints
> 
> print(date())
[1] "Tue Sep 26 21:31:41 2017"
> #-------------------------------------------------------------------------------
> # set path to hint output 
> data.path <- "/scratch/data/footprints/gonad_hint_16"
> #-------------------------------------------------------------------------------
> # establish database connections:
> 
> if(!exists("db.hint"))
+     db.hint <- "gonad_hint_16_localhost"
> 
> if(!exists("db.fimo"))
+     db.fimo <- "fimo_localhost"
> #-------------------------------------------------------------------------------
> # Source the libraries
> source("../src/dependencies.R")
Loading required package: stats4
Loading required package: BiocGenerics
Loading required package: parallel

Attaching package: ‘BiocGenerics’

The following objects are masked from ‘package:parallel’:

    clusterApply, clusterApplyLB, clusterCall, clusterEvalQ,
    clusterExport, clusterMap, parApply, parCapply, parLapply,
    parLapplyLB, parRapply, parSapply, parSapplyLB

The following objects are masked from ‘package:stats’:

    IQR, mad, sd, var, xtabs

The following objects are masked from ‘package:base’:

    anyDuplicated, append, as.data.frame, cbind, colMeans, colnames,
    colSums, do.call, duplicated, eval, evalq, Filter, Find, get, grep,
    grepl, intersect, is.unsorted, lapply, lengths, Map, mapply, match,
    mget, order, paste, pmax, pmax.int, pmin, pmin.int, Position, rank,
    rbind, Reduce, rowMeans, rownames, rowSums, sapply, setdiff, sort,
    table, tapply, union, unique, unsplit, which, which.max, which.min

Loading required package: S4Vectors

Attaching package: ‘S4Vectors’

The following object is masked from ‘package:base’:

    expand.grid

Loading required package: IRanges
Loading required package: GenomeInfoDb
Loading required package: DBI
> source("../src/dbFunctions.R")
> source("../src/tableParsing.R")
> source("../src/tests.R")
> source("../src/main_Bioc.R")
> 
> if(!interactive()){    
+     chromosomes <- paste0("chr",1:10)
+     
+     # Create parallel structure here    
+     library(BiocParallel)    
+     register(MulticoreParam(workers = 25, stop.on.error = FALSE, log = TRUE), default = TRUE)
+ 
+     # Run on all 24 possible chromosomes at once
+     result <- bptry(bplapply(chromosomes,fillAllSamplesByChromosome,
+              dbConnection = db.hint,             
+              fimo = db.fimo,             
+              minid = "gonad_hint_16.minid",             
+              dbUser = "trena",             
+              dbTable = "gonad_hint_16",             
+              sourcePath = data.path,             
+              isTest = FALSE,             
+              method = "HINT"))    
+ }

R version 3.4.1 (2017-06-30) -- "Single Candle"
Copyright (C) 2017 The R Foundation for Statistical Computing
Platform: x86_64-pc-linux-gnu (64-bit)

R is free software and comes with ABSOLUTELY NO WARRANTY.
You are welcome to redistribute it under certain conditions.
Type 'license()' or 'licence()' for distribution details.

  Natural language support but running in an English locale

R is a collaborative project with many contributors.
Type 'contributors()' for more information and
'citation()' on how to cite R or R packages in publications.

Type 'demo()' for some demos, 'help()' for on-line help, or
'help.start()' for an HTML browser interface to help.
Type 'q()' to quit R.

> # users can either step through this file, or call this file with 
> # r -f example.R
> 
> # THIS ASSUMES THAT THE TESTHINT DATABASE EXISTS. The recipe for building that
> # database is in ../dbInitialization/createHintTest.sql
> 
> # THIS EXAMPLE USES THE BRAIN HINT OUTPUT MADE BY RUNNING make hint at /scratch/data/footprints
> 
> print(date())
[1] "Tue Sep 26 21:31:49 2017"
> #-------------------------------------------------------------------------------
> # set path to hint output 
> data.path <- "/scratch/data/footprints/gonad_wellington_16"
> #-------------------------------------------------------------------------------
> # establish database connections:
> 
> if(!exists("db.wellington"))
+     db.wellington <- "gonad_wellington_16_localhost"
> 
> if(!exists("db.fimo"))
+     db.fimo <- "fimo_localhost"
> #-------------------------------------------------------------------------------
> # Source the libraries
> source("../src/dependencies.R")
Loading required package: stats4
Loading required package: BiocGenerics
Loading required package: parallel

Attaching package: ‘BiocGenerics’

The following objects are masked from ‘package:parallel’:

    clusterApply, clusterApplyLB, clusterCall, clusterEvalQ,
    clusterExport, clusterMap, parApply, parCapply, parLapply,
    parLapplyLB, parRapply, parSapply, parSapplyLB

The following objects are masked from ‘package:stats’:

    IQR, mad, sd, var, xtabs

The following objects are masked from ‘package:base’:

    anyDuplicated, append, as.data.frame, cbind, colMeans, colnames,
    colSums, do.call, duplicated, eval, evalq, Filter, Find, get, grep,
    grepl, intersect, is.unsorted, lapply, lengths, Map, mapply, match,
    mget, order, paste, pmax, pmax.int, pmin, pmin.int, Position, rank,
    rbind, Reduce, rowMeans, rownames, rowSums, sapply, setdiff, sort,
    table, tapply, union, unique, unsplit, which, which.max, which.min

Loading required package: S4Vectors

Attaching package: ‘S4Vectors’

The following object is masked from ‘package:base’:

    expand.grid

Loading required package: IRanges
Loading required package: GenomeInfoDb
Loading required package: DBI
> source("../src/dbFunctions.R")
> source("../src/tableParsing.R")
> source("../src/tests.R")
> source("../src/main_Bioc.R")
> 
> if(!interactive()){    
+     chromosomes <- paste0("chr",1:10)
+     
+     # Create parallel structure here
+     library(BiocParallel)
+     register(MulticoreParam(workers = 25, stop.on.error = FALSE, log = TRUE), default = TRUE)
+ 
+     # Run on all 24 possible chromosomes at once
+     result <- bptry(bplapply(chromosomes, fillAllSamplesByChromosome,
+              dbConnection = db.wellington,
+              fimo = db.fimo,
+              minid = "gonad_wellington_16.minid",
+              dbUser = "trena",
+              dbTable = "gonad_wellington_16",
+              sourcePath = data.path,
+              isTest = FALSE,
+              method = "WELLINGTON"))
+ }
############### LOG OUTPUT ###############
Task: 9
Node: 9
Timestamp: 2017-09-26 22:09:14
Success: TRUE
Task duration:
    user   system  elapsed 
1236.696   88.676 2234.054 
Memory used:
          used (Mb) gc trigger  (Mb) max used (Mb)
Ncells 1647384 88.0    2637877 140.9  1853681 99.0
Vcells 1727083 13.2    3142662  24.0  2552183 19.5
Log messages:
stderr and stdout:
[1] ---- ENCSR475SYH (chr9) (1/3)
[1] "Data table read. Merging with Fimo..."
[1] "Merged. Now splitting table to regions and hits..."
[1] filling 491017 regions, 748440 hits for ENCSR475SYH
[1] 748440 hits in 491017 regions
[1] ---- ENCSR501FWC (chr9) (2/3)
[1] "Data table read. Merging with Fimo..."
[1] "Merged. Now splitting table to regions and hits..."
[1] filling 899726 regions, 1533354 hits for ENCSR501FWC
[1] 4674125 hits in 2783007 regions
[1] ---- ENCSR855DJV (chr9) (3/3)
[1] "Data table read. Merging with Fimo..."
[1] "Merged. Now splitting table to regions and hits..."
[1] filling 551595 regions, 872352 hits for ENCSR855DJV
[1] 8110591 hits in 4735414 regions
############### LOG OUTPUT ###############
Task: 10
Node: 10
Timestamp: 2017-09-26 22:16:07
Success: TRUE
Task duration:
    user   system  elapsed 
1374.520  195.848 2636.373 
Memory used:
          used (Mb) gc trigger  (Mb) max used (Mb)
Ncells 1647381 88.0    2637877 140.9  1853678 99.0
Vcells 1727083 13.2    3142662  24.0  2552183 19.5
Log messages:
stderr and stdout:
[1] ---- ENCSR475SYH (chr10) (1/3)
[1] "Data table read. Merging with Fimo..."
[1] "Merged. Now splitting table to regions and hits..."
[1] filling 257677 regions, 361613 hits for ENCSR475SYH
[1] 689969 hits in 492459 regions
[1] ---- ENCSR501FWC (chr10) (2/3)
[1] "Data table read. Merging with Fimo..."
[1] "Merged. Now splitting table to regions and hits..."
[1] filling 344078 regions, 489057 hits for ENCSR501FWC
[1] 2703696 hits in 1854371 regions
[1] ---- ENCSR855DJV (chr10) (3/3)
[1] "Data table read. Merging with Fimo..."
[1] "Merged. Now splitting table to regions and hits..."
[1] filling 265519 regions, 380571 hits for ENCSR855DJV
[1] 5363133 hits in 3421118 regions
############### LOG OUTPUT ###############
Task: 7
Node: 7
Timestamp: 2017-09-26 22:18:42
Success: TRUE
Task duration:
    user   system  elapsed 
1595.252  189.172 2784.606 
Memory used:
          used (Mb) gc trigger  (Mb) max used (Mb)
Ncells 1648365 88.1    2637877 140.9  1853678 99.0
Vcells 1729576 13.2    3142662  24.0  2552183 19.5
Log messages:
stderr and stdout:
[1] ---- ENCSR475SYH (chr7) (1/3)
[1] "Data table read. Merging with Fimo..."
[1] "Merged. Now splitting table to regions and hits..."
[1] filling 299826 regions, 419367 hits for ENCSR475SYH
[1] 1464323 hits in 1044096 regions
[1] ---- ENCSR501FWC (chr7) (2/3)
[1] "Data table read. Merging with Fimo..."
[1] "Merged. Now splitting table to regions and hits..."
[1] filling 378891 regions, 538964 hits for ENCSR501FWC
[1] 4134716 hits in 2722043 regions
[1] ---- ENCSR855DJV (chr7) (3/3)
[1] "Data table read. Merging with Fimo..."
[1] "Merged. Now splitting table to regions and hits..."
[1] filling 287185 regions, 411184 hits for ENCSR855DJV
[1] 6299938 hits in 3886319 regions
############### LOG OUTPUT ###############
Task: 8
Node: 8
Timestamp: 2017-09-26 22:19:01
Success: TRUE
Task duration:
    user   system  elapsed 
1396.132  684.416 2803.357 
Memory used:
          used (Mb) gc trigger  (Mb) max used (Mb)
Ncells 1648366 88.1    2637877 140.9  1853678 99.0
Vcells 1729577 13.2    3142662  24.0  2552183 19.5
Log messages:
stderr and stdout:
[1] ---- ENCSR475SYH (chr8) (1/3)
[1] "Data table read. Merging with Fimo..."
[1] "Merged. Now splitting table to regions and hits..."
[1] filling 234782 regions, 328356 hits for ENCSR475SYH
[1] 328356 hits in 234782 regions
[1] ---- ENCSR501FWC (chr8) (2/3)
[1] "Data table read. Merging with Fimo..."
[1] "Merged. Now splitting table to regions and hits..."
[1] filling 306820 regions, 436478 hits for ENCSR501FWC
[1] 3140174 hits in 2101587 regions
[1] ---- ENCSR855DJV (chr8) (3/3)
[1] "Data table read. Merging with Fimo..."
[1] "Merged. Now splitting table to regions and hits..."
[1] filling 234931 regions, 336271 hits for ENCSR855DJV
[1] 6636209 hits in 4030582 regions
############### LOG OUTPUT ###############
Task: 7
Node: 7
Timestamp: 2017-09-26 22:22:13
Success: TRUE
Task duration:
    user   system  elapsed 
1774.004  165.980 3007.790 
Memory used:
          used (Mb) gc trigger  (Mb) max used (Mb)
Ncells 1648368 88.1    2637877 140.9  1853681 99.0
Vcells 1729576 13.2    3142662  24.0  2552183 19.5
Log messages:
stderr and stdout:
[1] ---- ENCSR475SYH (chr7) (1/3)
[1] "Data table read. Merging with Fimo..."
[1] "Merged. Now splitting table to regions and hits..."
[1] filling 595055 regions, 909001 hits for ENCSR475SYH
[1] 2375395 hits in 1559625 regions
[1] ---- ENCSR501FWC (chr7) (2/3)
[1] "Data table read. Merging with Fimo..."
[1] "Merged. Now splitting table to regions and hits..."
[1] filling 1102773 regions, 1873004 hits for ENCSR501FWC
[1] 9983595 hits in 5617812 regions
[1] ---- ENCSR855DJV (chr7) (3/3)
[1] "Data table read. Merging with Fimo..."
[1] "Merged. Now splitting table to regions and hits..."
[1] filling 632463 regions, 1000551 hits for ENCSR855DJV
[1] 23738949 hits in 12740763 regions
############### LOG OUTPUT ###############
Task: 8
Node: 8
Timestamp: 2017-09-26 22:24:48
Success: TRUE
Task duration:
    user   system  elapsed 
1448.988  941.260 3156.940 
Memory used:
          used (Mb) gc trigger  (Mb) max used (Mb)
Ncells 1648369 88.1    2637877 140.9  1853681 99.0
Vcells 1729577 13.2    3142662  24.0  2552183 19.5
Log messages:
stderr and stdout:
[1] ---- ENCSR475SYH (chr8) (1/3)
[1] "Data table read. Merging with Fimo..."
[1] "Merged. Now splitting table to regions and hits..."
[1] filling 473553 regions, 717954 hits for ENCSR475SYH
[1] 1466394 hits in 964570 regions
[1] ---- ENCSR501FWC (chr8) (2/3)
[1] "Data table read. Merging with Fimo..."
[1] "Merged. Now splitting table to regions and hits..."
[1] filling 936495 regions, 1588765 hits for ENCSR501FWC
[1] 11572360 hits in 6383870 regions
[1] ---- ENCSR855DJV (chr8) (3/3)
[1] "Data table read. Merging with Fimo..."
[1] "Merged. Now splitting table to regions and hits..."
[1] filling 536109 regions, 848995 hits for ENCSR855DJV
[1] 24587944 hits in 13007836 regions
############### LOG OUTPUT ###############
Task: 9
Node: 9
Timestamp: 2017-09-26 22:25:23
Success: TRUE
Task duration:
    user   system  elapsed 
1184.804 1014.172 3196.612 
Memory used:
          used (Mb) gc trigger  (Mb) max used (Mb)
Ncells 1648367 88.1    2637877 140.9  1853678 99.0
Vcells 1729578 13.2    3142662  24.0  2552183 19.5
Log messages:
stderr and stdout:
[1] ---- ENCSR475SYH (chr9) (1/3)
[1] "Data table read. Merging with Fimo..."
[1] "Merged. Now splitting table to regions and hits..."
[1] filling 251811 regions, 354987 hits for ENCSR475SYH
[1] 1044956 hits in 744270 regions
[1] ---- ENCSR501FWC (chr9) (2/3)
[1] "Data table read. Merging with Fimo..."
[1] "Merged. Now splitting table to regions and hits..."
[1] filling 298255 regions, 425661 hits for ENCSR501FWC
[1] 4560377 hits in 2957639 regions
[1] ---- ENCSR855DJV (chr9) (3/3)
[1] "Data table read. Merging with Fimo..."
[1] "Merged. Now splitting table to regions and hits..."
[1] filling 245614 regions, 352613 hits for ENCSR855DJV
[1] 8792963 hits in 5299401 regions
############### LOG OUTPUT ###############
Task: 6
Node: 6
Timestamp: 2017-09-26 22:28:01
Success: TRUE
Task duration:
    user   system  elapsed 
1907.224  300.568 3346.594 
Memory used:
          used (Mb) gc trigger  (Mb) max used (Mb)
Ncells 1648370 88.1    2637877 140.9  1853681 99.0
Vcells 1729578 13.2    3142662  24.0  2552183 19.5
Log messages:
stderr and stdout:
[1] ---- ENCSR475SYH (chr6) (1/3)
[1] "Data table read. Merging with Fimo..."
[1] "Merged. Now splitting table to regions and hits..."
[1] filling 603405 regions, 919128 hits for ENCSR475SYH
[1] 5593253 hits in 3386412 regions
[1] ---- ENCSR501FWC (chr6) (2/3)
[1] "Data table read. Merging with Fimo..."
[1] "Merged. Now splitting table to regions and hits..."
[1] filling 1182638 regions, 2009887 hits for ENCSR501FWC
[1] 15288886 hits in 8175690 regions
[1] ---- ENCSR855DJV (chr6) (3/3)
[1] "Data table read. Merging with Fimo..."
[1] "Merged. Now splitting table to regions and hits..."
[1] filling 666353 regions, 1050460 hits for ENCSR855DJV
[1] 25638404 hits in 13339111 regions
############### LOG OUTPUT ###############
Task: 10
Node: 10
Timestamp: 2017-09-26 22:29:36
Success: TRUE
Task duration:
    user   system  elapsed 
1472.024 1045.120 3444.778 
Memory used:
          used (Mb) gc trigger  (Mb) max used (Mb)
Ncells 1648371 88.1    2637877 140.9  1853681 99.0
Vcells 1729579 13.2    3142662  24.0  2552183 19.5
Log messages:
stderr and stdout:
[1] ---- ENCSR475SYH (chr10) (1/3)
[1] "Data table read. Merging with Fimo..."
[1] "Merged. Now splitting table to regions and hits..."
[1] filling 504060 regions, 765376 hits for ENCSR475SYH
[1] 3140771 hits in 2063685 regions
[1] ---- ENCSR501FWC (chr10) (2/3)
[1] "Data table read. Merging with Fimo..."
[1] "Merged. Now splitting table to regions and hits..."
[1] filling 1011980 regions, 1706639 hits for ENCSR501FWC
[1] 13278999 hits in 7210000 regions
[1] ---- ENCSR855DJV (chr10) (3/3)
[1] "Data table read. Merging with Fimo..."
[1] "Merged. Now splitting table to regions and hits..."
[1] filling 592909 regions, 934803 hits for ENCSR855DJV
[1] 26573207 hits in 13639636 regions
############### LOG OUTPUT ###############
Task: 5
Node: 5
Timestamp: 2017-09-26 22:30:37
Success: TRUE
Task duration:
    user   system  elapsed 
1869.772  300.768 3499.998 
Memory used:
          used (Mb) gc trigger  (Mb) max used (Mb)
Ncells 1648368 88.1    2637877 140.9  1853678 99.0
Vcells 1729579 13.2    3142662  24.0  2552183 19.5
Log messages:
stderr and stdout:
[1] ---- ENCSR475SYH (chr5) (1/3)
[1] "Data table read. Merging with Fimo..."
[1] "Merged. Now splitting table to regions and hits..."
[1] filling 273122 regions, 383930 hits for ENCSR475SYH
[1] 1848253 hits in 1317218 regions
[1] ---- ENCSR501FWC (chr5) (2/3)
[1] "Data table read. Merging with Fimo..."
[1] "Merged. Now splitting table to regions and hits..."
[1] filling 369587 regions, 525621 hits for ENCSR501FWC
[1] 5888754 hits in 3719481 regions
[1] ---- ENCSR855DJV (chr5) (3/3)
[1] "Data table read. Merging with Fimo..."
[1] "Merged. Now splitting table to regions and hits..."
[1] filling 262989 regions, 376151 hits for ENCSR855DJV
[1] 10312008 hits in 6195563 regions
############### LOG OUTPUT ###############
Task: 4
Node: 4
Timestamp: 2017-09-26 22:32:07
Success: TRUE
Task duration:
    user   system  elapsed 
1920.748  342.428 3586.771 
Memory used:
          used (Mb) gc trigger  (Mb) max used (Mb)
Ncells 1648369 88.1    2637877 140.9  1853678 99.0
Vcells 1729580 13.2    3142662  24.0  2552183 19.5
Log messages:
stderr and stdout:
[1] ---- ENCSR475SYH (chr4) (1/3)
[1] "Data table read. Merging with Fimo..."
[1] "Merged. Now splitting table to regions and hits..."
[1] filling 262470 regions, 366386 hits for ENCSR475SYH
[1] 2214639 hits in 1579688 regions
[1] ---- ENCSR501FWC (chr4) (2/3)
[1] "Data table read. Merging with Fimo..."
[1] "Merged. Now splitting table to regions and hits..."
[1] filling 349740 regions, 496280 hits for ENCSR501FWC
[1] 7132489 hits in 4310061 regions
[1] ---- ENCSR855DJV (chr4) (3/3)
[1] "Data table read. Merging with Fimo..."
[1] "Merged. Now splitting table to regions and hits..."
[1] filling 250673 regions, 359315 hits for ENCSR855DJV
[1] 10671323 hits in 6347890 regions
############### LOG OUTPUT ###############
Task: 5
Node: 5
Timestamp: 2017-09-26 22:33:37
Success: TRUE
Task duration:
    user   system  elapsed 
2053.556  362.384 3683.104 
Memory used:
          used (Mb) gc trigger  (Mb) max used (Mb)
Ncells 1648372 88.1    2637877 140.9  1853681 99.0
Vcells 1729580 13.2    3142662  24.0  2552183 19.5
Log messages:
stderr and stdout:
[1] ---- ENCSR475SYH (chr5) (1/3)
[1] "Data table read. Merging with Fimo..."
[1] "Merged. Now splitting table to regions and hits..."
[1] filling 557752 regions, 850528 hits for ENCSR475SYH
[1] 6443781 hits in 4465219 regions
[1] ---- ENCSR501FWC (chr5) (2/3)
[1] "Data table read. Merging with Fimo..."
[1] "Merged. Now splitting table to regions and hits..."
[1] filling 1122844 regions, 1894000 hits for ENCSR501FWC
[1] 21031176 hits in 11612367 regions
[1] ---- ENCSR855DJV (chr5) (3/3)
[1] "Data table read. Merging with Fimo..."
[1] "Merged. Now splitting table to regions and hits..."
[1] filling 601900 regions, 951879 hits for ENCSR855DJV
[1] 27525086 hits in 13936297 regions
############### LOG OUTPUT ###############
Task: 4
Node: 4
Timestamp: 2017-09-26 22:35:02
Success: TRUE
Task duration:
    user   system  elapsed 
2128.992  317.940 3767.841 
Memory used:
          used (Mb) gc trigger  (Mb) max used (Mb)
Ncells 1648373 88.1    2637877 140.9  1853681 99.0
Vcells 1729581 13.2    3142662  24.0  2552183 19.5
Log messages:
stderr and stdout:
[1] ---- ENCSR475SYH (chr4) (1/3)
[1] "Data table read. Merging with Fimo..."
[1] "Merged. Now splitting table to regions and hits..."
[1] filling 521055 regions, 794458 hits for ENCSR475SYH
[1] 7238239 hits in 4465219 regions
[1] ---- ENCSR501FWC (chr4) (2/3)
[1] "Data table read. Merging with Fimo..."
[1] "Merged. Now splitting table to regions and hits..."
[1] filling 1012269 regions, 1707222 hits for ENCSR501FWC
[1] 22738398 hits in 12441398 regions
[1] ---- ENCSR855DJV (chr4) (3/3)
[1] "Data table read. Merging with Fimo..."
[1] "Merged. Now splitting table to regions and hits..."
[1] filling 549014 regions, 865014 hits for ENCSR855DJV
[1] 28390100 hits in 14207011 regions
############### LOG OUTPUT ###############
Task: 3
Node: 3
Timestamp: 2017-09-26 22:36:23
Success: TRUE
Task duration:
    user   system  elapsed 
2093.280  254.288 3841.000 
Memory used:
          used (Mb) gc trigger  (Mb) max used (Mb)
Ncells 1648370 88.1    2637877 140.9  1853678 99.0
Vcells 1729581 13.2    3142662  24.0  2552183 19.5
Log messages:
stderr and stdout:
[1] ---- ENCSR475SYH (chr3) (1/3)
[1] "Data table read. Merging with Fimo..."
[1] "Merged. Now splitting table to regions and hits..."
[1] filling 324364 regions, 455578 hits for ENCSR475SYH
[1] 3595752 hits in 2425951 regions
[1] ---- ENCSR501FWC (chr3) (2/3)
[1] "Data table read. Merging with Fimo..."
[1] "Merged. Now splitting table to regions and hits..."
[1] filling 424673 regions, 607269 hits for ENCSR501FWC
[1] 8440350 hits in 5145441 regions
[1] ---- ENCSR855DJV (chr3) (3/3)
[1] "Data table read. Merging with Fimo..."
[1] "Merged. Now splitting table to regions and hits..."
[1] filling 341818 regions, 491280 hits for ENCSR855DJV
[1] 11162603 hits in 6562705 regions
############### LOG OUTPUT ###############
Task: 6
Node: 6
Timestamp: 2017-09-26 22:43:21
Success: TRUE
Task duration:
    user   system  elapsed 
1623.424 1533.948 4268.745 
Memory used:
          used (Mb) gc trigger  (Mb) max used (Mb)
Ncells 1648371 88.1    2637877 140.9  1853678 99.0
Vcells 1729582 13.2    3142662  24.0  2552183 19.5
Log messages:
stderr and stdout:
[1] ---- ENCSR475SYH (chr6) (1/3)
[1] "Data table read. Merging with Fimo..."
[1] "Merged. Now splitting table to regions and hits..."
[1] filling 300942 regions, 422185 hits for ENCSR475SYH
[1] 4982562 hits in 3258581 regions
[1] ---- ENCSR501FWC (chr6) (2/3)
[1] "Data table read. Merging with Fimo..."
[1] "Merged. Now splitting table to regions and hits..."
[1] filling 385156 regions, 548447 hits for ENCSR501FWC
[1] 9935857 hits in 6032627 regions
[1] ---- ENCSR855DJV (chr6) (3/3)
[1] "Data table read. Merging with Fimo..."
[1] "Merged. Now splitting table to regions and hits..."
[1] filling 293420 regions, 422158 hits for ENCSR855DJV
[1] 12533121 hits in 7274253 regions
############### LOG OUTPUT ###############
Task: 3
Node: 3
Timestamp: 2017-09-26 22:56:50
Success: TRUE
Task duration:
    user   system  elapsed 
2183.888 1374.496 5074.001 
Memory used:
          used (Mb) gc trigger  (Mb) max used (Mb)
Ncells 1648374 88.1    2637877 140.9  1853681 99.0
Vcells 1729582 13.2    3142662  24.0  2552183 19.5
Log messages:
stderr and stdout:
[1] ---- ENCSR475SYH (chr3) (1/3)
[1] "Data table read. Merging with Fimo..."
[1] "Merged. Now splitting table to regions and hits..."
[1] filling 650772 regions, 994164 hits for ENCSR475SYH
[1] 16283050 hits in 8826462 regions
[1] ---- ENCSR501FWC (chr3) (2/3)
[1] "Data table read. Merging with Fimo..."
[1] "Merged. Now splitting table to regions and hits..."
[1] filling 1308373 regions, 2222290 hits for ENCSR501FWC
[1] 30612390 hits in 15272375 regions
[1] ---- ENCSR855DJV (chr3) (3/3)
[1] "Data table read. Merging with Fimo..."
[1] "Merged. Now splitting table to regions and hits..."
[1] filling 761595 regions, 1201137 hits for ENCSR855DJV
[1] 38014680 hits in 18600200 regions
############### LOG OUTPUT ###############
Task: 1
Node: 1
Timestamp: 2017-09-26 22:57:59
Success: TRUE
Task duration:
    user   system  elapsed 
2519.732  696.708 5116.546 
Memory used:
          used (Mb) gc trigger  (Mb) max used (Mb)
Ncells 1648372 88.1    2637877 140.9  1853678 99.0
Vcells 1729583 13.2    3142662  24.0  2552183 19.5
Log messages:
stderr and stdout:
[1] ---- ENCSR475SYH (chr1) (1/3)
[1] "Data table read. Merging with Fimo..."
[1] "Merged. Now splitting table to regions and hits..."
[1] filling 496601 regions, 700592 hits for ENCSR475SYH
[1] 7833081 hits in 4806662 regions
[1] ---- ENCSR501FWC (chr1) (2/3)
[1] "Data table read. Merging with Fimo..."
[1] "Merged. Now splitting table to regions and hits..."
[1] filling 663170 regions, 948360 hits for ENCSR501FWC
[1] 12110963 hits in 7088728 regions
[1] ---- ENCSR855DJV (chr1) (3/3)
[1] "Data table read. Merging with Fimo..."
[1] "Merged. Now splitting table to regions and hits..."
[1] filling 494341 regions, 714799 hits for ENCSR855DJV
[1] 14033289 hits in 8013421 regions
############### LOG OUTPUT ###############
Task: 1
Node: 1
Timestamp: 2017-09-26 23:00:15
Success: TRUE
Task duration:
    user   system  elapsed 
2681.360  609.168 5272.074 
Memory used:
          used (Mb) gc trigger  (Mb) max used (Mb)
Ncells 1648375 88.1    2637877 140.9  1853681 99.0
Vcells 1729583 13.2    3142662  24.0  2552183 19.5
Log messages:
stderr and stdout:
[1] ---- ENCSR475SYH (chr1) (1/3)
[1] "Data table read. Merging with Fimo..."
[1] "Merged. Now splitting table to regions and hits..."
[1] filling 1005118 regions, 1539522 hits for ENCSR475SYH
[1] 17822572 hits in 9831580 regions
[1] ---- ENCSR501FWC (chr1) (2/3)
[1] "Data table read. Merging with Fimo..."
[1] "Merged. Now splitting table to regions and hits..."
[1] filling 1997862 regions, 3407483 hits for ENCSR501FWC
[1] 34019873 hits in 16875017 regions
[1] ---- ENCSR855DJV (chr1) (3/3)
[1] "Data table read. Merging with Fimo..."
[1] "Merged. Now splitting table to regions and hits..."
[1] filling 1141906 regions, 1823746 hits for ENCSR855DJV
[1] 39838426 hits in 19128719 regions
############### LOG OUTPUT ###############
Task: 2
Node: 2
Timestamp: 2017-09-26 23:04:45
Success: TRUE
Task duration:
    user   system  elapsed 
2238.888 1467.492 5543.770 
Memory used:
          used (Mb) gc trigger  (Mb) max used (Mb)
Ncells 1648373 88.1    2637877 140.9  1853678 99.0
Vcells 1729584 13.2    3142662  24.0  2552183 19.5
Log messages:
stderr and stdout:
[1] ---- ENCSR475SYH (chr2) (1/3)
[1] "Data table read. Merging with Fimo..."
[1] "Merged. Now splitting table to regions and hits..."
[1] filling 422616 regions, 594447 hits for ENCSR475SYH
[1] 9387410 hits in 5722017 regions
[1] ---- ENCSR501FWC (chr2) (2/3)
[1] "Data table read. Merging with Fimo..."
[1] "Merged. Now splitting table to regions and hits..."
[1] filling 551024 regions, 785369 hits for ENCSR501FWC
[1] 13318490 hits in 7718410 regions
[1] ---- ENCSR855DJV (chr2) (3/3)
[1] "Data table read. Merging with Fimo..."
[1] "Merged. Now splitting table to regions and hits..."
[1] filling 409858 regions, 587395 hits for ENCSR855DJV
[1] 14620684 hits in 8269104 regions
> 
> print(bpok(result))
 [1] TRUE TRUE TRUE TRUE TRUE TRUE TRUE TRUE TRUE TRUE
> print("Database fill complete")
[1] "Database fill complete"
> print(date())
[1] "Tue Sep 26 23:04:45 2017"
> 
############### LOG OUTPUT ###############
Task: 2
Node: 2
Timestamp: 2017-09-26 23:04:45
Success: TRUE
Task duration:
    user   system  elapsed 
2848.640  668.104 5542.223 
Memory used:
          used (Mb) gc trigger  (Mb) max used (Mb)
Ncells 1648376 88.1    2637877 140.9  1853681 99.0
Vcells 1729584 13.2    3142662  24.0  2552183 19.5
Log messages:
stderr and stdout:
[1] ---- ENCSR475SYH (chr2) (1/3)
[1] "Data table read. Merging with Fimo..."
[1] "Merged. Now splitting table to regions and hits..."
[1] filling 858517 regions, 1314604 hits for ENCSR475SYH
[1] 19137176 hits in 10690097 regions
[1] ---- ENCSR501FWC (chr2) (2/3)
[1] "Data table read. Merging with Fimo..."
[1] "Merged. Now splitting table to regions and hits..."
[1] filling 1650026 regions, 2793670 hits for ENCSR501FWC
[1] 36813543 hits in 18213082 regions
[1] ---- ENCSR855DJV (chr2) (3/3)
[1] "Data table read. Merging with Fimo..."
[1] "Merged. Now splitting table to regions and hits..."
[1] filling 941546 regions, 1496650 hits for ENCSR855DJV
[1] 41335076 hits in 19593708 regions
> 
> print(bpok(result))
 [1] TRUE TRUE TRUE TRUE TRUE TRUE TRUE TRUE TRUE TRUE
> print("Database fill complete")
[1] "Database fill complete"
> print(date())
[1] "Tue Sep 26 23:04:45 2017"
> 

R version 3.4.1 (2017-06-30) -- "Single Candle"
Copyright (C) 2017 The R Foundation for Statistical Computing
Platform: x86_64-pc-linux-gnu (64-bit)

R is free software and comes with ABSOLUTELY NO WARRANTY.
You are welcome to redistribute it under certain conditions.
Type 'license()' or 'licence()' for distribution details.

  Natural language support but running in an English locale

R is a collaborative project with many contributors.
Type 'contributors()' for more information and
'citation()' on how to cite R or R packages in publications.

Type 'demo()' for some demos, 'help()' for on-line help, or
'help.start()' for an HTML browser interface to help.
Type 'q()' to quit R.

> # users can either step through this file, or call this file with 
> # r -f example.R
> 
> # THIS ASSUMES THAT THE TESTHINT DATABASE EXISTS. The recipe for building that
> # database is in ../dbInitialization/createHintTest.sql
> 
> # THIS EXAMPLE USES THE BRAIN HINT OUTPUT MADE BY RUNNING make hint at /scratch/data/footprints
> 
> print(date())
[1] "Tue Sep 26 23:14:50 2017"
> #-------------------------------------------------------------------------------
> # set path to hint output 
> data.path <- "/scratch/data/footprints/gonad_hint_16"
> #-------------------------------------------------------------------------------
> # establish database connections:
> 
> if(!exists("db.hint"))
+     db.hint <- "gonad_hint_16_localhost"
> 
> if(!exists("db.fimo"))
+     db.fimo <- "fimo_localhost"
> #-------------------------------------------------------------------------------
> # Source the libraries
> source("../src/dependencies.R")
Loading required package: stats4
Loading required package: BiocGenerics
Loading required package: parallel

Attaching package: ‘BiocGenerics’

The following objects are masked from ‘package:parallel’:

    clusterApply, clusterApplyLB, clusterCall, clusterEvalQ,
    clusterExport, clusterMap, parApply, parCapply, parLapply,
    parLapplyLB, parRapply, parSapply, parSapplyLB

The following objects are masked from ‘package:stats’:

    IQR, mad, sd, var, xtabs

The following objects are masked from ‘package:base’:

    anyDuplicated, append, as.data.frame, cbind, colMeans, colnames,
    colSums, do.call, duplicated, eval, evalq, Filter, Find, get, grep,
    grepl, intersect, is.unsorted, lapply, lengths, Map, mapply, match,
    mget, order, paste, pmax, pmax.int, pmin, pmin.int, Position, rank,
    rbind, Reduce, rowMeans, rownames, rowSums, sapply, setdiff, sort,
    table, tapply, union, unique, unsplit, which, which.max, which.min

Loading required package: S4Vectors

Attaching package: ‘S4Vectors’

The following object is masked from ‘package:base’:

    expand.grid

Loading required package: IRanges
Loading required package: GenomeInfoDb
Loading required package: DBI
> source("../src/dbFunctions.R")
> source("../src/tableParsing.R")
> source("../src/tests.R")
> source("../src/main_Bioc.R")
> 
> if(!interactive()){    
+     chromosomes <- paste0("chr",c(11:22,"X","Y","MT"))
+     
+     # Create parallel structure here    
+     library(BiocParallel)    
+     register(MulticoreParam(workers = 25, stop.on.error = FALSE, log = TRUE), default = TRUE)
+ 
+     # Run on all 24 possible chromosomes at once
+     result <- bptry(bplapply(chromosomes,fillAllSamplesByChromosome,
+              dbConnection = db.hint,             
+              fimo = db.fimo,             
+              minid = "gonad_hint_16.minid",             
+              dbUser = "trena",             
+              dbTable = "gonad_hint_16",             
+              sourcePath = data.path,             
+              isTest = FALSE,             
+              method = "HINT"))    
+ }

R version 3.4.1 (2017-06-30) -- "Single Candle"
Copyright (C) 2017 The R Foundation for Statistical Computing
Platform: x86_64-pc-linux-gnu (64-bit)

R is free software and comes with ABSOLUTELY NO WARRANTY.
You are welcome to redistribute it under certain conditions.
Type 'license()' or 'licence()' for distribution details.

  Natural language support but running in an English locale

R is a collaborative project with many contributors.
Type 'contributors()' for more information and
'citation()' on how to cite R or R packages in publications.

Type 'demo()' for some demos, 'help()' for on-line help, or
'help.start()' for an HTML browser interface to help.
Type 'q()' to quit R.

> # users can either step through this file, or call this file with 
> # r -f example.R
> 
> # THIS ASSUMES THAT THE TESTHINT DATABASE EXISTS. The recipe for building that
> # database is in ../dbInitialization/createHintTest.sql
> 
> # THIS EXAMPLE USES THE BRAIN HINT OUTPUT MADE BY RUNNING make hint at /scratch/data/footprints
> 
> print(date())
[1] "Tue Sep 26 23:14:55 2017"
> #-------------------------------------------------------------------------------
> # set path to hint output 
> data.path <- "/scratch/data/footprints/gonad_wellington_16"
> #-------------------------------------------------------------------------------
> # establish database connections:
> 
> if(!exists("db.wellington"))
+     db.wellington <- "gonad_wellington_16_localhost"
> 
> if(!exists("db.fimo"))
+     db.fimo <- "fimo_localhost"
> #-------------------------------------------------------------------------------
> # Source the libraries
> source("../src/dependencies.R")
Loading required package: stats4
Loading required package: BiocGenerics
Loading required package: parallel

Attaching package: ‘BiocGenerics’

The following objects are masked from ‘package:parallel’:

    clusterApply, clusterApplyLB, clusterCall, clusterEvalQ,
    clusterExport, clusterMap, parApply, parCapply, parLapply,
    parLapplyLB, parRapply, parSapply, parSapplyLB

The following objects are masked from ‘package:stats’:

    IQR, mad, sd, var, xtabs

The following objects are masked from ‘package:base’:

    anyDuplicated, append, as.data.frame, cbind, colMeans, colnames,
    colSums, do.call, duplicated, eval, evalq, Filter, Find, get, grep,
    grepl, intersect, is.unsorted, lapply, lengths, Map, mapply, match,
    mget, order, paste, pmax, pmax.int, pmin, pmin.int, Position, rank,
    rbind, Reduce, rowMeans, rownames, rowSums, sapply, setdiff, sort,
    table, tapply, union, unique, unsplit, which, which.max, which.min

Loading required package: S4Vectors

Attaching package: ‘S4Vectors’

The following object is masked from ‘package:base’:

    expand.grid

Loading required package: IRanges
Loading required package: GenomeInfoDb
Loading required package: DBI
> source("../src/dbFunctions.R")
> source("../src/tableParsing.R")
> source("../src/tests.R")
> source("../src/main_Bioc.R")
> 
> if(!interactive()){    
+     chromosomes <- paste0("chr",c(11:22,"X","Y","MT"))
+     
+     # Create parallel structure here
+     library(BiocParallel)
+     register(MulticoreParam(workers = 25, stop.on.error = FALSE, log = TRUE), default = TRUE)
+ 
+     # Run on all 24 possible chromosomes at once
+     result <- bptry(bplapply(chromosomes, fillAllSamplesByChromosome,
+              dbConnection = db.wellington,
+              fimo = db.fimo,
+              minid = "gonad_wellington_16.minid",
+              dbUser = "trena",
+              dbTable = "gonad_wellington_16",
+              sourcePath = data.path,
+              isTest = FALSE,
+              method = "WELLINGTON"))
+ }
############### LOG OUTPUT ###############
Task: 15
Node: 15
Timestamp: 2017-09-26 23:15:08
Success: TRUE
Task duration:
   user  system elapsed 
  7.408   0.124   7.532 
Memory used:
          used (Mb) gc trigger  (Mb) max used (Mb)
Ncells 1647457 88.0    2637877 140.9  1853805 99.1
Vcells 1727111 13.2    3142662  24.0  2552219 19.5
Log messages:
stderr and stdout:
[1] ---- ENCSR475SYH (chrMT) (1/3)
[1] "Data table read. Merging with Fimo..."
[1] No rows matching chrMT
############### LOG OUTPUT ###############
Task: 15
Node: 15
Timestamp: 2017-09-26 23:15:12
Success: TRUE
Task duration:
   user  system elapsed 
 17.036   0.420  17.466 
Memory used:
          used (Mb) gc trigger  (Mb) max used (Mb)
Ncells 1647460 88.0    2637877 140.9  1853808 99.1
Vcells 1727111 13.2    3142662  24.0  2552219 19.5
Log messages:
stderr and stdout:
[1] ---- ENCSR475SYH (chrMT) (1/3)
[1] "Data table read. Merging with Fimo..."
[1] No rows matching chrMT
############### LOG OUTPUT ###############
Task: 14
Node: 14
Timestamp: 2017-09-26 23:33:13
Success: TRUE
Task duration:
    user   system  elapsed 
 281.284   13.472 1089.829 
Memory used:
          used (Mb) gc trigger  (Mb) max used (Mb)
Ncells 1648449 88.1    2637877 140.9  1853805 99.1
Vcells 1729684 13.2    3142662  24.0  2552219 19.5
Log messages:
stderr and stdout:
[1] ---- ENCSR475SYH (chrY) (1/3)
[1] "Data table read. Merging with Fimo..."
[1] "Merged. Now splitting table to regions and hits..."
[1] filling 47244 regions, 65770 hits for ENCSR475SYH
[1] 14686454 hits in 8316348 regions
[1] ---- ENCSR501FWC (chrY) (2/3)
[1] "Data table read. Merging with Fimo..."
[1] "Merged. Now splitting table to regions and hits..."
[1] filling 28870 regions, 40504 hits for ENCSR501FWC
[1] 14726958 hits in 8333352 regions
[1] ---- ENCSR855DJV (chrY) (3/3)
[1] "Data table read. Merging with Fimo..."
[1] "Merged. Now splitting table to regions and hits..."
[1] filling 28834 regions, 41331 hits for ENCSR855DJV
[1] 14768289 hits in 8344970 regions
############### LOG OUTPUT ###############
Task: 14
Node: 14
Timestamp: 2017-09-26 23:35:45
Success: TRUE
Task duration:
    user   system  elapsed 
 405.592   20.176 1245.233 
Memory used:
          used (Mb) gc trigger  (Mb) max used (Mb)
Ncells 1648452 88.1    2637877 140.9  1853808 99.1
Vcells 1729684 13.2    3142662  24.0  2552219 19.5
Log messages:
stderr and stdout:
[1] ---- ENCSR475SYH (chrY) (1/3)
[1] "Data table read. Merging with Fimo..."
[1] "Merged. Now splitting table to regions and hits..."
[1] filling 79563 regions, 123020 hits for ENCSR475SYH
[1] 41458096 hits in 19673271 regions
[1] ---- ENCSR501FWC (chrY) (2/3)
[1] "Data table read. Merging with Fimo..."
[1] "Merged. Now splitting table to regions and hits..."
[1] filling 44443 regions, 69917 hits for ENCSR501FWC
[1] 41528013 hits in 19695539 regions
[1] ---- ENCSR855DJV (chrY) (3/3)
[1] "Data table read. Merging with Fimo..."
[1] "Merged. Now splitting table to regions and hits..."
[1] filling 54838 regions, 87179 hits for ENCSR855DJV
[1] 41615192 hits in 19715364 regions
############### LOG OUTPUT ###############
Task: 11
Node: 11
Timestamp: 2017-09-26 23:45:32
Success: TRUE
Task duration:
    user   system  elapsed 
 443.340   26.476 1826.310 
Memory used:
          used (Mb) gc trigger  (Mb) max used (Mb)
Ncells 1648450 88.1    2637877 140.9  1853805 99.1
Vcells 1729685 13.2    3142662  24.0  2552219 19.5
Log messages:
stderr and stdout:
[1] ---- ENCSR475SYH (chr21) (1/3)
[1] "Data table read. Merging with Fimo..."
[1] "Merged. Now splitting table to regions and hits..."
[1] filling 107076 regions, 150075 hits for ENCSR475SYH
[1] 14918364 hits in 8452046 regions
[1] ---- ENCSR501FWC (chr21) (2/3)
[1] "Data table read. Merging with Fimo..."
[1] "Merged. Now splitting table to regions and hits..."
[1] filling 110272 regions, 156520 hits for ENCSR501FWC
[1] 15283197 hits in 8682905 regions
[1] ---- ENCSR855DJV (chr21) (3/3)
[1] "Data table read. Merging with Fimo..."
[1] "Merged. Now splitting table to regions and hits..."
[1] filling 107878 regions, 153978 hits for ENCSR855DJV
[1] 15437175 hits in 8749494 regions
############### LOG OUTPUT ###############
Task: 12
Node: 12
Timestamp: 2017-09-26 23:48:57
Success: TRUE
Task duration:
    user   system  elapsed 
 526.536   28.632 2028.164 
Memory used:
          used (Mb) gc trigger  (Mb) max used (Mb)
Ncells 1648451 88.1    2637877 140.9  1853805 99.1
Vcells 1729686 13.2    3142662  24.0  2552219 19.5
Log messages:
stderr and stdout:
[1] ---- ENCSR475SYH (chr22) (1/3)
[1] "Data table read. Merging with Fimo..."
[1] "Merged. Now splitting table to regions and hits..."
[1] filling 147326 regions, 208313 hits for ENCSR475SYH
[1] 15126677 hits in 8599372 regions
[1] ---- ENCSR501FWC (chr22) (2/3)
[1] "Data table read. Merging with Fimo..."
[1] "Merged. Now splitting table to regions and hits..."
[1] filling 160760 regions, 231028 hits for ENCSR501FWC
[1] 15668203 hits in 8872013 regions
[1] ---- ENCSR855DJV (chr22) (3/3)
[1] "Data table read. Merging with Fimo..."
[1] "Merged. Now splitting table to regions and hits..."
[1] filling 137491 regions, 197556 hits for ENCSR855DJV
[1] 15865759 hits in 8949520 regions
############### LOG OUTPUT ###############
Task: 11
Node: 11
Timestamp: 2017-09-26 23:51:12
Success: TRUE
Task duration:
    user   system  elapsed 
 623.764  146.008 2159.561 
Memory used:
          used (Mb) gc trigger  (Mb) max used (Mb)
Ncells 1648453 88.1    2637877 140.9  1853808 99.1
Vcells 1729685 13.2    3142662  24.0  2552219 19.5
Log messages:
stderr and stdout:
[1] ---- ENCSR475SYH (chr21) (1/3)
[1] "Data table read. Merging with Fimo..."
[1] "Merged. Now splitting table to regions and hits..."
[1] filling 177264 regions, 270775 hits for ENCSR475SYH
[1] 41885967 hits in 19892628 regions
[1] ---- ENCSR501FWC (chr21) (2/3)
[1] "Data table read. Merging with Fimo..."
[1] "Merged. Now splitting table to regions and hits..."
[1] filling 271203 regions, 459799 hits for ENCSR501FWC
[1] 42751097 hits in 20371065 regions
[1] ---- ENCSR855DJV (chr21) (3/3)
[1] "Data table read. Merging with Fimo..."
[1] "Merged. Now splitting table to regions and hits..."
[1] filling 188299 regions, 298651 hits for ENCSR855DJV
[1] 43813410 hits in 20815870 regions
############### LOG OUTPUT ###############
Task: 12
Node: 12
Timestamp: 2017-09-26 23:55:33
Success: TRUE
Task duration:
    user   system  elapsed 
 744.412  181.592 2428.803 
Memory used:
          used (Mb) gc trigger  (Mb) max used (Mb)
Ncells 1648454 88.1    2637877 140.9  1853808 99.1
Vcells 1729686 13.2    3142662  24.0  2552219 19.5
Log messages:
stderr and stdout:
[1] ---- ENCSR475SYH (chr22) (1/3)
[1] "Data table read. Merging with Fimo..."
[1] "Merged. Now splitting table to regions and hits..."
[1] filling 265296 regions, 405331 hits for ENCSR475SYH
[1] 42291298 hits in 20157924 regions
[1] ---- ENCSR501FWC (chr22) (2/3)
[1] "Data table read. Merging with Fimo..."
[1] "Merged. Now splitting table to regions and hits..."
[1] filling 445513 regions, 763662 hits for ENCSR501FWC
[1] 43514759 hits in 20718953 regions
[1] ---- ENCSR855DJV (chr22) (3/3)
[1] "Data table read. Merging with Fimo..."
[1] "Merged. Now splitting table to regions and hits..."
[1] filling 287594 regions, 453783 hits for ENCSR855DJV
[1] 44740529 hits in 21260990 regions
############### LOG OUTPUT ###############
Task: 9
Node: 9
Timestamp: 2017-09-27 00:02:10
Success: TRUE
Task duration:
    user   system  elapsed 
 871.364   69.060 2816.246 
Memory used:
          used (Mb) gc trigger  (Mb) max used (Mb)
Ncells 1648452 88.1    2637877 140.9  1853805 99.1
Vcells 1729687 13.2    3142662  24.0  2552219 19.5
Log messages:
stderr and stdout:
[1] ---- ENCSR475SYH (chr19) (1/3)
[1] "Data table read. Merging with Fimo..."
[1] "Merged. Now splitting table to regions and hits..."
[1] filling 267186 regions, 379200 hits for ENCSR475SYH
[1] 16244959 hits in 9216706 regions
[1] ---- ENCSR501FWC (chr19) (2/3)
[1] "Data table read. Merging with Fimo..."
[1] "Merged. Now splitting table to regions and hits..."
[1] filling 300497 regions, 432938 hits for ENCSR501FWC
[1] 18083234 hits in 10428169 regions
[1] ---- ENCSR855DJV (chr19) (3/3)
[1] "Data table read. Merging with Fimo..."
[1] "Merged. Now splitting table to regions and hits..."
[1] filling 235999 regions, 344636 hits for ENCSR855DJV
[1] 21137160 hits in 12254940 regions
############### LOG OUTPUT ###############
Task: 8
Node: 8
Timestamp: 2017-09-27 00:04:24
Success: TRUE
Task duration:
    user   system  elapsed 
 908.224  110.388 2950.361 
Memory used:
          used (Mb) gc trigger  (Mb) max used (Mb)
Ncells 1648453 88.1    2637877 140.9  1853805 99.1
Vcells 1729688 13.2    3142662  24.0  2552219 19.5
Log messages:
stderr and stdout:
[1] ---- ENCSR475SYH (chr18) (1/3)
[1] "Data table read. Merging with Fimo..."
[1] "Merged. Now splitting table to regions and hits..."
[1] filling 125306 regions, 174783 hits for ENCSR475SYH
[1] 16904154 hits in 9686137 regions
[1] ---- ENCSR501FWC (chr18) (2/3)
[1] "Data table read. Merging with Fimo..."
[1] "Merged. Now splitting table to regions and hits..."
[1] filling 159882 regions, 226583 hits for ENCSR501FWC
[1] 18309817 hits in 10556541 regions
[1] ---- ENCSR855DJV (chr18) (3/3)
[1] "Data table read. Merging with Fimo..."
[1] "Merged. Now splitting table to regions and hits..."
[1] filling 120604 regions, 171513 hits for ENCSR855DJV
[1] 21308673 hits in 12329253 regions
############### LOG OUTPUT ###############
Task: 5
Node: 5
Timestamp: 2017-09-27 00:05:45
Success: TRUE
Task duration:
    user   system  elapsed 
 986.624  148.448 3026.540 
Memory used:
          used (Mb) gc trigger  (Mb) max used (Mb)
Ncells 1648454 88.1    2637877 140.9  1853805 99.1
Vcells 1729689 13.2    3142662  24.0  2552219 19.5
Log messages:
stderr and stdout:
[1] ---- ENCSR475SYH (chr15) (1/3)
[1] "Data table read. Merging with Fimo..."
[1] "Merged. Now splitting table to regions and hits..."
[1] filling 177892 regions, 250633 hits for ENCSR475SYH
[1] 16495592 hits in 9394598 regions
[1] ---- ENCSR501FWC (chr15) (2/3)
[1] "Data table read. Merging with Fimo..."
[1] "Merged. Now splitting table to regions and hits..."
[1] filling 237390 regions, 338036 hits for ENCSR501FWC
[1] 19405220 hits in 11284566 regions
[1] ---- ENCSR855DJV (chr15) (3/3)
[1] "Data table read. Merging with Fimo..."
[1] "Merged. Now splitting table to regions and hits..."
[1] filling 177961 regions, 254457 hits for ENCSR855DJV
[1] 21563130 hits in 12439390 regions
############### LOG OUTPUT ###############
Task: 3
Node: 3
Timestamp: 2017-09-27 00:08:11
Success: TRUE
Task duration:
    user   system  elapsed 
1159.820   93.368 3174.231 
Memory used:
          used (Mb) gc trigger  (Mb) max used (Mb)
Ncells 1648455 88.1    2637877 140.9  1853805 99.1
Vcells 1729690 13.2    3142662  24.0  2552219 19.5
Log messages:
stderr and stdout:
[1] ---- ENCSR475SYH (chr13) (1/3)
[1] "Data table read. Merging with Fimo..."
[1] "Merged. Now splitting table to regions and hits..."
[1] filling 129438 regions, 182059 hits for ENCSR475SYH
[1] 17650296 hits in 10216312 regions
[1] ---- ENCSR501FWC (chr13) (2/3)
[1] "Data table read. Merging with Fimo..."
[1] "Merged. Now splitting table to regions and hits..."
[1] filling 177160 regions, 253045 hits for ENCSR501FWC
[1] 20501417 hits in 11981923 regions
[1] ---- ENCSR855DJV (chr13) (3/3)
[1] "Data table read. Merging with Fimo..."
[1] "Merged. Now splitting table to regions and hits..."
[1] filling 126374 regions, 183140 hits for ENCSR855DJV
[1] 22112256 hits in 12705719 regions
############### LOG OUTPUT ###############
Task: 4
Node: 4
Timestamp: 2017-09-27 00:08:52
Success: TRUE
Task duration:
    user   system  elapsed 
1184.720  113.340 3214.886 
Memory used:
          used (Mb) gc trigger  (Mb) max used (Mb)
Ncells 1648456 88.1    2637877 140.9  1853805 99.1
Vcells 1729691 13.2    3142662  24.0  2552219 19.5
Log messages:
stderr and stdout:
[1] ---- ENCSR475SYH (chr14) (1/3)
[1] "Data table read. Merging with Fimo..."
[1] "Merged. Now splitting table to regions and hits..."
[1] filling 175710 regions, 247518 hits for ENCSR475SYH
[1] 17468237 hits in 10086874 regions
[1] ---- ENCSR501FWC (chr14) (2/3)
[1] "Data table read. Merging with Fimo..."
[1] "Merged. Now splitting table to regions and hits..."
[1] filling 204117 regions, 291107 hits for ENCSR501FWC
[1] 20792524 hits in 12141872 regions
[1] ---- ENCSR855DJV (chr14) (3/3)
[1] "Data table read. Merging with Fimo..."
[1] "Merged. Now splitting table to regions and hits..."
[1] filling 158433 regions, 227187 hits for ENCSR855DJV
[1] 22339443 hits in 12802571 regions
############### LOG OUTPUT ###############
Task: 10
Node: 10
Timestamp: 2017-09-27 00:08:55
Success: TRUE
Task duration:
    user   system  elapsed 
 849.660  526.664 3228.530 
Memory used:
          used (Mb) gc trigger  (Mb) max used (Mb)
Ncells 1648457 88.1    2637877 140.9  1853805 99.1
Vcells 1729692 13.2    3142662  24.0  2552219 19.5
Log messages:
stderr and stdout:
[1] ---- ENCSR475SYH (chr20) (1/3)
[1] "Data table read. Merging with Fimo..."
[1] "Merged. Now splitting table to regions and hits..."
[1] filling 166233 regions, 233779 hits for ENCSR475SYH
[1] 16729371 hits in 9560831 regions
[1] ---- ENCSR501FWC (chr20) (2/3)
[1] "Data table read. Merging with Fimo..."
[1] "Merged. Now splitting table to regions and hits..."
[1] filling 184289 regions, 262596 hits for ENCSR501FWC
[1] 19667816 hits in 11424954 regions
[1] ---- ENCSR855DJV (chr20) (3/3)
[1] "Data table read. Merging with Fimo..."
[1] "Merged. Now splitting table to regions and hits..."
[1] filling 152764 regions, 219034 hits for ENCSR855DJV
[1] 22558477 hits in 12889675 regions
############### LOG OUTPUT ###############
Task: 10
Node: 10
Timestamp: 2017-09-27 00:12:35
Success: TRUE
Task duration:
    user   system  elapsed 
1079.664  491.812 3447.417 
Memory used:
          used (Mb) gc trigger  (Mb) max used (Mb)
Ncells 1648455 88.1    2637877 140.9  1853808 99.1
Vcells 1729687 13.2    3142662  24.0  2552219 19.5
Log messages:
stderr and stdout:
[1] ---- ENCSR475SYH (chr20) (1/3)
[1] "Data table read. Merging with Fimo..."
[1] "Merged. Now splitting table to regions and hits..."
[1] filling 311178 regions, 473336 hits for ENCSR475SYH
[1] 44286746 hits in 21127048 regions
[1] ---- ENCSR501FWC (chr20) (2/3)
[1] "Data table read. Merging with Fimo..."
[1] "Merged. Now splitting table to regions and hits..."
[1] filling 530770 regions, 903820 hits for ENCSR501FWC
[1] 51453337 hits in 25461374 regions
[1] ---- ENCSR855DJV (chr20) (3/3)
[1] "Data table read. Merging with Fimo..."
[1] "Merged. Now splitting table to regions and hits..."
[1] filling 341050 regions, 542465 hits for ENCSR855DJV
[1] 57775038 hits in 28316153 regions
############### LOG OUTPUT ###############
Task: 6
Node: 6
Timestamp: 2017-09-27 00:13:16
Success: TRUE
Task duration:
    user   system  elapsed 
1070.980  510.584 3481.673 
Memory used:
          used (Mb) gc trigger  (Mb) max used (Mb)
Ncells 1648458 88.1    2637877 140.9  1853805 99.1
Vcells 1729693 13.2    3142662  24.0  2552219 19.5
Log messages:
stderr and stdout:
[1] ---- ENCSR475SYH (chr16) (1/3)
[1] "Data table read. Merging with Fimo..."
[1] "Merged. Now splitting table to regions and hits..."
[1] filling 225027 regions, 316565 hits for ENCSR475SYH
[1] 17220719 hits in 9911164 regions
[1] ---- ENCSR501FWC (chr16) (2/3)
[1] "Data table read. Merging with Fimo..."
[1] "Merged. Now splitting table to regions and hits..."
[1] filling 254456 regions, 365986 hits for ENCSR501FWC
[1] 21929116 hits in 12625206 regions
[1] ---- ENCSR855DJV (chr16) (3/3)
[1] "Data table read. Merging with Fimo..."
[1] "Merged. Now splitting table to regions and hits..."
[1] filling 200084 regions, 289477 hits for ENCSR855DJV
[1] 24601614 hits in 13933105 regions
############### LOG OUTPUT ###############
Task: 8
Node: 8
Timestamp: 2017-09-27 00:16:44
Success: TRUE
Task duration:
    user   system  elapsed 
1424.264  300.248 3681.961 
Memory used:
          used (Mb) gc trigger  (Mb) max used (Mb)
Ncells 1648456 88.1    2637877 140.9  1853808 99.1
Vcells 1729688 13.2    3142662  24.0  2552219 19.5
Log messages:
stderr and stdout:
[1] ---- ENCSR475SYH (chr18) (1/3)
[1] "Data table read. Merging with Fimo..."
[1] "Merged. Now splitting table to regions and hits..."
[1] filling 241250 regions, 365062 hits for ENCSR475SYH
[1] 46477385 hits in 22388606 regions
[1] ---- ENCSR501FWC (chr18) (2/3)
[1] "Data table read. Merging with Fimo..."
[1] "Merged. Now splitting table to regions and hits..."
[1] filling 472828 regions, 798019 hits for ENCSR501FWC
[1] 52251356 hits in 25852668 regions
[1] ---- ENCSR855DJV (chr18) (3/3)
[1] "Data table read. Merging with Fimo..."
[1] "Merged. Now splitting table to regions and hits..."
[1] filling 264021 regions, 410744 hits for ENCSR855DJV
[1] 64653720 hits in 31471377 regions
############### LOG OUTPUT ###############
Task: 9
Node: 9
Timestamp: 2017-09-27 00:18:41
Success: TRUE
Task duration:
    user   system  elapsed 
1324.260  565.140 3811.078 
Memory used:
          used (Mb) gc trigger  (Mb) max used (Mb)
Ncells 1648457 88.1    2637877 140.9  1853808 99.1
Vcells 1729689 13.2    3142662  24.0  2552219 19.5
Log messages:
stderr and stdout:
[1] ---- ENCSR475SYH (chr19) (1/3)
[1] "Data table read. Merging with Fimo..."
[1] "Merged. Now splitting table to regions and hits..."
[1] filling 530941 regions, 830138 hits for ENCSR475SYH
[1] 45570667 hits in 21791931 regions
[1] ---- ENCSR501FWC (chr19) (2/3)
[1] "Data table read. Merging with Fimo..."
[1] "Merged. Now splitting table to regions and hits..."
[1] filling 804760 regions, 1394902 hits for ENCSR501FWC
[1] 53646258 hits in 26410240 regions
[1] ---- ENCSR855DJV (chr19) (3/3)
[1] "Data table read. Merging with Fimo..."
[1] "Merged. Now splitting table to regions and hits..."
[1] filling 559934 regions, 923988 hits for ENCSR855DJV
[1] 65577708 hits in 31675170 regions
############### LOG OUTPUT ###############
Task: 7
Node: 7
Timestamp: 2017-09-27 00:20:12
Success: TRUE
Task duration:
    user   system  elapsed 
1198.968  701.132 3898.225 
Memory used:
          used (Mb) gc trigger  (Mb) max used (Mb)
Ncells 1648459 88.1    2637877 140.9  1853805 99.1
Vcells 1729694 13.2    3142662  24.0  2552219 19.5
Log messages:
stderr and stdout:
[1] ---- ENCSR475SYH (chr17) (1/3)
[1] "Data table read. Merging with Fimo..."
[1] "Merged. Now splitting table to regions and hits..."
[1] filling 268710 regions, 382375 hits for ENCSR475SYH
[1] 19067184 hits in 11091997 regions
[1] ---- ENCSR501FWC (chr17) (2/3)
[1] "Data table read. Merging with Fimo..."
[1] "Merged. Now splitting table to regions and hits..."
[1] filling 327162 regions, 469814 hits for ENCSR501FWC
[1] 23510728 hits in 13401566 regions
[1] ---- ENCSR855DJV (chr17) (3/3)
[1] "Data table read. Merging with Fimo..."
[1] "Merged. Now splitting table to regions and hits..."
[1] filling 249589 regions, 361272 hits for ENCSR855DJV
[1] 24962886 hits in 14065855 regions
############### LOG OUTPUT ###############
Task: 1
Node: 1
Timestamp: 2017-09-27 00:21:54
Success: TRUE
Task duration:
    user   system  elapsed 
1640.840  270.196 3989.225 
Memory used:
          used (Mb) gc trigger  (Mb) max used (Mb)
Ncells 1648460 88.1    2637877 140.9  1853805 99.1
Vcells 1729695 13.2    3142662  24.0  2552219 19.5
Log messages:
stderr and stdout:
[1] ---- ENCSR475SYH (chr11) (1/3)
[1] "Data table read. Merging with Fimo..."
[1] "Merged. Now splitting table to regions and hits..."
[1] filling 250429 regions, 353630 hits for ENCSR475SYH
[1] 20021446 hits in 11675383 regions
[1] ---- ENCSR501FWC (chr11) (2/3)
[1] "Data table read. Merging with Fimo..."
[1] "Merged. Now splitting table to regions and hits..."
[1] filling 336351 regions, 482437 hits for ENCSR501FWC
[1] 23040914 hits in 13156611 regions
[1] ---- ENCSR855DJV (chr11) (3/3)
[1] "Data table read. Merging with Fimo..."
[1] "Merged. Now splitting table to regions and hits..."
[1] filling 251932 regions, 363335 hits for ENCSR855DJV
[1] 25326221 hits in 14215026 regions
############### LOG OUTPUT ###############
Task: 6
Node: 6
Timestamp: 2017-09-27 00:23:27
Success: TRUE
Task duration:
    user   system  elapsed 
1763.612  391.004 4080.442 
Memory used:
          used (Mb) gc trigger  (Mb) max used (Mb)
Ncells 1648458 88.1    2637877 140.9  1853808 99.1
Vcells 1729690 13.2    3142662  24.0  2552219 19.5
Log messages:
stderr and stdout:
[1] ---- ENCSR475SYH (chr16) (1/3)
[1] "Data table read. Merging with Fimo..."
[1] "Merged. Now splitting table to regions and hits..."
[1] filling 447645 regions, 688300 hits for ENCSR475SYH
[1] 47973576 hits in 23361113 regions
[1] ---- ENCSR501FWC (chr16) (2/3)
[1] "Data table read. Merging with Fimo..."
[1] "Merged. Now splitting table to regions and hits..."
[1] filling 728474 regions, 1247636 hits for ENCSR501FWC
[1] 55423321 hits in 27297361 regions
[1] ---- ENCSR855DJV (chr16) (3/3)
[1] "Data table read. Merging with Fimo..."
[1] "Merged. Now splitting table to regions and hits..."
[1] filling 483657 regions, 779974 hits for ENCSR855DJV
[1] 66357682 hits in 31885007 regions
############### LOG OUTPUT ###############
Task: 3
Node: 3
Timestamp: 2017-09-27 00:23:43
Success: TRUE
Task duration:
    user   system  elapsed 
1691.820  477.444 4098.094 
Memory used:
          used (Mb) gc trigger  (Mb) max used (Mb)
Ncells 1648459 88.1    2637877 140.9  1853808 99.1
Vcells 1729691 13.2    3142662  24.0  2552219 19.5
Log messages:
stderr and stdout:
[1] ---- ENCSR475SYH (chr13) (1/3)
[1] "Data table read. Merging with Fimo..."
[1] "Merged. Now splitting table to regions and hits..."
[1] filling 255714 regions, 386469 hits for ENCSR475SYH
[1] 49739021 hits in 24517950 regions
[1] ---- ENCSR501FWC (chr13) (2/3)
[1] "Data table read. Merging with Fimo..."
[1] "Merged. Now splitting table to regions and hits..."
[1] filling 531004 regions, 895540 hits for ENCSR501FWC
[1] 62607745 hits in 30607396 regions
[1] ---- ENCSR855DJV (chr13) (3/3)
[1] "Data table read. Merging with Fimo..."
[1] "Merged. Now splitting table to regions and hits..."
[1] filling 276598 regions, 442715 hits for ENCSR855DJV
[1] 66800397 hits in 32027748 regions
############### LOG OUTPUT ###############
Task: 1
Node: 1
Timestamp: 2017-09-27 00:23:52
Success: TRUE
Task duration:
    user   system  elapsed 
1733.520  242.360 4113.448 
Memory used:
          used (Mb) gc trigger  (Mb) max used (Mb)
Ncells 1648460 88.1    2637877 140.9  1853808 99.1
Vcells 1729692 13.2    3142662  24.0  2552219 19.5
Log messages:
stderr and stdout:
[1] ---- ENCSR475SYH (chr11) (1/3)
[1] "Data table read. Merging with Fimo..."
[1] "Merged. Now splitting table to regions and hits..."
[1] filling 524862 regions, 807891 hits for ENCSR475SYH
[1] 47285276 hits in 22913468 regions
[1] ---- ENCSR501FWC (chr11) (2/3)
[1] "Data table read. Merging with Fimo..."
[1] "Merged. Now splitting table to regions and hits..."
[1] filling 1060180 regions, 1809252 hits for ENCSR501FWC
[1] 57232573 hits in 28150219 regions
[1] ---- ENCSR855DJV (chr11) (3/3)
[1] "Data table read. Merging with Fimo..."
[1] "Merged. Now splitting table to regions and hits..."
[1] filling 591560 regions, 943038 hits for ENCSR855DJV
[1] 67743435 hits in 32294011 regions
############### LOG OUTPUT ###############
Task: 2
Node: 2
Timestamp: 2017-09-27 00:24:58
Success: TRUE
Task duration:
    user   system  elapsed 
1842.976  240.376 4194.136 
Memory used:
          used (Mb) gc trigger  (Mb) max used (Mb)
Ncells 1648461 88.1    2637877 140.9  1853808 99.1
Vcells 1729693 13.2    3142662  24.0  2552219 19.5
Log messages:
stderr and stdout:
[1] ---- ENCSR475SYH (chr12) (1/3)
[1] "Data table read. Merging with Fimo..."
[1] "Merged. Now splitting table to regions and hits..."
[1] filling 545143 regions, 835489 hits for ENCSR475SYH
[1] 48809065 hits in 23906256 regions
[1] ---- ENCSR501FWC (chr12) (2/3)
[1] "Data table read. Merging with Fimo..."
[1] "Merged. Now splitting table to regions and hits..."
[1] filling 992703 regions, 1687429 hits for ENCSR501FWC
[1] 59462467 hits in 29099255 regions
[1] ---- ENCSR855DJV (chr12) (3/3)
[1] "Data table read. Merging with Fimo..."
[1] "Merged. Now splitting table to regions and hits..."
[1] filling 620968 regions, 982409 hits for ENCSR855DJV
[1] 69324164 hits in 32768665 regions
############### LOG OUTPUT ###############
Task: 4
Node: 4
Timestamp: 2017-09-27 00:25:13
Success: TRUE
Task duration:
    user   system  elapsed 
1756.340  489.612 4194.291 
Memory used:
          used (Mb) gc trigger  (Mb) max used (Mb)
Ncells 1648462 88.1    2637877 140.9  1853808 99.1
Vcells 1729694 13.2    3142662  24.0  2552219 19.5
Log messages:
stderr and stdout:
[1] ---- ENCSR475SYH (chr14) (1/3)
[1] "Data table read. Merging with Fimo..."
[1] "Merged. Now splitting table to regions and hits..."
[1] filling 355980 regions, 543487 hits for ENCSR475SYH
[1] 49352552 hits in 24262236 regions
[1] ---- ENCSR501FWC (chr14) (2/3)
[1] "Data table read. Merging with Fimo..."
[1] "Merged. Now splitting table to regions and hits..."
[1] filling 617679 regions, 1046909 hits for ENCSR501FWC
[1] 61712205 hits in 30160973 regions
[1] ---- ENCSR855DJV (chr14) (3/3)
[1] "Data table read. Merging with Fimo..."
[1] "Merged. Now splitting table to regions and hits..."
[1] filling 377407 regions, 598320 hits for ENCSR855DJV
[1] 69324164 hits in 32768665 regions
############### LOG OUTPUT ###############
Task: 7
Node: 7
Timestamp: 2017-09-27 00:25:19
Success: TRUE
Task duration:
    user   system  elapsed 
1574.520  598.528 4202.966 
Memory used:
          used (Mb) gc trigger  (Mb) max used (Mb)
Ncells 1648463 88.1    2637877 140.9  1853808 99.1
Vcells 1729695 13.2    3142662  24.0  2552219 19.5
Log messages:
stderr and stdout:
[1] ---- ENCSR475SYH (chr17) (1/3)
[1] "Data table read. Merging with Fimo..."
[1] "Merged. Now splitting table to regions and hits..."
[1] filling 523634 regions, 810496 hits for ENCSR475SYH
[1] 50549517 hits in 25041584 regions
[1] ---- ENCSR501FWC (chr17) (2/3)
[1] "Data table read. Merging with Fimo..."
[1] "Merged. Now splitting table to regions and hits..."
[1] filling 949748 regions, 1635231 hits for ENCSR501FWC
[1] 64242976 hits in 31336751 regions
[1] ---- ENCSR855DJV (chr17) (3/3)
[1] "Data table read. Merging with Fimo..."
[1] "Merged. Now splitting table to regions and hits..."
[1] filling 599958 regions, 964384 hits for ENCSR855DJV
[1] 70288548 hits in 33024767 regions
############### LOG OUTPUT ###############
Task: 13
Node: 13
Timestamp: 2017-09-27 00:25:40
Success: TRUE
Task duration:
    user   system  elapsed 
1715.144  404.552 4210.699 
Memory used:
          used (Mb) gc trigger  (Mb) max used (Mb)
Ncells 1648461 88.1    2637877 140.9  1853805 99.1
Vcells 1729696 13.2    3142662  24.0  2552219 19.5
Log messages:
stderr and stdout:
[1] ---- ENCSR475SYH (chrX) (1/3)
[1] "Data table read. Merging with Fimo..."
[1] "Merged. Now splitting table to regions and hits..."
[1] filling 160989 regions, 226926 hits for ENCSR475SYH
[1] 20248372 hits in 11836372 regions
[1] ---- ENCSR501FWC (chrX) (2/3)
[1] "Data table read. Merging with Fimo..."
[1] "Merged. Now splitting table to regions and hits..."
[1] filling 224966 regions, 319606 hits for ENCSR501FWC
[1] 23830334 hits in 13562410 regions
[1] ---- ENCSR855DJV (chrX) (3/3)
[1] "Data table read. Merging with Fimo..."
[1] "Merged. Now splitting table to regions and hits..."
[1] filling 205634 regions, 297969 hits for ENCSR855DJV
[1] 25624190 hits in 14323458 regions
############### LOG OUTPUT ###############
Task: 2
Node: 2
Timestamp: 2017-09-27 00:25:43
Success: TRUE
Task duration:
    user   system  elapsed 
1646.324  528.008 4237.741 
Memory used:
          used (Mb) gc trigger  (Mb) max used (Mb)
Ncells 1648462 88.1    2637877 140.9  1853805 99.1
Vcells 1729697 13.2    3142662  24.0  2552219 19.5
Log messages:
stderr and stdout:
[1] ---- ENCSR475SYH (chr12) (1/3)
[1] "Data table read. Merging with Fimo..."
[1] "Merged. Now splitting table to regions and hits..."
[1] filling 266746 regions, 374992 hits for ENCSR475SYH
[1] 18684809 hits in 10823287 regions
[1] ---- ENCSR501FWC (chr12) (2/3)
[1] "Data table read. Merging with Fimo..."
[1] "Merged. Now splitting table to regions and hits..."
[1] filling 337782 regions, 481803 hits for ENCSR501FWC
[1] 24312137 hits in 13827316 regions
[1] ---- ENCSR855DJV (chr12) (3/3)
[1] "Data table read. Merging with Fimo..."
[1] "Merged. Now splitting table to regions and hits..."
[1] filling 275784 regions, 396372 hits for ENCSR855DJV
[1] 26020562 hits in 14489720 regions
> 
> print(bpok(result))
 [1] TRUE TRUE TRUE TRUE TRUE TRUE TRUE TRUE TRUE TRUE TRUE TRUE TRUE TRUE TRUE
> print("Database fill complete")
[1] "Database fill complete"
> print(date())
[1] "Wed Sep 27 00:25:43 2017"
> 
############### LOG OUTPUT ###############
Task: 5
Node: 5
Timestamp: 2017-09-27 00:26:29
Success: TRUE
Task duration:
    user   system  elapsed 
1622.084  731.616 4272.953 
Memory used:
          used (Mb) gc trigger  (Mb) max used (Mb)
Ncells 1648464 88.1    2637877 140.9  1853808 99.1
Vcells 1729696 13.2    3142662  24.0  2552219 19.5
Log messages:
stderr and stdout:
[1] ---- ENCSR475SYH (chr15) (1/3)
[1] "Data table read. Merging with Fimo..."
[1] "Merged. Now splitting table to regions and hits..."
[1] filling 355425 regions, 541656 hits for ENCSR475SYH
[1] 46112323 hits in 22147356 regions
[1] ---- ENCSR501FWC (chr15) (2/3)
[1] "Data table read. Merging with Fimo..."
[1] "Merged. Now splitting table to regions and hits..."
[1] filling 706404 regions, 1202829 hits for ENCSR501FWC
[1] 60665296 hits in 29674527 regions
[1] ---- ENCSR855DJV (chr15) (3/3)
[1] "Data table read. Merging with Fimo..."
[1] "Merged. Now splitting table to regions and hits..."
[1] filling 404299 regions, 640005 hits for ENCSR855DJV
[1] 71928124 hits in 33673733 regions
############### LOG OUTPUT ###############
Task: 13
Node: 13
Timestamp: 2017-09-27 00:38:06
Success: TRUE
Task duration:
    user   system  elapsed 
1715.800 1151.556 4983.146 
Memory used:
          used (Mb) gc trigger  (Mb) max used (Mb)
Ncells 1648465 88.1    2637877 140.9  1853808 99.1
Vcells 1729697 13.2    3142662  24.0  2552219 19.5
Log messages:
stderr and stdout:
[1] ---- ENCSR475SYH (chrX) (1/3)
[1] "Data table read. Merging with Fimo..."
[1] "Merged. Now splitting table to regions and hits..."
[1] filling 337708 regions, 529427 hits for ENCSR475SYH
[1] 54175685 hits in 26747948 regions
[1] ---- ENCSR501FWC (chrX) (2/3)
[1] "Data table read. Merging with Fimo..."
[1] "Merged. Now splitting table to regions and hits..."
[1] filling 600490 regions, 999571 hits for ENCSR501FWC
[1] 71288119 hits in 33474695 regions
[1] ---- ENCSR855DJV (chrX) (3/3)
[1] "Data table read. Merging with Fimo..."
[1] "Merged. Now splitting table to regions and hits..."
[1] filling 418987 regions, 664222 hits for ENCSR855DJV
[1] 72592346 hits in 33865890 regions
> 
> print(bpok(result))
 [1] TRUE TRUE TRUE TRUE TRUE TRUE TRUE TRUE TRUE TRUE TRUE TRUE TRUE TRUE TRUE
> print("Database fill complete")
[1] "Database fill complete"
> print(date())
[1] "Wed Sep 27 00:38:06 2017"
> 
You are now connected to database "gonad_wellington_16" as user "root".
CREATE INDEX
CREATE INDEX
You are now connected to database "gonad_hint_16" as user "root".
CREATE INDEX
CREATE INDEX
