CREATE DATABASE
GRANT
CREATE DATABASE
GRANT
You are now connected to database "spinal_cord_wellington_16" as user "postgres".
CREATE TABLE
GRANT
CREATE TABLE
GRANT
You are now connected to database "spinal_cord_hint_16" as user "postgres".
CREATE TABLE
GRANT
CREATE TABLE
GRANT

R version 3.4.1 (2017-06-30) -- "Single Candle"
Copyright (C) 2017 The R Foundation for Statistical Computing
Platform: x86_64-pc-linux-gnu (64-bit)

R is free software and comes with ABSOLUTELY NO WARRANTY.
You are welcome to redistribute it under certain conditions.
Type 'license()' or 'licence()' for distribution details.

  Natural language support but running in an English locale

R is a collaborative project with many contributors.
Type 'contributors()' for more information and
'citation()' on how to cite R or R packages in publications.

Type 'demo()' for some demos, 'help()' for on-line help, or
'help.start()' for an HTML browser interface to help.
Type 'q()' to quit R.

> # users can either step through this file, or call this file with 
> # r -f example.R
> 
> # THIS ASSUMES THAT THE TESTHINT DATABASE EXISTS. The recipe for building that
> # database is in ../dbInitialization/createHintTest.sql
> 
> # THIS EXAMPLE USES THE BRAIN HINT OUTPUT MADE BY RUNNING make hint at /scratch/data/footprints
> 
> print(date())
[1] "Sun Oct  1 14:15:53 2017"
> #-------------------------------------------------------------------------------
> # set path to hint output 
> data.path <- "/scratch/data/footprints/spinal_cord_hint_16"
> #-------------------------------------------------------------------------------
> # establish database connections:
> 
> if(!exists("db.hint"))
+     db.hint <- "spinal_cord_hint_16_localhost"
> 
> if(!exists("db.fimo"))
+     db.fimo <- "fimo_localhost"
> #-------------------------------------------------------------------------------
> # Source the libraries
> source("../src/dependencies.R")
Loading required package: stats4
Loading required package: BiocGenerics
Loading required package: parallel

Attaching package: ‘BiocGenerics’

The following objects are masked from ‘package:parallel’:

    clusterApply, clusterApplyLB, clusterCall, clusterEvalQ,
    clusterExport, clusterMap, parApply, parCapply, parLapply,
    parLapplyLB, parRapply, parSapply, parSapplyLB

The following objects are masked from ‘package:stats’:

    IQR, mad, sd, var, xtabs

The following objects are masked from ‘package:base’:

    anyDuplicated, append, as.data.frame, cbind, colMeans, colnames,
    colSums, do.call, duplicated, eval, evalq, Filter, Find, get, grep,
    grepl, intersect, is.unsorted, lapply, lengths, Map, mapply, match,
    mget, order, paste, pmax, pmax.int, pmin, pmin.int, Position, rank,
    rbind, Reduce, rowMeans, rownames, rowSums, sapply, setdiff, sort,
    table, tapply, union, unique, unsplit, which, which.max, which.min

Loading required package: S4Vectors

Attaching package: ‘S4Vectors’

The following object is masked from ‘package:base’:

    expand.grid

Loading required package: IRanges
Loading required package: GenomeInfoDb
Loading required package: DBI
> source("../src/dbFunctions.R")
> source("../src/tableParsing.R")
> source("../src/tests.R")
> source("../src/main_Bioc.R")
> 
> if(!interactive()){    
+     chromosomes <- paste0("chr",1:10)
+     
+     # Create parallel structure here    
+     library(BiocParallel)    
+     register(MulticoreParam(workers = 25, stop.on.error = FALSE, log = TRUE), default = TRUE)
+ 
+     # Run on all 24 possible chromosomes at once
+     result <- bptry(bplapply(chromosomes,fillAllSamplesByChromosome,
+              dbConnection = db.hint,             
+              fimo = db.fimo,             
+              minid = "spinal_cord_hint_16.minid",             
+              dbUser = "trena",             
+              dbTable = "spinal_cord_hint_16",             
+              sourcePath = data.path,             
+              isTest = FALSE,             
+              method = "HINT"))    
+ }

R version 3.4.1 (2017-06-30) -- "Single Candle"
Copyright (C) 2017 The R Foundation for Statistical Computing
Platform: x86_64-pc-linux-gnu (64-bit)

R is free software and comes with ABSOLUTELY NO WARRANTY.
You are welcome to redistribute it under certain conditions.
Type 'license()' or 'licence()' for distribution details.

  Natural language support but running in an English locale

R is a collaborative project with many contributors.
Type 'contributors()' for more information and
'citation()' on how to cite R or R packages in publications.

Type 'demo()' for some demos, 'help()' for on-line help, or
'help.start()' for an HTML browser interface to help.
Type 'q()' to quit R.

> # users can either step through this file, or call this file with 
> # r -f example.R
> 
> # THIS ASSUMES THAT THE TESTHINT DATABASE EXISTS. The recipe for building that
> # database is in ../dbInitialization/createHintTest.sql
> 
> # THIS EXAMPLE USES THE BRAIN HINT OUTPUT MADE BY RUNNING make hint at /scratch/data/footprints
> 
> print(date())
[1] "Sun Oct  1 14:15:58 2017"
> #-------------------------------------------------------------------------------
> # set path to hint output 
> data.path <- "/scratch/data/footprints/spinal_cord_wellington_16"
> #-------------------------------------------------------------------------------
> # establish database connections:
> 
> if(!exists("db.wellington"))
+     db.wellington <- "spinal_cord_wellington_16_localhost"
> 
> if(!exists("db.fimo"))
+     db.fimo <- "fimo_localhost"
> #-------------------------------------------------------------------------------
> # Source the libraries
> source("../src/dependencies.R")
Loading required package: stats4
Loading required package: BiocGenerics
Loading required package: parallel

Attaching package: ‘BiocGenerics’

The following objects are masked from ‘package:parallel’:

    clusterApply, clusterApplyLB, clusterCall, clusterEvalQ,
    clusterExport, clusterMap, parApply, parCapply, parLapply,
    parLapplyLB, parRapply, parSapply, parSapplyLB

The following objects are masked from ‘package:stats’:

    IQR, mad, sd, var, xtabs

The following objects are masked from ‘package:base’:

    anyDuplicated, append, as.data.frame, cbind, colMeans, colnames,
    colSums, do.call, duplicated, eval, evalq, Filter, Find, get, grep,
    grepl, intersect, is.unsorted, lapply, lengths, Map, mapply, match,
    mget, order, paste, pmax, pmax.int, pmin, pmin.int, Position, rank,
    rbind, Reduce, rowMeans, rownames, rowSums, sapply, setdiff, sort,
    table, tapply, union, unique, unsplit, which, which.max, which.min

Loading required package: S4Vectors

Attaching package: ‘S4Vectors’

The following object is masked from ‘package:base’:

    expand.grid

Loading required package: IRanges
Loading required package: GenomeInfoDb
Loading required package: DBI
> source("../src/dbFunctions.R")
> source("../src/tableParsing.R")
> source("../src/tests.R")
> source("../src/main_Bioc.R")
> 
> if(!interactive()){    
+     chromosomes <- paste0("chr",1:10)
+     
+     # Create parallel structure here
+     library(BiocParallel)
+     register(MulticoreParam(workers = 25, stop.on.error = FALSE, log = TRUE), default = TRUE)
+ 
+     # Run on all 24 possible chromosomes at once
+     result <- bptry(bplapply(chromosomes, fillAllSamplesByChromosome,
+              dbConnection = db.wellington,
+              fimo = db.fimo,
+              minid = "spinal_cord_wellington_16.minid",
+              dbUser = "trena",
+              dbTable = "spinal_cord_wellington_16",
+              sourcePath = data.path,
+              isTest = FALSE,
+              method = "WELLINGTON"))
+ }
############### LOG OUTPUT ###############
Task: 10
Node: 10
Timestamp: 2017-10-01 14:53:38
Success: TRUE
Task duration:
    user   system  elapsed 
1070.244  492.548 2239.836 
Memory used:
          used (Mb) gc trigger  (Mb) max used (Mb)
Ncells 1646804 88.0    2637877 140.9  1852222 99.0
Vcells 1727007 13.2    3142662  24.0  2552033 19.5
Log messages:
stderr and stdout:
[1] ---- ENCSR000ENB (chr10) (1/2)
[1] "Data table read. Merging with Fimo..."
[1] "Merged. Now splitting table to regions and hits..."
[1] filling 212323 regions, 311901 hits for ENCSR000ENB
[1] 311901 hits in 212323 regions
[1] ---- ENCSR910OQF (chr10) (2/2)
[1] "Data table read. Merging with Fimo..."
[1] "Merged. Now splitting table to regions and hits..."
[1] filling 453990 regions, 663501 hits for ENCSR910OQF
[1] 4197343 hits in 2792378 regions
############### LOG OUTPUT ###############
Task: 9
Node: 9
Timestamp: 2017-10-01 14:54:46
Success: TRUE
Task duration:
    user   system  elapsed 
 931.952  513.144 2309.643 
Memory used:
          used (Mb) gc trigger  (Mb) max used (Mb)
Ncells 1647788 88.1    2637877 140.9  1852222 99.0
Vcells 1729500 13.2    3142662  24.0  2552033 19.5
Log messages:
stderr and stdout:
[1] ---- ENCSR000ENB (chr9) (1/2)
[1] "Data table read. Merging with Fimo..."
[1] "Merged. Now splitting table to regions and hits..."
[1] filling 217651 regions, 320730 hits for ENCSR000ENB
[1] 632631 hits in 429974 regions
[1] ---- ENCSR910OQF (chr9) (2/2)
[1] "Data table read. Merging with Fimo..."
[1] "Merged. Now splitting table to regions and hits..."
[1] filling 404386 regions, 591085 hits for ENCSR910OQF
[1] 5223229 hits in 3425458 regions
############### LOG OUTPUT ###############
Task: 9
Node: 9
Timestamp: 2017-10-01 15:05:53
Success: TRUE
Task duration:
    user   system  elapsed 
1092.692  978.144 2974.773 
Memory used:
          used (Mb) gc trigger  (Mb) max used (Mb)
Ncells 1646807 88.0    2637877 140.9  1852255 99.0
Vcells 1727007 13.2    3142662  24.0  2552034 19.5
Log messages:
stderr and stdout:
[1] ---- ENCSR000ENB (chr9) (1/2)
[1] "Data table read. Merging with Fimo..."
[1] "Merged. Now splitting table to regions and hits..."
[1] filling 856188 regions, 1543456 hits for ENCSR000ENB
[1] 1543456 hits in 856188 regions
[1] ---- ENCSR910OQF (chr9) (2/2)
[1] "Data table read. Merging with Fimo..."
[1] "Merged. Now splitting table to regions and hits..."
[1] filling 1192965 regions, 2124154 hits for ENCSR910OQF
[1] 22341134 hits in 12076572 regions
############### LOG OUTPUT ###############
Task: 8
Node: 8
Timestamp: 2017-10-01 15:14:05
Success: TRUE
Task duration:
    user   system  elapsed 
1108.972  802.128 3456.148 
Memory used:
          used (Mb) gc trigger  (Mb) max used (Mb)
Ncells 1647789 88.1    2637877 140.9  1852222 99.0
Vcells 1729501 13.2    3142662  24.0  2552033 19.5
Log messages:
stderr and stdout:
[1] ---- ENCSR000ENB (chr8) (1/2)
[1] "Data table read. Merging with Fimo..."
[1] "Merged. Now splitting table to regions and hits..."
[1] filling 202550 regions, 298490 hits for ENCSR000ENB
[1] 931121 hits in 632524 regions
[1] ---- ENCSR910OQF (chr8) (2/2)
[1] "Data table read. Merging with Fimo..."
[1] "Merged. Now splitting table to regions and hits..."
[1] filling 422551 regions, 617967 hits for ENCSR910OQF
[1] 5841196 hits in 3790184 regions
############### LOG OUTPUT ###############
Task: 8
Node: 8
Timestamp: 2017-10-01 15:15:57
Success: TRUE
Task duration:
    user   system  elapsed 
1177.396 1050.376 3575.171 
Memory used:
          used (Mb) gc trigger  (Mb) max used (Mb)
Ncells 1647791 88.1    2637877 140.9  1852255 99.0
Vcells 1729500 13.2    3142662  24.0  2552034 19.5
Log messages:
stderr and stdout:
[1] ---- ENCSR000ENB (chr8) (1/2)
[1] "Data table read. Merging with Fimo..."
[1] "Merged. Now splitting table to regions and hits..."
[1] filling 864227 regions, 1561861 hits for ENCSR000ENB
[1] 4665110 hits in 2584006 regions
[1] ---- ENCSR910OQF (chr8) (2/2)
[1] "Data table read. Merging with Fimo..."
[1] "Merged. Now splitting table to regions and hits..."
[1] filling 1309581 regions, 2320520 hits for ENCSR910OQF
[1] 24661654 hits in 13107653 regions
############### LOG OUTPUT ###############
Task: 10
Node: 10
Timestamp: 2017-10-01 15:17:11
Success: TRUE
Task duration:
    user   system  elapsed 
1173.888 1052.964 3645.329 
Memory used:
          used (Mb) gc trigger  (Mb) max used (Mb)
Ncells 1647792 88.1    2637877 140.9  1852255 99.0
Vcells 1729501 13.2    3142662  24.0  2552034 19.5
Log messages:
stderr and stdout:
[1] ---- ENCSR000ENB (chr10) (1/2)
[1] "Data table read. Merging with Fimo..."
[1] "Merged. Now splitting table to regions and hits..."
[1] filling 863591 regions, 1559793 hits for ENCSR000ENB
[1] 3103249 hits in 1719779 regions
[1] ---- ENCSR910OQF (chr10) (2/2)
[1] "Data table read. Merging with Fimo..."
[1] "Merged. Now splitting table to regions and hits..."
[1] filling 1349207 regions, 2383469 hits for ENCSR910OQF
[1] 27045123 hits in 14172944 regions
############### LOG OUTPUT ###############
Task: 7
Node: 7
Timestamp: 2017-10-01 15:23:48
Success: TRUE
Task duration:
    user   system  elapsed 
1268.408 1462.244 4041.232 
Memory used:
          used (Mb) gc trigger  (Mb) max used (Mb)
Ncells 1647790 88.1    2637877 140.9  1852222 99.0
Vcells 1729502 13.2    3142662  24.0  2552033 19.5
Log messages:
stderr and stdout:
[1] ---- ENCSR000ENB (chr7) (1/2)
[1] "Data table read. Merging with Fimo..."
[1] "Merged. Now splitting table to regions and hits..."
[1] filling 231127 regions, 340102 hits for ENCSR000ENB
[1] 2518881 hits in 1710604 regions
[1] ---- ENCSR910OQF (chr7) (2/2)
[1] "Data table read. Merging with Fimo..."
[1] "Merged. Now splitting table to regions and hits..."
[1] filling 471830 regions, 688073 hits for ENCSR910OQF
[1] 6529269 hits in 4192674 regions
############### LOG OUTPUT ###############
Task: 7
Node: 7
Timestamp: 2017-10-01 15:23:55
Success: TRUE
Task duration:
    user   system  elapsed 
1492.984 1253.448 4037.728 
Memory used:
          used (Mb) gc trigger  (Mb) max used (Mb)
Ncells 1647793 88.1    2637877 140.9  1852255 99.0
Vcells 1729502 13.2    3142662  24.0  2552034 19.5
Log messages:
stderr and stdout:
[1] ---- ENCSR000ENB (chr7) (1/2)
[1] "Data table read. Merging with Fimo..."
[1] "Merged. Now splitting table to regions and hits..."
[1] filling 957416 regions, 1733724 hits for ENCSR000ENB
[1] 8417031 hits in 4659750 regions
[1] ---- ENCSR910OQF (chr7) (2/2)
[1] "Data table read. Merging with Fimo..."
[1] "Merged. Now splitting table to regions and hits..."
[1] filling 1467820 regions, 2605296 hits for ENCSR910OQF
[1] 29650419 hits in 15319614 regions
############### LOG OUTPUT ###############
Task: 6
Node: 6
Timestamp: 2017-10-01 15:24:49
Success: TRUE
Task duration:
    user   system  elapsed 
1534.136 1129.344 4094.899 
Memory used:
          used (Mb) gc trigger  (Mb) max used (Mb)
Ncells 1647794 88.1    2637877 140.9  1852255 99.0
Vcells 1729503 13.2    3142662  24.0  2552034 19.5
Log messages:
stderr and stdout:
[1] ---- ENCSR000ENB (chr6) (1/2)
[1] "Data table read. Merging with Fimo..."
[1] "Merged. Now splitting table to regions and hits..."
[1] filling 1118328 regions, 2018197 hits for ENCSR000ENB
[1] 6683307 hits in 3702334 regions
[1] ---- ENCSR910OQF (chr6) (2/2)
[1] "Data table read. Merging with Fimo..."
[1] "Merged. Now splitting table to regions and hits..."
[1] filling 1485287 regions, 2633547 hits for ENCSR910OQF
[1] 32283966 hits in 16435477 regions
############### LOG OUTPUT ###############
Task: 5
Node: 5
Timestamp: 2017-10-01 15:26:09
Success: TRUE
Task duration:
    user   system  elapsed 
1457.140 1138.032 4180.900 
Memory used:
          used (Mb) gc trigger  (Mb) max used (Mb)
Ncells 1647791 88.1    2637877 140.9  1852222 99.0
Vcells 1729503 13.2    3142662  24.0  2552033 19.5
Log messages:
stderr and stdout:
[1] ---- ENCSR000ENB (chr5) (1/2)
[1] "Data table read. Merging with Fimo..."
[1] "Merged. Now splitting table to regions and hits..."
[1] filling 247579 regions, 362142 hits for ENCSR000ENB
[1] 1293263 hits in 880103 regions
[1] ---- ENCSR910OQF (chr5) (2/2)
[1] "Data table read. Merging with Fimo..."
[1] "Merged. Now splitting table to regions and hits..."
[1] filling 491954 regions, 717340 hits for ENCSR910OQF
[1] 7246609 hits in 4618257 regions
############### LOG OUTPUT ###############
Task: 4
Node: 4
Timestamp: 2017-10-01 15:26:39
Success: TRUE
Task duration:
    user   system  elapsed 
1507.024 1233.788 4207.802 
Memory used:
          used (Mb) gc trigger  (Mb) max used (Mb)
Ncells 1647792 88.1    2637877 140.9  1852222 99.0
Vcells 1729504 13.2    3142662  24.0  2552033 19.5
Log messages:
stderr and stdout:
[1] ---- ENCSR000ENB (chr4) (1/2)
[1] "Data table read. Merging with Fimo..."
[1] "Merged. Now splitting table to regions and hits..."
[1] filling 228593 regions, 335927 hits for ENCSR000ENB
[1] 2178779 hits in 1479477 regions
[1] ---- ENCSR910OQF (chr4) (2/2)
[1] "Data table read. Merging with Fimo..."
[1] "Merged. Now splitting table to regions and hits..."
[1] filling 446079 regions, 652463 hits for ENCSR910OQF
[1] 7899072 hits in 5003753 regions
############### LOG OUTPUT ###############
Task: 4
Node: 4
Timestamp: 2017-10-01 15:27:57
Success: TRUE
Task duration:
    user   system  elapsed 
1745.176 1331.952 4285.790 
Memory used:
          used (Mb) gc trigger  (Mb) max used (Mb)
Ncells 1647795 88.1    2637877 140.9  1852255 99.0
Vcells 1729504 13.2    3142662  24.0  2552034 19.5
Log messages:
stderr and stdout:
[1] ---- ENCSR000ENB (chr4) (1/2)
[1] "Data table read. Merging with Fimo..."
[1] "Merged. Now splitting table to regions and hits..."
[1] filling 986200 regions, 1768776 hits for ENCSR000ENB
[1] 12088845 hits in 6695759 regions
[1] ---- ENCSR910OQF (chr4) (2/2)
[1] "Data table read. Merging with Fimo..."
[1] "Merged. Now splitting table to regions and hits..."
[1] filling 1372524 regions, 2413391 hits for ENCSR910OQF
[1] 34697357 hits in 17523344 regions
############### LOG OUTPUT ###############
Task: 6
Node: 6
Timestamp: 2017-10-01 15:29:21
Success: TRUE
Task duration:
    user   system  elapsed 
1478.500 1694.088 4375.463 
Memory used:
          used (Mb) gc trigger  (Mb) max used (Mb)
Ncells 1647793 88.1    2637877 140.9  1852222 99.0
Vcells 1729505 13.2    3142662  24.0  2552033 19.5
Log messages:
stderr and stdout:
[1] ---- ENCSR000ENB (chr6) (1/2)
[1] "Data table read. Merging with Fimo..."
[1] "Merged. Now splitting table to regions and hits..."
[1] filling 266417 regions, 389100 hits for ENCSR000ENB
[1] 3533842 hits in 2402536 regions
[1] ---- ENCSR910OQF (chr6) (2/2)
[1] "Data table read. Merging with Fimo..."
[1] "Merged. Now splitting table to regions and hits..."
[1] filling 469362 regions, 685784 hits for ENCSR910OQF
[1] 9647706 hits in 6020620 regions
############### LOG OUTPUT ###############
Task: 2
Node: 2
Timestamp: 2017-10-01 15:29:24
Success: TRUE
Task duration:
    user   system  elapsed 
1820.376  741.448 4375.325 
Memory used:
          used (Mb) gc trigger  (Mb) max used (Mb)
Ncells 1647794 88.1    2637877 140.9  1852222 99.0
Vcells 1729506 13.2    3142662  24.0  2552033 19.5
Log messages:
stderr and stdout:
[1] ---- ENCSR000ENB (chr2) (1/2)
[1] "Data table read. Merging with Fimo..."
[1] "Merged. Now splitting table to regions and hits..."
[1] filling 370781 regions, 549589 hits for ENCSR000ENB
[1] 1842852 hits in 1250884 regions
[1] ---- ENCSR910OQF (chr2) (2/2)
[1] "Data table read. Merging with Fimo..."
[1] "Merged. Now splitting table to regions and hits..."
[1] filling 726208 regions, 1062850 hits for ENCSR910OQF
[1] 9647706 hits in 6020620 regions
############### LOG OUTPUT ###############
Task: 5
Node: 5
Timestamp: 2017-10-01 15:30:22
Success: TRUE
Task duration:
    user   system  elapsed 
1472.876 1683.976 4428.485 
Memory used:
          used (Mb) gc trigger  (Mb) max used (Mb)
Ncells 1647796 88.1    2637877 140.9  1852255 99.0
Vcells 1729505 13.2    3142662  24.0  2552034 19.5
Log messages:
stderr and stdout:
[1] ---- ENCSR000ENB (chr5) (1/2)
[1] "Data table read. Merging with Fimo..."
[1] "Merged. Now splitting table to regions and hits..."
[1] filling 1049809 regions, 1903038 hits for ENCSR000ENB
[1] 10320069 hits in 5709559 regions
[1] ---- ENCSR910OQF (chr5) (2/2)
[1] "Data table read. Merging with Fimo..."
[1] "Merged. Now splitting table to regions and hits..."
[1] filling 1520864 regions, 2685171 hits for ENCSR910OQF
[1] 37382528 hits in 18722834 regions
############### LOG OUTPUT ###############
Task: 3
Node: 3
Timestamp: 2017-10-01 15:31:27
Success: TRUE
Task duration:
    user   system  elapsed 
1673.392 1596.764 4496.656 
Memory used:
          used (Mb) gc trigger  (Mb) max used (Mb)
Ncells 1647795 88.1    2637877 140.9  1852222 99.0
Vcells 1729507 13.2    3142662  24.0  2552033 19.5
Log messages:
stderr and stdout:
[1] ---- ENCSR000ENB (chr3) (1/2)
[1] "Data table read. Merging with Fimo..."
[1] "Merged. Now splitting table to regions and hits..."
[1] filling 295760 regions, 434801 hits for ENCSR000ENB
[1] 4632144 hits in 3088138 regions
[1] ---- ENCSR910OQF (chr3) (2/2)
[1] "Data table read. Merging with Fimo..."
[1] "Merged. Now splitting table to regions and hits..."
[1] filling 551243 regions, 808071 hits for ENCSR910OQF
[1] 10455777 hits in 6487730 regions
############### LOG OUTPUT ###############
Task: 1
Node: 1
Timestamp: 2017-10-01 15:31:57
Success: TRUE
Task duration:
    user   system  elapsed 
1849.808 1212.000 4523.364 
Memory used:
          used (Mb) gc trigger  (Mb) max used (Mb)
Ncells 1647796 88.1    2637877 140.9  1852222 99.0
Vcells 1729508 13.2    3142662  24.0  2552033 19.5
Log messages:
stderr and stdout:
[1] ---- ENCSR000ENB (chr1) (1/2)
[1] "Data table read. Merging with Fimo..."
[1] "Merged. Now splitting table to regions and hits..."
[1] filling 425515 regions, 625861 hits for ENCSR000ENB
[1] 3144742 hits in 2136119 regions
[1] ---- ENCSR910OQF (chr1) (2/2)
[1] "Data table read. Merging with Fimo..."
[1] "Merged. Now splitting table to regions and hits..."
[1] filling 799544 regions, 1172955 hits for ENCSR910OQF
[1] 11628732 hits in 7147693 regions
> 
> print(bpok(result))
 [1] TRUE TRUE TRUE TRUE TRUE TRUE TRUE TRUE TRUE TRUE
> print("Database fill complete")
[1] "Database fill complete"
> print(date())
[1] "Sun Oct  1 15:31:57 2017"
> 
############### LOG OUTPUT ###############
Task: 3
Node: 3
Timestamp: 2017-10-01 15:33:59
Success: TRUE
Task duration:
    user   system  elapsed 
1783.384 1698.252 4648.430 
Memory used:
          used (Mb) gc trigger  (Mb) max used (Mb)
Ncells 1647797 88.1    2637877 140.9  1852255 99.0
Vcells 1729506 13.2    3142662  24.0  2552034 19.5
Log messages:
stderr and stdout:
[1] ---- ENCSR000ENB (chr3) (1/2)
[1] "Data table read. Merging with Fimo..."
[1] "Merged. Now splitting table to regions and hits..."
[1] filling 1225290 regions, 2219706 hits for ENCSR000ENB
[1] 14308551 hits in 7921049 regions
[1] ---- ENCSR910OQF (chr3) (2/2)
[1] "Data table read. Merging with Fimo..."
[1] "Merged. Now splitting table to regions and hits..."
[1] filling 1733287 regions, 3070176 hits for ENCSR910OQF
[1] 40452704 hits in 20065786 regions
############### LOG OUTPUT ###############
Task: 1
Node: 1
Timestamp: 2017-10-01 15:36:20
Success: TRUE
Task duration:
    user   system  elapsed 
1948.028 1621.696 4780.092 
Memory used:
          used (Mb) gc trigger  (Mb) max used (Mb)
Ncells 1647798 88.1    2637877 140.9  1852255 99.0
Vcells 1729507 13.2    3142662  24.0  2552034 19.5
Log messages:
stderr and stdout:
[1] ---- ENCSR000ENB (chr1) (1/2)
[1] "Data table read. Merging with Fimo..."
[1] "Merged. Now splitting table to regions and hits..."
[1] filling 1718236 regions, 3112740 hits for ENCSR000ENB
[1] 17421291 hits in 9639285 regions
[1] ---- ENCSR910OQF (chr1) (2/2)
[1] "Data table read. Merging with Fimo..."
[1] "Merged. Now splitting table to regions and hits..."
[1] filling 2420675 regions, 4317799 hits for ENCSR910OQF
[1] 44770503 hits in 21868067 regions
############### LOG OUTPUT ###############
Task: 2
Node: 2
Timestamp: 2017-10-01 15:37:22
Success: TRUE
Task duration:
    user   system  elapsed 
1971.188 1715.628 4836.699 
Memory used:
          used (Mb) gc trigger  (Mb) max used (Mb)
Ncells 1647799 88.1    2637877 140.9  1852255 99.0
Vcells 1729508 13.2    3142662  24.0  2552034 19.5
Log messages:
stderr and stdout:
[1] ---- ENCSR000ENB (chr2) (1/2)
[1] "Data table read. Merging with Fimo..."
[1] "Merged. Now splitting table to regions and hits..."
[1] filling 1536379 regions, 2795689 hits for ENCSR000ENB
[1] 20216980 hits in 11175664 regions
[1] ---- ENCSR910OQF (chr2) (2/2)
[1] "Data table read. Merging with Fimo..."
[1] "Merged. Now splitting table to regions and hits..."
[1] filling 2229635 regions, 3961614 hits for ENCSR910OQF
[1] 48732117 hits in 23607147 regions
> 
> print(bpok(result))
 [1] TRUE TRUE TRUE TRUE TRUE TRUE TRUE TRUE TRUE TRUE
> print("Database fill complete")
[1] "Database fill complete"
> print(date())
[1] "Sun Oct  1 15:37:22 2017"
> 

R version 3.4.1 (2017-06-30) -- "Single Candle"
Copyright (C) 2017 The R Foundation for Statistical Computing
Platform: x86_64-pc-linux-gnu (64-bit)

R is free software and comes with ABSOLUTELY NO WARRANTY.
You are welcome to redistribute it under certain conditions.
Type 'license()' or 'licence()' for distribution details.

  Natural language support but running in an English locale

R is a collaborative project with many contributors.
Type 'contributors()' for more information and
'citation()' on how to cite R or R packages in publications.

Type 'demo()' for some demos, 'help()' for on-line help, or
'help.start()' for an HTML browser interface to help.
Type 'q()' to quit R.

> # users can either step through this file, or call this file with 
> # r -f example.R
> 
> # THIS ASSUMES THAT THE TESTHINT DATABASE EXISTS. The recipe for building that
> # database is in ../dbInitialization/createHintTest.sql
> 
> # THIS EXAMPLE USES THE BRAIN HINT OUTPUT MADE BY RUNNING make hint at /scratch/data/footprints
> 
> print(date())
[1] "Sun Oct  1 17:00:42 2017"
> #-------------------------------------------------------------------------------
> # set path to hint output 
> data.path <- "/scratch/data/footprints/spinal_cord_hint_16"
> #-------------------------------------------------------------------------------
> # establish database connections:
> 
> if(!exists("db.hint"))
+     db.hint <- "spinal_cord_hint_16_localhost"
> 
> if(!exists("db.fimo"))
+     db.fimo <- "fimo_localhost"
> #-------------------------------------------------------------------------------
> # Source the libraries
> source("../src/dependencies.R")
Loading required package: stats4
Loading required package: BiocGenerics
Loading required package: parallel

Attaching package: ‘BiocGenerics’

The following objects are masked from ‘package:parallel’:

    clusterApply, clusterApplyLB, clusterCall, clusterEvalQ,
    clusterExport, clusterMap, parApply, parCapply, parLapply,
    parLapplyLB, parRapply, parSapply, parSapplyLB

The following objects are masked from ‘package:stats’:

    IQR, mad, sd, var, xtabs

The following objects are masked from ‘package:base’:

    anyDuplicated, append, as.data.frame, cbind, colMeans, colnames,
    colSums, do.call, duplicated, eval, evalq, Filter, Find, get, grep,
    grepl, intersect, is.unsorted, lapply, lengths, Map, mapply, match,
    mget, order, paste, pmax, pmax.int, pmin, pmin.int, Position, rank,
    rbind, Reduce, rowMeans, rownames, rowSums, sapply, setdiff, sort,
    table, tapply, union, unique, unsplit, which, which.max, which.min

Loading required package: S4Vectors

Attaching package: ‘S4Vectors’

The following object is masked from ‘package:base’:

    expand.grid

Loading required package: IRanges
Loading required package: GenomeInfoDb
Loading required package: DBI
> source("../src/dbFunctions.R")
> source("../src/tableParsing.R")
> source("../src/tests.R")
> source("../src/main_Bioc.R")
> 
> if(!interactive()){    
+     chromosomes <- paste0("chr",c(11:22,"X","Y","MT"))
+     
+     # Create parallel structure here    
+     library(BiocParallel)    
+     register(MulticoreParam(workers = 25, stop.on.error = FALSE, log = TRUE), default = TRUE)
+ 
+     # Run on all 24 possible chromosomes at once
+     result <- bptry(bplapply(chromosomes,fillAllSamplesByChromosome,
+              dbConnection = db.hint,             
+              fimo = db.fimo,             
+              minid = "spinal_cord_hint_16.minid",             
+              dbUser = "trena",             
+              dbTable = "spinal_cord_hint_16",             
+              sourcePath = data.path,             
+              isTest = FALSE,             
+              method = "HINT"))    
+ }

R version 3.4.1 (2017-06-30) -- "Single Candle"
Copyright (C) 2017 The R Foundation for Statistical Computing
Platform: x86_64-pc-linux-gnu (64-bit)

R is free software and comes with ABSOLUTELY NO WARRANTY.
You are welcome to redistribute it under certain conditions.
Type 'license()' or 'licence()' for distribution details.

  Natural language support but running in an English locale

R is a collaborative project with many contributors.
Type 'contributors()' for more information and
'citation()' on how to cite R or R packages in publications.

Type 'demo()' for some demos, 'help()' for on-line help, or
'help.start()' for an HTML browser interface to help.
Type 'q()' to quit R.

> # users can either step through this file, or call this file with 
> # r -f example.R
> 
> # THIS ASSUMES THAT THE TESTHINT DATABASE EXISTS. The recipe for building that
> # database is in ../dbInitialization/createHintTest.sql
> 
> # THIS EXAMPLE USES THE BRAIN HINT OUTPUT MADE BY RUNNING make hint at /scratch/data/footprints
> 
> print(date())
[1] "Sun Oct  1 17:00:50 2017"
> #-------------------------------------------------------------------------------
> # set path to hint output 
> data.path <- "/scratch/data/footprints/spinal_cord_wellington_16"
> #-------------------------------------------------------------------------------
> # establish database connections:
> 
> if(!exists("db.wellington"))
+     db.wellington <- "spinal_cord_wellington_16_localhost"
> 
> if(!exists("db.fimo"))
+     db.fimo <- "fimo_localhost"
> #-------------------------------------------------------------------------------
> # Source the libraries
> source("../src/dependencies.R")
Loading required package: stats4
Loading required package: BiocGenerics
Loading required package: parallel

Attaching package: ‘BiocGenerics’

The following objects are masked from ‘package:parallel’:

    clusterApply, clusterApplyLB, clusterCall, clusterEvalQ,
    clusterExport, clusterMap, parApply, parCapply, parLapply,
    parLapplyLB, parRapply, parSapply, parSapplyLB

The following objects are masked from ‘package:stats’:

    IQR, mad, sd, var, xtabs

The following objects are masked from ‘package:base’:

    anyDuplicated, append, as.data.frame, cbind, colMeans, colnames,
    colSums, do.call, duplicated, eval, evalq, Filter, Find, get, grep,
    grepl, intersect, is.unsorted, lapply, lengths, Map, mapply, match,
    mget, order, paste, pmax, pmax.int, pmin, pmin.int, Position, rank,
    rbind, Reduce, rowMeans, rownames, rowSums, sapply, setdiff, sort,
    table, tapply, union, unique, unsplit, which, which.max, which.min

Loading required package: S4Vectors

Attaching package: ‘S4Vectors’

The following object is masked from ‘package:base’:

    expand.grid

Loading required package: IRanges
Loading required package: GenomeInfoDb
Loading required package: DBI
> source("../src/dbFunctions.R")
> source("../src/tableParsing.R")
> source("../src/tests.R")
> source("../src/main_Bioc.R")
> 
> if(!interactive()){    
+     chromosomes <- paste0("chr",c(11:22,"X","Y","MT"))
+     
+     # Create parallel structure here
+     library(BiocParallel)
+     register(MulticoreParam(workers = 25, stop.on.error = FALSE, log = TRUE), default = TRUE)
+ 
+     # Run on all 24 possible chromosomes at once
+     result <- bptry(bplapply(chromosomes, fillAllSamplesByChromosome,
+              dbConnection = db.wellington,
+              fimo = db.fimo,
+              minid = "spinal_cord_wellington_16.minid",
+              dbUser = "trena",
+              dbTable = "spinal_cord_wellington_16",
+              sourcePath = data.path,
+              isTest = FALSE,
+              method = "WELLINGTON"))
+ }
############### LOG OUTPUT ###############
Task: 15
Node: 15
Timestamp: 2017-10-01 17:01:00
Success: TRUE
Task duration:
   user  system elapsed 
  4.928   0.092   5.021 
Memory used:
          used (Mb) gc trigger  (Mb) max used (Mb)
Ncells 1646883 88.0    2637877 140.9  1852329 99.0
Vcells 1727059 13.2    3142662  24.0  2552048 19.5
Log messages:
stderr and stdout:
[1] ---- ENCSR000ENB (chrMT) (1/2)
[1] "Data table read. Merging with Fimo..."
[1] No rows matching chrMT
############### LOG OUTPUT ###############
Task: 15
Node: 15
Timestamp: 2017-10-01 17:01:22
Success: TRUE
Task duration:
   user  system elapsed 
 34.604   0.728  35.330 
Memory used:
          used (Mb) gc trigger  (Mb) max used (Mb)
Ncells 1646886 88.0    2637877 140.9  1852340 99.0
Vcells 1727059 13.2    3142662  24.0  2552049 19.5
Log messages:
stderr and stdout:
[1] ---- ENCSR000ENB (chrMT) (1/2)
[1] "Data table read. Merging with Fimo..."
[1] No rows matching chrMT
############### LOG OUTPUT ###############
Task: 14
Node: 14
Timestamp: 2017-10-01 17:06:52
Success: TRUE
Task duration:
   user  system elapsed 
198.860  10.304 352.640 
Memory used:
          used (Mb) gc trigger  (Mb) max used (Mb)
Ncells 1647872 88.1    2637877 140.9  1852329 99.0
Vcells 1729608 13.2    3142662  24.0  2552048 19.5
Log messages:
stderr and stdout:
[1] ---- ENCSR000ENB (chrY) (1/2)
[1] "Data table read. Merging with Fimo..."
[1] "Merged. Now splitting table to regions and hits..."
[1] filling 13201 regions, 19084 hits for ENCSR000ENB
[1] 11647816 hits in 7160894 regions
[1] ---- ENCSR910OQF (chrY) (2/2)
[1] "Data table read. Merging with Fimo..."
[1] "Merged. Now splitting table to regions and hits..."
[1] filling 47526 regions, 68134 hits for ENCSR910OQF
[1] 11715950 hits in 7202487 regions
############### LOG OUTPUT ###############
Task: 14
Node: 14
Timestamp: 2017-10-01 17:10:24
Success: TRUE
Task duration:
   user  system elapsed 
384.420  36.384 567.219 
Memory used:
          used (Mb) gc trigger  (Mb) max used (Mb)
Ncells 1647875 88.1    2637877 140.9  1852340 99.0
Vcells 1729608 13.2    3142662  24.0  2552049 19.5
Log messages:
stderr and stdout:
[1] ---- ENCSR000ENB (chrY) (1/2)
[1] "Data table read. Merging with Fimo..."
[1] "Merged. Now splitting table to regions and hits..."
[1] filling 23513 regions, 37512 hits for ENCSR000ENB
[1] 48769629 hits in 23630660 regions
[1] ---- ENCSR910OQF (chrY) (2/2)
[1] "Data table read. Merging with Fimo..."
[1] "Merged. Now splitting table to regions and hits..."
[1] filling 57493 regions, 93122 hits for ENCSR910OQF
[1] 49324668 hits in 23937096 regions
############### LOG OUTPUT ###############
Task: 11
Node: 11
Timestamp: 2017-10-01 17:11:29
Success: TRUE
Task duration:
   user  system elapsed 
315.604  82.420 628.728 
Memory used:
          used (Mb) gc trigger  (Mb) max used (Mb)
Ncells 1647873 88.1    2637877 140.9  1852329 99.0
Vcells 1729609 13.2    3142662  24.0  2552048 19.5
Log messages:
stderr and stdout:
[1] ---- ENCSR000ENB (chr21) (1/2)
[1] "Data table read. Merging with Fimo..."
[1] "Merged. Now splitting table to regions and hits..."
[1] filling 66197 regions, 97096 hits for ENCSR000ENB
[1] 11813046 hits in 7268684 regions
[1] ---- ENCSR910OQF (chr21) (2/2)
[1] "Data table read. Merging with Fimo..."
[1] "Merged. Now splitting table to regions and hits..."
[1] filling 119460 regions, 173291 hits for ENCSR910OQF
[1] 11986337 hits in 7369557 regions
############### LOG OUTPUT ###############
Task: 11
Node: 11
Timestamp: 2017-10-01 17:16:09
Success: TRUE
Task duration:
   user  system elapsed 
623.204  49.648 907.418 
Memory used:
          used (Mb) gc trigger  (Mb) max used (Mb)
Ncells 1647876 88.1    2637877 140.9  1852340 99.0
Vcells 1729609 13.2    3142662  24.0  2552049 19.5
Log messages:
stderr and stdout:
[1] ---- ENCSR000ENB (chr21) (1/2)
[1] "Data table read. Merging with Fimo..."
[1] "Merged. Now splitting table to regions and hits..."
[1] filling 256640 regions, 461917 hits for ENCSR000ENB
[1] 49231546 hits in 23887300 regions
[1] ---- ENCSR910OQF (chr21) (2/2)
[1] "Data table read. Merging with Fimo..."
[1] "Merged. Now splitting table to regions and hits..."
[1] filling 335413 regions, 592229 hits for ENCSR910OQF
[1] 54436038 hits in 26663715 regions
############### LOG OUTPUT ###############
Task: 12
Node: 12
Timestamp: 2017-10-01 17:19:12
Success: TRUE
Task duration:
    user   system  elapsed 
 712.204   39.416 1094.195 
Memory used:
          used (Mb) gc trigger  (Mb) max used (Mb)
Ncells 1647877 88.1    2637877 140.9  1852340 99.0
Vcells 1729610 13.2    3142662  24.0  2552049 19.5
Log messages:
stderr and stdout:
[1] ---- ENCSR000ENB (chr22) (1/2)
[1] "Data table read. Merging with Fimo..."
[1] "Merged. Now splitting table to regions and hits..."
[1] filling 342259 regions, 623129 hits for ENCSR000ENB
[1] 49947797 hits in 24279355 regions
[1] ---- ENCSR910OQF (chr22) (2/2)
[1] "Data table read. Merging with Fimo..."
[1] "Merged. Now splitting table to regions and hits..."
[1] filling 522073 regions, 930371 hits for ENCSR910OQF
[1] 56836750 hits in 27858531 regions
############### LOG OUTPUT ###############
Task: 10
Node: 10
Timestamp: 2017-10-01 17:19:17
Success: TRUE
Task duration:
    user   system  elapsed 
 480.628  219.308 1092.648 
Memory used:
          used (Mb) gc trigger  (Mb) max used (Mb)
Ncells 1647874 88.1    2637877 140.9  1852329 99.0
Vcells 1729610 13.2    3142662  24.0  2552048 19.5
Log messages:
stderr and stdout:
[1] ---- ENCSR000ENB (chr20) (1/2)
[1] "Data table read. Merging with Fimo..."
[1] "Merged. Now splitting table to regions and hits..."
[1] filling 116370 regions, 171205 hits for ENCSR000ENB
[1] 12157542 hits in 7485927 regions
[1] ---- ENCSR910OQF (chr20) (2/2)
[1] "Data table read. Merging with Fimo..."
[1] "Merged. Now splitting table to regions and hits..."
[1] filling 261723 regions, 380287 hits for ENCSR910OQF
[1] 13332353 hits in 8250552 regions
############### LOG OUTPUT ###############
Task: 12
Node: 12
Timestamp: 2017-10-01 17:21:00
Success: TRUE
Task duration:
    user   system  elapsed 
 345.636  511.512 1195.616 
Memory used:
          used (Mb) gc trigger  (Mb) max used (Mb)
Ncells 1647875 88.1    2637877 140.9  1852329 99.0
Vcells 1729611 13.2    3142662  24.0  2552048 19.5
Log messages:
stderr and stdout:
[1] ---- ENCSR000ENB (chr22) (1/2)
[1] "Data table read. Merging with Fimo..."
[1] "Merged. Now splitting table to regions and hits..."
[1] filling 94787 regions, 139462 hits for ENCSR000ENB
[1] 12297004 hits in 7580714 regions
[1] ---- ENCSR910OQF (chr22) (2/2)
[1] "Data table read. Merging with Fimo..."
[1] "Merged. Now splitting table to regions and hits..."
[1] filling 190923 regions, 277455 hits for ENCSR910OQF
[1] 13999236 hits in 8671395 regions
############### LOG OUTPUT ###############
Task: 3
Node: 3
Timestamp: 2017-10-01 17:22:25
Success: TRUE
Task duration:
    user   system  elapsed 
 758.904  133.232 1270.628 
Memory used:
          used (Mb) gc trigger  (Mb) max used (Mb)
Ncells 1647876 88.1    2637877 140.9  1852329 99.0
Vcells 1729612 13.2    3142662  24.0  2552048 19.5
Log messages:
stderr and stdout:
[1] ---- ENCSR000ENB (chr13) (1/2)
[1] "Data table read. Merging with Fimo..."
[1] "Merged. Now splitting table to regions and hits..."
[1] filling 119588 regions, 176654 hits for ENCSR000ENB
[1] 12473658 hits in 7700302 regions
[1] ---- ENCSR910OQF (chr13) (2/2)
[1] "Data table read. Merging with Fimo..."
[1] "Merged. Now splitting table to regions and hits..."
[1] filling 246803 regions, 363048 hits for ENCSR910OQF
[1] 14940372 hits in 9282310 regions
############### LOG OUTPUT ###############
Task: 10
Node: 10
Timestamp: 2017-10-01 17:24:14
Success: TRUE
Task duration:
    user   system  elapsed 
 718.812  267.040 1387.279 
Memory used:
          used (Mb) gc trigger  (Mb) max used (Mb)
Ncells 1647878 88.1    2637877 140.9  1852340 99.0
Vcells 1729611 13.2    3142662  24.0  2552049 19.5
Log messages:
stderr and stdout:
[1] ---- ENCSR000ENB (chr20) (1/2)
[1] "Data table read. Merging with Fimo..."
[1] "Merged. Now splitting table to regions and hits..."
[1] filling 449671 regions, 814932 hits for ENCSR000ENB
[1] 51965436 hits in 25379881 regions
[1] ---- ENCSR910OQF (chr20) (2/2)
[1] "Data table read. Merging with Fimo..."
[1] "Merged. Now splitting table to regions and hits..."
[1] filling 749423 regions, 1335517 hits for ENCSR910OQF
[1] 59025235 hits in 28924907 regions
############### LOG OUTPUT ###############
Task: 9
Node: 9
Timestamp: 2017-10-01 17:24:55
Success: TRUE
Task duration:
    user   system  elapsed 
 957.268   76.872 1425.545 
Memory used:
          used (Mb) gc trigger  (Mb) max used (Mb)
Ncells 1647879 88.1    2637877 140.9  1852340 99.0
Vcells 1729612 13.2    3142662  24.0  2552049 19.5
Log messages:
stderr and stdout:
[1] ---- ENCSR000ENB (chr19) (1/2)
[1] "Data table read. Merging with Fimo..."
[1] "Merged. Now splitting table to regions and hits..."
[1] filling 650855 regions, 1202707 hits for ENCSR000ENB
[1] 51150504 hits in 24930210 regions
[1] ---- ENCSR910OQF (chr19) (2/2)
[1] "Data table read. Merging with Fimo..."
[1] "Merged. Now splitting table to regions and hits..."
[1] filling 795199 regions, 1445811 hits for ENCSR910OQF
[1] 61582560 hits in 30017408 regions
############### LOG OUTPUT ###############
Task: 8
Node: 8
Timestamp: 2017-10-01 17:25:49
Success: TRUE
Task duration:
    user   system  elapsed 
 621.248  465.144 1482.283 
Memory used:
          used (Mb) gc trigger  (Mb) max used (Mb)
Ncells 1647877 88.1    2637877 140.9  1852329 99.0
Vcells 1729613 13.2    3142662  24.0  2552048 19.5
Log messages:
stderr and stdout:
[1] ---- ENCSR000ENB (chr18) (1/2)
[1] "Data table read. Merging with Fimo..."
[1] "Merged. Now splitting table to regions and hits..."
[1] filling 100026 regions, 146929 hits for ENCSR000ENB
[1] 12952066 hits in 8026100 regions
[1] ---- ENCSR910OQF (chr18) (2/2)
[1] "Data table read. Merging with Fimo..."
[1] "Merged. Now splitting table to regions and hits..."
[1] filling 233806 regions, 342332 hits for ENCSR910OQF
[1] 16694028 hits in 10379794 regions
############### LOG OUTPUT ###############
Task: 2
Node: 2
Timestamp: 2017-10-01 17:25:53
Success: TRUE
Task duration:
    user   system  elapsed 
1047.612  129.448 1474.419 
Memory used:
          used (Mb) gc trigger  (Mb) max used (Mb)
Ncells 1647878 88.1    2637877 140.9  1852329 99.0
Vcells 1729614 13.2    3142662  24.0  2552048 19.5
Log messages:
stderr and stdout:
[1] ---- ENCSR000ENB (chr12) (1/2)
[1] "Data table read. Merging with Fimo..."
[1] "Merged. Now splitting table to regions and hits..."
[1] filling 225772 regions, 331479 hits for ENCSR000ENB
[1] 12805137 hits in 7926074 regions
[1] ---- ENCSR910OQF (chr12) (2/2)
[1] "Data table read. Merging with Fimo..."
[1] "Merged. Now splitting table to regions and hits..."
[1] filling 422367 regions, 615880 hits for ENCSR910OQF
[1] 16351696 hits in 10174116 regions
############### LOG OUTPUT ###############
Task: 8
Node: 8
Timestamp: 2017-10-01 17:25:57
Success: TRUE
Task duration:
    user   system  elapsed 
 980.420   87.568 1482.871 
Memory used:
          used (Mb) gc trigger  (Mb) max used (Mb)
Ncells 1647880 88.1    2637877 140.9  1852340 99.0
Vcells 1729613 13.2    3142662  24.0  2552049 19.5
Log messages:
stderr and stdout:
[1] ---- ENCSR000ENB (chr18) (1/2)
[1] "Data table read. Merging with Fimo..."
[1] "Merged. Now splitting table to regions and hits..."
[1] filling 419928 regions, 756773 hits for ENCSR000ENB
[1] 52722209 hits in 25799809 regions
[1] ---- ENCSR910OQF (chr18) (2/2)
[1] "Data table read. Merging with Fimo..."
[1] "Merged. Now splitting table to regions and hits..."
[1] filling 700169 regions, 1228179 hits for ENCSR910OQF
[1] 64481571 hits in 32069598 regions
############### LOG OUTPUT ###############
Task: 6
Node: 6
Timestamp: 2017-10-01 17:27:35
Success: TRUE
Task duration:
    user   system  elapsed 
1093.664   88.004 1584.036 
Memory used:
          used (Mb) gc trigger  (Mb) max used (Mb)
Ncells 1647881 88.1    2637877 140.9  1852340 99.0
Vcells 1729614 13.2    3142662  24.0  2552049 19.5
Log messages:
stderr and stdout:
[1] ---- ENCSR000ENB (chr16) (1/2)
[1] "Data table read. Merging with Fimo..."
[1] "Merged. Now splitting table to regions and hits..."
[1] filling 611236 regions, 1121600 hits for ENCSR000ENB
[1] 53843809 hits in 26411045 regions
[1] ---- ENCSR910OQF (chr16) (2/2)
[1] "Data table read. Merging with Fimo..."
[1] "Merged. Now splitting table to regions and hits..."
[1] filling 1011689 regions, 1813238 hits for ENCSR910OQF
[1] 67310507 hits in 32844265 regions
############### LOG OUTPUT ###############
Task: 7
Node: 7
Timestamp: 2017-10-01 17:28:28
Success: TRUE
Task duration:
    user   system  elapsed 
1102.408  101.448 1635.275 
Memory used:
          used (Mb) gc trigger  (Mb) max used (Mb)
Ncells 1647882 88.1    2637877 140.9  1852340 99.0
Vcells 1729615 13.2    3142662  24.0  2552049 19.5
Log messages:
stderr and stdout:
[1] ---- ENCSR000ENB (chr17) (1/2)
[1] "Data table read. Merging with Fimo..."
[1] "Merged. Now splitting table to regions and hits..."
[1] filling 807867 regions, 1470341 hits for ENCSR000ENB
[1] 55906379 hits in 27471582 regions
[1] ---- ENCSR910OQF (chr17) (2/2)
[1] "Data table read. Merging with Fimo..."
[1] "Merged. Now splitting table to regions and hits..."
[1] filling 1103881 regions, 1974724 hits for ENCSR910OQF
[1] 71878172 hits in 35044862 regions
############### LOG OUTPUT ###############
Task: 13
Node: 13
Timestamp: 2017-10-01 17:31:06
Success: TRUE
Task duration:
    user   system  elapsed 
1284.528  111.108 1788.010 
Memory used:
          used (Mb) gc trigger  (Mb) max used (Mb)
Ncells 1647879 88.1    2637877 140.9  1852329 99.0
Vcells 1729615 13.2    3142662  24.0  2552048 19.5
Log messages:
stderr and stdout:
[1] ---- ENCSR000ENB (chrX) (1/2)
[1] "Data table read. Merging with Fimo..."
[1] "Merged. Now splitting table to regions and hits..."
[1] filling 127058 regions, 186789 hits for ENCSR000ENB
[1] 13519142 hits in 8377610 regions
[1] ---- ENCSR910OQF (chrX) (2/2)
[1] "Data table read. Merging with Fimo..."
[1] "Merged. Now splitting table to regions and hits..."
[1] filling 236333 regions, 344353 hits for ENCSR910OQF
[1] 17038381 hits in 10577949 regions
############### LOG OUTPUT ###############
Task: 9
Node: 9
Timestamp: 2017-10-01 17:31:35
Success: TRUE
Task duration:
    user   system  elapsed 
 589.184  865.912 1827.689 
Memory used:
          used (Mb) gc trigger  (Mb) max used (Mb)
Ncells 1647880 88.1    2637877 140.9  1852329 99.0
Vcells 1729616 13.2    3142662  24.0  2552048 19.5
Log messages:
stderr and stdout:
[1] ---- ENCSR000ENB (chr19) (1/2)
[1] "Data table read. Merging with Fimo..."
[1] "Merged. Now splitting table to regions and hits..."
[1] filling 179105 regions, 261597 hits for ENCSR000ENB
[1] 14260833 hits in 8850500 regions
[1] ---- ENCSR910OQF (chr19) (2/2)
[1] "Data table read. Merging with Fimo..."
[1] "Merged. Now splitting table to regions and hits..."
[1] filling 291377 regions, 424262 hits for ENCSR910OQF
[1] 17462643 hits in 10788960 regions
############### LOG OUTPUT ###############
Task: 4
Node: 4
Timestamp: 2017-10-01 17:33:53
Success: TRUE
Task duration:
    user   system  elapsed 
 614.788  956.464 1962.691 
Memory used:
          used (Mb) gc trigger  (Mb) max used (Mb)
Ncells 1647881 88.1    2637877 140.9  1852329 99.0
Vcells 1729617 13.2    3142662  24.0  2552048 19.5
Log messages:
stderr and stdout:
[1] ---- ENCSR000ENB (chr14) (1/2)
[1] "Data table read. Merging with Fimo..."
[1] "Merged. Now splitting table to regions and hits..."
[1] filling 137117 regions, 202639 hits for ENCSR000ENB
[1] 13721781 hits in 8514727 regions
[1] ---- ENCSR910OQF (chr14) (2/2)
[1] "Data table read. Merging with Fimo..."
[1] "Merged. Now splitting table to regions and hits..."
[1] filling 269614 regions, 395296 hits for ENCSR910OQF
[1] 17857939 hits in 11016300 regions
############### LOG OUTPUT ###############
Task: 13
Node: 13
Timestamp: 2017-10-01 17:34:46
Success: TRUE
Task duration:
    user   system  elapsed 
1409.248  158.620 1981.935 
Memory used:
          used (Mb) gc trigger  (Mb) max used (Mb)
Ncells 1647883 88.1    2637877 140.9  1852340 99.0
Vcells 1729616 13.2    3142662  24.0  2552049 19.5
Log messages:
stderr and stdout:
[1] ---- ENCSR000ENB (chrX) (1/2)
[1] "Data table read. Merging with Fimo..."
[1] "Merged. Now splitting table to regions and hits..."
[1] filling 476975 regions, 852968 hits for ENCSR000ENB
[1] 57689718 hits in 28335506 regions
[1] ---- ENCSR910OQF (chrX) (2/2)
[1] "Data table read. Merging with Fimo..."
[1] "Merged. Now splitting table to regions and hits..."
[1] filling 684810 regions, 1216893 hits for ENCSR910OQF
[1] 73095065 hits in 35557920 regions
############### LOG OUTPUT ###############
Task: 7
Node: 7
Timestamp: 2017-10-01 17:35:47
Success: TRUE
Task duration:
    user   system  elapsed 
 640.856 1038.356 2077.873 
Memory used:
          used (Mb) gc trigger  (Mb) max used (Mb)
Ncells 1647882 88.1    2637877 140.9  1852329 99.0
Vcells 1729618 13.2    3142662  24.0  2552048 19.5
Log messages:
stderr and stdout:
[1] ---- ENCSR000ENB (chr17) (1/2)
[1] "Data table read. Merging with Fimo..."
[1] "Merged. Now splitting table to regions and hits..."
[1] filling 215900 regions, 316491 hits for ENCSR000ENB
[1] 14577324 hits in 9066400 regions
[1] ---- ENCSR910OQF (chr17) (2/2)
[1] "Data table read. Merging with Fimo..."
[1] "Merged. Now splitting table to regions and hits..."
[1] filling 384833 regions, 561003 hits for ENCSR910OQF
[1] 18418942 hits in 11320231 regions
############### LOG OUTPUT ###############
Task: 5
Node: 5
Timestamp: 2017-10-01 17:36:32
Success: TRUE
Task duration:
    user   system  elapsed 
 682.280 1054.504 2123.265 
Memory used:
          used (Mb) gc trigger  (Mb) max used (Mb)
Ncells 1647883 88.1    2637877 140.9  1852329 99.0
Vcells 1729619 13.2    3142662  24.0  2552048 19.5
Log messages:
stderr and stdout:
[1] ---- ENCSR000ENB (chr15) (1/2)
[1] "Data table read. Merging with Fimo..."
[1] "Merged. Now splitting table to regions and hits..."
[1] filling 153973 regions, 226843 hits for ENCSR000ENB
[1] 15167215 hits in 9436283 regions
[1] ---- ENCSR910OQF (chr15) (2/2)
[1] "Data table read. Merging with Fimo..."
[1] "Merged. Now splitting table to regions and hits..."
[1] filling 279048 regions, 407263 hits for ENCSR910OQF
[1] 18826205 hits in 11551212 regions
############### LOG OUTPUT ###############
Task: 6
Node: 6
Timestamp: 2017-10-01 17:40:11
Success: TRUE
Task duration:
    user   system  elapsed 
 688.092 1265.732 2339.006 
Memory used:
          used (Mb) gc trigger  (Mb) max used (Mb)
Ncells 1647884 88.1    2637877 140.9  1852329 99.0
Vcells 1729620 13.2    3142662  24.0  2552048 19.5
Log messages:
stderr and stdout:
[1] ---- ENCSR000ENB (chr16) (1/2)
[1] "Data table read. Merging with Fimo..."
[1] "Merged. Now splitting table to regions and hits..."
[1] filling 159428 regions, 236243 hits for ENCSR000ENB
[1] 15735816 hits in 9821093 regions
[1] ---- ENCSR910OQF (chr16) (2/2)
[1] "Data table read. Merging with Fimo..."
[1] "Merged. Now splitting table to regions and hits..."
[1] filling 359850 regions, 526257 hits for ENCSR910OQF
[1] 19352462 hits in 11854115 regions
############### LOG OUTPUT ###############
Task: 1
Node: 1
Timestamp: 2017-10-01 17:41:10
Success: TRUE
Task duration:
    user   system  elapsed 
 918.620 1084.828 2394.182 
Memory used:
          used (Mb) gc trigger  (Mb) max used (Mb)
Ncells 1647885 88.1    2637877 140.9  1852329 99.0
Vcells 1729621 13.2    3142662  24.0  2552048 19.5
Log messages:
stderr and stdout:
[1] ---- ENCSR000ENB (chr11) (1/2)
[1] "Data table read. Merging with Fimo..."
[1] "Merged. Now splitting table to regions and hits..."
[1] filling 225382 regions, 332358 hits for ENCSR000ENB
[1] 15499573 hits in 9661665 regions
[1] ---- ENCSR910OQF (chr11) (2/2)
[1] "Data table read. Merging with Fimo..."
[1] "Merged. Now splitting table to regions and hits..."
[1] filling 452088 regions, 663488 hits for ENCSR910OQF
[1] 20015950 hits in 12231155 regions
> 
> print(bpok(result))
 [1] TRUE TRUE TRUE TRUE TRUE TRUE TRUE TRUE TRUE TRUE TRUE TRUE TRUE TRUE TRUE
> print("Database fill complete")
[1] "Database fill complete"
> print(date())
[1] "Sun Oct  1 17:41:10 2017"
> 
############### LOG OUTPUT ###############
Task: 5
Node: 5
Timestamp: 2017-10-01 17:41:56
Success: TRUE
Task duration:
    user   system  elapsed 
 948.360 1098.948 2455.319 
Memory used:
          used (Mb) gc trigger  (Mb) max used (Mb)
Ncells 1647884 88.1    2637877 140.9  1852340 99.0
Vcells 1729617 13.2    3142662  24.0  2552049 19.5
Log messages:
stderr and stdout:
[1] ---- ENCSR000ENB (chr15) (1/2)
[1] "Data table read. Merging with Fimo..."
[1] "Merged. Now splitting table to regions and hits..."
[1] filling 613344 regions, 1111514 hits for ENCSR000ENB
[1] 61582560 hits in 30017408 regions
[1] ---- ENCSR910OQF (chr15) (2/2)
[1] "Data table read. Merging with Fimo..."
[1] "Merged. Now splitting table to regions and hits..."
[1] filling 857576 regions, 1531874 hits for ENCSR910OQF
[1] 74626939 hits in 36203297 regions
############### LOG OUTPUT ###############
Task: 4
Node: 4
Timestamp: 2017-10-01 17:44:29
Success: TRUE
Task duration:
    user   system  elapsed 
1087.532 1100.600 2595.451 
Memory used:
          used (Mb) gc trigger  (Mb) max used (Mb)
Ncells 1647885 88.1    2637877 140.9  1852340 99.0
Vcells 1729618 13.2    3142662  24.0  2552049 19.5
Log messages:
stderr and stdout:
[1] ---- ENCSR000ENB (chr14) (1/2)
[1] "Data table read. Merging with Fimo..."
[1] "Merged. Now splitting table to regions and hits..."
[1] filling 559186 regions, 1015698 hits for ENCSR000ENB
[1] 65497269 hits in 32069598 regions
[1] ---- ENCSR910OQF (chr14) (2/2)
[1] "Data table read. Merging with Fimo..."
[1] "Merged. Now splitting table to regions and hits..."
[1] filling 836134 regions, 1486399 hits for ENCSR910OQF
[1] 76113338 hits in 36844154 regions
############### LOG OUTPUT ###############
Task: 3
Node: 3
Timestamp: 2017-10-01 17:46:36
Success: TRUE
Task duration:
    user   system  elapsed 
1211.620 1099.832 2716.280 
Memory used:
          used (Mb) gc trigger  (Mb) max used (Mb)
Ncells 1647886 88.1    2637877 140.9  1852340 99.0
Vcells 1729619 13.2    3142662  24.0  2552049 19.5
Log messages:
stderr and stdout:
[1] ---- ENCSR000ENB (chr13) (1/2)
[1] "Data table read. Merging with Fimo..."
[1] "Merged. Now splitting table to regions and hits..."
[1] filling 514839 regions, 932822 hits for ENCSR000ENB
[1] 68243329 hits in 33359104 regions
[1] ---- ENCSR910OQF (chr13) (2/2)
[1] "Data table read. Merging with Fimo..."
[1] "Merged. Now splitting table to regions and hits..."
[1] filling 771849 regions, 1362933 hits for ENCSR910OQF
[1] 77476271 hits in 37463846 regions
############### LOG OUTPUT ###############
Task: 2
Node: 2
Timestamp: 2017-10-01 17:48:01
Success: TRUE
Task duration:
    user   system  elapsed 
1333.340 1153.984 2820.015 
Memory used:
          used (Mb) gc trigger  (Mb) max used (Mb)
Ncells 1647887 88.1    2637877 140.9  1852340 99.0
Vcells 1729620 13.2    3142662  24.0  2552049 19.5
Log messages:
stderr and stdout:
[1] ---- ENCSR000ENB (chr12) (1/2)
[1] "Data table read. Merging with Fimo..."
[1] "Merged. Now splitting table to regions and hits..."
[1] filling 921711 regions, 1670832 hits for ENCSR000ENB
[1] 64481571 hits in 31510412 regions
[1] ---- ENCSR910OQF (chr12) (2/2)
[1] "Data table read. Merging with Fimo..."
[1] "Merged. Now splitting table to regions and hits..."
[1] filling 1283103 regions, 2281814 hits for ENCSR910OQF
[1] 79758085 hits in 38424809 regions
############### LOG OUTPUT ###############
Task: 1
Node: 1
Timestamp: 2017-10-01 17:49:04
Success: TRUE
Task duration:
    user   system  elapsed 
1282.300 1168.884 2867.296 
Memory used:
          used (Mb) gc trigger  (Mb) max used (Mb)
Ncells 1647888 88.1    2637877 140.9  1852340 99.0
Vcells 1729621 13.2    3142662  24.0  2552049 19.5
Log messages:
stderr and stdout:
[1] ---- ENCSR000ENB (chr11) (1/2)
[1] "Data table read. Merging with Fimo..."
[1] "Merged. Now splitting table to regions and hits..."
[1] filling 909915 regions, 1660119 hits for ENCSR000ENB
[1] 69903448 hits in 34269019 regions
[1] ---- ENCSR910OQF (chr11) (2/2)
[1] "Data table read. Merging with Fimo..."
[1] "Merged. Now splitting table to regions and hits..."
[1] filling 1354378 regions, 2420420 hits for ENCSR910OQF
[1] 82178505 hits in 39451055 regions
> 
> print(bpok(result))
 [1] TRUE TRUE TRUE TRUE TRUE TRUE TRUE TRUE TRUE TRUE TRUE TRUE TRUE TRUE TRUE
> print("Database fill complete")
[1] "Database fill complete"
> print(date())
[1] "Sun Oct  1 17:49:05 2017"
> 
You are now connected to database "spinal_cord_wellington_16" as user "root".
CREATE INDEX
CREATE INDEX
You are now connected to database "spinal_cord_hint_16" as user "root".
CREATE INDEX
CREATE INDEX
