CREATE DATABASE
GRANT
CREATE DATABASE
GRANT
You are now connected to database "blood_vessel_wellington_20" as user "postgres".
CREATE TABLE
GRANT
CREATE TABLE
GRANT
You are now connected to database "blood_vessel_hint_20" as user "postgres".
CREATE TABLE
GRANT
CREATE TABLE
GRANT

R version 3.4.1 (2017-06-30) -- "Single Candle"
Copyright (C) 2017 The R Foundation for Statistical Computing
Platform: x86_64-pc-linux-gnu (64-bit)

R is free software and comes with ABSOLUTELY NO WARRANTY.
You are welcome to redistribute it under certain conditions.
Type 'license()' or 'licence()' for distribution details.

  Natural language support but running in an English locale

R is a collaborative project with many contributors.
Type 'contributors()' for more information and
'citation()' on how to cite R or R packages in publications.

Type 'demo()' for some demos, 'help()' for on-line help, or
'help.start()' for an HTML browser interface to help.
Type 'q()' to quit R.

> # users can either step through this file, or call this file with 
> # r -f example.R
> 
> # THIS ASSUMES THAT THE TESTHINT DATABASE EXISTS. The recipe for building that
> # database is in ../dbInitialization/createHintTest.sql
> 
> # THIS EXAMPLE USES THE BRAIN HINT OUTPUT MADE BY RUNNING make hint at /scratch/data/footprints
> 
> print(date())
[1] "Tue Sep 26 01:18:36 2017"
> #-------------------------------------------------------------------------------
> # set path to hint output 
> data.path <- "/scratch/data/footprints/blood_vessel_hint_20"
> #-------------------------------------------------------------------------------
> # establish database connections:
> 
> if(!exists("db.hint"))
+     db.hint <- "blood_vessel_hint_20_localhost"
> 
> if(!exists("db.fimo"))
+     db.fimo <- "fimo_localhost"
> #-------------------------------------------------------------------------------
> # Source the libraries
> source("../src/dependencies.R")
Loading required package: stats4
Loading required package: BiocGenerics
Loading required package: parallel

Attaching package: ‘BiocGenerics’

The following objects are masked from ‘package:parallel’:

    clusterApply, clusterApplyLB, clusterCall, clusterEvalQ,
    clusterExport, clusterMap, parApply, parCapply, parLapply,
    parLapplyLB, parRapply, parSapply, parSapplyLB

The following objects are masked from ‘package:stats’:

    IQR, mad, sd, var, xtabs

The following objects are masked from ‘package:base’:

    anyDuplicated, append, as.data.frame, cbind, colMeans, colnames,
    colSums, do.call, duplicated, eval, evalq, Filter, Find, get, grep,
    grepl, intersect, is.unsorted, lapply, lengths, Map, mapply, match,
    mget, order, paste, pmax, pmax.int, pmin, pmin.int, Position, rank,
    rbind, Reduce, rowMeans, rownames, rowSums, sapply, setdiff, sort,
    table, tapply, union, unique, unsplit, which, which.max, which.min

Loading required package: S4Vectors

Attaching package: ‘S4Vectors’

The following object is masked from ‘package:base’:

    expand.grid

Loading required package: IRanges
Loading required package: GenomeInfoDb
Loading required package: DBI
> source("../src/dbFunctions.R")
> source("../src/tableParsing.R")
> source("../src/tests.R")
> source("../src/main_Bioc.R")
> 
> if(!interactive()){    
+     chromosomes <- paste0("chr",1:10)
+     
+     # Create parallel structure here    
+     library(BiocParallel)    
+     register(MulticoreParam(workers = 25, stop.on.error = FALSE, log = TRUE), default = TRUE)
+ 
+     # Run on all 24 possible chromosomes at once
+     result <- bptry(bplapply(chromosomes,fillAllSamplesByChromosome,
+              dbConnection = db.hint,             
+              fimo = db.fimo,             
+              minid = "blood_vessel_hint_20.minid",             
+              dbUser = "trena",             
+              dbTable = "blood_vessel_hint_20",             
+              sourcePath = data.path,             
+              isTest = FALSE,             
+              method = "HINT"))    
+ }

R version 3.4.1 (2017-06-30) -- "Single Candle"
Copyright (C) 2017 The R Foundation for Statistical Computing
Platform: x86_64-pc-linux-gnu (64-bit)

R is free software and comes with ABSOLUTELY NO WARRANTY.
You are welcome to redistribute it under certain conditions.
Type 'license()' or 'licence()' for distribution details.

  Natural language support but running in an English locale

R is a collaborative project with many contributors.
Type 'contributors()' for more information and
'citation()' on how to cite R or R packages in publications.

Type 'demo()' for some demos, 'help()' for on-line help, or
'help.start()' for an HTML browser interface to help.
Type 'q()' to quit R.

> # users can either step through this file, or call this file with 
> # r -f example.R
> 
> # THIS ASSUMES THAT THE TESTHINT DATABASE EXISTS. The recipe for building that
> # database is in ../dbInitialization/createHintTest.sql
> 
> # THIS EXAMPLE USES THE BRAIN HINT OUTPUT MADE BY RUNNING make hint at /scratch/data/footprints
> 
> print(date())
[1] "Tue Sep 26 01:18:43 2017"
> #-------------------------------------------------------------------------------
> # set path to hint output 
> data.path <- "/scratch/data/footprints/blood_vessel_wellington_20"
> #-------------------------------------------------------------------------------
> # establish database connections:
> 
> if(!exists("db.wellington"))
+     db.wellington <- "blood_vessel_wellington_20_localhost"
> 
> if(!exists("db.fimo"))
+     db.fimo <- "fimo_localhost"
> #-------------------------------------------------------------------------------
> # Source the libraries
> source("../src/dependencies.R")
Loading required package: stats4
Loading required package: BiocGenerics
Loading required package: parallel

Attaching package: ‘BiocGenerics’

The following objects are masked from ‘package:parallel’:

    clusterApply, clusterApplyLB, clusterCall, clusterEvalQ,
    clusterExport, clusterMap, parApply, parCapply, parLapply,
    parLapplyLB, parRapply, parSapply, parSapplyLB

The following objects are masked from ‘package:stats’:

    IQR, mad, sd, var, xtabs

The following objects are masked from ‘package:base’:

    anyDuplicated, append, as.data.frame, cbind, colMeans, colnames,
    colSums, do.call, duplicated, eval, evalq, Filter, Find, get, grep,
    grepl, intersect, is.unsorted, lapply, lengths, Map, mapply, match,
    mget, order, paste, pmax, pmax.int, pmin, pmin.int, Position, rank,
    rbind, Reduce, rowMeans, rownames, rowSums, sapply, setdiff, sort,
    table, tapply, union, unique, unsplit, which, which.max, which.min

Loading required package: S4Vectors

Attaching package: ‘S4Vectors’

The following object is masked from ‘package:base’:

    expand.grid

Loading required package: IRanges
Loading required package: GenomeInfoDb
Loading required package: DBI
> source("../src/dbFunctions.R")
> source("../src/tableParsing.R")
> source("../src/tests.R")
> source("../src/main_Bioc.R")
> 
> if(!interactive()){    
+     chromosomes <- paste0("chr",1:10)
+     
+     # Create parallel structure here
+     library(BiocParallel)
+     register(MulticoreParam(workers = 25, stop.on.error = FALSE, log = TRUE), default = TRUE)
+ 
+     # Run on all 24 possible chromosomes at once
+     result <- bptry(bplapply(chromosomes, fillAllSamplesByChromosome,
+              dbConnection = db.wellington,
+              fimo = db.fimo,
+              minid = "blood_vessel_wellington_20.minid",
+              dbUser = "trena",
+              dbTable = "blood_vessel_wellington_20",
+              sourcePath = data.path,
+              isTest = FALSE,
+              method = "WELLINGTON"))
+ }
############### LOG OUTPUT ###############
Task: 9
Node: 9
Timestamp: 2017-09-26 06:23:34
Success: TRUE
Task duration:
     user    system   elapsed 
 3889.348   991.368 18271.667 
Memory used:
          used (Mb) gc trigger  (Mb) max used (Mb)
Ncells 1647402 88.0    2637877 140.9  1853678 99.0
Vcells 1727289 13.2    3142662  24.0  2552187 19.5
Log messages:
stderr and stdout:
[1] ---- ENCSR000EKF (chr9) (1/10)
[1] "Data table read. Merging with Fimo..."
[1] "Merged. Now splitting table to regions and hits..."
[1] filling 239494 regions, 345648 hits for ENCSR000EKF
[1] 345648 hits in 239494 regions
[1] ---- ENCSR000EMC (chr9) (2/10)
[1] "Data table read. Merging with Fimo..."
[1] "Merged. Now splitting table to regions and hits..."
[1] filling 213760 regions, 313943 hits for ENCSR000EMC
[1] 6070698 hits in 3641329 regions
[1] ---- ENCSR000ENE (chr9) (3/10)
[1] "Data table read. Merging with Fimo..."
[1] "Merged. Now splitting table to regions and hits..."
[1] filling 170495 regions, 254864 hits for ENCSR000ENE
[1] 11184995 hits in 5687726 regions
[1] ---- ENCSR000ENX (chr9) (4/10)
[1] "Data table read. Merging with Fimo..."
[1] "Merged. Now splitting table to regions and hits..."
[1] filling 166031 regions, 242225 hits for ENCSR000ENX
[1] 13705067 hits in 6199667 regions
[1] ---- ENCSR000ENY (chr9) (5/10)
[1] "Data table read. Merging with Fimo..."
[1] "Merged. Now splitting table to regions and hits..."
[1] filling 190730 regions, 281325 hits for ENCSR000ENY
[1] 14311533 hits in 6314926 regions
[1] ---- ENCSR000ENZ (chr9) (6/10)
[1] "Data table read. Merging with Fimo..."
[1] "Merged. Now splitting table to regions and hits..."
[1] filling 199160 regions, 291437 hits for ENCSR000ENZ
[1] 15195660 hits in 6428090 regions
[1] ---- ENCSR000EOC (chr9) (7/10)
[1] "Data table read. Merging with Fimo..."
[1] "Merged. Now splitting table to regions and hits..."
[1] filling 168030 regions, 245140 hits for ENCSR000EOC
[1] 15440800 hits in 6462288 regions
[1] ---- ENCSR000EOG (chr9) (8/10)
[1] "Data table read. Merging with Fimo..."
[1] "Merged. Now splitting table to regions and hits..."
[1] filling 148457 regions, 217753 hits for ENCSR000EOG
[1] 15658553 hits in 6497994 regions
[1] ---- ENCSR000EOH (chr9) (9/10)
[1] "Data table read. Merging with Fimo..."
[1] "Merged. Now splitting table to regions and hits..."
[1] filling 193833 regions, 285144 hits for ENCSR000EOH
[1] 15943697 hits in 6533295 regions
[1] ---- ENCSR000EOQ (chr9) (10/10)
[1] "Data table read. Merging with Fimo..."
[1] "Merged. Now splitting table to regions and hits..."
[1] filling 221263 regions, 320490 hits for ENCSR000EOQ
[1] 16881830 hits in 6797183 regions
############### LOG OUTPUT ###############
Task: 9
Node: 9
Timestamp: 2017-09-26 06:33:00
Success: TRUE
Task duration:
     user    system   elapsed 
 4576.572  1093.960 18835.484 
Memory used:
          used (Mb) gc trigger  (Mb) max used (Mb)
Ncells 1647405 88.0    2637877 140.9  1853681 99.0
Vcells 1727285 13.2    3142662  24.0  2552183 19.5
Log messages:
stderr and stdout:
[1] ---- ENCSR000EKF (chr9) (1/10)
[1] "Data table read. Merging with Fimo..."
[1] "Merged. Now splitting table to regions and hits..."
[1] filling 783396 regions, 1336814 hits for ENCSR000EKF
[1] 1336814 hits in 783396 regions
[1] ---- ENCSR000EMC (chr9) (2/10)
[1] "Data table read. Merging with Fimo..."
[1] "Merged. Now splitting table to regions and hits..."
[1] filling 920956 regions, 1723004 hits for ENCSR000EMC
[1] 28007136 hits in 12586909 regions
[1] ---- ENCSR000ENE (chr9) (3/10)
[1] "Data table read. Merging with Fimo..."
[1] "Merged. Now splitting table to regions and hits..."
[1] filling 760323 regions, 1419448 hits for ENCSR000ENE
[1] 57284399 hits in 20533950 regions
[1] ---- ENCSR000ENX (chr9) (4/10)
[1] "Data table read. Merging with Fimo..."
[1] "Merged. Now splitting table to regions and hits..."
[1] filling 638477 regions, 1127915 hits for ENCSR000ENX
[1] 66814459 hits in 21738706 regions
[1] ---- ENCSR000ENY (chr9) (5/10)
[1] "Data table read. Merging with Fimo..."
[1] "Merged. Now splitting table to regions and hits..."
[1] filling 825277 regions, 1593860 hits for ENCSR000ENY
[1] 72356253 hits in 22214490 regions
[1] ---- ENCSR000ENZ (chr9) (6/10)
[1] "Data table read. Merging with Fimo..."
[1] "Merged. Now splitting table to regions and hits..."
[1] filling 845350 regions, 1600293 hits for ENCSR000ENZ
[1] 73956546 hits in 22326424 regions
[1] ---- ENCSR000EOC (chr9) (7/10)
[1] "Data table read. Merging with Fimo..."
[1] "Merged. Now splitting table to regions and hits..."
[1] filling 695728 regions, 1291898 hits for ENCSR000EOC
[1] 75248444 hits in 22416139 regions
[1] ---- ENCSR000EOG (chr9) (8/10)
[1] "Data table read. Merging with Fimo..."
[1] "Merged. Now splitting table to regions and hits..."
[1] filling 500925 regions, 889145 hits for ENCSR000EOG
[1] 76137589 hits in 22494978 regions
[1] ---- ENCSR000EOH (chr9) (9/10)
[1] "Data table read. Merging with Fimo..."
[1] "Merged. Now splitting table to regions and hits..."
[1] filling 847146 regions, 1615835 hits for ENCSR000EOH
[1] 81325997 hits in 23329329 regions
[1] ---- ENCSR000EOQ (chr9) (10/10)
[1] "Data table read. Merging with Fimo..."
[1] "Merged. Now splitting table to regions and hits..."
[1] filling 845697 regions, 1526916 hits for ENCSR000EOQ
[1] 82852913 hits in 23448599 regions
############### LOG OUTPUT ###############
Task: 1
Node: 1
Timestamp: 2017-09-26 06:56:33
Success: TRUE
Task duration:
     user    system   elapsed 
 7835.316  2120.232 20225.064 
Memory used:
          used (Mb) gc trigger  (Mb) max used (Mb)
Ncells 1648386 88.1    2637877 140.9  1853678 99.0
Vcells 1729782 13.2    3142662  24.0  2552187 19.5
Log messages:
stderr and stdout:
[1] ---- ENCSR000EKF (chr1) (1/10)
[1] "Data table read. Merging with Fimo..."
[1] "Merged. Now splitting table to regions and hits..."
[1] filling 468910 regions, 673234 hits for ENCSR000EKF
[1] 2048174 hits in 1424741 regions
[1] ---- ENCSR000EMC (chr1) (2/10)
[1] "Data table read. Merging with Fimo..."
[1] "Merged. Now splitting table to regions and hits..."
[1] filling 444275 regions, 655642 hits for ENCSR000EMC
[1] 4222774 hits in 2838982 regions
[1] ---- ENCSR000ENE (chr1) (3/10)
[1] "Data table read. Merging with Fimo..."
[1] "Merged. Now splitting table to regions and hits..."
[1] filling 352118 regions, 526578 hits for ENCSR000ENE
[1] 5292630 hits in 3311021 regions
[1] ---- ENCSR000ENX (chr1) (4/10)
[1] "Data table read. Merging with Fimo..."
[1] "Merged. Now splitting table to regions and hits..."
[1] filling 328271 regions, 477540 hits for ENCSR000ENX
[1] 6548238 hits in 3790083 regions
[1] ---- ENCSR000ENY (chr1) (5/10)
[1] "Data table read. Merging with Fimo..."
[1] "Merged. Now splitting table to regions and hits..."
[1] filling 382874 regions, 565093 hits for ENCSR000ENY
[1] 8793200 hits in 4777795 regions
[1] ---- ENCSR000ENZ (chr1) (6/10)
[1] "Data table read. Merging with Fimo..."
[1] "Merged. Now splitting table to regions and hits..."
[1] filling 407700 regions, 597188 hits for ENCSR000ENZ
[1] 10930131 hits in 5608129 regions
[1] ---- ENCSR000EOC (chr1) (7/10)
[1] "Data table read. Merging with Fimo..."
[1] "Merged. Now splitting table to regions and hits..."
[1] filling 335211 regions, 488073 hits for ENCSR000EOC
[1] 12135242 hits in 5828038 regions
[1] ---- ENCSR000EOG (chr1) (8/10)
[1] "Data table read. Merging with Fimo..."
[1] "Merged. Now splitting table to regions and hits..."
[1] filling 297997 regions, 436157 hits for ENCSR000EOG
[1] 12933985 hits in 5946761 regions
[1] ---- ENCSR000EOH (chr1) (9/10)
[1] "Data table read. Merging with Fimo..."
[1] "Merged. Now splitting table to regions and hits..."
[1] filling 403279 regions, 592690 hits for ENCSR000EOH
[1] 14904223 hits in 6385251 regions
[1] ---- ENCSR000EOQ (chr1) (10/10)
[1] "Data table read. Merging with Fimo..."
[1] "Merged. Now splitting table to regions and hits..."
[1] filling 446463 regions, 645389 hits for ENCSR000EOQ
[1] 18927133 hits in 7394473 regions
############### LOG OUTPUT ###############
Task: 2
Node: 2
Timestamp: 2017-09-26 09:51:22
Success: TRUE
Task duration:
     user    system   elapsed 
 7444.112  2127.524 30718.055 
Memory used:
          used (Mb) gc trigger  (Mb) max used (Mb)
Ncells 1648387 88.1    2637877 140.9  1853678 99.0
Vcells 1729783 13.2    3142662  24.0  2552187 19.5
Log messages:
stderr and stdout:
[1] ---- ENCSR000EKF (chr2) (1/10)
[1] "Data table read. Merging with Fimo..."
[1] "Merged. Now splitting table to regions and hits..."
[1] filling 314548 regions, 453750 hits for ENCSR000EKF
[1] 799398 hits in 554042 regions
[1] ---- ENCSR000EMC (chr2) (2/10)
[1] "Data table read. Merging with Fimo..."
[1] "Merged. Now splitting table to regions and hits..."
[1] filling 368376 regions, 543278 hits for ENCSR000EMC
[1] 4766052 hits in 3148116 regions
[1] ---- ENCSR000ENE (chr2) (3/10)
[1] "Data table read. Merging with Fimo..."
[1] "Merged. Now splitting table to regions and hits..."
[1] filling 308457 regions, 464125 hits for ENCSR000ENE
[1] 5756755 hits in 3468131 regions
[1] ---- ENCSR000ENX (chr2) (4/10)
[1] "Data table read. Merging with Fimo..."
[1] "Merged. Now splitting table to regions and hits..."
[1] filling 241350 regions, 353373 hits for ENCSR000ENX
[1] 6901611 hits in 3904840 regions
[1] ---- ENCSR000ENY (chr2) (5/10)
[1] "Data table read. Merging with Fimo..."
[1] "Merged. Now splitting table to regions and hits..."
[1] filling 303953 regions, 449852 hits for ENCSR000ENY
[1] 10332943 hits in 5518390 regions
[1] ---- ENCSR000ENZ (chr2) (6/10)
[1] "Data table read. Merging with Fimo..."
[1] "Merged. Now splitting table to regions and hits..."
[1] filling 315243 regions, 462174 hits for ENCSR000ENZ
[1] 11647169 hits in 5761826 regions
[1] ---- ENCSR000EOC (chr2) (7/10)
[1] "Data table read. Merging with Fimo..."
[1] "Merged. Now splitting table to regions and hits..."
[1] filling 248140 regions, 362586 hits for ENCSR000EOC
[1] 12497828 hits in 5879814 regions
[1] ---- ENCSR000EOG (chr2) (8/10)
[1] "Data table read. Merging with Fimo..."
[1] "Merged. Now splitting table to regions and hits..."
[1] filling 220331 regions, 325141 hits for ENCSR000EOG
[1] 14030208 hits in 6249568 regions
[1] ---- ENCSR000EOH (chr2) (9/10)
[1] "Data table read. Merging with Fimo..."
[1] "Merged. Now splitting table to regions and hits..."
[1] filling 324555 regions, 480573 hits for ENCSR000EOH
[1] 19407706 hits in 7455149 regions
[1] ---- ENCSR000EOQ (chr2) (10/10)
[1] "Data table read. Merging with Fimo..."
[1] "Merged. Now splitting table to regions and hits..."
[1] filling 346061 regions, 503362 hits for ENCSR000EOQ
[1] 21622469 hits in 8063622 regions
############### LOG OUTPUT ###############
Task: 1
Node: 1
Timestamp: 2017-09-26 09:56:45
Success: TRUE
Task duration:
     user    system   elapsed 
 9151.312  2233.784 31039.652 
Memory used:
          used (Mb) gc trigger  (Mb) max used (Mb)
Ncells 1648389 88.1    2637877 140.9  1853681 99.0
Vcells 1729778 13.2    3142662  24.0  2552183 19.5
Log messages:
stderr and stdout:
[1] ---- ENCSR000EKF (chr1) (1/10)
[1] "Data table read. Merging with Fimo..."
[1] "Merged. Now splitting table to regions and hits..."
[1] filling 1517295 regions, 2610483 hits for ENCSR000EKF
[1] 7975842 hits in 4665707 regions
[1] ---- ENCSR000EMC (chr1) (2/10)
[1] "Data table read. Merging with Fimo..."
[1] "Merged. Now splitting table to regions and hits..."
[1] filling 1945475 regions, 3645543 hits for ENCSR000EMC
[1] 20652973 hits in 10797772 regions
[1] ---- ENCSR000ENE (chr1) (3/10)
[1] "Data table read. Merging with Fimo..."
[1] "Merged. Now splitting table to regions and hits..."
[1] filling 1579999 regions, 2946293 hits for ENCSR000ENE
[1] 26284132 hits in 11915688 regions
[1] ---- ENCSR000ENX (chr1) (4/10)
[1] "Data table read. Merging with Fimo..."
[1] "Merged. Now splitting table to regions and hits..."
[1] filling 1349688 regions, 2390738 hits for ENCSR000ENX
[1] 33968912 hits in 14498946 regions
[1] ---- ENCSR000ENY (chr1) (5/10)
[1] "Data table read. Merging with Fimo..."
[1] "Merged. Now splitting table to regions and hits..."
[1] filling 1757472 regions, 3384415 hits for ENCSR000ENY
[1] 49729356 hits in 19643893 regions
[1] ---- ENCSR000ENZ (chr1) (6/10)
[1] "Data table read. Merging with Fimo..."
[1] "Merged. Now splitting table to regions and hits..."
[1] filling 1799044 regions, 3409938 hits for ENCSR000ENZ
[1] 55864951 hits in 20255902 regions
[1] ---- ENCSR000EOC (chr1) (7/10)
[1] "Data table read. Merging with Fimo..."
[1] "Merged. Now splitting table to regions and hits..."
[1] filling 1451358 regions, 2707183 hits for ENCSR000EOC
[1] 62702802 hits in 20895307 regions
[1] ---- ENCSR000EOG (chr1) (8/10)
[1] "Data table read. Merging with Fimo..."
[1] "Merged. Now splitting table to regions and hits..."
[1] filling 1040403 regions, 1866687 hits for ENCSR000EOG
[1] 70762393 hits in 22005373 regions
[1] ---- ENCSR000EOH (chr1) (9/10)
[1] "Data table read. Merging with Fimo..."
[1] "Merged. Now splitting table to regions and hits..."
[1] filling 1788187 regions, 3419595 hits for ENCSR000EOH
[1] 94039938 hits in 25316429 regions
[1] ---- ENCSR000EOQ (chr1) (10/10)
[1] "Data table read. Merging with Fimo..."
[1] "Merged. Now splitting table to regions and hits..."
[1] filling 1827081 regions, 3305969 hits for ENCSR000EOQ
[1] 107813329 hits in 27242105 regions
############### LOG OUTPUT ###############
Task: 2
Node: 2
Timestamp: 2017-09-26 13:19:46
Success: TRUE
Task duration:
     user    system   elapsed 
 9432.600  2411.364 43217.181 
Memory used:
          used (Mb) gc trigger  (Mb) max used (Mb)
Ncells 1648390 88.1    2637877 140.9  1853681 99.0
Vcells 1729779 13.2    3142662  24.0  2552183 19.5
Log messages:
stderr and stdout:
[1] ---- ENCSR000EKF (chr2) (1/10)
[1] "Data table read. Merging with Fimo..."
[1] "Merged. Now splitting table to regions and hits..."
[1] filling 1045335 regions, 1787715 hits for ENCSR000EKF
[1] 4350244 hits in 2551943 regions
[1] ---- ENCSR000EMC (chr2) (2/10)
[1] "Data table read. Merging with Fimo..."
[1] "Merged. Now splitting table to regions and hits..."
[1] filling 1645123 regions, 3106654 hits for ENCSR000EMC
[1] 17007430 hits in 9401099 regions
[1] ---- ENCSR000ENE (chr2) (3/10)
[1] "Data table read. Merging with Fimo..."
[1] "Merged. Now splitting table to regions and hits..."
[1] filling 1431208 regions, 2684866 hits for ENCSR000ENE
[1] 23337839 hits in 11370200 regions
[1] ---- ENCSR000ENX (chr2) (4/10)
[1] "Data table read. Merging with Fimo..."
[1] "Merged. Now splitting table to regions and hits..."
[1] filling 1020141 regions, 1825100 hits for ENCSR000ENX
[1] 35794012 hits in 14870633 regions
[1] ---- ENCSR000ENY (chr2) (5/10)
[1] "Data table read. Merging with Fimo..."
[1] "Merged. Now splitting table to regions and hits..."
[1] filling 1408418 regions, 2725657 hits for ENCSR000ENY
[1] 52455013 hits in 20021146 regions
[1] ---- ENCSR000ENZ (chr2) (6/10)
[1] "Data table read. Merging with Fimo..."
[1] "Merged. Now splitting table to regions and hits..."
[1] filling 1426541 regions, 2711220 hits for ENCSR000ENZ
[1] 59995619 hits in 20729357 regions
[1] ---- ENCSR000EOC (chr2) (7/10)
[1] "Data table read. Merging with Fimo..."
[1] "Merged. Now splitting table to regions and hits..."
[1] filling 1109932 regions, 2081247 hits for ENCSR000EOC
[1] 68895706 hits in 21872530 regions
[1] ---- ENCSR000EOG (chr2) (8/10)
[1] "Data table read. Merging with Fimo..."
[1] "Merged. Now splitting table to regions and hits..."
[1] filling 745022 regions, 1343146 hits for ENCSR000EOG
[1] 95383084 hits in 25403075 regions
[1] ---- ENCSR000EOH (chr2) (9/10)
[1] "Data table read. Merging with Fimo..."
[1] "Merged. Now splitting table to regions and hits..."
[1] filling 1453716 regions, 2809978 hits for ENCSR000EOH
[1] 110623307 hits in 27403233 regions
[1] ---- ENCSR000EOQ (chr2) (10/10)
[1] "Data table read. Merging with Fimo..."
[1] "Merged. Now splitting table to regions and hits..."
[1] filling 1496941 regions, 2733033 hits for ENCSR000EOQ
[1] 132107502 hits in 29643958 regions
