CREATE DATABASE
GRANT
CREATE DATABASE
GRANT
You are now connected to database "urinary_bladder_wellington_16" as user "trena".
CREATE TABLE
GRANT
CREATE TABLE
GRANT
You are now connected to database "urinary_bladder_hint_16" as user "trena".
CREATE TABLE
GRANT
CREATE TABLE
GRANT

R version 3.4.1 (2017-06-30) -- "Single Candle"
Copyright (C) 2017 The R Foundation for Statistical Computing
Platform: x86_64-pc-linux-gnu (64-bit)

R is free software and comes with ABSOLUTELY NO WARRANTY.
You are welcome to redistribute it under certain conditions.
Type 'license()' or 'licence()' for distribution details.

  Natural language support but running in an English locale

R is a collaborative project with many contributors.
Type 'contributors()' for more information and
'citation()' on how to cite R or R packages in publications.

Type 'demo()' for some demos, 'help()' for on-line help, or
'help.start()' for an HTML browser interface to help.
Type 'q()' to quit R.

> # users can either step through this file, or call this file with 
> # r -f example.R
> 
> # THIS ASSUMES THAT THE TESTHINT DATABASE EXISTS. The recipe for building that
> # database is in ../dbInitialization/createHintTest.sql
> 
> # THIS EXAMPLE USES THE BRAIN HINT OUTPUT MADE BY RUNNING make hint at /scratch/data/footprints
> 
> print(date())
[1] "Fri Aug 11 13:48:30 2017"
> #-------------------------------------------------------------------------------
> # set path to hint output 
> data.path <- "/ssd/mrichard/data/footprints/urinary_bladder_hint_16"
> #-------------------------------------------------------------------------------
> # establish database connections:
> 
> if(!exists("db.hint"))
+     db.hint <- "urinary_bladder_hint_16_localhost"
> 
> if(!exists("db.fimo"))
+     db.fimo <- "fimo_localhost"
> #-------------------------------------------------------------------------------
> # Source the libraries
> source("../src/dependencies.R")
Loading required package: stats4
Loading required package: BiocGenerics
Loading required package: parallel

Attaching package: ‘BiocGenerics’

The following objects are masked from ‘package:parallel’:

    clusterApply, clusterApplyLB, clusterCall, clusterEvalQ,
    clusterExport, clusterMap, parApply, parCapply, parLapply,
    parLapplyLB, parRapply, parSapply, parSapplyLB

The following objects are masked from ‘package:stats’:

    IQR, mad, sd, var, xtabs

The following objects are masked from ‘package:base’:

    anyDuplicated, append, as.data.frame, cbind, colMeans, colnames,
    colSums, do.call, duplicated, eval, evalq, Filter, Find, get, grep,
    grepl, intersect, is.unsorted, lapply, lengths, Map, mapply, match,
    mget, order, paste, pmax, pmax.int, pmin, pmin.int, Position, rank,
    rbind, Reduce, rowMeans, rownames, rowSums, sapply, setdiff, sort,
    table, tapply, union, unique, unsplit, which, which.max, which.min

Loading required package: S4Vectors

Attaching package: ‘S4Vectors’

The following object is masked from ‘package:base’:

    expand.grid

Loading required package: IRanges
Loading required package: GenomeInfoDb
Loading required package: DBI
> source("../src/dbFunctions.R")
> source("../src/tableParsing.R")
> source("../src/tests.R")
> source("../src/main_Bioc.R")
> 
> if(!interactive()){    
+     chromosomes <- paste0("chr",1:10)
+     
+     # Create parallel structure here    
+     library(BiocParallel)    
+     register(MulticoreParam(workers = 10, stop.on.error = FALSE, log = TRUE), default = TRUE)
+ 
+     # Run on all 24 possible chromosomes at once
+     result <- bptry(bplapply(chromosomes,fillAllSamplesByChromosome,
+              dbConnection = db.hint,             
+              fimo = db.fimo,             
+              minid = "urinary_bladder_hint_16.minid",             
+              dbUser = "trena",             
+              dbTable = "urinary_bladder_hint_16",             
+              sourcePath = data.path,             
+              isTest = FALSE,             
+              method = "HINT"))    
+ }
############### LOG OUTPUT ###############
Task: 10
Node: 10
Timestamp: 2017-08-11 14:02:54
Success: TRUE
Task duration:
   user  system elapsed 
405.008 139.024 849.820 
Memory used:
          used (Mb) gc trigger  (Mb) max used (Mb)
Ncells 1645568 87.9    2637877 140.9  1850597 98.9
Vcells 1726214 13.2    3142662  24.0  2552207 19.5
Log messages:
stderr and stdout:
[1] ---- ENCSR813CKU (chr10) (1/1)
[1] "Data table read. Merging with Fimo..."
[1] "Merged. Now splitting table to regions and hits..."
[1] filling 720208 regions, 1168234 hits for ENCSR813CKU
[1] 1168234 hits in 720208 regions
############### LOG OUTPUT ###############
Task: 9
Node: 9
Timestamp: 2017-08-11 14:04:23
Success: TRUE
Task duration:
   user  system elapsed 
384.800 132.648 940.043 
Memory used:
          used (Mb) gc trigger  (Mb) max used (Mb)
Ncells 1646552 88.0    2637877 140.9  1850597 98.9
Vcells 1728707 13.2    3142662  24.0  2552207 19.5
Log messages:
stderr and stdout:
[1] ---- ENCSR813CKU (chr9) (1/1)
[1] "Data table read. Merging with Fimo..."
[1] "Merged. Now splitting table to regions and hits..."
[1] filling 674192 regions, 1104535 hits for ENCSR813CKU
[1] 2272769 hits in 1394400 regions
############### LOG OUTPUT ###############
Task: 8
Node: 8
Timestamp: 2017-08-11 14:05:10
Success: TRUE
Task duration:
   user  system elapsed 
416.944 148.356 986.068 
Memory used:
          used (Mb) gc trigger  (Mb) max used (Mb)
Ncells 1646553 88.0    2637877 140.9  1850597 98.9
Vcells 1728708 13.2    3142662  24.0  2552207 19.5
Log messages:
stderr and stdout:
[1] ---- ENCSR813CKU (chr8) (1/1)
[1] "Data table read. Merging with Fimo..."
[1] "Merged. Now splitting table to regions and hits..."
[1] filling 649144 regions, 1053911 hits for ENCSR813CKU
[1] 3326680 hits in 2043544 regions
############### LOG OUTPUT ###############
Task: 7
Node: 7
Timestamp: 2017-08-11 14:11:19
Success: TRUE
Task duration:
    user   system  elapsed 
 521.472  221.092 1326.598 
Memory used:
          used (Mb) gc trigger  (Mb) max used (Mb)
Ncells 1646554 88.0    2637877 140.9  1850597 98.9
Vcells 1728709 13.2    3142662  24.0  2552207 19.5
Log messages:
stderr and stdout:
[1] ---- ENCSR813CKU (chr7) (1/1)
[1] "Data table read. Merging with Fimo..."
[1] "Merged. Now splitting table to regions and hits..."
[1] filling 752345 regions, 1231292 hits for ENCSR813CKU
[1] 4557972 hits in 2795889 regions
############### LOG OUTPUT ###############
Task: 6
Node: 6
Timestamp: 2017-08-11 14:13:38
Success: TRUE
Task duration:
    user   system  elapsed 
 600.248  228.032 1486.465 
Memory used:
          used (Mb) gc trigger  (Mb) max used (Mb)
Ncells 1646555 88.0    2637877 140.9  1850597 98.9
Vcells 1728710 13.2    3142662  24.0  2552207 19.5
Log messages:
stderr and stdout:
[1] ---- ENCSR813CKU (chr6) (1/1)
[1] "Data table read. Merging with Fimo..."
[1] "Merged. Now splitting table to regions and hits..."
[1] filling 811480 regions, 1314814 hits for ENCSR813CKU
[1] 5872786 hits in 3607369 regions
############### LOG OUTPUT ###############
Task: 4
Node: 4
Timestamp: 2017-08-11 14:14:22
Success: TRUE
Task duration:
    user   system  elapsed 
 628.412  228.544 1530.475 
Memory used:
          used (Mb) gc trigger  (Mb) max used (Mb)
Ncells 1646556 88.0    2637877 140.9  1850597 98.9
Vcells 1728711 13.2    3142662  24.0  2552207 19.5
Log messages:
stderr and stdout:
[1] ---- ENCSR813CKU (chr4) (1/1)
[1] "Data table read. Merging with Fimo..."
[1] "Merged. Now splitting table to regions and hits..."
[1] filling 649725 regions, 1047499 hits for ENCSR813CKU
[1] 6920285 hits in 4257094 regions
############### LOG OUTPUT ###############
Task: 5
Node: 5
Timestamp: 2017-08-11 14:15:36
Success: TRUE
Task duration:
    user   system  elapsed 
 566.448  251.900 1600.076 
Memory used:
          used (Mb) gc trigger  (Mb) max used (Mb)
Ncells 1646557 88.0    2637877 140.9  1850597 98.9
Vcells 1728712 13.2    3142662  24.0  2552207 19.5
Log messages:
stderr and stdout:
[1] ---- ENCSR813CKU (chr5) (1/1)
[1] "Data table read. Merging with Fimo..."
[1] "Merged. Now splitting table to regions and hits..."
[1] filling 736835 regions, 1192677 hits for ENCSR813CKU
[1] 8112962 hits in 4993929 regions
############### LOG OUTPUT ###############
Task: 3
Node: 3
Timestamp: 2017-08-11 14:17:56
Success: TRUE
Task duration:
    user   system  elapsed 
 713.440  254.176 1747.470 
Memory used:
          used (Mb) gc trigger  (Mb) max used (Mb)
Ncells 1646558 88.0    2637877 140.9  1850597 98.9
Vcells 1728713 13.2    3142662  24.0  2552207 19.5
Log messages:
stderr and stdout:
[1] ---- ENCSR813CKU (chr3) (1/1)
[1] "Data table read. Merging with Fimo..."
[1] "Merged. Now splitting table to regions and hits..."
[1] filling 869919 regions, 1411382 hits for ENCSR813CKU
[1] 9524344 hits in 5863848 regions
############### LOG OUTPUT ###############
Task: 2
Node: 2
Timestamp: 2017-08-11 14:19:45
Success: TRUE
Task duration:
    user   system  elapsed 
 729.908  287.064 1856.466 
Memory used:
          used (Mb) gc trigger  (Mb) max used (Mb)
Ncells 1646559 88.0    2637877 140.9  1850597 98.9
Vcells 1728714 13.2    3142662  24.0  2552207 19.5
Log messages:
stderr and stdout:
[1] ---- ENCSR813CKU (chr2) (1/1)
[1] "Data table read. Merging with Fimo..."
[1] "Merged. Now splitting table to regions and hits..."
[1] filling 1157539 regions, 1876681 hits for ENCSR813CKU
[1] 11401025 hits in 7021387 regions
############### LOG OUTPUT ###############
Task: 1
Node: 1
Timestamp: 2017-08-11 14:22:44
Success: TRUE
Task duration:
    user   system  elapsed 
 815.648  351.732 2032.253 
Memory used:
          used (Mb) gc trigger  (Mb) max used (Mb)
Ncells 1646560 88.0    2637877 140.9  1850597 98.9
Vcells 1728715 13.2    3142662  24.0  2552207 19.5
Log messages:
stderr and stdout:
[1] ---- ENCSR813CKU (chr1) (1/1)
[1] "Data table read. Merging with Fimo..."
[1] "Merged. Now splitting table to regions and hits..."
[1] filling 1466150 regions, 2399449 hits for ENCSR813CKU
[1] 13800474 hits in 8487537 regions
> 
> print(bpok(result))
 [1] TRUE TRUE TRUE TRUE TRUE TRUE TRUE TRUE TRUE TRUE
> print("Database fill complete")
[1] "Database fill complete"
> print(date())
[1] "Fri Aug 11 14:22:44 2017"
> 

R version 3.4.1 (2017-06-30) -- "Single Candle"
Copyright (C) 2017 The R Foundation for Statistical Computing
Platform: x86_64-pc-linux-gnu (64-bit)

R is free software and comes with ABSOLUTELY NO WARRANTY.
You are welcome to redistribute it under certain conditions.
Type 'license()' or 'licence()' for distribution details.

  Natural language support but running in an English locale

R is a collaborative project with many contributors.
Type 'contributors()' for more information and
'citation()' on how to cite R or R packages in publications.

Type 'demo()' for some demos, 'help()' for on-line help, or
'help.start()' for an HTML browser interface to help.
Type 'q()' to quit R.

> # users can either step through this file, or call this file with 
> # r -f example.R
> 
> # THIS ASSUMES THAT THE TESTHINT DATABASE EXISTS. The recipe for building that
> # database is in ../dbInitialization/createHintTest.sql
> 
> # THIS EXAMPLE USES THE BRAIN HINT OUTPUT MADE BY RUNNING make hint at /scratch/data/footprints
> 
> print(date())
[1] "Fri Aug 11 16:02:21 2017"
> #-------------------------------------------------------------------------------
> # set path to hint output 
> data.path <- "/ssd/mrichard/data/footprints/urinary_bladder_hint_16"
> #-------------------------------------------------------------------------------
> # establish database connections:
> 
> if(!exists("db.hint"))
+     db.hint <- "urinary_bladder_hint_16_localhost"
> 
> if(!exists("db.fimo"))
+     db.fimo <- "fimo_localhost"
> #-------------------------------------------------------------------------------
> # Source the libraries
> source("../src/dependencies.R")
Loading required package: stats4
Loading required package: BiocGenerics
Loading required package: parallel

Attaching package: ‘BiocGenerics’

The following objects are masked from ‘package:parallel’:

    clusterApply, clusterApplyLB, clusterCall, clusterEvalQ,
    clusterExport, clusterMap, parApply, parCapply, parLapply,
    parLapplyLB, parRapply, parSapply, parSapplyLB

The following objects are masked from ‘package:stats’:

    IQR, mad, sd, var, xtabs

The following objects are masked from ‘package:base’:

    anyDuplicated, append, as.data.frame, cbind, colMeans, colnames,
    colSums, do.call, duplicated, eval, evalq, Filter, Find, get, grep,
    grepl, intersect, is.unsorted, lapply, lengths, Map, mapply, match,
    mget, order, paste, pmax, pmax.int, pmin, pmin.int, Position, rank,
    rbind, Reduce, rowMeans, rownames, rowSums, sapply, setdiff, sort,
    table, tapply, union, unique, unsplit, which, which.max, which.min

Loading required package: S4Vectors

Attaching package: ‘S4Vectors’

The following object is masked from ‘package:base’:

    expand.grid

Loading required package: IRanges
Loading required package: GenomeInfoDb
Loading required package: DBI
> source("../src/dbFunctions.R")
> source("../src/tableParsing.R")
> source("../src/tests.R")
> source("../src/main_Bioc.R")
> 
> if(!interactive()){    
+     chromosomes <- paste0("chr",c(11:22,"X","Y","MT"))
+     
+     # Create parallel structure here    
+     library(BiocParallel)    
+     register(MulticoreParam(workers = 15, stop.on.error = FALSE, log = TRUE), default = TRUE)
+ 
+     # Run on all 24 possible chromosomes at once
+     result <- bptry(bplapply(chromosomes,fillAllSamplesByChromosome,
+              dbConnection = db.hint,             
+              fimo = db.fimo,             
+              minid = "urinary_bladder_hint_16.minid",             
+              dbUser = "trena",             
+              dbTable = "urinary_bladder_hint_16",             
+              sourcePath = data.path,             
+              isTest = FALSE,             
+              method = "HINT"))    
+ }
############### LOG OUTPUT ###############
Task: 15
Node: 15
Timestamp: 2017-08-11 16:02:45
Success: TRUE
Task duration:
   user  system elapsed 
 17.644   0.572  18.217 
Memory used:
          used (Mb) gc trigger  (Mb) max used (Mb)
Ncells 1645650 87.9    2637877 140.9  1850621 98.9
Vcells 1726298 13.2    3142662  24.0  2552061 19.5
Log messages:
stderr and stdout:
[1] ---- ENCSR813CKU (chrMT) (1/1)
[1] "Data table read. Merging with Fimo..."
[1] No rows matching chrMT
############### LOG OUTPUT ###############
Task: 14
Node: 14
Timestamp: 2017-08-11 16:05:02
Success: TRUE
Task duration:
   user  system elapsed 
 88.000   5.680 154.593 
Memory used:
          used (Mb) gc trigger  (Mb) max used (Mb)
Ncells 1646636 88.0    2637877 140.9  1850621 98.9
Vcells 1728815 13.2    3142662  24.0  2552061 19.5
Log messages:
stderr and stdout:
[1] ---- ENCSR813CKU (chrY) (1/1)
[1] "Data table read. Merging with Fimo..."
[1] "Merged. Now splitting table to regions and hits..."
[1] filling 35995 regions, 56180 hits for ENCSR813CKU
[1] 13856654 hits in 8523532 regions
############### LOG OUTPUT ###############
Task: 12
Node: 12
Timestamp: 2017-08-11 16:07:59
Success: TRUE
Task duration:
   user  system elapsed 
151.900  54.420 327.925 
Memory used:
          used (Mb) gc trigger  (Mb) max used (Mb)
Ncells 1646637 88.0    2637877 140.9  1850621 98.9
Vcells 1728816 13.2    3142662  24.0  2552061 19.5
Log messages:
stderr and stdout:
[1] ---- ENCSR813CKU (chr22) (1/1)
[1] "Data table read. Merging with Fimo..."
[1] "Merged. Now splitting table to regions and hits..."
[1] filling 302458 regions, 502907 hits for ENCSR813CKU
[1] 14359561 hits in 8825990 regions
############### LOG OUTPUT ###############
Task: 11
Node: 11
Timestamp: 2017-08-11 16:09:19
Success: TRUE
Task duration:
   user  system elapsed 
163.452  50.272 410.370 
Memory used:
          used (Mb) gc trigger  (Mb) max used (Mb)
Ncells 1646638 88.0    2637877 140.9  1850621 98.9
Vcells 1728817 13.2    3142662  24.0  2552061 19.5
Log messages:
stderr and stdout:
[1] ---- ENCSR813CKU (chr21) (1/1)
[1] "Data table read. Merging with Fimo..."
[1] "Merged. Now splitting table to regions and hits..."
[1] filling 212410 regions, 346651 hits for ENCSR813CKU
[1] 14706212 hits in 9038400 regions
############### LOG OUTPUT ###############
Task: 10
Node: 10
Timestamp: 2017-08-11 16:10:02
Success: TRUE
Task duration:
   user  system elapsed 
223.376  60.212 448.415 
Memory used:
          used (Mb) gc trigger  (Mb) max used (Mb)
Ncells 1646639 88.0    2637877 140.9  1850621 98.9
Vcells 1728818 13.2    3142662  24.0  2552061 19.5
Log messages:
stderr and stdout:
[1] ---- ENCSR813CKU (chr20) (1/1)
[1] "Data table read. Merging with Fimo..."
[1] "Merged. Now splitting table to regions and hits..."
[1] filling 396660 regions, 650219 hits for ENCSR813CKU
[1] 15356431 hits in 9435060 regions
############### LOG OUTPUT ###############
Task: 8
Node: 8
Timestamp: 2017-08-11 16:11:26
Success: TRUE
Task duration:
   user  system elapsed 
258.292  90.152 531.509 
Memory used:
          used (Mb) gc trigger  (Mb) max used (Mb)
Ncells 1646640 88.0    2637877 140.9  1850621 98.9
Vcells 1728819 13.2    3142662  24.0  2552061 19.5
Log messages:
stderr and stdout:
[1] ---- ENCSR813CKU (chr18) (1/1)
[1] "Data table read. Merging with Fimo..."
[1] "Merged. Now splitting table to regions and hits..."
[1] filling 309544 regions, 493723 hits for ENCSR813CKU
[1] 15850154 hits in 9744604 regions
############### LOG OUTPUT ###############
Task: 9
Node: 9
Timestamp: 2017-08-11 16:11:46
Success: TRUE
Task duration:
   user  system elapsed 
262.252  99.732 550.755 
Memory used:
          used (Mb) gc trigger  (Mb) max used (Mb)
Ncells 1646641 88.0    2637877 140.9  1850621 98.9
Vcells 1728820 13.2    3142662  24.0  2552061 19.5
Log messages:
stderr and stdout:
[1] ---- ENCSR813CKU (chr19) (1/1)
[1] "Data table read. Merging with Fimo..."
[1] "Merged. Now splitting table to regions and hits..."
[1] filling 624376 regions, 1070248 hits for ENCSR813CKU
[1] 16920402 hits in 10368980 regions
############### LOG OUTPUT ###############
Task: 6
Node: 6
Timestamp: 2017-08-11 16:12:30
Success: TRUE
Task duration:
   user  system elapsed 
302.164 101.480 595.431 
Memory used:
          used (Mb) gc trigger  (Mb) max used (Mb)
Ncells 1646642 88.0    2637877 140.9  1850621 98.9
Vcells 1728821 13.2    3142662  24.0  2552061 19.5
Log messages:
stderr and stdout:
[1] ---- ENCSR813CKU (chr16) (1/1)
[1] "Data table read. Merging with Fimo..."
[1] "Merged. Now splitting table to regions and hits..."
[1] filling 520568 regions, 869261 hits for ENCSR813CKU
[1] 17789663 hits in 10889548 regions
############### LOG OUTPUT ###############
Task: 5
Node: 5
Timestamp: 2017-08-11 16:12:54
Success: TRUE
Task duration:
   user  system elapsed 
 308.02  113.82  624.29 
Memory used:
          used (Mb) gc trigger  (Mb) max used (Mb)
Ncells 1646643 88.0    2637877 140.9  1850621 98.9
Vcells 1728822 13.2    3142662  24.0  2552061 19.5
Log messages:
stderr and stdout:
[1] ---- ENCSR813CKU (chr15) (1/1)
[1] "Data table read. Merging with Fimo..."
[1] "Merged. Now splitting table to regions and hits..."
[1] filling 468115 regions, 763563 hits for ENCSR813CKU
[1] 18553226 hits in 11357663 regions
############### LOG OUTPUT ###############
Task: 3
Node: 3
Timestamp: 2017-08-11 16:13:01
Success: TRUE
Task duration:
   user  system elapsed 
307.772 102.500 626.637 
Memory used:
          used (Mb) gc trigger  (Mb) max used (Mb)
Ncells 1646644 88.0    2637877 140.9  1850621 98.9
Vcells 1728823 13.2    3142662  24.0  2552061 19.5
Log messages:
stderr and stdout:
[1] ---- ENCSR813CKU (chr13) (1/1)
[1] "Data table read. Merging with Fimo..."
[1] "Merged. Now splitting table to regions and hits..."
[1] filling 346112 regions, 557536 hits for ENCSR813CKU
[1] 19110762 hits in 11703775 regions
############### LOG OUTPUT ###############
Task: 4
Node: 4
Timestamp: 2017-08-11 16:13:23
Success: TRUE
Task duration:
   user  system elapsed 
316.148 121.312 647.984 
Memory used:
          used (Mb) gc trigger  (Mb) max used (Mb)
Ncells 1646645 88.0    2637877 140.9  1850621 98.9
Vcells 1728824 13.2    3142662  24.0  2552061 19.5
Log messages:
stderr and stdout:
[1] ---- ENCSR813CKU (chr14) (1/1)
[1] "Data table read. Merging with Fimo..."
[1] "Merged. Now splitting table to regions and hits..."
[1] filling 460847 regions, 751179 hits for ENCSR813CKU
[1] 19861941 hits in 12164622 regions
############### LOG OUTPUT ###############
Task: 7
Node: 7
Timestamp: 2017-08-11 16:13:36
Success: TRUE
Task duration:
   user  system elapsed 
323.792 120.888 656.096 
Memory used:
          used (Mb) gc trigger  (Mb) max used (Mb)
Ncells 1646646 88.0    2637877 140.9  1850621 98.9
Vcells 1728825 13.2    3142662  24.0  2552061 19.5
Log messages:
stderr and stdout:
[1] ---- ENCSR813CKU (chr17) (1/1)
[1] "Data table read. Merging with Fimo..."
[1] "Merged. Now splitting table to regions and hits..."
[1] filling 722796 regions, 1197364 hits for ENCSR813CKU
[1] 21059305 hits in 12887418 regions
############### LOG OUTPUT ###############
Task: 2
Node: 2
Timestamp: 2017-08-11 16:15:44
Success: TRUE
Task duration:
   user  system elapsed 
388.576 101.608 787.580 
Memory used:
          used (Mb) gc trigger  (Mb) max used (Mb)
Ncells 1646647 88.0    2637877 140.9  1850621 98.9
Vcells 1728826 13.2    3142662  24.0  2552061 19.5
Log messages:
stderr and stdout:
[1] ---- ENCSR813CKU (chr12) (1/1)
[1] "Data table read. Merging with Fimo..."
[1] "Merged. Now splitting table to regions and hits..."
[1] filling 715314 regions, 1171633 hits for ENCSR813CKU
[1] 22230938 hits in 13602732 regions
############### LOG OUTPUT ###############
Task: 1
Node: 1
Timestamp: 2017-08-11 16:16:00
Success: TRUE
Task duration:
   user  system elapsed 
407.256 133.380 801.549 
Memory used:
          used (Mb) gc trigger  (Mb) max used (Mb)
Ncells 1646648 88.0    2637877 140.9  1850621 98.9
Vcells 1728827 13.2    3142662  24.0  2552061 19.5
Log messages:
stderr and stdout:
[1] ---- ENCSR813CKU (chr11) (1/1)
[1] "Data table read. Merging with Fimo..."
[1] "Merged. Now splitting table to regions and hits..."
[1] filling 769970 regions, 1269357 hits for ENCSR813CKU
[1] 23500295 hits in 14372702 regions
############### LOG OUTPUT ###############
Task: 13
Node: 13
Timestamp: 2017-08-11 16:18:55
Success: TRUE
Task duration:
   user  system elapsed 
460.408 201.736 978.945 
Memory used:
          used (Mb) gc trigger  (Mb) max used (Mb)
Ncells 1646649 88.0    2637877 140.9  1850621 98.9
Vcells 1728828 13.2    3142662  24.0  2552061 19.5
Log messages:
stderr and stdout:
[1] ---- ENCSR813CKU (chrX) (1/1)
[1] "Data table read. Merging with Fimo..."
[1] "Merged. Now splitting table to regions and hits..."
[1] filling 324701 regions, 530383 hits for ENCSR813CKU
[1] 24030678 hits in 14697403 regions
> 
> print(bpok(result))
 [1] TRUE TRUE TRUE TRUE TRUE TRUE TRUE TRUE TRUE TRUE TRUE TRUE TRUE TRUE TRUE
> print("Database fill complete")
[1] "Database fill complete"
> print(date())
[1] "Fri Aug 11 16:18:56 2017"
> 

R version 3.4.1 (2017-06-30) -- "Single Candle"
Copyright (C) 2017 The R Foundation for Statistical Computing
Platform: x86_64-pc-linux-gnu (64-bit)

R is free software and comes with ABSOLUTELY NO WARRANTY.
You are welcome to redistribute it under certain conditions.
Type 'license()' or 'licence()' for distribution details.

  Natural language support but running in an English locale

R is a collaborative project with many contributors.
Type 'contributors()' for more information and
'citation()' on how to cite R or R packages in publications.

Type 'demo()' for some demos, 'help()' for on-line help, or
'help.start()' for an HTML browser interface to help.
Type 'q()' to quit R.

> # users can either step through this file, or call this file with 
> # r -f example.R
> 
> # THIS ASSUMES THAT THE TESTHINT DATABASE EXISTS. The recipe for building that
> # database is in ../dbInitialization/createHintTest.sql
> 
> # THIS EXAMPLE USES THE BRAIN HINT OUTPUT MADE BY RUNNING make hint at /scratch/data/footprints
> 
> print(date())
[1] "Fri Aug 11 16:19:25 2017"
> #-------------------------------------------------------------------------------
> # set path to hint output 
> data.path <- "/ssd/mrichard/data/footprints/urinary_bladder_wellington_16"
> #-------------------------------------------------------------------------------
> # establish database connections:
> 
> if(!exists("db.wellington"))
+     db.wellington <- "urinary_bladder_wellington_16_localhost"
> 
> if(!exists("db.fimo"))
+     db.fimo <- "fimo_localhost"
> #-------------------------------------------------------------------------------
> # Source the libraries
> source("../src/dependencies.R")
Loading required package: stats4
Loading required package: BiocGenerics
Loading required package: parallel

Attaching package: ‘BiocGenerics’

The following objects are masked from ‘package:parallel’:

    clusterApply, clusterApplyLB, clusterCall, clusterEvalQ,
    clusterExport, clusterMap, parApply, parCapply, parLapply,
    parLapplyLB, parRapply, parSapply, parSapplyLB

The following objects are masked from ‘package:stats’:

    IQR, mad, sd, var, xtabs

The following objects are masked from ‘package:base’:

    anyDuplicated, append, as.data.frame, cbind, colMeans, colnames,
    colSums, do.call, duplicated, eval, evalq, Filter, Find, get, grep,
    grepl, intersect, is.unsorted, lapply, lengths, Map, mapply, match,
    mget, order, paste, pmax, pmax.int, pmin, pmin.int, Position, rank,
    rbind, Reduce, rowMeans, rownames, rowSums, sapply, setdiff, sort,
    table, tapply, union, unique, unsplit, which, which.max, which.min

Loading required package: S4Vectors

Attaching package: ‘S4Vectors’

The following object is masked from ‘package:base’:

    expand.grid

Loading required package: IRanges
Loading required package: GenomeInfoDb
Loading required package: DBI
> source("../src/dbFunctions.R")
> source("../src/tableParsing.R")
> source("../src/tests.R")
> source("../src/main_Bioc.R")
> 
> if(!interactive()){    
+     chromosomes <- paste0("chr",1:10)
+     
+     # Create parallel structure here
+     library(BiocParallel)
+     register(MulticoreParam(workers = 10, stop.on.error = FALSE, log = TRUE), default = TRUE)
+ 
+     # Run on all 24 possible chromosomes at once
+     result <- bptry(bplapply(chromosomes, fillAllSamplesByChromosome,
+              dbConnection = db.wellington,
+              fimo = db.fimo,
+              minid = "urinary_bladder_wellington_16.minid",
+              dbUser = "trena",
+              dbTable = "urinary_bladder_wellington_16",
+              sourcePath = data.path,
+              isTest = FALSE,
+              method = "WELLINGTON"))
+ }
############### LOG OUTPUT ###############
Task: 9
Node: 9
Timestamp: 2017-08-11 16:32:49
Success: TRUE
Task duration:
   user  system elapsed 
371.932 122.956 793.888 
Memory used:
          used (Mb) gc trigger  (Mb) max used (Mb)
Ncells 1645565 87.9    2637877 140.9  1850594 98.9
Vcells 1726218 13.2    3142662  24.0  2552211 19.5
Log messages:
stderr and stdout:
[1] ---- ENCSR813CKU (chr9) (1/1)
[1] "Data table read. Merging with Fimo..."
[1] "Merged. Now splitting table to regions and hits..."
[1] filling 263789 regions, 378640 hits for ENCSR813CKU
[1] 378640 hits in 263789 regions
############### LOG OUTPUT ###############
Task: 8
Node: 8
Timestamp: 2017-08-11 16:35:07
Success: TRUE
Task duration:
   user  system elapsed 
425.848 140.580 929.742 
Memory used:
          used (Mb) gc trigger  (Mb) max used (Mb)
Ncells 1646549 88.0    2637877 140.9  1850594 98.9
Vcells 1728711 13.2    3142662  24.0  2552211 19.5
Log messages:
stderr and stdout:
[1] ---- ENCSR813CKU (chr8) (1/1)
[1] "Data table read. Merging with Fimo..."
[1] "Merged. Now splitting table to regions and hits..."
[1] filling 247434 regions, 355145 hits for ENCSR813CKU
[1] 733785 hits in 511223 regions
############### LOG OUTPUT ###############
Task: 10
Node: 10
Timestamp: 2017-08-11 16:35:36
Success: TRUE
Task duration:
   user  system elapsed 
374.944 137.584 960.107 
Memory used:
          used (Mb) gc trigger  (Mb) max used (Mb)
Ncells 1646550 88.0    2637877 140.9  1850594 98.9
Vcells 1728712 13.2    3142662  24.0  2552211 19.5
Log messages:
stderr and stdout:
[1] ---- ENCSR813CKU (chr10) (1/1)
[1] "Data table read. Merging with Fimo..."
[1] "Merged. Now splitting table to regions and hits..."
[1] filling 284613 regions, 409803 hits for ENCSR813CKU
[1] 1143588 hits in 795836 regions
############### LOG OUTPUT ###############
Task: 7
Node: 7
Timestamp: 2017-08-11 16:45:03
Success: TRUE
Task duration:
    user   system  elapsed 
 534.788  222.772 1523.911 
Memory used:
          used (Mb) gc trigger  (Mb) max used (Mb)
Ncells 1646551 88.0    2637877 140.9  1850594 98.9
Vcells 1728713 13.2    3142662  24.0  2552211 19.5
Log messages:
stderr and stdout:
[1] ---- ENCSR813CKU (chr7) (1/1)
[1] "Data table read. Merging with Fimo..."
[1] "Merged. Now splitting table to regions and hits..."
[1] filling 285761 regions, 410009 hits for ENCSR813CKU
[1] 1553597 hits in 1081597 regions
############### LOG OUTPUT ###############
Task: 6
Node: 6
Timestamp: 2017-08-11 16:46:34
Success: TRUE
Task duration:
    user   system  elapsed 
 615.552  244.980 1623.196 
Memory used:
          used (Mb) gc trigger  (Mb) max used (Mb)
Ncells 1646552 88.0    2637877 140.9  1850594 98.9
Vcells 1728714 13.2    3142662  24.0  2552211 19.5
Log messages:
stderr and stdout:
[1] ---- ENCSR813CKU (chr6) (1/1)
[1] "Data table read. Merging with Fimo..."
[1] "Merged. Now splitting table to regions and hits..."
[1] filling 310793 regions, 446091 hits for ENCSR813CKU
[1] 1999688 hits in 1392390 regions
############### LOG OUTPUT ###############
Task: 5
Node: 5
Timestamp: 2017-08-11 16:47:51
Success: TRUE
Task duration:
    user   system  elapsed 
 642.712  246.912 1687.697 
Memory used:
          used (Mb) gc trigger  (Mb) max used (Mb)
Ncells 1646553 88.0    2637877 140.9  1850594 98.9
Vcells 1728715 13.2    3142662  24.0  2552211 19.5
Log messages:
stderr and stdout:
[1] ---- ENCSR813CKU (chr5) (1/1)
[1] "Data table read. Merging with Fimo..."
[1] "Merged. Now splitting table to regions and hits..."
[1] filling 279994 regions, 401450 hits for ENCSR813CKU
[1] 2401138 hits in 1672384 regions
############### LOG OUTPUT ###############
Task: 3
Node: 3
Timestamp: 2017-08-11 16:48:14
Success: TRUE
Task duration:
    user   system  elapsed 
 606.516  268.056 1712.428 
Memory used:
          used (Mb) gc trigger  (Mb) max used (Mb)
Ncells 1646554 88.0    2637877 140.9  1850594 98.9
Vcells 1728716 13.2    3142662  24.0  2552211 19.5
Log messages:
stderr and stdout:
[1] ---- ENCSR813CKU (chr3) (1/1)
[1] "Data table read. Merging with Fimo..."
[1] "Merged. Now splitting table to regions and hits..."
[1] filling 331148 regions, 475542 hits for ENCSR813CKU
[1] 2876680 hits in 2003532 regions
############### LOG OUTPUT ###############
Task: 4
Node: 4
Timestamp: 2017-08-11 16:48:26
Success: TRUE
Task duration:
    user   system  elapsed 
 648.784  252.936 1726.862 
Memory used:
          used (Mb) gc trigger  (Mb) max used (Mb)
Ncells 1646555 88.0    2637877 140.9  1850594 98.9
Vcells 1728717 13.2    3142662  24.0  2552211 19.5
Log messages:
stderr and stdout:
[1] ---- ENCSR813CKU (chr4) (1/1)
[1] "Data table read. Merging with Fimo..."
[1] "Merged. Now splitting table to regions and hits..."
[1] filling 247492 regions, 354669 hits for ENCSR813CKU
[1] 3231349 hits in 2251024 regions
############### LOG OUTPUT ###############
Task: 2
Node: 2
Timestamp: 2017-08-11 16:52:34
Success: TRUE
Task duration:
    user   system  elapsed 
 734.396  308.696 1971.799 
Memory used:
          used (Mb) gc trigger  (Mb) max used (Mb)
Ncells 1646556 88.0    2637877 140.9  1850594 98.9
Vcells 1728718 13.2    3142662  24.0  2552211 19.5
Log messages:
stderr and stdout:
[1] ---- ENCSR813CKU (chr2) (1/1)
[1] "Data table read. Merging with Fimo..."
[1] "Merged. Now splitting table to regions and hits..."
[1] filling 442043 regions, 637109 hits for ENCSR813CKU
[1] 3868458 hits in 2693067 regions
############### LOG OUTPUT ###############
Task: 1
Node: 1
Timestamp: 2017-08-11 16:53:33
Success: TRUE
Task duration:
    user   system  elapsed 
 794.580  326.316 2031.157 
Memory used:
          used (Mb) gc trigger  (Mb) max used (Mb)
Ncells 1646557 88.0    2637877 140.9  1850594 98.9
Vcells 1728719 13.2    3142662  24.0  2552211 19.5
Log messages:
stderr and stdout:
[1] ---- ENCSR813CKU (chr1) (1/1)
[1] "Data table read. Merging with Fimo..."
[1] "Merged. Now splitting table to regions and hits..."
[1] filling 550741 regions, 789050 hits for ENCSR813CKU
[1] 4657508 hits in 3243808 regions
> 
> print(bpok(result))
 [1] TRUE TRUE TRUE TRUE TRUE TRUE TRUE TRUE TRUE TRUE
> print("Database fill complete")
[1] "Database fill complete"
> print(date())
[1] "Fri Aug 11 16:53:33 2017"
> 

R version 3.4.1 (2017-06-30) -- "Single Candle"
Copyright (C) 2017 The R Foundation for Statistical Computing
Platform: x86_64-pc-linux-gnu (64-bit)

R is free software and comes with ABSOLUTELY NO WARRANTY.
You are welcome to redistribute it under certain conditions.
Type 'license()' or 'licence()' for distribution details.

  Natural language support but running in an English locale

R is a collaborative project with many contributors.
Type 'contributors()' for more information and
'citation()' on how to cite R or R packages in publications.

Type 'demo()' for some demos, 'help()' for on-line help, or
'help.start()' for an HTML browser interface to help.
Type 'q()' to quit R.

> # users can either step through this file, or call this file with 
> # r -f example.R
> 
> # THIS ASSUMES THAT THE TESTHINT DATABASE EXISTS. The recipe for building that
> # database is in ../dbInitialization/createHintTest.sql
> 
> # THIS EXAMPLE USES THE BRAIN HINT OUTPUT MADE BY RUNNING make hint at /scratch/data/footprints
> 
> print(date())
[1] "Fri Aug 11 16:57:39 2017"
> #-------------------------------------------------------------------------------
> # set path to hint output 
> data.path <- "/ssd/mrichard/data/footprints/urinary_bladder_wellington_16"
> #-------------------------------------------------------------------------------
> # establish database connections:
> 
> if(!exists("db.wellington"))
+     db.wellington <- "urinary_bladder_wellington_16_localhost"
> 
> if(!exists("db.fimo"))
+     db.fimo <- "fimo_localhost"
> #-------------------------------------------------------------------------------
> # Source the libraries
> source("../src/dependencies.R")
Loading required package: stats4
Loading required package: BiocGenerics
Loading required package: parallel

Attaching package: ‘BiocGenerics’

The following objects are masked from ‘package:parallel’:

    clusterApply, clusterApplyLB, clusterCall, clusterEvalQ,
    clusterExport, clusterMap, parApply, parCapply, parLapply,
    parLapplyLB, parRapply, parSapply, parSapplyLB

The following objects are masked from ‘package:stats’:

    IQR, mad, sd, var, xtabs

The following objects are masked from ‘package:base’:

    anyDuplicated, append, as.data.frame, cbind, colMeans, colnames,
    colSums, do.call, duplicated, eval, evalq, Filter, Find, get, grep,
    grepl, intersect, is.unsorted, lapply, lengths, Map, mapply, match,
    mget, order, paste, pmax, pmax.int, pmin, pmin.int, Position, rank,
    rbind, Reduce, rowMeans, rownames, rowSums, sapply, setdiff, sort,
    table, tapply, union, unique, unsplit, which, which.max, which.min

Loading required package: S4Vectors

Attaching package: ‘S4Vectors’

The following object is masked from ‘package:base’:

    expand.grid

Loading required package: IRanges
Loading required package: GenomeInfoDb
Loading required package: DBI
> source("../src/dbFunctions.R")
> source("../src/tableParsing.R")
> source("../src/tests.R")
> source("../src/main_Bioc.R")
> 
> if(!interactive()){    
+     chromosomes <- paste0("chr",c(11:22,"X","Y","MT"))
+     
+     # Create parallel structure here
+     library(BiocParallel)
+     register(MulticoreParam(workers = 15, stop.on.error = FALSE, log = TRUE), default = TRUE)
+ 
+     # Run on all 24 possible chromosomes at once
+     result <- bptry(bplapply(chromosomes, fillAllSamplesByChromosome,
+              dbConnection = db.wellington,
+              fimo = db.fimo,
+              minid = "urinary_bladder_wellington_16.minid",
+              dbUser = "trena",
+              dbTable = "urinary_bladder_wellington_16",
+              sourcePath = data.path,
+              isTest = FALSE,
+              method = "WELLINGTON"))
+ }
############### LOG OUTPUT ###############
Task: 15
Node: 15
Timestamp: 2017-08-11 16:57:48
Success: TRUE
Task duration:
   user  system elapsed 
  4.272   0.100   4.376 
Memory used:
          used (Mb) gc trigger  (Mb) max used (Mb)
Ncells 1645647 87.9    2637877 140.9  1850613 98.9
Vcells 1726302 13.2    3142662  24.0  2552062 19.5
Log messages:
stderr and stdout:
[1] ---- ENCSR813CKU (chrMT) (1/1)
[1] "Data table read. Merging with Fimo..."
[1] No rows matching chrMT
############### LOG OUTPUT ###############
Task: 14
Node: 14
Timestamp: 2017-08-11 16:59:52
Success: TRUE
Task duration:
   user  system elapsed 
 71.700   8.184 126.413 
Memory used:
          used (Mb) gc trigger  (Mb) max used (Mb)
Ncells 1646633 88.0    2637877 140.9  1850613 98.9
Vcells 1728819 13.2    3142662  24.0  2552062 19.5
Log messages:
stderr and stdout:
[1] ---- ENCSR813CKU (chrY) (1/1)
[1] "Data table read. Merging with Fimo..."
[1] "Merged. Now splitting table to regions and hits..."
[1] filling 22646 regions, 32699 hits for ENCSR813CKU
[1] 4690207 hits in 3266454 regions
############### LOG OUTPUT ###############
Task: 12
Node: 12
Timestamp: 2017-08-11 17:01:59
Success: TRUE
Task duration:
   user  system elapsed 
132.636  30.060 251.478 
Memory used:
          used (Mb) gc trigger  (Mb) max used (Mb)
Ncells 1646634 88.0    2637877 140.9  1850613 98.9
Vcells 1728820 13.2    3142662  24.0  2552062 19.5
Log messages:
stderr and stdout:
[1] ---- ENCSR813CKU (chr22) (1/1)
[1] "Data table read. Merging with Fimo..."
[1] "Merged. Now splitting table to regions and hits..."
[1] filling 127667 regions, 184165 hits for ENCSR813CKU
[1] 4874372 hits in 3394121 regions
############### LOG OUTPUT ###############
Task: 11
Node: 11
Timestamp: 2017-08-11 17:03:38
Success: TRUE
Task duration:
   user  system elapsed 
134.740  43.080 351.553 
Memory used:
          used (Mb) gc trigger  (Mb) max used (Mb)
Ncells 1646635 88.0    2637877 140.9  1850613 98.9
Vcells 1728821 13.2    3142662  24.0  2552062 19.5
Log messages:
stderr and stdout:
[1] ---- ENCSR813CKU (chr21) (1/1)
[1] "Data table read. Merging with Fimo..."
[1] "Merged. Now splitting table to regions and hits..."
[1] filling 87680 regions, 125952 hits for ENCSR813CKU
[1] 5000324 hits in 3481801 regions
############### LOG OUTPUT ###############
Task: 10
Node: 10
Timestamp: 2017-08-11 17:04:24
Success: TRUE
Task duration:
   user  system elapsed 
204.552  46.464 392.946 
Memory used:
          used (Mb) gc trigger  (Mb) max used (Mb)
Ncells 1646636 88.0    2637877 140.9  1850613 98.9
Vcells 1728822 13.2    3142662  24.0  2552062 19.5
Log messages:
stderr and stdout:
[1] ---- ENCSR813CKU (chr20) (1/1)
[1] "Data table read. Merging with Fimo..."
[1] "Merged. Now splitting table to regions and hits..."
[1] filling 157570 regions, 226563 hits for ENCSR813CKU
[1] 5226887 hits in 3639371 regions
############### LOG OUTPUT ###############
Task: 8
Node: 8
Timestamp: 2017-08-11 17:05:36
Success: TRUE
Task duration:
   user  system elapsed 
262.776  61.336 466.169 
Memory used:
          used (Mb) gc trigger  (Mb) max used (Mb)
Ncells 1646637 88.0    2637877 140.9  1850613 98.9
Vcells 1728823 13.2    3142662  24.0  2552062 19.5
Log messages:
stderr and stdout:
[1] ---- ENCSR813CKU (chr18) (1/1)
[1] "Data table read. Merging with Fimo..."
[1] "Merged. Now splitting table to regions and hits..."
[1] filling 121524 regions, 172747 hits for ENCSR813CKU
[1] 5399634 hits in 3760895 regions
############### LOG OUTPUT ###############
Task: 9
Node: 9
Timestamp: 2017-08-11 17:05:39
Success: TRUE
Task duration:
   user  system elapsed 
255.032  54.860 469.660 
Memory used:
          used (Mb) gc trigger  (Mb) max used (Mb)
Ncells 1646638 88.0    2637877 140.9  1850613 98.9
Vcells 1728824 13.2    3142662  24.0  2552062 19.5
Log messages:
stderr and stdout:
[1] ---- ENCSR813CKU (chr19) (1/1)
[1] "Data table read. Merging with Fimo..."
[1] "Merged. Now splitting table to regions and hits..."
[1] filling 244428 regions, 352333 hits for ENCSR813CKU
[1] 5751967 hits in 4005323 regions
############### LOG OUTPUT ###############
Task: 4
Node: 4
Timestamp: 2017-08-11 17:06:55
Success: TRUE
Task duration:
   user  system elapsed 
286.032  90.784 541.569 
Memory used:
          used (Mb) gc trigger  (Mb) max used (Mb)
Ncells 1646639 88.0    2637877 140.9  1850613 98.9
Vcells 1728825 13.2    3142662  24.0  2552062 19.5
Log messages:
stderr and stdout:
[1] ---- ENCSR813CKU (chr14) (1/1)
[1] "Data table read. Merging with Fimo..."
[1] "Merged. Now splitting table to regions and hits..."
[1] filling 178941 regions, 256719 hits for ENCSR813CKU
[1] 6008686 hits in 4184264 regions
############### LOG OUTPUT ###############
Task: 6
Node: 6
Timestamp: 2017-08-11 17:07:03
Success: TRUE
Task duration:
   user  system elapsed 
295.212  80.748 552.434 
Memory used:
          used (Mb) gc trigger  (Mb) max used (Mb)
Ncells 1646640 88.0    2637877 140.9  1850613 98.9
Vcells 1728826 13.2    3142662  24.0  2552062 19.5
Log messages:
stderr and stdout:
[1] ---- ENCSR813CKU (chr16) (1/1)
[1] "Data table read. Merging with Fimo..."
[1] "Merged. Now splitting table to regions and hits..."
[1] filling 203975 regions, 295199 hits for ENCSR813CKU
[1] 6303885 hits in 4388239 regions
############### LOG OUTPUT ###############
Task: 3
Node: 3
Timestamp: 2017-08-11 17:07:38
Success: TRUE
Task duration:
   user  system elapsed 
329.040  88.744 586.291 
Memory used:
          used (Mb) gc trigger  (Mb) max used (Mb)
Ncells 1646641 88.0    2637877 140.9  1850613 98.9
Vcells 1728827 13.2    3142662  24.0  2552062 19.5
Log messages:
stderr and stdout:
[1] ---- ENCSR813CKU (chr13) (1/1)
[1] "Data table read. Merging with Fimo..."
[1] "Merged. Now splitting table to regions and hits..."
[1] filling 128297 regions, 184354 hits for ENCSR813CKU
[1] 6488239 hits in 4516536 regions
############### LOG OUTPUT ###############
Task: 5
Node: 5
Timestamp: 2017-08-11 17:07:41
Success: TRUE
Task duration:
   user  system elapsed 
301.244  87.284 590.661 
Memory used:
          used (Mb) gc trigger  (Mb) max used (Mb)
Ncells 1646642 88.0    2637877 140.9  1850613 98.9
Vcells 1728828 13.2    3142662  24.0  2552062 19.5
Log messages:
stderr and stdout:
[1] ---- ENCSR813CKU (chr15) (1/1)
[1] "Data table read. Merging with Fimo..."
[1] "Merged. Now splitting table to regions and hits..."
[1] filling 183297 regions, 262332 hits for ENCSR813CKU
[1] 6750571 hits in 4699833 regions
############### LOG OUTPUT ###############
Task: 7
Node: 7
Timestamp: 2017-08-11 17:08:08
Success: TRUE
Task duration:
   user  system elapsed 
309.232  82.956 617.318 
Memory used:
          used (Mb) gc trigger  (Mb) max used (Mb)
Ncells 1646643 88.0    2637877 140.9  1850613 98.9
Vcells 1728829 13.2    3142662  24.0  2552062 19.5
Log messages:
stderr and stdout:
[1] ---- ENCSR813CKU (chr17) (1/1)
[1] "Data table read. Merging with Fimo..."
[1] "Merged. Now splitting table to regions and hits..."
[1] filling 289892 regions, 416120 hits for ENCSR813CKU
[1] 7166691 hits in 4989725 regions
############### LOG OUTPUT ###############
Task: 1
Node: 1
Timestamp: 2017-08-11 17:11:40
Success: TRUE
Task duration:
   user  system elapsed 
411.584 106.356 825.493 
Memory used:
          used (Mb) gc trigger  (Mb) max used (Mb)
Ncells 1646644 88.0    2637877 140.9  1850613 98.9
Vcells 1728830 13.2    3142662  24.0  2552062 19.5
Log messages:
stderr and stdout:
[1] ---- ENCSR813CKU (chr11) (1/1)
[1] "Data table read. Merging with Fimo..."
[1] "Merged. Now splitting table to regions and hits..."
[1] filling 299915 regions, 432493 hits for ENCSR813CKU
[1] 7599184 hits in 5289640 regions
############### LOG OUTPUT ###############
Task: 2
Node: 2
Timestamp: 2017-08-11 17:11:55
Success: TRUE
Task duration:
   user  system elapsed 
417.196 128.004 843.254 
Memory used:
          used (Mb) gc trigger  (Mb) max used (Mb)
Ncells 1646645 88.0    2637877 140.9  1850613 98.9
Vcells 1728831 13.2    3142662  24.0  2552062 19.5
Log messages:
stderr and stdout:
[1] ---- ENCSR813CKU (chr12) (1/1)
[1] "Data table read. Merging with Fimo..."
[1] "Merged. Now splitting table to regions and hits..."
[1] filling 278590 regions, 399470 hits for ENCSR813CKU
[1] 7998654 hits in 5568230 regions
############### LOG OUTPUT ###############
Task: 13
Node: 13
Timestamp: 2017-08-11 17:12:50
Success: TRUE
Task duration:
   user  system elapsed 
502.032 151.164 897.349 
Memory used:
          used (Mb) gc trigger  (Mb) max used (Mb)
Ncells 1646646 88.0    2637877 140.9  1850613 98.9
Vcells 1728832 13.2    3142662  24.0  2552062 19.5
Log messages:
stderr and stdout:
[1] ---- ENCSR813CKU (chrX) (1/1)
[1] "Data table read. Merging with Fimo..."
[1] "Merged. Now splitting table to regions and hits..."
[1] filling 118742 regions, 170968 hits for ENCSR813CKU
[1] 8169622 hits in 5686972 regions
> 
> print(bpok(result))
 [1] TRUE TRUE TRUE TRUE TRUE TRUE TRUE TRUE TRUE TRUE TRUE TRUE TRUE TRUE TRUE
> print("Database fill complete")
[1] "Database fill complete"
> print(date())
[1] "Fri Aug 11 17:12:50 2017"
> 
psql: FATAL:  role "mrichard" does not exist
psql: FATAL:  Peer authentication failed for user "trena"
psql: FATAL:  Peer authentication failed for user "trena"
psql: warning: extra command-line argument "trena" ignored
psql: FATAL:  Peer authentication failed for user "trena"
