CREATE DATABASE
GRANT
CREATE DATABASE
GRANT
You are now connected to database "lymphatic_vessel_wellington_20" as user "postgres".
CREATE TABLE
GRANT
CREATE TABLE
GRANT
You are now connected to database "lymphatic_vessel_hint_20" as user "postgres".
CREATE TABLE
GRANT
CREATE TABLE
GRANT

R version 3.4.1 (2017-06-30) -- "Single Candle"
Copyright (C) 2017 The R Foundation for Statistical Computing
Platform: x86_64-pc-linux-gnu (64-bit)

R is free software and comes with ABSOLUTELY NO WARRANTY.
You are welcome to redistribute it under certain conditions.
Type 'license()' or 'licence()' for distribution details.

  Natural language support but running in an English locale

R is a collaborative project with many contributors.
Type 'contributors()' for more information and
'citation()' on how to cite R or R packages in publications.

Type 'demo()' for some demos, 'help()' for on-line help, or
'help.start()' for an HTML browser interface to help.
Type 'q()' to quit R.

> # users can either step through this file, or call this file with 
> # r -f example.R
> 
> # THIS ASSUMES THAT THE TESTHINT DATABASE EXISTS. The recipe for building that
> # database is in ../dbInitialization/createHintTest.sql
> 
> # THIS EXAMPLE USES THE BRAIN HINT OUTPUT MADE BY RUNNING make hint at /scratch/data/footprints
> 
> print(date())
[1] "Tue Aug 15 14:22:53 2017"
> #-------------------------------------------------------------------------------
> # set path to hint output 
> data.path <- "/scratch/data/footprints/lymphatic_vessel_hint_20"
> #-------------------------------------------------------------------------------
> # establish database connections:
> 
> if(!exists("db.hint"))
+     db.hint <- "lymphatic_vessel_hint_20_localhost"
> 
> if(!exists("db.fimo"))
+     db.fimo <- "fimo_localhost"
> #-------------------------------------------------------------------------------
> # Source the libraries
> source("../src/dependencies.R")
Loading required package: stats4
Loading required package: BiocGenerics
Loading required package: parallel

Attaching package: ‘BiocGenerics’

The following objects are masked from ‘package:parallel’:

    clusterApply, clusterApplyLB, clusterCall, clusterEvalQ,
    clusterExport, clusterMap, parApply, parCapply, parLapply,
    parLapplyLB, parRapply, parSapply, parSapplyLB

The following objects are masked from ‘package:stats’:

    IQR, mad, sd, var, xtabs

The following objects are masked from ‘package:base’:

    anyDuplicated, append, as.data.frame, cbind, colMeans, colnames,
    colSums, do.call, duplicated, eval, evalq, Filter, Find, get, grep,
    grepl, intersect, is.unsorted, lapply, lengths, Map, mapply, match,
    mget, order, paste, pmax, pmax.int, pmin, pmin.int, Position, rank,
    rbind, Reduce, rowMeans, rownames, rowSums, sapply, setdiff, sort,
    table, tapply, union, unique, unsplit, which, which.max, which.min

Loading required package: S4Vectors

Attaching package: ‘S4Vectors’

The following object is masked from ‘package:base’:

    expand.grid

Loading required package: IRanges
Loading required package: GenomeInfoDb
Loading required package: DBI
> source("../src/dbFunctions.R")
> source("../src/tableParsing.R")
> source("../src/tests.R")
> source("../src/main_Bioc.R")
> 
> if(!interactive()){    
+     chromosomes <- paste0("chr",1:10)
+     
+     # Create parallel structure here    
+     library(BiocParallel)    
+     register(MulticoreParam(workers = 10, stop.on.error = FALSE, log = TRUE), default = TRUE)
+ 
+     # Run on all 24 possible chromosomes at once
+     result <- bptry(bplapply(chromosomes,fillAllSamplesByChromosome,
+              dbConnection = db.hint,             
+              fimo = db.fimo,             
+              minid = "lymphatic_vessel_hint_20.minid",             
+              dbUser = "trena",             
+              dbTable = "lymphatic_vessel_hint_20",             
+              sourcePath = data.path,             
+              isTest = FALSE,             
+              method = "HINT"))    
+ }

R version 3.4.1 (2017-06-30) -- "Single Candle"
Copyright (C) 2017 The R Foundation for Statistical Computing
Platform: x86_64-pc-linux-gnu (64-bit)

R is free software and comes with ABSOLUTELY NO WARRANTY.
You are welcome to redistribute it under certain conditions.
Type 'license()' or 'licence()' for distribution details.

  Natural language support but running in an English locale

R is a collaborative project with many contributors.
Type 'contributors()' for more information and
'citation()' on how to cite R or R packages in publications.

Type 'demo()' for some demos, 'help()' for on-line help, or
'help.start()' for an HTML browser interface to help.
Type 'q()' to quit R.

> # users can either step through this file, or call this file with 
> # r -f example.R
> 
> # THIS ASSUMES THAT THE TESTHINT DATABASE EXISTS. The recipe for building that
> # database is in ../dbInitialization/createHintTest.sql
> 
> # THIS EXAMPLE USES THE BRAIN HINT OUTPUT MADE BY RUNNING make hint at /scratch/data/footprints
> 
> print(date())
[1] "Tue Aug 15 14:22:59 2017"
> #-------------------------------------------------------------------------------
> # set path to hint output 
> data.path <- "/scratch/data/footprints/lymphatic_vessel_wellington_20"
> #-------------------------------------------------------------------------------
> # establish database connections:
> 
> if(!exists("db.wellington"))
+     db.wellington <- "lymphatic_vessel_wellington_20_localhost"
> 
> if(!exists("db.fimo"))
+     db.fimo <- "fimo_localhost"
> #-------------------------------------------------------------------------------
> # Source the libraries
> source("../src/dependencies.R")
Loading required package: stats4
Loading required package: BiocGenerics
Loading required package: parallel

Attaching package: ‘BiocGenerics’

The following objects are masked from ‘package:parallel’:

    clusterApply, clusterApplyLB, clusterCall, clusterEvalQ,
    clusterExport, clusterMap, parApply, parCapply, parLapply,
    parLapplyLB, parRapply, parSapply, parSapplyLB

The following objects are masked from ‘package:stats’:

    IQR, mad, sd, var, xtabs

The following objects are masked from ‘package:base’:

    anyDuplicated, append, as.data.frame, cbind, colMeans, colnames,
    colSums, do.call, duplicated, eval, evalq, Filter, Find, get, grep,
    grepl, intersect, is.unsorted, lapply, lengths, Map, mapply, match,
    mget, order, paste, pmax, pmax.int, pmin, pmin.int, Position, rank,
    rbind, Reduce, rowMeans, rownames, rowSums, sapply, setdiff, sort,
    table, tapply, union, unique, unsplit, which, which.max, which.min

Loading required package: S4Vectors

Attaching package: ‘S4Vectors’

The following object is masked from ‘package:base’:

    expand.grid

Loading required package: IRanges
Loading required package: GenomeInfoDb
Loading required package: DBI
> source("../src/dbFunctions.R")
> source("../src/tableParsing.R")
> source("../src/tests.R")
> source("../src/main_Bioc.R")
> 
> if(!interactive()){    
+     chromosomes <- paste0("chr",1:10)
+     
+     # Create parallel structure here
+     library(BiocParallel)
+     register(MulticoreParam(workers = 10, stop.on.error = FALSE, log = TRUE), default = TRUE)
+ 
+     # Run on all 24 possible chromosomes at once
+     result <- bptry(bplapply(chromosomes, fillAllSamplesByChromosome,
+              dbConnection = db.wellington,
+              fimo = db.fimo,
+              minid = "lymphatic_vessel_wellington_20.minid",
+              dbUser = "trena",
+              dbTable = "lymphatic_vessel_wellington_20",
+              sourcePath = data.path,
+              isTest = FALSE,
+              method = "WELLINGTON"))
+ }
############### LOG OUTPUT ###############
Task: 10
Node: 10
Timestamp: 2017-08-15 14:47:24
Success: TRUE
Task duration:
    user   system  elapsed 
 879.748  345.108 1446.894 
Memory used:
          used (Mb) gc trigger  (Mb) max used (Mb)
Ncells 1645567 87.9    2637877 140.9  1850621 98.9
Vcells 1726007 13.2    3142662  24.0  2552103 19.5
Log messages:
stderr and stdout:
[1] ---- ENCSR000EOA (chr10) (1/2)
[1] "Data table read. Merging with Fimo..."
[1] "Merged. Now splitting table to regions and hits..."
[1] filling 126121 regions, 184576 hits for ENCSR000EOA
[1] 184576 hits in 126121 regions
[1] ---- ENCSR000EOB (chr10) (2/2)
[1] "Data table read. Merging with Fimo..."
[1] "Merged. Now splitting table to regions and hits..."
[1] filling 192110 regions, 282894 hits for ENCSR000EOB
[1] 1192273 hits in 743646 regions
############### LOG OUTPUT ###############
Task: 8
Node: 8
Timestamp: 2017-08-15 14:48:05
Success: TRUE
Task duration:
    user   system  elapsed 
 889.664  351.236 1488.287 
Memory used:
          used (Mb) gc trigger  (Mb) max used (Mb)
Ncells 1646551 88.0    2637877 140.9  1850621 98.9
Vcells 1728500 13.2    3142662  24.0  2552103 19.5
Log messages:
stderr and stdout:
[1] ---- ENCSR000EOA (chr8) (1/2)
[1] "Data table read. Merging with Fimo..."
[1] "Merged. Now splitting table to regions and hits..."
[1] filling 110669 regions, 161510 hits for ENCSR000EOA
[1] 346086 hits in 236790 regions
[1] ---- ENCSR000EOB (chr8) (2/2)
[1] "Data table read. Merging with Fimo..."
[1] "Merged. Now splitting table to regions and hits..."
[1] filling 179016 regions, 263415 hits for ENCSR000EOB
[1] 1612717 hits in 965320 regions
############### LOG OUTPUT ###############
Task: 8
Node: 8
Timestamp: 2017-08-15 15:07:23
Success: TRUE
Task duration:
    user   system  elapsed 
1114.796  355.400 2641.576 
Memory used:
          used (Mb) gc trigger  (Mb) max used (Mb)
Ncells 1645570 87.9    2637877 140.9  1850624 98.9
Vcells 1726003 13.2    3142662  24.0  2552099 19.5
Log messages:
stderr and stdout:
[1] ---- ENCSR000EOA (chr8) (1/2)
[1] "Data table read. Merging with Fimo..."
[1] "Merged. Now splitting table to regions and hits..."
[1] filling 542191 regions, 1053889 hits for ENCSR000EOA
[1] 1053889 hits in 542191 regions
[1] ---- ENCSR000EOB (chr8) (2/2)
[1] "Data table read. Merging with Fimo..."
[1] "Merged. Now splitting table to regions and hits..."
[1] filling 750860 regions, 1444152 hits for ENCSR000EOB
[1] 15282925 hits in 7515745 regions
############### LOG OUTPUT ###############
Task: 9
Node: 9
Timestamp: 2017-08-15 15:08:24
Success: TRUE
Task duration:
    user   system  elapsed 
 775.676  597.136 2709.756 
Memory used:
          used (Mb) gc trigger  (Mb) max used (Mb)
Ncells 1646552 88.0    2637877 140.9  1850621 98.9
Vcells 1728501 13.2    3142662  24.0  2552103 19.5
Log messages:
stderr and stdout:
[1] ---- ENCSR000EOA (chr9) (1/2)
[1] "Data table read. Merging with Fimo..."
[1] "Merged. Now splitting table to regions and hits..."
[1] filling 121891 regions, 177739 hits for ENCSR000EOA
[1] 523825 hits in 358681 regions
[1] ---- ENCSR000EOB (chr9) (2/2)
[1] "Data table read. Merging with Fimo..."
[1] "Merged. Now splitting table to regions and hits..."
[1] filling 200488 regions, 293896 hits for ENCSR000EOB
[1] 2957885 hits in 1811200 regions
############### LOG OUTPUT ###############
Task: 9
Node: 9
Timestamp: 2017-08-15 15:09:11
Success: TRUE
Task duration:
    user   system  elapsed 
 925.328  543.552 2755.151 
Memory used:
          used (Mb) gc trigger  (Mb) max used (Mb)
Ncells 1646554 88.0    2637877 140.9  1850624 98.9
Vcells 1728496 13.2    3142662  24.0  2552099 19.5
Log messages:
stderr and stdout:
[1] ---- ENCSR000EOA (chr9) (1/2)
[1] "Data table read. Merging with Fimo..."
[1] "Merged. Now splitting table to regions and hits..."
[1] filling 579389 regions, 1122245 hits for ENCSR000EOA
[1] 2176134 hits in 1121580 regions
[1] ---- ENCSR000EOB (chr9) (2/2)
[1] "Data table read. Merging with Fimo..."
[1] "Merged. Now splitting table to regions and hits..."
[1] filling 795019 regions, 1519269 hits for ENCSR000EOB
[1] 16802194 hits in 7919967 regions
############### LOG OUTPUT ###############
Task: 10
Node: 10
Timestamp: 2017-08-15 15:16:29
Success: TRUE
Task duration:
    user   system  elapsed 
1030.324  553.312 3191.840 
Memory used:
          used (Mb) gc trigger  (Mb) max used (Mb)
Ncells 1646555 88.0    2637877 140.9  1850624 98.9
Vcells 1728497 13.2    3142662  24.0  2552099 19.5
Log messages:
stderr and stdout:
[1] ---- ENCSR000EOA (chr10) (1/2)
[1] "Data table read. Merging with Fimo..."
[1] "Merged. Now splitting table to regions and hits..."
[1] filling 600585 regions, 1157583 hits for ENCSR000EOA
[1] 3333717 hits in 1722165 regions
[1] ---- ENCSR000EOB (chr10) (2/2)
[1] "Data table read. Merging with Fimo..."
[1] "Merged. Now splitting table to regions and hits..."
[1] filling 799781 regions, 1525511 hits for ENCSR000EOB
[1] 18327705 hits in 8325749 regions
############### LOG OUTPUT ###############
Task: 6
Node: 6
Timestamp: 2017-08-15 15:19:14
Success: TRUE
Task duration:
    user   system  elapsed 
1256.452  553.784 3366.701 
Memory used:
          used (Mb) gc trigger  (Mb) max used (Mb)
Ncells 1646553 88.0    2637877 140.9  1850621 98.9
Vcells 1728502 13.2    3142662  24.0  2552103 19.5
Log messages:
stderr and stdout:
[1] ---- ENCSR000EOA (chr6) (1/2)
[1] "Data table read. Merging with Fimo..."
[1] "Merged. Now splitting table to regions and hits..."
[1] filling 140689 regions, 204759 hits for ENCSR000EOA
[1] 728584 hits in 499370 regions
[1] ---- ENCSR000EOB (chr6) (2/2)
[1] "Data table read. Merging with Fimo..."
[1] "Merged. Now splitting table to regions and hits..."
[1] filling 226333 regions, 332238 hits for ENCSR000EOB
[1] 3290123 hits in 1952651 regions
############### LOG OUTPUT ###############
Task: 4
Node: 4
Timestamp: 2017-08-15 15:22:43
Success: TRUE
Task duration:
    user   system  elapsed 
1396.596  579.600 3556.302 
Memory used:
          used (Mb) gc trigger  (Mb) max used (Mb)
Ncells 1646554 88.0    2637877 140.9  1850621 98.9
Vcells 1728503 13.2    3142662  24.0  2552103 19.5
Log messages:
stderr and stdout:
[1] ---- ENCSR000EOA (chr4) (1/2)
[1] "Data table read. Merging with Fimo..."
[1] "Merged. Now splitting table to regions and hits..."
[1] filling 107610 regions, 157029 hits for ENCSR000EOA
[1] 1349302 hits in 851256 regions
[1] ---- ENCSR000EOB (chr4) (2/2)
[1] "Data table read. Merging with Fimo..."
[1] "Merged. Now splitting table to regions and hits..."
[1] filling 178362 regions, 261884 hits for ENCSR000EOB
[1] 3552007 hits in 2065800 regions
############### LOG OUTPUT ###############
Task: 4
Node: 4
Timestamp: 2017-08-15 15:24:27
Success: TRUE
Task duration:
    user   system  elapsed 
1546.016  699.672 3662.226 
Memory used:
          used (Mb) gc trigger  (Mb) max used (Mb)
Ncells 1646556 88.0    2637877 140.9  1850624 98.9
Vcells 1728498 13.2    3142662  24.0  2552099 19.5
Log messages:
stderr and stdout:
[1] ---- ENCSR000EOA (chr4) (1/2)
[1] "Data table read. Merging with Fimo..."
[1] "Merged. Now splitting table to regions and hits..."
[1] filling 525669 regions, 1018582 hits for ENCSR000EOA
[1] 4352299 hits in 2247834 regions
[1] ---- ENCSR000EOB (chr4) (2/2)
[1] "Data table read. Merging with Fimo..."
[1] "Merged. Now splitting table to regions and hits..."
[1] filling 752448 regions, 1428742 hits for ENCSR000EOB
[1] 19756447 hits in 8727030 regions
############### LOG OUTPUT ###############
Task: 7
Node: 7
Timestamp: 2017-08-15 15:25:13
Success: TRUE
Task duration:
    user   system  elapsed 
1112.896 1092.376 3696.465 
Memory used:
          used (Mb) gc trigger  (Mb) max used (Mb)
Ncells 1646555 88.0    2637877 140.9  1850621 98.9
Vcells 1728504 13.2    3142662  24.0  2552103 19.5
Log messages:
stderr and stdout:
[1] ---- ENCSR000EOA (chr7) (1/2)
[1] "Data table read. Merging with Fimo..."
[1] "Merged. Now splitting table to regions and hits..."
[1] filling 132930 regions, 194105 hits for ENCSR000EOA
[1] 1806822 hits in 1098250 regions
[1] ---- ENCSR000EOB (chr7) (2/2)
[1] "Data table read. Merging with Fimo..."
[1] "Merged. Now splitting table to regions and hits..."
[1] filling 220765 regions, 324868 hits for ENCSR000EOB
[1] 3876875 hits in 2204649 regions
############### LOG OUTPUT ###############
Task: 5
Node: 5
Timestamp: 2017-08-15 15:26:01
Success: TRUE
Task duration:
    user   system  elapsed 
1336.884  664.388 3756.070 
Memory used:
          used (Mb) gc trigger  (Mb) max used (Mb)
Ncells 1646556 88.0    2637877 140.9  1850621 98.9
Vcells 1728505 13.2    3142662  24.0  2552103 19.5
Log messages:
stderr and stdout:
[1] ---- ENCSR000EOA (chr5) (1/2)
[1] "Data table read. Merging with Fimo..."
[1] "Merged. Now splitting table to regions and hits..."
[1] filling 123995 regions, 180795 hits for ENCSR000EOA
[1] 909379 hits in 623365 regions
[1] ---- ENCSR000EOB (chr5) (2/2)
[1] "Data table read. Merging with Fimo..."
[1] "Merged. Now splitting table to regions and hits..."
[1] filling 203123 regions, 298311 hits for ENCSR000EOB
[1] 4175186 hits in 2335393 regions
############### LOG OUTPUT ###############
Task: 6
Node: 6
Timestamp: 2017-08-15 15:27:33
Success: TRUE
Task duration:
    user   system  elapsed 
1314.592 1270.524 3845.576 
Memory used:
          used (Mb) gc trigger  (Mb) max used (Mb)
Ncells 1646557 88.0    2637877 140.9  1850624 98.9
Vcells 1728499 13.2    3142662  24.0  2552099 19.5
Log messages:
stderr and stdout:
[1] ---- ENCSR000EOA (chr6) (1/2)
[1] "Data table read. Merging with Fimo..."
[1] "Merged. Now splitting table to regions and hits..."
[1] filling 689667 regions, 1338943 hits for ENCSR000EOA
[1] 5691242 hits in 2937501 regions
[1] ---- ENCSR000EOB (chr6) (2/2)
[1] "Data table read. Merging with Fimo..."
[1] "Merged. Now splitting table to regions and hits..."
[1] filling 967939 regions, 1855507 hits for ENCSR000EOB
[1] 21611954 hits in 9226928 regions
############### LOG OUTPUT ###############
Task: 7
Node: 7
Timestamp: 2017-08-15 15:28:56
Success: TRUE
Task duration:
    user   system  elapsed 
1335.176 1263.240 3933.925 
Memory used:
          used (Mb) gc trigger  (Mb) max used (Mb)
Ncells 1646558 88.0    2637877 140.9  1850624 98.9
Vcells 1728500 13.2    3142662  24.0  2552099 19.5
Log messages:
stderr and stdout:
[1] ---- ENCSR000EOA (chr7) (1/2)
[1] "Data table read. Merging with Fimo..."
[1] "Merged. Now splitting table to regions and hits..."
[1] filling 652957 regions, 1268239 hits for ENCSR000EOA
[1] 8422608 hits in 4342311 regions
[1] ---- ENCSR000EOB (chr7) (2/2)
[1] "Data table read. Merging with Fimo..."
[1] "Merged. Now splitting table to regions and hits..."
[1] filling 916624 regions, 1749957 hits for ENCSR000EOB
[1] 23361911 hits in 9702122 regions
############### LOG OUTPUT ###############
Task: 3
Node: 3
Timestamp: 2017-08-15 15:29:04
Success: TRUE
Task duration:
    user   system  elapsed 
1601.644  728.584 3936.878 
Memory used:
          used (Mb) gc trigger  (Mb) max used (Mb)
Ncells 1646557 88.0    2637877 140.9  1850621 98.9
Vcells 1728506 13.2    3142662  24.0  2552103 19.5
Log messages:
stderr and stdout:
[1] ---- ENCSR000EOA (chr3) (1/2)
[1] "Data table read. Merging with Fimo..."
[1] "Merged. Now splitting table to regions and hits..."
[1] filling 153322 regions, 223153 hits for ENCSR000EOA
[1] 2029975 hits in 1251572 regions
[1] ---- ENCSR000EOB (chr3) (2/2)
[1] "Data table read. Merging with Fimo..."
[1] "Merged. Now splitting table to regions and hits..."
[1] filling 246987 regions, 363729 hits for ENCSR000EOB
[1] 4538915 hits in 2491010 regions
############### LOG OUTPUT ###############
Task: 3
Node: 3
Timestamp: 2017-08-15 15:29:37
Success: TRUE
Task duration:
    user   system  elapsed 
1705.080  785.304 3966.301 
Memory used:
          used (Mb) gc trigger  (Mb) max used (Mb)
Ncells 1646559 88.0    2637877 140.9  1850624 98.9
Vcells 1728501 13.2    3142662  24.0  2552099 19.5
Log messages:
stderr and stdout:
[1] ---- ENCSR000EOA (chr3) (1/2)
[1] "Data table read. Merging with Fimo..."
[1] "Merged. Now splitting table to regions and hits..."
[1] filling 751853 regions, 1463127 hits for ENCSR000EOA
[1] 7154369 hits in 3689354 regions
[1] ---- ENCSR000EOB (chr3) (2/2)
[1] "Data table read. Merging with Fimo..."
[1] "Merged. Now splitting table to regions and hits..."
[1] filling 1048391 regions, 2017072 hits for ENCSR000EOB
[1] 25378983 hits in 10238684 regions
############### LOG OUTPUT ###############
Task: 2
Node: 2
Timestamp: 2017-08-15 15:30:12
Success: TRUE
Task duration:
    user   system  elapsed 
1798.892  689.560 4026.213 
Memory used:
          used (Mb) gc trigger  (Mb) max used (Mb)
Ncells 1646558 88.0    2637877 140.9  1850621 98.9
Vcells 1728507 13.2    3142662  24.0  2552103 19.5
Log messages:
stderr and stdout:
[1] ---- ENCSR000EOA (chr2) (1/2)
[1] "Data table read. Merging with Fimo..."
[1] "Merged. Now splitting table to regions and hits..."
[1] filling 187628 regions, 275069 hits for ENCSR000EOA
[1] 2305044 hits in 1439200 regions
[1] ---- ENCSR000EOB (chr2) (2/2)
[1] "Data table read. Merging with Fimo..."
[1] "Merged. Now splitting table to regions and hits..."
[1] filling 315676 regions, 465905 hits for ENCSR000EOB
[1] 5004820 hits in 2693919 regions
############### LOG OUTPUT ###############
Task: 5
Node: 5
Timestamp: 2017-08-15 15:31:32
Success: TRUE
Task duration:
    user   system  elapsed 
1404.532 1388.252 4090.001 
Memory used:
          used (Mb) gc trigger  (Mb) max used (Mb)
Ncells 1646560 88.0    2637877 140.9  1850624 98.9
Vcells 1728502 13.2    3142662  24.0  2552099 19.5
Log messages:
stderr and stdout:
[1] ---- ENCSR000EOA (chr5) (1/2)
[1] "Data table read. Merging with Fimo..."
[1] "Merged. Now splitting table to regions and hits..."
[1] filling 630940 regions, 1217795 hits for ENCSR000EOA
[1] 9640403 hits in 4973251 regions
[1] ---- ENCSR000EOB (chr5) (2/2)
[1] "Data table read. Merging with Fimo..."
[1] "Merged. Now splitting table to regions and hits..."
[1] filling 890150 regions, 1703926 hits for ENCSR000EOB
[1] 27082909 hits in 10709260 regions
############### LOG OUTPUT ###############
Task: 1
Node: 1
Timestamp: 2017-08-15 15:34:11
Success: TRUE
Task duration:
    user   system  elapsed 
1823.948 1139.256 4227.130 
Memory used:
          used (Mb) gc trigger  (Mb) max used (Mb)
Ncells 1646559 88.0    2637877 140.9  1850621 98.9
Vcells 1728508 13.2    3142662  24.0  2552103 19.5
Log messages:
stderr and stdout:
[1] ---- ENCSR000EOA (chr1) (1/2)
[1] "Data table read. Merging with Fimo..."
[1] "Merged. Now splitting table to regions and hits..."
[1] filling 246483 regions, 358945 hits for ENCSR000EOA
[1] 2663989 hits in 1685683 regions
[1] ---- ENCSR000EOB (chr1) (2/2)
[1] "Data table read. Merging with Fimo..."
[1] "Merged. Now splitting table to regions and hits..."
[1] filling 410578 regions, 602504 hits for ENCSR000EOB
[1] 5607324 hits in 2953708 regions
> 
> print(bpok(result))
 [1] TRUE TRUE TRUE TRUE TRUE TRUE TRUE TRUE TRUE TRUE
> print("Database fill complete")
[1] "Database fill complete"
> print(date())
[1] "Tue Aug 15 15:34:11 2017"
> 
############### LOG OUTPUT ###############
Task: 1
Node: 1
Timestamp: 2017-08-15 15:36:13
Success: TRUE
Task duration:
    user   system  elapsed 
1755.868 1405.760 4364.008 
Memory used:
          used (Mb) gc trigger  (Mb) max used (Mb)
Ncells 1646561 88.0    2637877 140.9  1850624 98.9
Vcells 1728503 13.2    3142662  24.0  2552099 19.5
Log messages:
stderr and stdout:
[1] ---- ENCSR000EOA (chr1) (1/2)
[1] "Data table read. Merging with Fimo..."
[1] "Merged. Now splitting table to regions and hits..."
[1] filling 1216008 regions, 2362910 hits for ENCSR000EOA
[1] 12003313 hits in 6189259 regions
[1] ---- ENCSR000EOB (chr1) (2/2)
[1] "Data table read. Merging with Fimo..."
[1] "Merged. Now splitting table to regions and hits..."
[1] filling 1686333 regions, 3225699 hits for ENCSR000EOB
[1] 30308608 hits in 12261140 regions
############### LOG OUTPUT ###############
Task: 2
Node: 2
Timestamp: 2017-08-15 15:36:25
Success: TRUE
Task duration:
    user   system  elapsed 
1805.468 1402.576 4374.653 
Memory used:
          used (Mb) gc trigger  (Mb) max used (Mb)
Ncells 1646562 88.0    2637877 140.9  1850624 98.9
Vcells 1728504 13.2    3142662  24.0  2552099 19.5
Log messages:
stderr and stdout:
[1] ---- ENCSR000EOA (chr2) (1/2)
[1] "Data table read. Merging with Fimo..."
[1] "Merged. Now splitting table to regions and hits..."
[1] filling 939848 regions, 1835460 hits for ENCSR000EOA
[1] 13838773 hits in 7129107 regions
[1] ---- ENCSR000EOB (chr2) (2/2)
[1] "Data table read. Merging with Fimo..."
[1] "Merged. Now splitting table to regions and hits..."
[1] filling 1339586 regions, 2573130 hits for ENCSR000EOB
[1] 32881738 hits in 12261140 regions
> 
> print(bpok(result))
 [1] TRUE TRUE TRUE TRUE TRUE TRUE TRUE TRUE TRUE TRUE
> print("Database fill complete")
[1] "Database fill complete"
> print(date())
[1] "Tue Aug 15 15:36:26 2017"
> 

R version 3.4.1 (2017-06-30) -- "Single Candle"
Copyright (C) 2017 The R Foundation for Statistical Computing
Platform: x86_64-pc-linux-gnu (64-bit)

R is free software and comes with ABSOLUTELY NO WARRANTY.
You are welcome to redistribute it under certain conditions.
Type 'license()' or 'licence()' for distribution details.

  Natural language support but running in an English locale

R is a collaborative project with many contributors.
Type 'contributors()' for more information and
'citation()' on how to cite R or R packages in publications.

Type 'demo()' for some demos, 'help()' for on-line help, or
'help.start()' for an HTML browser interface to help.
Type 'q()' to quit R.

> # users can either step through this file, or call this file with 
> # r -f example.R
> 
> # THIS ASSUMES THAT THE TESTHINT DATABASE EXISTS. The recipe for building that
> # database is in ../dbInitialization/createHintTest.sql
> 
> # THIS EXAMPLE USES THE BRAIN HINT OUTPUT MADE BY RUNNING make hint at /scratch/data/footprints
> 
> print(date())
[1] "Tue Aug 15 15:56:33 2017"
> #-------------------------------------------------------------------------------
> # set path to hint output 
> data.path <- "/scratch/data/footprints/lymphatic_vessel_hint_20"
> #-------------------------------------------------------------------------------
> # establish database connections:
> 
> if(!exists("db.hint"))
+     db.hint <- "lymphatic_vessel_hint_20_localhost"
> 
> if(!exists("db.fimo"))
+     db.fimo <- "fimo_localhost"
> #-------------------------------------------------------------------------------
> # Source the libraries
> source("../src/dependencies.R")
Loading required package: stats4
Loading required package: BiocGenerics
Loading required package: parallel

Attaching package: ‘BiocGenerics’

The following objects are masked from ‘package:parallel’:

    clusterApply, clusterApplyLB, clusterCall, clusterEvalQ,
    clusterExport, clusterMap, parApply, parCapply, parLapply,
    parLapplyLB, parRapply, parSapply, parSapplyLB

The following objects are masked from ‘package:stats’:

    IQR, mad, sd, var, xtabs

The following objects are masked from ‘package:base’:

    anyDuplicated, append, as.data.frame, cbind, colMeans, colnames,
    colSums, do.call, duplicated, eval, evalq, Filter, Find, get, grep,
    grepl, intersect, is.unsorted, lapply, lengths, Map, mapply, match,
    mget, order, paste, pmax, pmax.int, pmin, pmin.int, Position, rank,
    rbind, Reduce, rowMeans, rownames, rowSums, sapply, setdiff, sort,
    table, tapply, union, unique, unsplit, which, which.max, which.min

Loading required package: S4Vectors

Attaching package: ‘S4Vectors’

The following object is masked from ‘package:base’:

    expand.grid

Loading required package: IRanges
Loading required package: GenomeInfoDb
Loading required package: DBI
> source("../src/dbFunctions.R")
> source("../src/tableParsing.R")
> source("../src/tests.R")
> source("../src/main_Bioc.R")
> 
> if(!interactive()){    
+     chromosomes <- paste0("chr",c(11:22,"X","Y","MT"))
+     
+     # Create parallel structure here    
+     library(BiocParallel)    
+     register(MulticoreParam(workers = 25, stop.on.error = FALSE, log = TRUE), default = TRUE)
+ 
+     # Run on all 24 possible chromosomes at once
+     result <- bptry(bplapply(chromosomes,fillAllSamplesByChromosome,
+              dbConnection = db.hint,             
+              fimo = db.fimo,             
+              minid = "lymphatic_vessel_hint_20.minid",             
+              dbUser = "trena",             
+              dbTable = "lymphatic_vessel_hint_20",             
+              sourcePath = data.path,             
+              isTest = FALSE,             
+              method = "HINT"))    
+ }

R version 3.4.1 (2017-06-30) -- "Single Candle"
Copyright (C) 2017 The R Foundation for Statistical Computing
Platform: x86_64-pc-linux-gnu (64-bit)

R is free software and comes with ABSOLUTELY NO WARRANTY.
You are welcome to redistribute it under certain conditions.
Type 'license()' or 'licence()' for distribution details.

  Natural language support but running in an English locale

R is a collaborative project with many contributors.
Type 'contributors()' for more information and
'citation()' on how to cite R or R packages in publications.

Type 'demo()' for some demos, 'help()' for on-line help, or
'help.start()' for an HTML browser interface to help.
Type 'q()' to quit R.

> # users can either step through this file, or call this file with 
> # r -f example.R
> 
> # THIS ASSUMES THAT THE TESTHINT DATABASE EXISTS. The recipe for building that
> # database is in ../dbInitialization/createHintTest.sql
> 
> # THIS EXAMPLE USES THE BRAIN HINT OUTPUT MADE BY RUNNING make hint at /scratch/data/footprints
> 
> print(date())
[1] "Tue Aug 15 15:56:37 2017"
> #-------------------------------------------------------------------------------
> # set path to hint output 
> data.path <- "/scratch/data/footprints/lymphatic_vessel_wellington_20"
> #-------------------------------------------------------------------------------
> # establish database connections:
> 
> if(!exists("db.wellington"))
+     db.wellington <- "lymphatic_vessel_wellington_20_localhost"
> 
> if(!exists("db.fimo"))
+     db.fimo <- "fimo_localhost"
> #-------------------------------------------------------------------------------
> # Source the libraries
> source("../src/dependencies.R")
Loading required package: stats4
Loading required package: BiocGenerics
Loading required package: parallel

Attaching package: ‘BiocGenerics’

The following objects are masked from ‘package:parallel’:

    clusterApply, clusterApplyLB, clusterCall, clusterEvalQ,
    clusterExport, clusterMap, parApply, parCapply, parLapply,
    parLapplyLB, parRapply, parSapply, parSapplyLB

The following objects are masked from ‘package:stats’:

    IQR, mad, sd, var, xtabs

The following objects are masked from ‘package:base’:

    anyDuplicated, append, as.data.frame, cbind, colMeans, colnames,
    colSums, do.call, duplicated, eval, evalq, Filter, Find, get, grep,
    grepl, intersect, is.unsorted, lapply, lengths, Map, mapply, match,
    mget, order, paste, pmax, pmax.int, pmin, pmin.int, Position, rank,
    rbind, Reduce, rowMeans, rownames, rowSums, sapply, setdiff, sort,
    table, tapply, union, unique, unsplit, which, which.max, which.min

Loading required package: S4Vectors

Attaching package: ‘S4Vectors’

The following object is masked from ‘package:base’:

    expand.grid

Loading required package: IRanges
Loading required package: GenomeInfoDb
Loading required package: DBI
> source("../src/dbFunctions.R")
> source("../src/tableParsing.R")
> source("../src/tests.R")
> source("../src/main_Bioc.R")
> 
> if(!interactive()){    
+     chromosomes <- paste0("chr",c(11:22,"X","Y","MT"))
+     
+     # Create parallel structure here
+     library(BiocParallel)
+     register(MulticoreParam(workers = 25, stop.on.error = FALSE, log = TRUE), default = TRUE)
+ 
+     # Run on all 24 possible chromosomes at once
+     result <- bptry(bplapply(chromosomes, fillAllSamplesByChromosome,
+              dbConnection = db.wellington,
+              fimo = db.fimo,
+              minid = "lymphatic_vessel_wellington_20.minid",
+              dbUser = "trena",
+              dbTable = "lymphatic_vessel_wellington_20",
+              sourcePath = data.path,
+              isTest = FALSE,
+              method = "WELLINGTON"))
+ }
############### LOG OUTPUT ###############
Task: 15
Node: 15
Timestamp: 2017-08-15 15:56:45
Success: TRUE
Task duration:
   user  system elapsed 
  3.032   0.060   3.091 
Memory used:
          used (Mb) gc trigger  (Mb) max used (Mb)
Ncells 1645646 87.9    2637877 140.9  1850687 98.9
Vcells 1726059 13.2    3142662  24.0  2552120 19.5
Log messages:
stderr and stdout:
[1] ---- ENCSR000EOA (chrMT) (1/2)
[1] "Data table read. Merging with Fimo..."
[1] No rows matching chrMT
############### LOG OUTPUT ###############
Task: 15
Node: 15
Timestamp: 2017-08-15 15:57:05
Success: TRUE
Task duration:
   user  system elapsed 
 26.108   0.928  27.059 
Memory used:
          used (Mb) gc trigger  (Mb) max used (Mb)
Ncells 1645649 87.9    2637877 140.9  1850690 98.9
Vcells 1726055 13.2    3142662  24.0  2552116 19.5
Log messages:
stderr and stdout:
[1] ---- ENCSR000EOA (chrMT) (1/2)
[1] "Data table read. Merging with Fimo..."
[1] No rows matching chrMT
############### LOG OUTPUT ###############
Task: 14
Node: 14
Timestamp: 2017-08-15 16:13:05
Success: TRUE
Task duration:
   user  system elapsed 
155.588  10.188 980.007 
Memory used:
          used (Mb) gc trigger  (Mb) max used (Mb)
Ncells 1646635 88.0    2637877 140.9  1850687 98.9
Vcells 1728608 13.2    3142662  24.0  2552120 19.5
Log messages:
stderr and stdout:
[1] ---- ENCSR000EOA (chrY) (1/2)
[1] "Data table read. Merging with Fimo..."
[1] "Merged. Now splitting table to regions and hits..."
[1] filling 11635 regions, 16908 hits for ENCSR000EOA
[1] 5624232 hits in 2965343 regions
[1] ---- ENCSR000EOB (chrY) (2/2)
[1] "Data table read. Merging with Fimo..."
[1] "Merged. Now splitting table to regions and hits..."
[1] filling 30602 regions, 43977 hits for ENCSR000EOB
[1] 5668209 hits in 2989639 regions
############### LOG OUTPUT ###############
Task: 14
Node: 14
Timestamp: 2017-08-15 16:14:36
Success: TRUE
Task duration:
    user   system  elapsed 
 246.156    8.048 1073.374 
Memory used:
          used (Mb) gc trigger  (Mb) max used (Mb)
Ncells 1646638 88.0    2637877 140.9  1850690 98.9
Vcells 1728604 13.2    3142662  24.0  2552116 19.5
Log messages:
stderr and stdout:
[1] ---- ENCSR000EOA (chrY) (1/2)
[1] "Data table read. Merging with Fimo..."
[1] "Merged. Now splitting table to regions and hits..."
[1] filling 16925 regions, 26996 hits for ENCSR000EOA
[1] 32908734 hits in 12278065 regions
[1] ---- ENCSR000EOB (chrY) (2/2)
[1] "Data table read. Merging with Fimo..."
[1] "Merged. Now splitting table to regions and hits..."
[1] filling 60693 regions, 97972 hits for ENCSR000EOB
[1] 33006706 hits in 12329214 regions
############### LOG OUTPUT ###############
Task: 11
Node: 11
Timestamp: 2017-08-15 16:23:51
Success: TRUE
Task duration:
    user   system  elapsed 
 310.928   25.972 1624.669 
Memory used:
          used (Mb) gc trigger  (Mb) max used (Mb)
Ncells 1646636 88.0    2637877 140.9  1850687 98.9
Vcells 1728609 13.2    3142662  24.0  2552120 19.5
Log messages:
stderr and stdout:
[1] ---- ENCSR000EOA (chr21) (1/2)
[1] "Data table read. Merging with Fimo..."
[1] "Merged. Now splitting table to regions and hits..."
[1] filling 35724 regions, 52146 hits for ENCSR000EOA
[1] 5720355 hits in 3025363 regions
[1] ---- ENCSR000EOB (chr21) (2/2)
[1] "Data table read. Merging with Fimo..."
[1] "Merged. Now splitting table to regions and hits..."
[1] filling 68756 regions, 100252 hits for ENCSR000EOB
[1] 5820607 hits in 3073736 regions
############### LOG OUTPUT ###############
Task: 11
Node: 11
Timestamp: 2017-08-15 16:26:04
Success: TRUE
Task duration:
    user   system  elapsed 
 431.948   49.216 1757.644 
Memory used:
          used (Mb) gc trigger  (Mb) max used (Mb)
Ncells 1646639 88.0    2637877 140.9  1850690 98.9
Vcells 1728605 13.2    3142662  24.0  2552116 19.5
Log messages:
stderr and stdout:
[1] ---- ENCSR000EOA (chr21) (1/2)
[1] "Data table read. Merging with Fimo..."
[1] "Merged. Now splitting table to regions and hits..."
[1] filling 171667 regions, 329085 hits for ENCSR000EOA
[1] 33335791 hits in 12500881 regions
[1] ---- ENCSR000EOB (chr21) (2/2)
[1] "Data table read. Merging with Fimo..."
[1] "Merged. Now splitting table to regions and hits..."
[1] filling 240215 regions, 449682 hits for ENCSR000EOB
[1] 34391475 hits in 12940244 regions
############### LOG OUTPUT ###############
Task: 12
Node: 12
Timestamp: 2017-08-15 16:27:40
Success: TRUE
Task duration:
    user   system  elapsed 
 301.168   27.488 1853.516 
Memory used:
          used (Mb) gc trigger  (Mb) max used (Mb)
Ncells 1646637 88.0    2637877 140.9  1850687 98.9
Vcells 1728610 13.2    3142662  24.0  2552120 19.5
Log messages:
stderr and stdout:
[1] ---- ENCSR000EOA (chr22) (1/2)
[1] "Data table read. Merging with Fimo..."
[1] "Merged. Now splitting table to regions and hits..."
[1] filling 71063 regions, 104218 hits for ENCSR000EOA
[1] 5924825 hits in 3144799 regions
[1] ---- ENCSR000EOB (chr22) (2/2)
[1] "Data table read. Merging with Fimo..."
[1] "Merged. Now splitting table to regions and hits..."
[1] filling 126566 regions, 184597 hits for ENCSR000EOB
[1] 6109422 hits in 3228271 regions
############### LOG OUTPUT ###############
Task: 12
Node: 12
Timestamp: 2017-08-15 16:29:55
Success: TRUE
Task duration:
    user   system  elapsed 
 434.760   11.096 1988.274 
Memory used:
          used (Mb) gc trigger  (Mb) max used (Mb)
Ncells 1646640 88.0    2637877 140.9  1850690 98.9
Vcells 1728606 13.2    3142662  24.0  2552116 19.5
Log messages:
stderr and stdout:
[1] ---- ENCSR000EOA (chr22) (1/2)
[1] "Data table read. Merging with Fimo..."
[1] "Merged. Now splitting table to regions and hits..."
[1] filling 312461 regions, 606002 hits for ENCSR000EOA
[1] 33941793 hits in 12813342 regions
[1] ---- ENCSR000EOB (chr22) (2/2)
[1] "Data table read. Merging with Fimo..."
[1] "Merged. Now splitting table to regions and hits..."
[1] filling 424823 regions, 791286 hits for ENCSR000EOB
[1] 35182761 hits in 13155914 regions
############### LOG OUTPUT ###############
Task: 10
Node: 10
Timestamp: 2017-08-15 16:40:20
Success: TRUE
Task duration:
    user   system  elapsed 
 500.220   63.604 2605.675 
Memory used:
          used (Mb) gc trigger  (Mb) max used (Mb)
Ncells 1646638 88.0    2637877 140.9  1850687 98.9
Vcells 1728611 13.2    3142662  24.0  2552120 19.5
Log messages:
stderr and stdout:
[1] ---- ENCSR000EOA (chr20) (1/2)
[1] "Data table read. Merging with Fimo..."
[1] "Merged. Now splitting table to regions and hits..."
[1] filling 77511 regions, 112591 hits for ENCSR000EOA
[1] 6222013 hits in 3305782 regions
[1] ---- ENCSR000EOB (chr20) (2/2)
[1] "Data table read. Merging with Fimo..."
[1] "Merged. Now splitting table to regions and hits..."
[1] filling 125571 regions, 183943 hits for ENCSR000EOB
[1] 6674380 hits in 3569527 regions
############### LOG OUTPUT ###############
Task: 8
Node: 8
Timestamp: 2017-08-15 16:42:15
Success: TRUE
Task duration:
    user   system  elapsed 
 577.556   93.612 2723.224 
Memory used:
          used (Mb) gc trigger  (Mb) max used (Mb)
Ncells 1646639 88.0    2637877 140.9  1850687 98.9
Vcells 1728612 13.2    3142662  24.0  2552120 19.5
Log messages:
stderr and stdout:
[1] ---- ENCSR000EOA (chr18) (1/2)
[1] "Data table read. Merging with Fimo..."
[1] "Merged. Now splitting table to regions and hits..."
[1] filling 49345 regions, 72236 hits for ENCSR000EOA
[1] 6294249 hits in 3355127 regions
[1] ---- ENCSR000EOB (chr18) (2/2)
[1] "Data table read. Merging with Fimo..."
[1] "Merged. Now splitting table to regions and hits..."
[1] filling 80967 regions, 119030 hits for ENCSR000EOB
[1] 6793410 hits in 3622405 regions
############### LOG OUTPUT ###############
Task: 10
Node: 10
Timestamp: 2017-08-15 16:45:55
Success: TRUE
Task duration:
    user   system  elapsed 
 582.020  315.308 2946.279 
Memory used:
          used (Mb) gc trigger  (Mb) max used (Mb)
Ncells 1646641 88.0    2637877 140.9  1850690 98.9
Vcells 1728607 13.2    3142662  24.0  2552116 19.5
Log messages:
stderr and stdout:
[1] ---- ENCSR000EOA (chr20) (1/2)
[1] "Data table read. Merging with Fimo..."
[1] "Merged. Now splitting table to regions and hits..."
[1] filling 363703 regions, 708298 hits for ENCSR000EOA
[1] 35891059 hits in 13519617 regions
[1] ---- ENCSR000EOB (chr20) (2/2)
[1] "Data table read. Merging with Fimo..."
[1] "Merged. Now splitting table to regions and hits..."
[1] filling 487744 regions, 929962 hits for ENCSR000EOB
[1] 38518190 hits in 14632143 regions
############### LOG OUTPUT ###############
Task: 8
Node: 8
Timestamp: 2017-08-15 16:47:43
Success: TRUE
Task duration:
    user   system  elapsed 
 811.964  180.040 3048.821 
Memory used:
          used (Mb) gc trigger  (Mb) max used (Mb)
Ncells 1646642 88.0    2637877 140.9  1850690 98.9
Vcells 1728608 13.2    3142662  24.0  2552116 19.5
Log messages:
stderr and stdout:
[1] ---- ENCSR000EOA (chr18) (1/2)
[1] "Data table read. Merging with Fimo..."
[1] "Merged. Now splitting table to regions and hits..."
[1] filling 241639 regions, 472933 hits for ENCSR000EOA
[1] 37588228 hits in 14386936 regions
[1] ---- ENCSR000EOB (chr18) (2/2)
[1] "Data table read. Merging with Fimo..."
[1] "Merged. Now splitting table to regions and hits..."
[1] filling 340274 regions, 656779 hits for ENCSR000EOB
[1] 40639312 hits in 15148297 regions
############### LOG OUTPUT ###############
Task: 9
Node: 9
Timestamp: 2017-08-15 16:47:52
Success: TRUE
Task duration:
    user   system  elapsed 
 765.672  241.108 3049.903 
Memory used:
          used (Mb) gc trigger  (Mb) max used (Mb)
Ncells 1646643 88.0    2637877 140.9  1850690 98.9
Vcells 1728609 13.2    3142662  24.0  2552116 19.5
Log messages:
stderr and stdout:
[1] ---- ENCSR000EOA (chr19) (1/2)
[1] "Data table read. Merging with Fimo..."
[1] "Merged. Now splitting table to regions and hits..."
[1] filling 625680 regions, 1224236 hits for ENCSR000EOA
[1] 37115295 hits in 14145297 regions
[1] ---- ENCSR000EOB (chr19) (2/2)
[1] "Data table read. Merging with Fimo..."
[1] "Merged. Now splitting table to regions and hits..."
[1] filling 779679 regions, 1464343 hits for ENCSR000EOB
[1] 40639312 hits in 15148297 regions
############### LOG OUTPUT ###############
Task: 9
Node: 9
Timestamp: 2017-08-15 16:47:54
Success: TRUE
Task duration:
    user   system  elapsed 
 514.100  498.036 3059.700 
Memory used:
          used (Mb) gc trigger  (Mb) max used (Mb)
Ncells 1646640 88.0    2637877 140.9  1850687 98.9
Vcells 1728613 13.2    3142662  24.0  2552120 19.5
Log messages:
stderr and stdout:
[1] ---- ENCSR000EOA (chr19) (1/2)
[1] "Data table read. Merging with Fimo..."
[1] "Merged. Now splitting table to regions and hits..."
[1] filling 135109 regions, 196188 hits for ENCSR000EOA
[1] 6490437 hits in 3490236 regions
[1] ---- ENCSR000EOB (chr19) (2/2)
[1] "Data table read. Merging with Fimo..."
[1] "Merged. Now splitting table to regions and hits..."
[1] filling 211464 regions, 308294 hits for ENCSR000EOB
[1] 7593696 hits in 4083694 regions
############### LOG OUTPUT ###############
Task: 5
Node: 5
Timestamp: 2017-08-15 16:51:12
Success: TRUE
Task duration:
    user   system  elapsed 
 686.024  221.232 3259.053 
Memory used:
          used (Mb) gc trigger  (Mb) max used (Mb)
Ncells 1646641 88.0    2637877 140.9  1850687 98.9
Vcells 1728614 13.2    3142662  24.0  2552120 19.5
Log messages:
stderr and stdout:
[1] ---- ENCSR000EOA (chr15) (1/2)
[1] "Data table read. Merging with Fimo..."
[1] "Merged. Now splitting table to regions and hits..."
[1] filling 87953 regions, 128322 hits for ENCSR000EOA
[1] 6921732 hits in 3710358 regions
[1] ---- ENCSR000EOB (chr15) (2/2)
[1] "Data table read. Merging with Fimo..."
[1] "Merged. Now splitting table to regions and hits..."
[1] filling 152272 regions, 223353 hits for ENCSR000EOB
[1] 8198944 hits in 4441664 regions
############### LOG OUTPUT ###############
Task: 6
Node: 6
Timestamp: 2017-08-15 16:51:55
Success: TRUE
Task duration:
    user   system  elapsed 
 685.384  244.468 3302.561 
Memory used:
          used (Mb) gc trigger  (Mb) max used (Mb)
Ncells 1646642 88.0    2637877 140.9  1850687 98.9
Vcells 1728615 13.2    3142662  24.0  2552120 19.5
Log messages:
stderr and stdout:
[1] ---- ENCSR000EOA (chr16) (1/2)
[1] "Data table read. Merging with Fimo..."
[1] "Merged. Now splitting table to regions and hits..."
[1] filling 104509 regions, 153008 hits for ENCSR000EOA
[1] 7074740 hits in 3814867 regions
[1] ---- ENCSR000EOB (chr16) (2/2)
[1] "Data table read. Merging with Fimo..."
[1] "Merged. Now splitting table to regions and hits..."
[1] filling 174293 regions, 256050 hits for ENCSR000EOB
[1] 8640317 hits in 4677211 regions
############### LOG OUTPUT ###############
Task: 7
Node: 7
Timestamp: 2017-08-15 16:53:17
Success: TRUE
Task duration:
    user   system  elapsed 
 768.364  286.824 3383.476 
Memory used:
          used (Mb) gc trigger  (Mb) max used (Mb)
Ncells 1646643 88.0    2637877 140.9  1850687 98.9
Vcells 1728616 13.2    3142662  24.0  2552120 19.5
Log messages:
stderr and stdout:
[1] ---- ENCSR000EOA (chr17) (1/2)
[1] "Data table read. Merging with Fimo..."
[1] "Merged. Now splitting table to regions and hits..."
[1] filling 144294 regions, 210662 hits for ENCSR000EOA
[1] 7285402 hits in 3959161 regions
[1] ---- ENCSR000EOB (chr17) (2/2)
[1] "Data table read. Merging with Fimo..."
[1] "Merged. Now splitting table to regions and hits..."
[1] filling 224790 regions, 329208 hits for ENCSR000EOB
[1] 8969525 hits in 4813692 regions
############### LOG OUTPUT ###############
Task: 7
Node: 7
Timestamp: 2017-08-15 16:57:23
Success: TRUE
Task duration:
    user   system  elapsed 
 930.248  356.064 3627.782 
Memory used:
          used (Mb) gc trigger  (Mb) max used (Mb)
Ncells 1646644 88.0    2637877 140.9  1850690 98.9
Vcells 1728610 13.2    3142662  24.0  2552116 19.5
Log messages:
stderr and stdout:
[1] ---- ENCSR000EOA (chr17) (1/2)
[1] "Data table read. Merging with Fimo..."
[1] "Merged. Now splitting table to regions and hits..."
[1] filling 679674 regions, 1318735 hits for ENCSR000EOA
[1] 42814744 hits in 16271395 regions
[1] ---- ENCSR000EOB (chr17) (2/2)
[1] "Data table read. Merging with Fimo..."
[1] "Merged. Now splitting table to regions and hits..."
[1] filling 888194 regions, 1688870 hits for ENCSR000EOB
[1] 49287808 hits in 19147780 regions
############### LOG OUTPUT ###############
Task: 4
Node: 4
Timestamp: 2017-08-15 16:58:04
Success: TRUE
Task duration:
    user   system  elapsed 
 953.012  326.960 3666.537 
Memory used:
          used (Mb) gc trigger  (Mb) max used (Mb)
Ncells 1646645 88.0    2637877 140.9  1850690 98.9
Vcells 1728611 13.2    3142662  24.0  2552116 19.5
Log messages:
stderr and stdout:
[1] ---- ENCSR000EOA (chr14) (1/2)
[1] "Data table read. Merging with Fimo..."
[1] "Merged. Now splitting table to regions and hits..."
[1] filling 378364 regions, 737450 hits for ENCSR000EOA
[1] 43552194 hits in 16649759 regions
[1] ---- ENCSR000EOB (chr14) (2/2)
[1] "Data table read. Merging with Fimo..."
[1] "Merged. Now splitting table to regions and hits..."
[1] filling 527171 regions, 1012179 hits for ENCSR000EOB
[1] 50299987 hits in 19417003 regions
############### LOG OUTPUT ###############
Task: 4
Node: 4
Timestamp: 2017-08-15 17:00:32
Success: TRUE
Task duration:
    user   system  elapsed 
 692.532  753.048 3819.522 
Memory used:
          used (Mb) gc trigger  (Mb) max used (Mb)
Ncells 1646644 88.0    2637877 140.9  1850687 98.9
Vcells 1728617 13.2    3142662  24.0  2552120 19.5
Log messages:
stderr and stdout:
[1] ---- ENCSR000EOA (chr14) (1/2)
[1] "Data table read. Merging with Fimo..."
[1] "Merged. Now splitting table to regions and hits..."
[1] filling 73281 regions, 107147 hits for ENCSR000EOA
[1] 7787116 hits in 4215645 regions
[1] ---- ENCSR000EOB (chr14) (2/2)
[1] "Data table read. Merging with Fimo..."
[1] "Merged. Now splitting table to regions and hits..."
[1] filling 131153 regions, 192830 hits for ENCSR000EOB
[1] 9264672 hits in 4970337 regions
############### LOG OUTPUT ###############
Task: 3
Node: 3
Timestamp: 2017-08-15 17:00:40
Success: TRUE
Task duration:
    user   system  elapsed 
 734.080  710.416 3823.937 
Memory used:
          used (Mb) gc trigger  (Mb) max used (Mb)
Ncells 1646645 88.0    2637877 140.9  1850687 98.9
Vcells 1728618 13.2    3142662  24.0  2552120 19.5
Log messages:
stderr and stdout:
[1] ---- ENCSR000EOA (chr13) (1/2)
[1] "Data table read. Merging with Fimo..."
[1] "Merged. Now splitting table to regions and hits..."
[1] filling 58670 regions, 86273 hits for ENCSR000EOA
[1] 7679969 hits in 4142364 regions
[1] ---- ENCSR000EOB (chr13) (2/2)
[1] "Data table read. Merging with Fimo..."
[1] "Merged. Now splitting table to regions and hits..."
[1] filling 99545 regions, 147406 hits for ENCSR000EOB
[1] 9412078 hits in 5036215 regions
############### LOG OUTPUT ###############
Task: 2
Node: 2
Timestamp: 2017-08-15 17:00:58
Success: TRUE
Task duration:
    user   system  elapsed 
 917.736  611.236 3842.724 
Memory used:
          used (Mb) gc trigger  (Mb) max used (Mb)
Ncells 1646646 88.0    2637877 140.9  1850687 98.9
Vcells 1728619 13.2    3142662  24.0  2552120 19.5
Log messages:
stderr and stdout:
[1] ---- ENCSR000EOA (chr12) (1/2)
[1] "Data table read. Merging with Fimo..."
[1] "Merged. Now splitting table to regions and hits..."
[1] filling 129194 regions, 188475 hits for ENCSR000EOA
[1] 7975591 hits in 4344839 regions
[1] ---- ENCSR000EOB (chr12) (2/2)
[1] "Data table read. Merging with Fimo..."
[1] "Merged. Now splitting table to regions and hits..."
[1] filling 203641 regions, 300162 hits for ENCSR000EOB
[1] 9712240 hits in 5161589 regions
############### LOG OUTPUT ###############
Task: 1
Node: 1
Timestamp: 2017-08-15 17:01:04
Success: TRUE
Task duration:
    user   system  elapsed 
1173.316  243.412 3843.168 
Memory used:
          used (Mb) gc trigger  (Mb) max used (Mb)
Ncells 1646646 88.0    2637877 140.9  1850690 98.9
Vcells 1728612 13.2    3142662  24.0  2552116 19.5
Log messages:
stderr and stdout:
[1] ---- ENCSR000EOA (chr11) (1/2)
[1] "Data table read. Merging with Fimo..."
[1] "Merged. Now splitting table to regions and hits..."
[1] filling 626843 regions, 1225698 hits for ENCSR000EOA
[1] 45362524 hits in 17578137 regions
[1] ---- ENCSR000EOB (chr11) (2/2)
[1] "Data table read. Merging with Fimo..."
[1] "Merged. Now splitting table to regions and hits..."
[1] filling 862312 regions, 1665384 hits for ENCSR000EOB
[1] 52596190 hits in 20174494 regions
############### LOG OUTPUT ###############
Task: 3
Node: 3
Timestamp: 2017-08-15 17:01:29
Success: TRUE
Task duration:
    user   system  elapsed 
 974.464  515.632 3868.869 
Memory used:
          used (Mb) gc trigger  (Mb) max used (Mb)
Ncells 1646647 88.0    2637877 140.9  1850690 98.9
Vcells 1728613 13.2    3142662  24.0  2552116 19.5
Log messages:
stderr and stdout:
[1] ---- ENCSR000EOA (chr13) (1/2)
[1] "Data table read. Merging with Fimo..."
[1] "Merged. Now splitting table to regions and hits..."
[1] filling 301535 regions, 584632 hits for ENCSR000EOA
[1] 45362524 hits in 17578137 regions
[1] ---- ENCSR000EOB (chr13) (2/2)
[1] "Data table read. Merging with Fimo..."
[1] "Merged. Now splitting table to regions and hits..."
[1] filling 413742 regions, 796353 hits for ENCSR000EOB
[1] 53392543 hits in 20390551 regions
############### LOG OUTPUT ###############
Task: 5
Node: 5
Timestamp: 2017-08-15 17:01:46
Success: TRUE
Task duration:
    user   system  elapsed 
 911.880  619.040 3891.359 
Memory used:
          used (Mb) gc trigger  (Mb) max used (Mb)
Ncells 1646648 88.0    2637877 140.9  1850690 98.9
Vcells 1728614 13.2    3142662  24.0  2552116 19.5
Log messages:
stderr and stdout:
[1] ---- ENCSR000EOA (chr15) (1/2)
[1] "Data table read. Merging with Fimo..."
[1] "Merged. Now splitting table to regions and hits..."
[1] filling 443424 regions, 856697 hits for ENCSR000EOA
[1] 41496009 hits in 15591721 regions
[1] ---- ENCSR000EOB (chr15) (2/2)
[1] "Data table read. Merging with Fimo..."
[1] "Merged. Now splitting table to regions and hits..."
[1] filling 621139 regions, 1185769 hits for ENCSR000EOB
[1] 54578312 hits in 20710142 regions
############### LOG OUTPUT ###############
Task: 1
Node: 1
Timestamp: 2017-08-15 17:01:56
Success: TRUE
Task duration:
    user   system  elapsed 
1142.612  364.332 3892.370 
Memory used:
          used (Mb) gc trigger  (Mb) max used (Mb)
Ncells 1646647 88.0    2637877 140.9  1850687 98.9
Vcells 1728620 13.2    3142662  24.0  2552120 19.5
Log messages:
stderr and stdout:
[1] ---- ENCSR000EOA (chr11) (1/2)
[1] "Data table read. Merging with Fimo..."
[1] "Merged. Now splitting table to regions and hits..."
[1] filling 125944 regions, 185323 hits for ENCSR000EOA
[1] 8384267 hits in 4567608 regions
[1] ---- ENCSR000EOB (chr11) (2/2)
[1] "Data table read. Merging with Fimo..."
[1] "Merged. Now splitting table to regions and hits..."
[1] filling 200159 regions, 295147 hits for ENCSR000EOB
[1] 10007387 hits in 5286065 regions
############### LOG OUTPUT ###############
Task: 6
Node: 6
Timestamp: 2017-08-15 17:02:13
Success: TRUE
Task duration:
    user   system  elapsed 
 830.496  704.088 3921.709 
Memory used:
          used (Mb) gc trigger  (Mb) max used (Mb)
Ncells 1646649 88.0    2637877 140.9  1850690 98.9
Vcells 1728615 13.2    3142662  24.0  2552116 19.5
Log messages:
stderr and stdout:
[1] ---- ENCSR000EOA (chr16) (1/2)
[1] "Data table read. Merging with Fimo..."
[1] "Merged. Now splitting table to regions and hits..."
[1] filling 511527 regions, 1001481 hits for ENCSR000EOA
[1] 46364005 hits in 18089664 regions
[1] ---- ENCSR000EOB (chr16) (2/2)
[1] "Data table read. Merging with Fimo..."
[1] "Merged. Now splitting table to regions and hits..."
[1] filling 678236 regions, 1286263 hits for ENCSR000EOB
[1] 55864575 hits in 21040536 regions
############### LOG OUTPUT ###############
Task: 2
Node: 2
Timestamp: 2017-08-15 17:03:50
Success: TRUE
Task duration:
    user   system  elapsed 
1249.012  440.408 4009.967 
Memory used:
          used (Mb) gc trigger  (Mb) max used (Mb)
Ncells 1646650 88.0    2637877 140.9  1850690 98.9
Vcells 1728616 13.2    3142662  24.0  2552116 19.5
Log messages:
stderr and stdout:
[1] ---- ENCSR000EOA (chr12) (1/2)
[1] "Data table read. Merging with Fimo..."
[1] "Merged. Now splitting table to regions and hits..."
[1] filling 636804 regions, 1234933 hits for ENCSR000EOA
[1] 47598938 hits in 18726468 regions
[1] ---- ENCSR000EOB (chr12) (2/2)
[1] "Data table read. Merging with Fimo..."
[1] "Merged. Now splitting table to regions and hits..."
[1] filling 857835 regions, 1647135 hits for ENCSR000EOB
[1] 57511710 hits in 21462483 regions
############### LOG OUTPUT ###############
Task: 13
Node: 13
Timestamp: 2017-08-15 17:08:28
Success: TRUE
Task duration:
    user   system  elapsed 
1041.512  852.424 4289.425 
Memory used:
          used (Mb) gc trigger  (Mb) max used (Mb)
Ncells 1646648 88.0    2637877 140.9  1850687 98.9
Vcells 1728621 13.2    3142662  24.0  2552120 19.5
Log messages:
stderr and stdout:
[1] ---- ENCSR000EOA (chrX) (1/2)
[1] "Data table read. Merging with Fimo..."
[1] "Merged. Now splitting table to regions and hits..."
[1] filling 70167 regions, 102317 hits for ENCSR000EOA
[1] 9071842 hits in 4883859 regions
[1] ---- ENCSR000EOB (chrX) (2/2)
[1] "Data table read. Merging with Fimo..."
[1] "Merged. Now splitting table to regions and hits..."
[1] filling 131163 regions, 192123 hits for ENCSR000EOB
[1] 10199510 hits in 5377945 regions
> 
> print(bpok(result))
 [1] TRUE TRUE TRUE TRUE TRUE TRUE TRUE TRUE TRUE TRUE TRUE TRUE TRUE TRUE TRUE
> print("Database fill complete")
[1] "Database fill complete"
> print(date())
[1] "Tue Aug 15 17:08:28 2017"
> 
############### LOG OUTPUT ###############
Task: 13
Node: 13
Timestamp: 2017-08-15 17:10:28
Success: TRUE
Task duration:
    user   system  elapsed 
1177.700  822.560 4409.952 
Memory used:
          used (Mb) gc trigger  (Mb) max used (Mb)
Ncells 1646651 88.0    2637877 140.9  1850690 98.9
Vcells 1728617 13.2    3142662  24.0  2552116 19.5
Log messages:
stderr and stdout:
[1] ---- ENCSR000EOA (chrX) (1/2)
[1] "Data table read. Merging with Fimo..."
[1] "Merged. Now splitting table to regions and hits..."
[1] filling 328622 regions, 630819 hits for ENCSR000EOA
[1] 50930806 hits in 19745625 regions
[1] ---- ENCSR000EOB (chrX) (2/2)
[1] "Data table read. Merging with Fimo..."
[1] "Merged. Now splitting table to regions and hits..."
[1] filling 490281 regions, 907201 hits for ENCSR000EOB
[1] 58418911 hits in 21735467 regions
> 
> print(bpok(result))
 [1] TRUE TRUE TRUE TRUE TRUE TRUE TRUE TRUE TRUE TRUE TRUE TRUE TRUE TRUE TRUE
> print("Database fill complete")
[1] "Database fill complete"
> print(date())
[1] "Tue Aug 15 17:10:28 2017"
> 
You are now connected to database "lymphatic_vessel_wellington_20" as user "root".
CREATE INDEX
CREATE INDEX
You are now connected to database "lymphatic_vessel_hint_20" as user "root".
CREATE INDEX
CREATE INDEX
